11-17 09:39:31.995  1604 11055 I Blockstore: (REDACTED) [DataStoreImpl] Allow listed package: %s
11-17 09:39:31.995  1604 11055 I Blockstore: (REDACTED) [DataStoreImpl] Allow listed package: %s
11-17 09:39:31.995  9632  9667 I Finsky  : [103] SCH: Scheduling 0 system job(s)
11-17 09:39:31.995  1604 11055 I Blockstore: (REDACTED) [DataStoreImpl] Allow listed package: %s
11-17 09:39:31.996  1604 11055 I Blockstore: (REDACTED) [DataStoreImpl] Removing Blockstore data for packages %s
11-17 09:39:31.997   726  1946 W AppOpService: Ignored setUidMode call for runtime permission app op: uid = 1001, code = READ_CELL_BROADCASTS, mode = allow, callingUid = 1001, oldMode = allow
11-17 09:39:32.002   726   766 I system_server: AssetManager2(0x721b41af7ab8) locale list changing from [] to [en-US]
11-17 09:39:32.011  9632  9670 I Finsky  : [106] SCH: Scheduling phonesky job Id: 37-72, CT: 1763372371934, Constraints: [{ L: 0, D: 0, C: CHARGING_NONE, I: IDLE_NONE, N: NET_NONE, B: BATTERY_ANY }, { L: 0, D: 0, C: CHARGING_NONE, I: IDLE_NONE, N: NET_NONE, B: BATTERY_ANY }]
11-17 09:39:32.013   726   766 I system_server: AssetManager2(0x721b41afc5b8) locale list changing from [] to [en-US]
11-17 09:39:32.015   726   767 D ActivityManager: sync unfroze 28418 com.android.chrome for 3
11-17 09:39:32.018   726   766 I system_server: AssetManager2(0x721b41af00d8) locale list changing from [] to [en-US]
11-17 09:39:32.021  9632  9669 I Finsky  : [105] SCH: Scheduling 0 system job(s)
11-17 09:39:32.035   726   766 D LauncherAppsService: onPackageRemoved: Skipping - appId not allowed for user=UserHandle{0}, packageName=com.joaop.matematicadivertida.test
11-17 09:39:32.035   726   766 D LauncherAppsService: onPackageRemoved: triggering onPackageRemoved for user=UserHandle{0}, packageName=com.joaop.matematicadivertida.test
11-17 09:39:32.035   726   766 D LauncherAppsService: onPackageRemoved: triggering onPackageRemoved for user=UserHandle{0}, packageName=com.joaop.matematicadivertida.test
11-17 09:39:32.037   726   726 W Looper  : Slow dispatch took 172ms main app=system_server main=true group=FOREGROUND h=com.android.server.notification.NotificationManagerService$WorkerHandler c=null m=8
11-17 09:39:32.037   726   766 D LauncherAppsService: onPackageRemoved: triggering onPackageRemoved for user=UserHandle{0}, packageName=com.joaop.matematicadivertida.test
11-17 09:39:32.038  1184  1237 D LauncherAppsCallbackImpl: onPackageRemoved triggered for packageName=com.joaop.matematicadivertida.test, user=UserHandle{0}
11-17 09:39:32.038  1184  1237 D PackageUpdatedTask: Package updated: mOp=REMOVE packages=[com.joaop.matematicadivertida.test], user=UserHandle{0}
11-17 09:39:32.039  1655  1655 I AiAiEcho: AppFetcherImplV2 onPackageRemoved com.joaop.matematicadivertida.test.
11-17 09:39:32.039  1184  1237 D PackageUpdatedTask: REMOVE: removing package=com.joaop.matematicadivertida.test
11-17 09:39:32.039  1184  1237 D PackageUpdatedTask: OP_REMOVE: removing packages=[com.joaop.matematicadivertida.test]
11-17 09:39:32.039  1184  1237 D ModelWriter: removing items from db . Reason: [removed because the corresponding package or component is removed. mOp=3 removedPackages=[com.joaop.matematicadivertida.test] removedComponents=[]]
11-17 09:39:32.040  1655  2032 I ogle.android.as: AssetManager2(0x721b41a9dd38) locale list changing from [] to [en-US]
11-17 09:39:32.041  1604 11056 W RWIPackageIntentOps: Registries cleared for package: com.joaop.matematicadivertida
11-17 09:39:32.046   726   962 D BackgroundInstallControlService: Package event received: 0
11-17 09:39:32.047   726   962 D BackgroundInstallControlService: Package event received: 0
11-17 09:39:32.047   726   962 D BackgroundInstallControlService: Package event received: 0
11-17 09:39:32.053  1655  2032 I ogle.android.as: AssetManager2(0x721b41a86c78) locale list changing from [] to [en-US]
11-17 09:39:32.054  1655  2032 I ogle.android.as: AssetManager2(0x721b41aa2e78) locale list changing from [] to [en-US]
11-17 09:39:32.060  1604 11053 W SQLiteLog: (28) double-quoted string literal: "com.joaop.matematicadivertida"
11-17 09:39:32.087  2556  2643 I Finsky:background: [60] RECEIVER_ENGAGE_PACKAGE_CHANGED#logWorkEndAndFinishGoAsync: SUCCESS
11-17 09:39:32.091   726 10370 V Configuration: Updating configuration, locales updated from [] to [en_US]
11-17 09:39:32.091   726 10370 D IntervalStats: Unable to parse usage stats packages: [255, 257, 258]
11-17 09:39:32.092   726 10370 V Configuration: Updating configuration, locales updated from [] to [en_US]
11-17 09:39:32.092   726 10370 D IntervalStats: Unable to parse usage stats packages: [257, 258, 259, 260]
11-17 09:39:32.094   726 10370 V Configuration: Updating configuration, locales updated from [] to [en_US]
11-17 09:39:32.094   726 10370 D IntervalStats: Unable to parse usage stats packages: [257, 260]
11-17 09:39:32.094   726 10370 V Configuration: Updating configuration, locales updated from [] to [en_US]
11-17 09:39:32.094   726 10370 V Configuration: Updating configuration, locales updated from [] to [en_US]
11-17 09:39:32.094   726 10370 V Configuration: Updating configuration, locales updated from [] to [en_US]
11-17 09:39:32.094   726 10370 D IntervalStats: Unable to parse usage stats packages: [257, 261, 262, 263, 264]
11-17 09:39:32.095   726 10370 V Configuration: Updating configuration, locales updated from [] to [en_US]
11-17 09:39:32.095   726 10370 D IntervalStats: Unable to parse usage stats packages: [257, 260, 264]
11-17 09:39:32.096   726 10370 V Configuration: Updating configuration, locales updated from [] to [en_US]
11-17 09:39:32.096   726 10370 V Configuration: Updating configuration, locales updated from [] to [en_US]
11-17 09:39:32.096   726 10370 V Configuration: Updating configuration, locales updated from [] to [en_US]
11-17 09:39:32.097  1604 10397 I Icing   : doRemovePackageData com.joaop.matematicadivertida
11-17 09:39:32.108  1394 11078 I ProximityAuth: [RecentAppsMediator] Package removed: (user=UserHandle{0}) com.joaop.matematicadivertida
11-17 09:39:32.111   726 10370 D IntervalStats: Unable to parse usage stats packages: [260, 264, 266, 268]
11-17 09:39:32.112 11063 11072 I VirtualizationService: virtualizationservice::aidl: ignoring packageRemoved(user_id=0, app_id=10228)
11-17 09:39:32.115  1618  2030 I MediaProvider: Begin Intent { act=android.intent.action.PACKAGE_FULLY_REMOVED dat=package: flg=0x5000010 cmp=com.google.android.providers.media.module/com.android.providers.media.MediaService (has extras) }
11-17 09:39:32.116   726 10370 V Configuration: Updating configuration, locales updated from [] to [en_US]
11-17 09:39:32.116   726 10370 D IntervalStats: Unable to parse usage stats packages: [264, 268]
11-17 09:39:32.117   726 10370 V Configuration: Updating configuration, locales updated from [] to [en_US]
11-17 09:39:32.117   726 10370 V Configuration: Updating configuration, locales updated from [] to [en_US]
11-17 09:39:32.117   726 10370 V Configuration: Updating configuration, locales updated from [] to [en_US]
11-17 09:39:32.117   726 10370 D IntervalStats: Unable to parse usage stats packages: [268]
11-17 09:39:32.118   726 10370 D IntervalStats: Unable to parse usage stats packages: [273, 274]
11-17 09:39:32.118  1394 11066 E PhSharedDirectoryWriter: Failed to delete the CE shared dir for Android package: com.joaop.matematicadivertida. [CONTEXT service_id=51 ]
11-17 09:39:32.118  1394 11066 E PhSharedDirectoryWriter: java.lang.IllegalStateException: Failed to delete directory
11-17 09:39:32.118  1394 11066 E PhSharedDirectoryWriter: 	at glad.r(:com.google.android.gms@254232038@25.42.32 (260800-820822052):10)
11-17 09:39:32.118  1394 11066 E PhSharedDirectoryWriter: 	at engf.a(:com.google.android.gms@254232038@25.42.32 (260800-820822052):84)
11-17 09:39:32.118  1394 11066 E PhSharedDirectoryWriter: 	at com.google.android.gms.phenotype.notification.PackagesChangedIntentOperation.onHandleIntent(:com.google.android.gms@254232038@25.42.32 (260800-820822052):103)
11-17 09:39:32.118  1394 11066 E PhSharedDirectoryWriter: 	at com.google.android.chimera.IntentOperation.onHandleIntent(:com.google.android.gms@254232038@25.42.32 (260800-820822052):2)
11-17 09:39:32.118  1394 11066 E PhSharedDirectoryWriter: 	at axrp.onHandleIntent(:com.google.android.gms@254232038@25.42.32 (260800-820822052):8)
11-17 09:39:32.118  1394 11066 E PhSharedDirectoryWriter: 	at ykg.run(:com.google.android.gms@254232038@25.42.32 (260800-820822052):64)
11-17 09:39:32.118  1394 11066 E PhSharedDirectoryWriter: 	at ykf.run(:com.google.android.gms@254232038@25.42.32 (260800-820822052):132)
11-17 09:39:32.118  1394 11066 E PhSharedDirectoryWriter: 	at giyq.run(:com.google.android.gms@254232038@25.42.32 (260800-820822052):19)
11-17 09:39:32.118  1394 11066 E PhSharedDirectoryWriter: 	at java.util.concurrent.ThreadPoolExecutor.runWorker(ThreadPoolExecutor.java:1156)
11-17 09:39:32.118  1394 11066 E PhSharedDirectoryWriter: 	at java.util.concurrent.ThreadPoolExecutor$Worker.run(ThreadPoolExecutor.java:651)
11-17 09:39:32.118  1394 11066 E PhSharedDirectoryWriter: 	at java.lang.Thread.run(Thread.java:1119)
11-17 09:39:32.123  1394 11066 E PhSharedDirectoryWriter: Failed to delete the DE shared dir for Android package: com.joaop.matematicadivertida. [CONTEXT service_id=51 ]
11-17 09:39:32.123  1394 11066 E PhSharedDirectoryWriter: java.lang.IllegalStateException: Failed to delete directory
11-17 09:39:32.123  1394 11066 E PhSharedDirectoryWriter: 	at glad.r(:com.google.android.gms@254232038@25.42.32 (260800-820822052):10)
11-17 09:39:32.123  1394 11066 E PhSharedDirectoryWriter: 	at engf.a(:com.google.android.gms@254232038@25.42.32 (260800-820822052):130)
11-17 09:39:32.123  1394 11066 E PhSharedDirectoryWriter: 	at com.google.android.gms.phenotype.notification.PackagesChangedIntentOperation.onHandleIntent(:com.google.android.gms@254232038@25.42.32 (260800-820822052):103)
11-17 09:39:32.123  1394 11066 E PhSharedDirectoryWriter: 	at com.google.android.chimera.IntentOperation.onHandleIntent(:com.google.android.gms@254232038@25.42.32 (260800-820822052):2)
11-17 09:39:32.123  1394 11066 E PhSharedDirectoryWriter: 	at axrp.onHandleIntent(:com.google.android.gms@254232038@25.42.32 (260800-820822052):8)
11-17 09:39:32.123  1394 11066 E PhSharedDirectoryWriter: 	at ykg.run(:com.google.android.gms@254232038@25.42.32 (260800-820822052):64)
11-17 09:39:32.123  1394 11066 E PhSharedDirectoryWriter: 	at ykf.run(:com.google.android.gms@254232038@25.42.32 (260800-820822052):132)
11-17 09:39:32.123  1394 11066 E PhSharedDirectoryWriter: 	at giyq.run(:com.google.android.gms@254232038@25.42.32 (260800-820822052):19)
11-17 09:39:32.123  1394 11066 E PhSharedDirectoryWriter: 	at java.util.concurrent.ThreadPoolExecutor.runWorker(ThreadPoolExecutor.java:1156)
11-17 09:39:32.123  1394 11066 E PhSharedDirectoryWriter: 	at java.util.concurrent.ThreadPoolExecutor$Worker.run(ThreadPoolExecutor.java:651)
11-17 09:39:32.123  1394 11066 E PhSharedDirectoryWriter: 	at java.lang.Thread.run(Thread.java:1119)
11-17 09:39:32.135  1618  2030 D MediaProvider: Deleted 0 Android/media items belonging to com.joaop.matematicadivertida on /data/user/0/com.google.android.providers.media.module/databases/external.db
11-17 09:39:32.141  1618  1618 W MediaProvider: WorkProfileOwnerApps cache is empty
11-17 09:39:32.141  1618  1618 D PickerSyncLockManager: Trying to acquire lock com.android.providers.media.photopicker.sync.CloseableReentrantLock@ee88373[Unlocked]. Lock Name = CLOUD_PROVIDER_LOCK. Threads that may be waiting to acquire this lock = []
11-17 09:39:32.141  1618  1618 D CloseableReentrantLock: Successfully acquired lock com.android.providers.media.photopicker.sync.CloseableReentrantLock@ee88373[Locked by thread main]. Lock Name = CLOUD_PROVIDER_LOCK. Threads that may be waiting to acquire this lock = []
11-17 09:39:32.141  1618  1618 D CloseableReentrantLock: Successfully released lock com.android.providers.media.photopicker.sync.CloseableReentrantLock@ee88373[Unlocked]. Lock Name = CLOUD_PROVIDER_LOCK. Threads that may be waiting to acquire this lock = []
11-17 09:39:32.147  1655  2032 I ogle.android.as: AssetManager2(0x721b41a9eff8) locale list changing from [] to [en-US]
11-17 09:39:32.149  1604 11056 I Blockstore: (REDACTED) [DataStoreImpl] Clearing all the restore credential for %s packages
11-17 09:39:32.150  1604 11056 W Blockstore: [DataStoreImpl] Does not contain gms package key space. [CONTEXT service_id=258 ]
11-17 09:39:32.150  1604 11056 I Blockstore: (REDACTED) [PackageIntentOperation] Deleted restore credential for package %s is successful: %s
11-17 09:39:32.151  1394 11061 I Fitness : (REDACTED) FitCleanupIntentOperation received Intent %s
11-17 09:39:32.152  1604 11056 I Blockstore: (REDACTED) [DataStoreImpl] Clearing all the Blockstore Data for package %s
11-17 09:39:32.152  1604 11056 I Blockstore: (REDACTED) [DataStoreImpl] Clearing all the Blockstore Data for %s packages
11-17 09:39:32.153  1604 11056 I Blockstore: (REDACTED) [DataStoreImpl] Allow listed package: %s
11-17 09:39:32.153  1604 11056 I Blockstore: (REDACTED) [DataStoreImpl] Allow listed package: %s
11-17 09:39:32.153  1604 11056 I Blockstore: (REDACTED) [DataStoreImpl] Allow listed package: %s
11-17 09:39:32.153  1604 11056 I Blockstore: (REDACTED) [DataStoreImpl] Allow listed package: %s
11-17 09:39:32.153  1604 11056 I Blockstore: (REDACTED) [DataStoreImpl] Allow listed package: %s
11-17 09:39:32.153  1604 11056 I Blockstore: (REDACTED) [DataStoreImpl] Removing Blockstore data for packages %s
11-17 09:39:32.159  1655  1845 I AiAiEcho: [pnb-agg] Reload pnb aggregation on events deleted
11-17 09:39:32.160  9632  9632 I Finsky  : [2] Memory trim requested to level 40
11-17 09:39:32.160  9632  9632 I Finsky  : [2] Flushing in-memory image cache
11-17 09:39:32.160  1655  1845 I AiAiEcho: [pnb-agg] pnb aggregation disabled.
11-17 09:39:32.160  2556  2556 I Finsky:background: [2] Memory trim requested to level 40
11-17 09:39:32.161  1394 11061 I ProximityAuth: [RecentAppsMediator] Package removed: (user=UserHandle{0}) com.joaop.matematicadivertida.test
11-17 09:39:32.162  1618  2030 I FuseDaemon: Successfully deleted rows in leveldb for owner_id:  and ownerPackageIdentifier: com.joaop.matematicadivertida::0
11-17 09:39:32.163   726  2328 W JobInfo : Job 'com.google.android.providers.media.module/com.android.providers.media.MediaService#-300' has a deadline with no functional constraints. The deadline won't improve job execution latency. Consider removing the deadline.
11-17 09:39:32.163  1618  2030 D MediaGrants: Removed 0 media_grants for 0 user for [com.joaop.matematicadivertida]. Reason: Package orphaned
11-17 09:39:32.166  1618  2030 I MediaProvider: End Intent { act=android.intent.action.PACKAGE_FULLY_REMOVED dat=package: flg=0x5000010 cmp=com.google.android.providers.media.module/com.android.providers.media.MediaService (has extras) }
11-17 09:39:32.166  1618  2030 I MediaProvider: Begin Intent { act=android.intent.action.PACKAGE_FULLY_REMOVED dat=package: flg=0x5000010 cmp=com.google.android.providers.media.module/com.android.providers.media.MediaService (has extras) }
11-17 09:39:32.167  1618  2030 D MediaProvider: Deleted 0 Android/media items belonging to com.joaop.matematicadivertida.test on /data/user/0/com.google.android.providers.media.module/databases/external.db
11-17 09:39:32.167  1618  2030 I FuseDaemon: Successfully deleted rows in leveldb for owner_id:  and ownerPackageIdentifier: com.joaop.matematicadivertida.test::0
11-17 09:39:32.168  1618  2030 D MediaGrants: Removed 0 media_grants for 0 user for [com.joaop.matematicadivertida.test]. Reason: Package orphaned
11-17 09:39:32.176  1604  9198 I Icing   : IndexChimeraService.getServiceInterface callingPackage=com.google.android.gms componentName=AppsCorpus serviceId=36
11-17 09:39:32.178   726   767 D ActivityManager: sync unfroze 1969 android.process.media for 3
11-17 09:39:32.197  1618  2030 I MediaProvider: End Intent { act=android.intent.action.PACKAGE_FULLY_REMOVED dat=package: flg=0x5000010 cmp=com.google.android.providers.media.module/com.android.providers.media.MediaService (has extras) }
11-17 09:39:32.198   562   562 W adbd    : timeout expired while reading data after flushing socket, closing
11-17 09:39:32.203  1604 11053 W RWIPackageIntentOps: Registries cleared for package: com.joaop.matematicadivertida.test
11-17 09:39:32.215   726   751 D SafetySourceDataValidat: No cert check requested for package com.google.android.permissioncontroller
11-17 09:39:32.227  1604  1604 D BoundBrokerSvc: onBind: Intent { act=com.google.android.gms.feedback.internal.IFeedbackService dat=chimera-action:/... xflg=0x4 cmp=com.google.android.gms/.chimera.GmsBoundBrokerService }
11-17 09:39:32.227  1604  1604 D BoundBrokerSvc: Loading bound service for intent: Intent { act=com.google.android.gms.feedback.internal.IFeedbackService dat=chimera-action:/... xflg=0x4 cmp=com.google.android.gms/.chimera.GmsBoundBrokerService }
11-17 09:39:32.228  1604 11055 W SQLiteLog: (28) double-quoted string literal: "com.joaop.matematicadivertida.test"
11-17 09:39:32.241   726   962 D BackgroundInstallControlService: Package event received: 0
11-17 09:39:32.241   726   962 D BackgroundInstallControlService: Package event received: 0
11-17 09:39:32.241  1604  9373 I Icing   : Usage reports ok 0, Failed Usage reports 0, indexed 0, rejected 0
11-17 09:39:32.242  1655  2032 I ogle.android.as: AssetManager2(0x721b41a60e38) locale list changing from [] to [en-US]
11-17 09:39:32.243   726   962 D BackgroundInstallControlService: Package event received: 0
11-17 09:39:32.248   726   962 D BackgroundInstallControlService: Package event received: 0
11-17 09:39:32.249  1394 11066 I Fitness : (REDACTED) FitCleanupIntentOperation received Intent %s
11-17 09:39:32.256  1604  9373 I Icing   : doRemovePackageData com.joaop.matematicadivertida.test
11-17 09:39:32.266  1604  9198 I Icing   : IndexChimeraService.getServiceInterface callingPackage=com.google.android.gms componentName=null serviceId=30
11-17 09:39:32.268   726   962 D BackgroundInstallControlService: Package event received: 0
11-17 09:39:32.286  1655  2032 I ogle.android.as: AssetManager2(0x721b41a86f98) locale list changing from [] to [en-US]
11-17 09:39:32.287  1665  1665 I faht    : (REDACTED) O received %s
11-17 09:39:32.290  1792  1792 D PersistedStoragePackageUninstalledReceiver: Received android.intent.action.PACKAGE_FULLY_REMOVED for com.joaop.matematicadivertida for u0
11-17 09:39:32.296  1665  1665 I faht    : (REDACTED) O received %s
11-17 09:39:32.297  1655  2032 I ogle.android.as: AssetManager2(0x721b41aa7018) locale list changing from [] to [en-US]
11-17 09:39:32.303  1655  2032 I AiAiEcho: EchoSearch: WidgetFetcherImpl is initialized with [34] widgets [reason=package removed for userId: 0]
11-17 09:39:32.313   726  1943 D SafetySourceDataValidat: No cert check requested for package com.google.android.permissioncontroller
11-17 09:39:32.325   726  5529 W ParceledListSlice: Element #26 is 19572 bytes.
11-17 09:39:32.325   726  5529 W ParceledListSlice: Element #27 is 19608 bytes.
11-17 09:39:32.326   726   751 W ParceledListSlice: Element #28 is 19748 bytes.
11-17 09:39:32.326   726   751 W ParceledListSlice: Element #29 is 19836 bytes.
11-17 09:39:32.326   726   751 W ParceledListSlice: Element #30 is 19472 bytes.
11-17 09:39:32.329   726  1295 D ActivityManager: sync unfroze 9103 com.google.android.googlequicksearchbox:search for 6
11-17 09:39:32.331  1655  2032 I AiAiEcho: EchoSearch: WidgetFetcherImpl is initialized with [34] widgets [reason=package removed for userId: 0]
11-17 09:39:32.334   726   962 D BackgroundInstallControlService: Package event received: 0
11-17 09:39:32.341  1792  1792 D PersistedStoragePackageUninstalledReceiver: Received android.intent.action.PACKAGE_FULLY_REMOVED for com.joaop.matematicadivertida.test for u0
11-17 09:39:32.341  1604  9373 I Icing   : Usage reports ok 0, Failed Usage reports 0, indexed 0, rejected 0
11-17 09:39:32.345  1604  9373 I Icing   : Indexing com.google.android.gms-apps from com.google.android.gms
11-17 09:39:32.360  1604  9373 I Icing   : Indexing done com.google.android.gms-apps
11-17 09:39:32.361  1604  9373 I Icing   : Indexing com.google.android.gms-apps from com.google.android.gms
11-17 09:39:32.361  1604  9373 I Icing   : Indexing done com.google.android.gms-apps
11-17 09:39:32.381  9103  9154 W achh    : Abort, client detached.
11-17 09:39:32.392  1019  1175 D ControlsListingControllerImpl: Subscribing callback, service count: 0
11-17 09:39:32.409  1019  1175 D ControlsListingControllerImpl: Unsubscribing callback
11-17 09:39:32.412   726  1295 E AppOps  : attributionTag VCN not declared in manifest of android
11-17 09:39:32.596  1520  1719 I .apps.wellbeing: AssetManager2(0x721b41a43658) locale list changing from [] to [en-US]
11-17 09:39:32.599  1520  1719 I .apps.wellbeing: AssetManager2(0x721b41a3dbb8) locale list changing from [] to [en-US]
11-17 09:39:32.610  1520  1719 I .apps.wellbeing: AssetManager2(0x721b41a41718) locale list changing from [] to [en-US]
11-17 09:39:32.612  1520  1719 I .apps.wellbeing: AssetManager2(0x721b41a43c98) locale list changing from [] to [en-US]
11-17 09:39:32.624  1520  1719 I .apps.wellbeing: AssetManager2(0x721b41a3cf38) locale list changing from [] to [en-US]
11-17 09:39:32.625  1019  1019 D TileServices: Couldn't find tile for ComponentInfo{com.google.android.apps.wellbeing/com.google.android.apps.wellbeing.focusmode.quicksettings.FocusModeTileService}(0)
11-17 09:39:32.631  1520  1719 I .apps.wellbeing: AssetManager2(0x721b41a30d78) locale list changing from [] to [en-US]
11-17 09:39:32.646  1520  1719 I .apps.wellbeing: AssetManager2(0x721b41a4a6d8) locale list changing from [] to [en-US]
11-17 09:39:32.659  1520  1719 I .apps.wellbeing: AssetManager2(0x721b41a30d78) locale list changing from [] to [en-US]
11-17 09:39:32.668  1520  1719 I .apps.wellbeing: AssetManager2(0x721b41a43c98) locale list changing from [] to [en-US]
11-17 09:39:32.671  1520  1719 I .apps.wellbeing: AssetManager2(0x721b41a21058) locale list changing from [] to [en-US]
11-17 09:39:32.677  1019  1019 D TileServices: Couldn't find tile for ComponentInfo{com.google.android.apps.wellbeing/com.google.android.apps.wellbeing.focusmode.quicksettings.FocusModeTileService}(0)
11-17 09:39:32.680  1520  1719 I .apps.wellbeing: AssetManager2(0x721b41a41718) locale list changing from [] to [en-US]
11-17 09:39:32.684  1520  1719 I .apps.wellbeing: AssetManager2(0x721b41a3dbb8) locale list changing from [] to [en-US]
11-17 09:39:32.690  1520  1719 I .apps.wellbeing: AssetManager2(0x721b41a39a18) locale list changing from [] to [en-US]
11-17 09:39:32.694  1520  1719 I .apps.wellbeing: AssetManager2(0x721b41a43658) locale list changing from [] to [en-US]
11-17 09:39:32.701  1520  1719 I .apps.wellbeing: AssetManager2(0x721b41a32678) locale list changing from [] to [en-US]
11-17 09:39:32.707  1520  1719 I .apps.wellbeing: AssetManager2(0x721b41a24ed8) locale list changing from [] to [en-US]
11-17 09:39:32.719  1520  1719 I .apps.wellbeing: AssetManager2(0x721b41a3cf38) locale list changing from [] to [en-US]
11-17 09:39:32.730  1520  1719 I .apps.wellbeing: AssetManager2(0x721b41a46858) locale list changing from [] to [en-US]
11-17 09:39:32.735  1520  1719 I .apps.wellbeing: AssetManager2(0x721b41a2eb18) locale list changing from [] to [en-US]
11-17 09:39:32.742  1520  1719 I .apps.wellbeing: AssetManager2(0x721b41a2e1b8) locale list changing from [] to [en-US]
11-17 09:39:32.742  1520  1719 I .apps.wellbeing: AssetManager2(0x721b41a28a38) locale list changing from [] to [en-US]
11-17 09:39:32.744  1520  1719 I .apps.wellbeing: AssetManager2(0x721b41a429d8) locale list changing from [] to [en-US]
11-17 09:39:32.746  1520  1719 I .apps.wellbeing: AssetManager2(0x721b41a4b678) locale list changing from [] to [en-US]
11-17 09:39:32.747  1520  1719 I .apps.wellbeing: AssetManager2(0x721b41a3e838) locale list changing from [] to [en-US]
11-17 09:39:32.748  1520  1719 I .apps.wellbeing: AssetManager2(0x721b41a35558) locale list changing from [] to [en-US]
11-17 09:39:32.749  1520  1719 I .apps.wellbeing: AssetManager2(0x721b41a2a018) locale list changing from [] to [en-US]
11-17 09:39:32.749  1520  1719 I .apps.wellbeing: AssetManager2(0x721b41a28d58) locale list changing from [] to [en-US]
11-17 09:39:32.752  1520  1719 I .apps.wellbeing: AssetManager2(0x721b41a47e38) locale list changing from [] to [en-US]
11-17 09:39:32.753  1520  1719 I .apps.wellbeing: AssetManager2(0x721b41a2b918) locale list changing from [] to [en-US]
11-17 09:39:32.754  1520  1719 I .apps.wellbeing: AssetManager2(0x721b41a2ee38) locale list changing from [] to [en-US]
11-17 09:39:32.755  1520  1719 I .apps.wellbeing: AssetManager2(0x721b41a2bc38) locale list changing from [] to [en-US]
11-17 09:39:32.757  1520  1719 I .apps.wellbeing: AssetManager2(0x721b41a316d8) locale list changing from [] to [en-US]
11-17 09:39:32.758  1520  1719 I .apps.wellbeing: AssetManager2(0x721b41a299d8) locale list changing from [] to [en-US]
11-17 09:39:32.760  1520  1719 I .apps.wellbeing: AssetManager2(0x721b41a2f158) locale list changing from [] to [en-US]
11-17 09:39:32.763  1520  1719 I .apps.wellbeing: AssetManager2(0x721b41a2b2d8) locale list changing from [] to [en-US]
11-17 09:39:32.766  1520  1719 I .apps.wellbeing: AssetManager2(0x721b41a313b8) locale list changing from [] to [en-US]
11-17 09:39:32.767  1520  1719 I .apps.wellbeing: AssetManager2(0x721b41a20d38) locale list changing from [] to [en-US]
11-17 09:39:32.769  1520  1719 I .apps.wellbeing: AssetManager2(0x721b41a4e558) locale list changing from [] to [en-US]
11-17 09:39:32.776  1520  1719 I .apps.wellbeing: AssetManager2(0x721b41a29078) locale list changing from [] to [en-US]
11-17 09:39:32.782  1520  1719 I .apps.wellbeing: AssetManager2(0x721b41a32998) locale list changing from [] to [en-US]
11-17 09:39:32.788  1520  1719 I .apps.wellbeing: AssetManager2(0x721b41a45278) locale list changing from [] to [en-US]
11-17 09:39:32.789  1520  1719 I .apps.wellbeing: AssetManager2(0x721b41a3d258) locale list changing from [] to [en-US]
11-17 09:39:32.791  1520  1719 I .apps.wellbeing: AssetManager2(0x721b41a40db8) locale list changing from [] to [en-US]
11-17 09:39:32.792  1520  1719 I .apps.wellbeing: AssetManager2(0x721b41a42078) locale list changing from [] to [en-US]
11-17 09:39:32.796  1520  1719 I .apps.wellbeing: AssetManager2(0x721b41a42cf8) locale list changing from [] to [en-US]
11-17 09:39:32.797  1520  1719 I .apps.wellbeing: AssetManager2(0x721b41a33c58) locale list changing from [] to [en-US]
11-17 09:39:32.801  1520  1719 I .apps.wellbeing: AssetManager2(0x721b41a232b8) locale list changing from [] to [en-US]
11-17 09:39:32.803  1520  1719 I .apps.wellbeing: AssetManager2(0x721b41a27a98) locale list changing from [] to [en-US]
11-17 09:39:32.810  1520  1719 I .apps.wellbeing: AssetManager2(0x721b41a2fab8) locale list changing from [] to [en-US]
11-17 09:39:32.815  1520  1719 I .apps.wellbeing: AssetManager2(0x721b41a3c5d8) locale list changing from [] to [en-US]
11-17 09:39:32.817  1520  1719 I .apps.wellbeing: AssetManager2(0x721b41a3d898) locale list changing from [] to [en-US]
11-17 09:39:32.819  1520  1719 I .apps.wellbeing: AssetManager2(0x721b41a31d18) locale list changing from [] to [en-US]
11-17 09:39:32.820  1520  1719 I .apps.wellbeing: AssetManager2(0x721b41a4b998) locale list changing from [] to [en-US]
11-17 09:39:32.821  1520  1719 I .apps.wellbeing: AssetManager2(0x721b41a38438) locale list changing from [] to [en-US]
11-17 09:39:32.826  1520  1719 I .apps.wellbeing: AssetManager2(0x721b41a24578) locale list changing from [] to [en-US]
11-17 09:39:32.829  1520  1719 I .apps.wellbeing: AssetManager2(0x721b41a4b358) locale list changing from [] to [en-US]
11-17 09:39:32.835  1520  1719 I .apps.wellbeing: AssetManager2(0x721b41a22958) locale list changing from [] to [en-US]
11-17 09:39:32.837  1520  1719 I .apps.wellbeing: AssetManager2(0x721b41a3ee78) locale list changing from [] to [en-US]
11-17 09:39:32.838  1520  1719 I .apps.wellbeing: AssetManager2(0x721b41a34f18) locale list changing from [] to [en-US]
11-17 09:39:32.843  1520  1719 I .apps.wellbeing: AssetManager2(0x721b41a2c598) locale list changing from [] to [en-US]
11-17 09:39:32.846  1520  1719 I .apps.wellbeing: AssetManager2(0x721b41a2a658) locale list changing from [] to [en-US]
11-17 09:39:32.852  1520  1719 I .apps.wellbeing: AssetManager2(0x721b41a3b638) locale list changing from [] to [en-US]
11-17 09:39:32.856  1520  1719 I .apps.wellbeing: AssetManager2(0x721b41a41a38) locale list changing from [] to [en-US]
11-17 09:39:32.859  1520  1719 I .apps.wellbeing: AssetManager2(0x721b41a37ad8) locale list changing from [] to [en-US]
11-17 09:39:32.862  1520  1719 I .apps.wellbeing: AssetManager2(0x721b41a33938) locale list changing from [] to [en-US]
11-17 09:39:32.865  1520  1719 I .apps.wellbeing: AssetManager2(0x721b41a3f7d8) locale list changing from [] to [en-US]
11-17 09:39:32.869  1520  1719 I .apps.wellbeing: AssetManager2(0x721b41a44f58) locale list changing from [] to [en-US]
11-17 09:39:32.871  1520  1719 I .apps.wellbeing: AssetManager2(0x721b41a2f478) locale list changing from [] to [en-US]
11-17 09:39:32.873  1520  1719 I .apps.wellbeing: AssetManager2(0x721b41a35238) locale list changing from [] to [en-US]
11-17 09:39:32.879  1520  1719 I .apps.wellbeing: AssetManager2(0x721b41a348d8) locale list changing from [] to [en-US]
11-17 09:39:32.880  1520  1719 I .apps.wellbeing: AssetManager2(0x721b41a46218) locale list changing from [] to [en-US]
11-17 09:39:32.882  1520  1719 I .apps.wellbeing: AssetManager2(0x721b41a1c558) locale list changing from [] to [en-US]
11-17 09:39:32.884  1520  1719 I .apps.wellbeing: AssetManager2(0x721b41a4e878) locale list changing from [] to [en-US]
11-17 09:39:32.889  1520  1719 I .apps.wellbeing: AssetManager2(0x721b41a3eb58) locale list changing from [] to [en-US]
11-17 09:39:32.890  1520  1719 I .apps.wellbeing: AssetManager2(0x721b41a24898) locale list changing from [] to [en-US]
11-17 09:39:32.893  1520  1719 I .apps.wellbeing: AssetManager2(0x721b41a3b318) locale list changing from [] to [en-US]
11-17 09:39:32.894  1520  1719 I .apps.wellbeing: AssetManager2(0x721b41a23f38) locale list changing from [] to [en-US]
11-17 09:39:32.896  1520  1719 I .apps.wellbeing: AssetManager2(0x721b41a26e18) locale list changing from [] to [en-US]
11-17 09:39:32.898  1520  1719 I .apps.wellbeing: AssetManager2(0x721b41a2c278) locale list changing from [] to [en-US]
11-17 09:39:32.901  1520  1719 I .apps.wellbeing: AssetManager2(0x721b41a45bd8) locale list changing from [] to [en-US]
11-17 09:39:32.903  1520  1719 I .apps.wellbeing: AssetManager2(0x721b41a22638) locale list changing from [] to [en-US]
11-17 09:39:32.905  1520  1719 I .apps.wellbeing: AssetManager2(0x721b41a4ad18) locale list changing from [] to [en-US]
11-17 09:39:32.909  1520  1719 I .apps.wellbeing: AssetManager2(0x721b41a30418) locale list changing from [] to [en-US]
11-17 09:39:32.913  1520  1719 I .apps.wellbeing: AssetManager2(0x721b41a36b38) locale list changing from [] to [en-US]
11-17 09:39:32.918  1520  1719 I .apps.wellbeing: AssetManager2(0x721b41a40a98) locale list changing from [] to [en-US]
11-17 09:39:32.920  1520  1719 I .apps.wellbeing: AssetManager2(0x721b41a2bf58) locale list changing from [] to [en-US]
11-17 09:39:32.921  1520  1719 I .apps.wellbeing: AssetManager2(0x721b41a43978) locale list changing from [] to [en-US]
11-17 09:39:32.926  1520  1719 I .apps.wellbeing: AssetManager2(0x721b41a2fdd8) locale list changing from [] to [en-US]
11-17 09:39:32.929  1520  1719 I .apps.wellbeing: AssetManager2(0x721b41a21ff8) locale list changing from [] to [en-US]
11-17 09:39:32.934  1520  1719 I .apps.wellbeing: AssetManager2(0x721b41a267d8) locale list changing from [] to [en-US]
11-17 09:39:32.938  1520  1719 I .apps.wellbeing: AssetManager2(0x721b41a48478) locale list changing from [] to [en-US]
11-17 09:39:32.940  1520  1719 I .apps.wellbeing: AssetManager2(0x721b41a4cf78) locale list changing from [] to [en-US]
11-17 09:39:32.942  1520  1719 I .apps.wellbeing: AssetManager2(0x721b41a44c38) locale list changing from [] to [en-US]
11-17 09:39:32.947  1520  1719 I .apps.wellbeing: AssetManager2(0x721b41a319f8) locale list changing from [] to [en-US]
11-17 09:39:32.950  1520  1719 I .apps.wellbeing: AssetManager2(0x721b41a34bf8) locale list changing from [] to [en-US]
11-17 09:39:32.953  1520  1719 I .apps.wellbeing: AssetManager2(0x721b41a37df8) locale list changing from [] to [en-US]
11-17 09:39:32.956  1520  1719 I .apps.wellbeing: AssetManager2(0x721b41a3b958) locale list changing from [] to [en-US]
11-17 09:39:32.960  1520  1719 I .apps.wellbeing: AssetManager2(0x721b41a35eb8) locale list changing from [] to [en-US]
11-17 09:39:32.962  1520  1719 I .apps.wellbeing: AssetManager2(0x721b41a3a698) locale list changing from [] to [en-US]
11-17 09:39:32.970  1520  1719 I .apps.wellbeing: AssetManager2(0x721b41a3acd8) locale list changing from [] to [en-US]
11-17 09:39:32.971  1520  1719 I .apps.wellbeing: AssetManager2(0x721b41a345b8) locale list changing from [] to [en-US]
11-17 09:39:33.052  1520  1719 I .apps.wellbeing: AssetManager2(0x721b41a39d38) locale list changing from [] to [en-US]
11-17 09:39:33.057  1520  1719 I .apps.wellbeing: AssetManager2(0x721b41a2b5f8) locale list changing from [] to [en-US]
11-17 09:39:33.063  1520  1719 I .apps.wellbeing: AssetManager2(0x721b41a4c938) locale list changing from [] to [en-US]
11-17 09:39:33.066  1520  1719 I .apps.wellbeing: AssetManager2(0x721b41a30738) locale list changing from [] to [en-US]
11-17 09:39:33.081  1520  1719 I .apps.wellbeing: AssetManager2(0x721b41a300f8) locale list changing from [] to [en-US]
11-17 09:39:33.101  1520  1719 I .apps.wellbeing: AssetManager2(0x721b41a3faf8) locale list changing from [] to [en-US]
11-17 09:39:33.106  1520  1719 I .apps.wellbeing: AssetManager2(0x721b41a471b8) locale list changing from [] to [en-US]
11-17 09:39:33.131  1520  1719 I .apps.wellbeing: AssetManager2(0x721b41a25e78) locale list changing from [] to [en-US]
11-17 09:39:33.136  1520  1719 I .apps.wellbeing: AssetManager2(0x721b41a38118) locale list changing from [] to [en-US]
11-17 09:39:33.140  1520  1719 I .apps.wellbeing: AssetManager2(0x721b41a2e4d8) locale list changing from [] to [en-US]
11-17 09:39:33.146  1520  1719 I .apps.wellbeing: AssetManager2(0x721b41a203d8) locale list changing from [] to [en-US]
11-17 09:39:33.166  1520  1719 I .apps.wellbeing: AssetManager2(0x721b41a4f1d8) locale list changing from [] to [en-US]
11-17 09:39:33.171  1520  1719 I .apps.wellbeing: AssetManager2(0x721b41a43338) locale list changing from [] to [en-US]
11-17 09:39:33.174  1520  1719 I .apps.wellbeing: AssetManager2(0x721b41a2f798) locale list changing from [] to [en-US]
11-17 09:39:33.177  1520  1719 I .apps.wellbeing: AssetManager2(0x721b41a41718) locale list changing from [] to [en-US]
11-17 09:39:33.188  1520  1719 I .apps.wellbeing: AssetManager2(0x721b41a3b318) locale list changing from [] to [en-US]
11-17 09:39:33.193  1520  1719 I .apps.wellbeing: AssetManager2(0x721b41a4c938) locale list changing from [] to [en-US]
11-17 09:39:33.195  1520  1719 I .apps.wellbeing: AssetManager2(0x721b41a4f1d8) locale list changing from [] to [en-US]
11-17 09:39:33.202  1520  1719 I .apps.wellbeing: AssetManager2(0x721b41a203d8) locale list changing from [] to [en-US]
11-17 09:39:33.257  1520  1719 I .apps.wellbeing: AssetManager2(0x721b41a25e78) locale list changing from [] to [en-US]
11-17 09:39:33.262  1520  1719 I .apps.wellbeing: AssetManager2(0x721b41a23c18) locale list changing from [] to [en-US]
11-17 09:39:33.267  1520  1719 I .apps.wellbeing: AssetManager2(0x721b41a38118) locale list changing from [] to [en-US]
11-17 09:39:33.269  1520  1719 I .apps.wellbeing: AssetManager2(0x721b41a2b5f8) locale list changing from [] to [en-US]
11-17 09:39:33.271  1520  1719 I .apps.wellbeing: AssetManager2(0x721b41a39d38) locale list changing from [] to [en-US]
11-17 09:39:33.273  1520  1719 I .apps.wellbeing: AssetManager2(0x721b41a3faf8) locale list changing from [] to [en-US]
11-17 09:39:36.566  1173  1415 D SatelliteController: iisInCarrierRoamingNbIotNtn: satellite is disabled
11-17 09:39:37.161   726   905 D InetDiagMessage: Destroyed 0 sockets, proto=IPPROTO_TCP, family=AF_INET, states=14
11-17 09:39:37.162   726   905 D InetDiagMessage: Destroyed 0 sockets, proto=IPPROTO_TCP, family=AF_INET6, states=14
11-17 09:39:37.162   726   905 D InetDiagMessage: Destroyed live tcp sockets for uids={10150} in 2ms
11-17 09:39:37.162   726   905 D InetDiagMessage: Destroyed 0 sockets, proto=IPPROTO_TCP, family=AF_INET, states=14
11-17 09:39:37.162   726   905 D InetDiagMessage: Destroyed 0 sockets, proto=IPPROTO_TCP, family=AF_INET6, states=14
11-17 09:39:37.162   726   905 D InetDiagMessage: Destroyed live tcp sockets for uids={20150} in 0ms
11-17 09:39:39.244  1019  1175 I QuickAccessWalletTile: QAW service is unavailable, recreating the wallet client.
11-17 09:39:41.547   726   999 W FileUtils: Failed to chmod(AtomicFile[/data/system_de/0/system/game-manager-service.xml]): android.system.ErrnoException: chmod failed: ENOENT (No such file or directory)
11-17 09:39:42.151   726   853 D ActivityManager: freezing 28418 com.android.chrome
11-17 09:39:42.152   726   853 D ActivityManager: freezing 9915 com.android.chrome:sandboxed_process0:org.chromium.content.app.SandboxedProcessService0:4
11-17 09:39:42.153   726   905 D InetDiagMessage: Destroyed 0 sockets, proto=IPPROTO_TCP, family=AF_INET, states=14
11-17 09:39:42.154   726   905 D InetDiagMessage: Destroyed 0 sockets, proto=IPPROTO_TCP, family=AF_INET6, states=14
11-17 09:39:42.154   726   905 D InetDiagMessage: Destroyed live tcp sockets for uids={10150} in 1ms
11-17 09:39:42.197   726   853 D ActivityManager: freezing 9632 com.android.vending
11-17 09:39:42.198   726   853 D ActivityManager: freezing 2556 com.android.vending:background
11-17 09:39:42.198   726   905 D InetDiagMessage: Destroyed 0 sockets, proto=IPPROTO_TCP, family=AF_INET, states=14
11-17 09:39:42.199   726   905 D InetDiagMessage: Destroyed 0 sockets, proto=IPPROTO_TCP, family=AF_INET6, states=14
11-17 09:39:42.199   726   905 D InetDiagMessage: Destroyed live tcp sockets for uids={90000} in 2ms
11-17 09:39:42.288   272 11030 I keystore2: system/security/keystore2/watchdog/src/lib.rs:377 - Watchdog thread idle -> terminating. Have a great day.
11-17 09:39:42.316   726   905 D InetDiagMessage: Destroyed 0 sockets, proto=IPPROTO_TCP, family=AF_INET, states=14
11-17 09:39:42.317   726   905 D InetDiagMessage: Destroyed 1 sockets, proto=IPPROTO_TCP, family=AF_INET6, states=14
11-17 09:39:42.317   726   905 D InetDiagMessage: Destroyed live tcp sockets for uids={10146} in 2ms
11-17 09:39:42.358   726   853 D ActivityManager: freezing 1969 android.process.media
11-17 09:39:42.359   726   853 D ActivityManager: freezing 22060 com.google.android.documentsui
11-17 09:39:42.360   726   853 D ActivityManager: freezing 1792 com.google.android.permissioncontroller
11-17 09:39:42.361   726   905 D InetDiagMessage: Destroyed 0 sockets, proto=IPPROTO_TCP, family=AF_INET, states=14
11-17 09:39:42.361   726   905 D InetDiagMessage: Destroyed 0 sockets, proto=IPPROTO_TCP, family=AF_INET6, states=14
11-17 09:39:42.361   726   905 D InetDiagMessage: Destroyed live tcp sockets for uids={10101} in 1ms
11-17 09:39:42.362   726   905 D InetDiagMessage: Destroyed 0 sockets, proto=IPPROTO_TCP, family=AF_INET, states=14
11-17 09:39:42.362   726   905 D InetDiagMessage: Destroyed 0 sockets, proto=IPPROTO_TCP, family=AF_INET6, states=14
11-17 09:39:42.362   726   905 D InetDiagMessage: Destroyed live tcp sockets for uids={10104} in 1ms
11-17 09:39:42.363   726   905 D InetDiagMessage: Destroyed 0 sockets, proto=IPPROTO_TCP, family=AF_INET, states=14
11-17 09:39:42.363   726   905 D InetDiagMessage: Destroyed 0 sockets, proto=IPPROTO_TCP, family=AF_INET6, states=14
11-17 09:39:42.363   726   905 D InetDiagMessage: Destroyed live tcp sockets for uids={10203} in 1ms
11-17 09:39:42.405   726   853 D ActivityManager: freezing 9103 com.google.android.googlequicksearchbox:search
11-17 09:39:43.313   726   751 D WifiNl80211Manager: Scan result ready event
11-17 09:39:43.313   726   751 D WifiNative: Scan result ready event
11-17 09:39:43.314  1394 11209 I WifiScanner: onFullResults
11-17 09:39:43.314  1394  2257 I WifiScanner: onFullResults
11-17 09:39:43.317   726   899 I HalDevMgr: bestIfaceCreationProposal is null, requestIface=STA, existingIface=[name=wlan0 type=STA]
11-17 09:39:46.565  1173  1415 D SatelliteController: iisInCarrierRoamingNbIotNtn: satellite is disabled
11-17 09:39:47.265  1604  1604 D BoundBrokerSvc: onUnbind: Intent { act=com.google.android.gms.feedback.internal.IFeedbackService dat=chimera-action:/... xflg=0x4 cmp=com.google.android.gms/.chimera.GmsBoundBrokerService }
11-17 09:39:48.865   726   899 D WifiConfigStore: Writing to stores completed in 9 ms.
11-17 09:39:49.382  1394  1394 D BoundBrokerSvc: onRebind: Intent { act=com.google.android.gms.common.telemetry.service.START dat=chimera-action:/... xflg=0x4 cmp=com.google.android.gms/.chimera.PersistentApiService }
11-17 09:39:49.383   726   751 W AppOps  : Noting op not finished: uid 10148 pkg com.google.android.gms code 79 startTime of in progress event=1763332258654
11-17 09:39:49.385   726   751 W AppOps  : Noting op not finished: uid 10148 pkg com.google.android.gms code 113 startTime of in progress event=1763332258657
11-17 09:39:49.397  1394  1981 I ActivityScheduler: nextTriggerTime: 121524686, in 238100ms, detectorType: 39, FULL_TYPE alarmWindowMillis: 80000
11-17 09:39:50.385   726  1943 W AppOps  : Noting op not finished: uid 10148 pkg com.google.android.gms code 113 startTime of in progress event=1763332258657
11-17 09:39:52.328   726   905 D InetDiagMessage: Destroyed 0 sockets, proto=IPPROTO_TCP, family=AF_INET, states=14
11-17 09:39:52.328   726   905 D InetDiagMessage: Destroyed 0 sockets, proto=IPPROTO_TCP, family=AF_INET6, states=14
11-17 09:39:52.328   726   905 D InetDiagMessage: Destroyed live tcp sockets for uids={10192} in 1ms
11-17 09:39:52.328   726   905 D InetDiagMessage: Destroyed 0 sockets, proto=IPPROTO_TCP, family=AF_INET, states=14
11-17 09:39:52.329   726   905 D InetDiagMessage: Destroyed 0 sockets, proto=IPPROTO_TCP, family=AF_INET6, states=14
11-17 09:39:52.329   726   905 D InetDiagMessage: Destroyed live tcp sockets for uids={20192} in 1ms
11-17 09:39:54.396  1394  1394 D BoundBrokerSvc: onUnbind: Intent { act=com.google.android.gms.common.telemetry.service.START dat=chimera-action:/... xflg=0x4 cmp=com.google.android.gms/.chimera.PersistentApiService }
11-17 09:39:56.566  1173  1415 D SatelliteController: iisInCarrierRoamingNbIotNtn: satellite is disabled
11-17 09:39:57.326   726   853 D ActivityManager: freezing 1604 com.google.android.gms
11-17 09:39:57.327   726   853 D ActivityManager: freezing 2101 com.google.android.adservices.api
11-17 09:39:57.328   726   853 D ActivityManager: freezing 6093 com.google.android.webview:sandboxed_process0:org.chromium.content.app.SandboxedProcessService0:0
11-17 09:39:57.390   726  1943 D TelephonyManager: requestModemActivityInfo: Sending result to app: ModemActivityInfo{ mTimestamp=121294577 mSleepTimeMs=14238 mIdleTimeMs=4746 mActivityStatsTechSpecificInfo=[{mRat=UNKNOWN,mFrequencyRange=UNKNOWN,mTxTimeMs[]=[339, 1017, 2034, 2712, 3051],mRxTimeMs=3051}]}
11-17 09:39:57.416   726   777 D KernelCpuUidUserSysTimeReader: Removing uids 10223-10223
11-17 09:39:57.417   726   777 D KernelCpuUidUserSysTimeReader: Removing uids 10224-10224
11-17 09:39:57.622   726   905 D InetDiagMessage: Destroyed 0 sockets, proto=IPPROTO_TCP, family=AF_INET, states=14
11-17 09:39:57.623   726   905 D InetDiagMessage: Destroyed 0 sockets, proto=IPPROTO_TCP, family=AF_INET6, states=14
11-17 09:39:57.623   726   905 D InetDiagMessage: Destroyed live tcp sockets for uids={10192} in 1ms
11-17 09:39:57.661   726   905 D InetDiagMessage: Destroyed 0 sockets, proto=IPPROTO_TCP, family=AF_INET, states=14
11-17 09:39:57.661   726   905 D InetDiagMessage: Destroyed 0 sockets, proto=IPPROTO_TCP, family=AF_INET6, states=14
11-17 09:39:57.662   726   905 D InetDiagMessage: Destroyed live tcp sockets for uids={99001} in 1ms
11-17 09:40:06.566  1173  1415 D SatelliteController: iisInCarrierRoamingNbIotNtn: satellite is disabled
11-17 09:40:11.861   726   853 D ActivityManager: freezing 1883 com.android.keychain
11-17 09:40:11.862   726   853 D ActivityManager: freezing 3074 com.android.dynsystem:dynsystem
11-17 09:40:11.862   726   853 D ActivityManager: freezing 3040 com.android.dynsystem
11-17 09:40:11.863   726   853 D ActivityManager: freezing 1919 com.android.localtransport
11-17 09:40:16.391  1665  2296 I bbax    : (REDACTED) getHotwordActive::active query: %s, watch: %s, devices connected: %s
11-17 09:40:16.566  1173  1415 D SatelliteController: iisInCarrierRoamingNbIotNtn: satellite is disabled
11-17 09:40:26.566  1173  1415 D SatelliteController: iisInCarrierRoamingNbIotNtn: satellite is disabled
11-17 09:40:30.840  1394  1394 D BoundBrokerSvc: onRebind: Intent { act=com.google.android.gms.common.telemetry.service.START dat=chimera-action:/... xflg=0x4 cmp=com.google.android.gms/.chimera.PersistentApiService }
11-17 09:40:35.852  1394  1394 D BoundBrokerSvc: onUnbind: Intent { act=com.google.android.gms.common.telemetry.service.START dat=chimera-action:/... xflg=0x4 cmp=com.google.android.gms/.chimera.PersistentApiService }
11-17 09:40:36.567  1173  1415 D SatelliteController: iisInCarrierRoamingNbIotNtn: satellite is disabled
11-17 09:40:46.567  1173  1415 D SatelliteController: iisInCarrierRoamingNbIotNtn: satellite is disabled
11-17 09:40:56.567  1173  1415 D SatelliteController: iisInCarrierRoamingNbIotNtn: satellite is disabled
11-17 09:41:06.567  1173  1415 D SatelliteController: iisInCarrierRoamingNbIotNtn: satellite is disabled
11-17 09:41:16.391  1665  2296 I bbax    : (REDACTED) getHotwordActive::active query: %s, watch: %s, devices connected: %s
11-17 09:41:16.567  1173  1415 D SatelliteController: iisInCarrierRoamingNbIotNtn: satellite is disabled
11-17 09:41:26.568  1173  1415 D SatelliteController: iisInCarrierRoamingNbIotNtn: satellite is disabled
11-17 09:41:36.568  1173  1415 D SatelliteController: iisInCarrierRoamingNbIotNtn: satellite is disabled
11-17 09:41:46.568  1173  1415 D SatelliteController: iisInCarrierRoamingNbIotNtn: satellite is disabled
11-17 09:41:56.568  1173  1415 D SatelliteController: iisInCarrierRoamingNbIotNtn: satellite is disabled
11-17 09:42:06.568  1173  1415 D SatelliteController: iisInCarrierRoamingNbIotNtn: satellite is disabled
11-17 09:42:16.391  1665  2277 I bbax    : (REDACTED) getHotwordActive::active query: %s, watch: %s, devices connected: %s
11-17 09:42:16.568  1173  1415 D SatelliteController: iisInCarrierRoamingNbIotNtn: satellite is disabled
11-17 09:42:23.325   726  1943 D WifiNl80211Manager: Scan result ready event
11-17 09:42:23.325   726  1943 D WifiNative: Scan result ready event
11-17 09:42:23.328  1394 11209 I WifiScanner: onFullResults
11-17 09:42:23.329  1394  2257 I WifiScanner: onFullResults
11-17 09:42:23.333   726   899 I HalDevMgr: bestIfaceCreationProposal is null, requestIface=STA, existingIface=[name=wlan0 type=STA]
11-17 09:42:26.568  1173  1415 D SatelliteController: iisInCarrierRoamingNbIotNtn: satellite is disabled
11-17 09:42:31.484   726   802 W PackageManager: Not removing package com.google.android.trichromelibrary hosting lib com.google.android.trichromelibrary version 739012238 used by [VersionedPackage[com.google.android.webview/739012238]] for user 0
11-17 09:42:36.568  1173  1415 D SatelliteController: iisInCarrierRoamingNbIotNtn: satellite is disabled
11-17 09:42:36.601  1394 11096 I .gms.persistent: Explicit concurrent mark compact GC freed 2677KB AllocSpace bytes, 6(144KB) LOS objects, 25% free, 15MB/20MB, paused 962us,1.127ms total 51.163ms
11-17 09:42:46.568  1173  1415 D SatelliteController: iisInCarrierRoamingNbIotNtn: satellite is disabled
11-17 09:42:56.568  1173  1415 D SatelliteController: iisInCarrierRoamingNbIotNtn: satellite is disabled
11-17 09:42:57.596   726   777 D KernelCpuUidUserSysTimeReader: Removing uids 10225-10225
11-17 09:42:57.596   726   777 D KernelCpuUidUserSysTimeReader: Removing uids 10226-10226
11-17 09:42:57.600  1122  1260 D ApfFilter: (wlan0): Adding RA fe80::2 -> ff02::1 1800s fec0::/64 86400s/14400s DNS 1200000s fec0::3 
11-17 09:42:57.602  1394  1394 D BoundBrokerSvc: onRebind: Intent { act=com.google.android.gms.common.telemetry.service.START dat=chimera-action:/... xflg=0x4 cmp=com.google.android.gms/.chimera.PersistentApiService }
11-17 09:43:01.437  1019  1026 W System  : A resource failed to call release. 
11-17 09:43:01.440  1019  1026 W System  : A resource failed to call release. 
11-17 09:43:01.440  1019  1026 W System  : A resource failed to call release. 
11-17 09:43:01.440  1019  1026 W System  : A resource failed to call release. 
11-17 09:43:02.632  1394  1394 D BoundBrokerSvc: onUnbind: Intent { act=com.google.android.gms.common.telemetry.service.START dat=chimera-action:/... xflg=0x4 cmp=com.google.android.gms/.chimera.PersistentApiService }
11-17 09:43:06.570  1173  1415 D SatelliteController: iisInCarrierRoamingNbIotNtn: satellite is disabled
11-17 09:43:16.391  1665  2277 I bbax    : (REDACTED) getHotwordActive::active query: %s, watch: %s, devices connected: %s
11-17 09:43:16.565  1394  1394 D BoundBrokerSvc: onRebind: Intent { act=com.google.android.gms.common.telemetry.service.START dat=chimera-action:/... xflg=0x4 cmp=com.google.android.gms/.chimera.PersistentApiService }
