11-17 23:32:20.038   726   802 W IPCThreadState: Sending oneway calls to frozen process.
11-17 23:32:20.038   726   802 W IPCThreadState: Sending oneway calls to frozen process.
11-17 23:32:20.038   726 16002 V Configuration: Updating configuration, locales updated from [] to [en_US]
11-17 23:32:20.039   726 16002 V Configuration: Updating configuration, locales updated from [] to [en_US]
11-17 23:32:20.039   726 16002 V Configuration: Updating configuration, locales updated from [] to [en_US]
11-17 23:32:20.039   726 16002 D IntervalStats: Unable to parse usage stats packages: [268]
11-17 23:32:20.039   726   802 W IPCThreadState: Sending oneway calls to frozen process.
11-17 23:32:20.039   726   802 W IPCThreadState: Sending oneway calls to frozen process.
11-17 23:32:20.039   726   802 W IPCThreadState: Sending oneway calls to frozen process.
11-17 23:32:20.039   726   802 W IPCThreadState: Sending oneway calls to frozen process.
11-17 23:32:20.039   726   802 W IPCThreadState: Sending oneway calls to frozen process.
11-17 23:32:20.039   726   802 W IPCThreadState: Sending oneway calls to frozen process.
11-17 23:32:20.039   726   802 W IPCThreadState: Sending oneway calls to frozen process.
11-17 23:32:20.039   726   802 W IPCThreadState: Sending oneway calls to frozen process.
11-17 23:32:20.039   726   802 W IPCThreadState: Sending oneway calls to frozen process.
11-17 23:32:20.040   726   802 W IPCThreadState: Sending oneway calls to frozen process.
11-17 23:32:20.040   726   802 W IPCThreadState: Sending oneway calls to frozen process.
11-17 23:32:20.040   726   802 W IPCThreadState: Sending oneway calls to frozen process.
11-17 23:32:20.040   726   802 W IPCThreadState: Sending oneway calls to frozen process.
11-17 23:32:20.040   726   802 W IPCThreadState: Sending oneway calls to frozen process.
11-17 23:32:20.040   726   802 W IPCThreadState: Sending oneway calls to frozen process.
11-17 23:32:20.040   726 16002 D IntervalStats: Unable to parse usage stats packages: [273, 274]
11-17 23:32:20.040   726   802 W IPCThreadState: Sending oneway calls to frozen process.
11-17 23:32:20.040   726   802 W IPCThreadState: Sending oneway calls to frozen process.
11-17 23:32:20.040   726   802 W IPCThreadState: Sending oneway calls to frozen process.
11-17 23:32:20.040   726   802 W IPCThreadState: Sending oneway calls to frozen process.
11-17 23:32:20.040   726   802 W IPCThreadState: Sending oneway calls to frozen process.
11-17 23:32:20.040   726   802 W IPCThreadState: Sending oneway calls to frozen process.
11-17 23:32:20.040   726   802 W IPCThreadState: Sending oneway calls to frozen process.
11-17 23:32:20.040   726   802 W IPCThreadState: Sending oneway calls to frozen process.
11-17 23:32:20.041   726   802 W IPCThreadState: Sending oneway calls to frozen process.
11-17 23:32:20.041   726   802 W IPCThreadState: Sending oneway calls to frozen process.
11-17 23:32:20.041   726   802 W IPCThreadState: Sending oneway calls to frozen process.
11-17 23:32:20.041   726   802 W IPCThreadState: Sending oneway calls to frozen process.
11-17 23:32:20.041   726   802 W IPCThreadState: Sending oneway calls to frozen process.
11-17 23:32:20.041   726   802 W IPCThreadState: Sending oneway calls to frozen process.
11-17 23:32:20.041   726   802 W IPCThreadState: Sending oneway calls to frozen process.
11-17 23:32:20.048   726   962 D BackgroundInstallControlService: Package event received: 0
11-17 23:32:20.053   726 16348 V Configuration: Updating configuration, locales updated from [] to [en_US]
11-17 23:32:20.053   726 16348 D IntervalStats: Unable to parse usage stats packages: [255, 257, 258]
11-17 23:32:20.053   726 16348 V Configuration: Updating configuration, locales updated from [] to [en_US]
11-17 23:32:20.053   726 16348 D IntervalStats: Unable to parse usage stats packages: [257, 258, 259, 260]
11-17 23:32:20.055   726 16348 V Configuration: Updating configuration, locales updated from [] to [en_US]
11-17 23:32:20.056   726 16348 D IntervalStats: Unable to parse usage stats packages: [257, 260]
11-17 23:32:20.057   726 16348 V Configuration: Updating configuration, locales updated from [] to [en_US]
11-17 23:32:20.057   726 16348 V Configuration: Updating configuration, locales updated from [] to [en_US]
11-17 23:32:20.057   726 16348 V Configuration: Updating configuration, locales updated from [] to [en_US]
11-17 23:32:20.057   726 16348 D IntervalStats: Unable to parse usage stats packages: [257, 261, 262, 263, 264]
11-17 23:32:20.058   726 16348 V Configuration: Updating configuration, locales updated from [] to [en_US]
11-17 23:32:20.058   726 16348 D IntervalStats: Unable to parse usage stats packages: [257, 260, 264]
11-17 23:32:20.059   726 16348 V Configuration: Updating configuration, locales updated from [] to [en_US]
11-17 23:32:20.059   726 16348 V Configuration: Updating configuration, locales updated from [] to [en_US]
11-17 23:32:20.059   726 16348 V Configuration: Updating configuration, locales updated from [] to [en_US]
11-17 23:32:20.060   726 16348 D IntervalStats: Unable to parse usage stats packages: [260, 264, 266, 268]
11-17 23:32:20.061   726 16348 V Configuration: Updating configuration, locales updated from [] to [en_US]
11-17 23:32:20.061   726 16348 D IntervalStats: Unable to parse usage stats packages: [264, 268]
11-17 23:32:20.061   726 16348 V Configuration: Updating configuration, locales updated from [] to [en_US]
11-17 23:32:20.062   726 16348 V Configuration: Updating configuration, locales updated from [] to [en_US]
11-17 23:32:20.062   726 16348 V Configuration: Updating configuration, locales updated from [] to [en_US]
11-17 23:32:20.062   726 16348 D IntervalStats: Unable to parse usage stats packages: [268]
11-17 23:32:20.062   726 16348 D IntervalStats: Unable to parse usage stats packages: [273, 274]
11-17 23:32:20.067   726   874 V StorageManagerService: Package com.joaop.matematicadivertida.test does not have legacy storage
11-17 23:32:20.078   726   873 V AccessibilityManagerService: onUserStateChangedLocked for userId: 0, forceUpdate: false
11-17 23:32:20.078   726   873 W MagnificationConnectionManager: requestConnection duplicated request: connect=false, mConnectionState=DISCONNECTED
11-17 23:32:20.080   726   726 W IPCThreadState: Sending oneway calls to frozen process.
11-17 23:32:20.080   726   726 W IPCThreadState: Sending oneway calls to frozen process.
11-17 23:32:20.080   726   726 W IPCThreadState: Sending oneway calls to frozen process.
11-17 23:32:20.080   726   726 W IPCThreadState: Sending oneway calls to frozen process.
11-17 23:32:20.080   726   726 W IPCThreadState: Sending oneway calls to frozen process.
11-17 23:32:20.080   726   726 W IPCThreadState: Sending oneway calls to frozen process.
11-17 23:32:20.081   726   726 W IPCThreadState: Sending oneway calls to frozen process.
11-17 23:32:20.081   726   726 W IPCThreadState: Sending oneway calls to frozen process.
11-17 23:32:20.106   726   899 W WifiService: Couldn't get PackageInfo for package:com.joaop.matematicadivertida.test
11-17 23:32:20.107   726   899 D WifiService: Remove settings for package:com.joaop.matematicadivertida.test
11-17 23:32:20.107   726   899 D WifiConfigManager: Remove all networks for app ApplicationInfo{fdf1fa4 com.joaop.matematicadivertida.test}
11-17 23:32:20.107   726   899 I PasspointManager: No app ops listener found for com.joaop.matematicadivertida.test
11-17 23:32:20.112  1173  1415 I SatelliteAppTracker: onPackageRemoved : com.joaop.matematicadivertida.test
11-17 23:32:20.113  1173  1173 D CarrierSvcBindHelper: onPackageRemoved: com.joaop.matematicadivertida.test
11-17 23:32:20.115  1173  1173 D CarrierSvcBindHelper: No carrier app for: 0
11-17 23:32:20.125  9632  9632 I Finsky  : [2] Memory trim requested to level 40
11-17 23:32:20.125  9632  9632 I Finsky  : [2] Flushing in-memory image cache
11-17 23:32:20.125  2556  2556 I Finsky:background: [2] Memory trim requested to level 40
11-17 23:32:20.133  1173  1173 E SmsApplication: com.google.android.apps.messaging lost android:read_cell_broadcasts:  (fixing)
11-17 23:32:20.133   726  1943 W AppOpService: Ignored setUidMode call for runtime permission app op: uid = 10145, code = READ_CELL_BROADCASTS, mode = allow, callingUid = 1001, oldMode = allow
11-17 23:32:20.148  1604 16353 I gle.android.gms: AssetManager2(0x721b41a2d218) locale list changing from [] to [en-US]
11-17 23:32:20.150  1604 16353 I gle.android.gms: AssetManager2(0x721b41a7dcb8) locale list changing from [] to [en-US]
11-17 23:32:20.152   726  5765 E RoleControllerServiceImpl: Default/fallback role holder package doesn't qualify for the role, package: com.google.android.gms, role: android.app.role.WALLET
11-17 23:32:20.155   726  5529 W AppOpService: Ignored setUidMode call for runtime permission app op: uid = 1001, code = READ_SMS, mode = allow, callingUid = 1001, oldMode = allow
11-17 23:32:20.156   726   959 D ShortcutService: received package broadcast intent: Intent { act=android.intent.action.PACKAGE_REMOVED dat=package: flg=0x4000010 (has extras) }
11-17 23:32:20.156   726   959 D ShortcutService: removing package: com.joaop.matematicadivertida.test userId=0
11-17 23:32:20.157   726  1836 W AppOpService: Ignored setUidMode call for runtime permission app op: uid = 1001, code = RECEIVE_SMS, mode = allow, callingUid = 1001, oldMode = allow
11-17 23:32:20.158   726  1836 W AppOpService: Ignored setUidMode call for runtime permission app op: uid = 1001, code = RECEIVE_WAP_PUSH, mode = allow, callingUid = 1001, oldMode = allow
11-17 23:32:20.161   726  1836 W AppOpService: Ignored setUidMode call for runtime permission app op: uid = 1001, code = SEND_SMS, mode = allow, callingUid = 1001, oldMode = allow
11-17 23:32:20.168   726   870 I system_server: AssetManager2(0x721b41acf6f8) locale list changing from [] to [en-US]
11-17 23:32:20.179   726  5765 I system_server: AssetManager2(0x721b41aa1578) locale list changing from [] to [en-US]
11-17 23:32:20.182   726  1939 W AppOpService: Ignored setUidMode call for runtime permission app op: uid = 1001, code = READ_CELL_BROADCASTS, mode = allow, callingUid = 1001, oldMode = allow
11-17 23:32:20.186   726  5765 W SignedPackage: Cannot get ApplicationInfo for package: com.google.android.devicelockcontroller
11-17 23:32:20.194 15130 15130 D ControlsListingControllerImpl: ServiceConfig reloaded, count: 0
11-17 23:32:20.201  9632  9632 I Finsky  : [2] Memory trim requested to level 40
11-17 23:32:20.201  9632  9632 I Finsky  : [2] Flushing in-memory image cache
11-17 23:32:20.201  2556  2556 I Finsky:background: [2] Memory trim requested to level 40
11-17 23:32:20.202 16352 16352 I VirtualizationService: virtualizationservice::maintenance: Failed to find a Secretkeeper instance; skipping secret management
11-17 23:32:20.202 16352 16352 I AidlLazyServiceRegistrar: Registering service android.system.virtualizationservice
11-17 23:32:20.202 16352 16352 I VirtualizationService: virtualizationservice: Registered Binder service android.system.virtualizationservice.
11-17 23:32:20.201   726   842 I RollbackManager: broadcast=ACTION_PACKAGE_FULLY_REMOVED pkg=com.joaop.matematicadivertida.test
11-17 23:32:20.205   726   899 W WifiService: Couldn't get PackageInfo for package:com.joaop.matematicadivertida.test
11-17 23:32:20.205   726   899 D WifiService: Remove settings for package:com.joaop.matematicadivertida.test
11-17 23:32:20.205   726   870 I system_server: AssetManager2(0x721b41af0d58) locale list changing from [] to [en-US]
11-17 23:32:20.205   726   899 D WifiConfigManager: Remove all networks for app ApplicationInfo{418ed2a com.joaop.matematicadivertida.test}
11-17 23:32:20.205  2556  2556 I Finsky:background: [2] Memory trim requested to level 40
11-17 23:32:20.205  2556  2556 I Finsky:background: [2] Memory trim requested to level 40
11-17 23:32:20.205   726   899 I PasspointManager: No app ops listener found for com.joaop.matematicadivertida.test
11-17 23:32:20.205  9632  9632 I Finsky  : [2] Memory trim requested to level 40
11-17 23:32:20.205  9632  9632 I Finsky  : [2] Flushing in-memory image cache
11-17 23:32:20.206 16352 16352 I AidlLazyServiceRegistrar: Registering service android.system.virtualizationmaintenance
11-17 23:32:20.208 16352 16369 I VirtualizationService: virtualizationservice::aidl: ignoring packageRemoved(user_id=0, app_id=10235)
11-17 23:32:20.209 16352 16352 I VirtualizationService: virtualizationservice: Registered Binder service android.system.virtualizationmaintenance.
11-17 23:32:20.212 16352 16369 I AidlLazyServiceRegistrar: Process has 1 (of 2 available) client(s) in use after notification android.system.virtualizationmaintenance has clients: 1
11-17 23:32:20.212  9632  9632 I Finsky  : [2] agiw - Received: android.intent.action.PACKAGE_REMOVED, [zgFzHjdJw7jLo4ruwmekftQrOpny-g7svpWsU5sxtVI]
11-17 23:32:20.213  2556  2556 I Finsky:background: [2] Memory trim requested to level 40
11-17 23:32:20.214  2556  2556 I Finsky:background: [2] agim - Received: android.intent.action.PACKAGE_REMOVED, [zgFzHjdJw7jLo4ruwmekftQrOpny-g7svpWsU5sxtVI]
11-17 23:32:20.218   726   766 D LauncherAppsService: onPackageRemoved: Skipping - appId not allowed for user=UserHandle{0}, packageName=com.joaop.matematicadivertida
11-17 23:32:20.218   726   766 D LauncherAppsService: onPackageRemoved: triggering onPackageRemoved for user=UserHandle{0}, packageName=com.joaop.matematicadivertida
11-17 23:32:20.218   726   766 D LauncherAppsService: onPackageRemoved: triggering onPackageRemoved for user=UserHandle{0}, packageName=com.joaop.matematicadivertida
11-17 23:32:20.221  1655  1655 I AiAiEcho: AppFetcherImplV2 onPackageRemoved com.joaop.matematicadivertida.
11-17 23:32:20.223  2556  2556 I Finsky:background: [2] Package no longer installed: com.joaop.matematicadivertida
11-17 23:32:20.225   726   962 D BackgroundInstallControlService: Package event received: 0
11-17 23:32:20.232   726   962 D BackgroundInstallControlService: Package event received: 0
11-17 23:32:20.235  2556  2556 I Finsky:background: [2] Package no longer installed: com.joaop.matematicadivertida
11-17 23:32:20.235  2556  2556 I Finsky:background: [2] IQ: onPackageRemoved com.joaop.matematicadivertida, replacing=false, uninstallingFromPlay=false
11-17 23:32:20.238   726   766 D LauncherAppsService: onPackageRemoved: triggering onPackageRemoved for user=UserHandle{0}, packageName=com.joaop.matematicadivertida
11-17 23:32:20.238  1184  1237 D LauncherAppsCallbackImpl: onPackageRemoved triggered for packageName=com.joaop.matematicadivertida, user=UserHandle{0}
11-17 23:32:20.238  1184  1237 D PackageUpdatedTask: Package updated: mOp=REMOVE packages=[com.joaop.matematicadivertida], user=UserHandle{0}
11-17 23:32:20.242  2556 16181 I Finsky:background: [702] IQ: handled package removed
11-17 23:32:20.246  2556  2556 I Finsky:background: [2] agim - Received: android.intent.action.PACKAGE_FULLY_REMOVED, [zgFzHjdJw7jLo4ruwmekftQrOpny-g7svpWsU5sxtVI]
11-17 23:32:20.246  2556  2556 I Finsky:background: [2] Package no longer installed: com.joaop.matematicadivertida
11-17 23:32:20.246   726   726 W Looper  : Slow dispatch took 135ms main app=system_server main=true group=FOREGROUND h=android.app.ActivityThread$H c=android.app.LoadedApk$ReceiverDispatcher$Args$$ExternalSyntheticLambda0@bc5e85 m=0
11-17 23:32:20.247  2556  2556 I Finsky:background: [2] agim - Deduping intent android.intent.action.PACKAGE_FULLY_REMOVED
11-17 23:32:20.248  2556  2638 I Finsky:background: [56] RECEIVER_PACKAGE_MONITOR_BACKGROUND#logWorkEndAndFinishGoAsync: SUCCESS
11-17 23:32:20.248  9632  9632 I Finsky  : [2] Clearing split related stale data.
11-17 23:32:20.257  1184  1237 D PackageUpdatedTask: REMOVE: removing package=com.joaop.matematicadivertida
11-17 23:32:20.258  1184  1237 D PackageUpdatedTask: OP_REMOVE: removing packages=[com.joaop.matematicadivertida]
11-17 23:32:20.258  1184  1237 D ModelWriter: removing items from db . Reason: [removed because the corresponding package or component is removed. mOp=3 removedPackages=[com.joaop.matematicadivertida] removedComponents=[]]
11-17 23:32:20.258  1184  1184 D AllAppsStore: setApps: apps.length=20
11-17 23:32:20.258  1184  1184 D AllAppsStore: notifyUpdate: notifying listeners
11-17 23:32:20.258  1184  1184 D ActivityAllAppsContainerView: onAppsUpdated; number of apps: 20
11-17 23:32:20.258  1184  1184 D ActivityAllAppsContainerView: rebindAdapters: force: false
11-17 23:32:20.258  1184  1184 D ActivityAllAppsContainerView: rebindAdapters: Not needed.
11-17 23:32:20.258  1184  1184 D StatsLog: LAUNCHER_ALLAPPS_COUNT
11-17 23:32:20.259  1184  1184 D AlphabeticalAppsList: Clearing FastScrollerSections.
11-17 23:32:20.259  1184  1184 D AlphabeticalAppsList: Adding apps with sections. HasPrivateApps: false
11-17 23:32:20.259  1184  1184 D AlphabeticalAppsList: addAppsWithSections: adding sectionName: C with appInfoTitle: Calendar
11-17 23:32:20.259  1184  1184 D AlphabeticalAppsList: addAppsWithSections: adding sectionName: D with appInfoTitle: Drive
11-17 23:32:20.259  1184  1184 D AlphabeticalAppsList: addAppsWithSections: adding sectionName: F with appInfoTitle: Files
11-17 23:32:20.259  1184  1184 D AlphabeticalAppsList: addAppsWithSections: adding sectionName: G with appInfoTitle: Gmail
11-17 23:32:20.259  1184  1184 D AlphabeticalAppsList: addAppsWithSections: adding sectionName: M with appInfoTitle: Maps
11-17 23:32:20.259  1184  1184 D AlphabeticalAppsList: addAppsWithSections: adding sectionName: P with appInfoTitle: Phone
11-17 23:32:20.259  1184  1184 D AlphabeticalAppsList: addAppsWithSections: adding sectionName: S with appInfoTitle: Safety
11-17 23:32:20.259  1184  1184 D AlphabeticalAppsList: addAppsWithSections: adding sectionName: T with appInfoTitle: TMoble
11-17 23:32:20.259  1184  1184 D AlphabeticalAppsList: addAppsWithSections: adding sectionName: Y with appInfoTitle: YouTube
11-17 23:32:20.259  1184  1184 D AlphabeticalAppsList: Adding FastScrollSection duplicate to scroll to the bottom.
11-17 23:32:20.259  1184  1184 D AlphabeticalAppsList: Clearing FastScrollerSections.
11-17 23:32:20.259  1184  1184 D AlphabeticalAppsList: Adding apps with sections. HasPrivateApps: false
11-17 23:32:20.259  1184  1184 D AlphabeticalAppsList: addAppsWithSections: adding sectionName: C with appInfoTitle: Calendar
11-17 23:32:20.259  1184  1184 D AlphabeticalAppsList: addAppsWithSections: adding sectionName: D with appInfoTitle: Drive
11-17 23:32:20.259  1184  1184 D AlphabeticalAppsList: addAppsWithSections: adding sectionName: F with appInfoTitle: Files
11-17 23:32:20.259  1184  1184 D AlphabeticalAppsList: addAppsWithSections: adding sectionName: G with appInfoTitle: Gmail
11-17 23:32:20.259  1184  1184 D AlphabeticalAppsList: addAppsWithSections: adding sectionName: M with appInfoTitle: Maps
11-17 23:32:20.259  1184  1184 D AlphabeticalAppsList: addAppsWithSections: adding sectionName: P with appInfoTitle: Phone
11-17 23:32:20.259  1184  1184 D AlphabeticalAppsList: addAppsWithSections: adding sectionName: S with appInfoTitle: Safety
11-17 23:32:20.259  1184  1184 D AlphabeticalAppsList: addAppsWithSections: adding sectionName: T with appInfoTitle: TMoble
11-17 23:32:20.259  1184  1184 D AlphabeticalAppsList: addAppsWithSections: adding sectionName: Y with appInfoTitle: YouTube
11-17 23:32:20.259  1184  1184 D AlphabeticalAppsList: Adding FastScrollSection duplicate to scroll to the bottom.
11-17 23:32:20.276  9632  9670 I Finsky  : [106] AIM: AppInfoManager-Perf > OnDeviceAppInfo > cacheHitCount=0, cacheMissCount=1. Missed  in cache (limit 10) : [com.joaop.matematicadivertida]
11-17 23:32:20.280  2556 16176 I Finsky:background: [699] Frosting DB delete succeeded: true
11-17 23:32:20.281  2556 16176 I Finsky:background: [699] Frosting DB delete succeeded: false
11-17 23:32:20.281  2556 16176 I Finsky:background: [699] Frosting DB delete succeeded: false
11-17 23:32:20.283   726   726 I Telecom : CarModeTracker: Package com.joaop.matematicadivertida.test is not tracked.: SSH.oR@AdI
11-17 23:32:20.285  9632  9670 I Finsky  : [106] AIM: Got app ownership map. App counts: . Unique apps: 0
11-17 23:32:20.285  9632  9670 E Finsky  : [106] [Counters] attempted to use a non-positive increment for: 4752
11-17 23:32:20.295  9632 16182 I Finsky  : [405] Asset module storage cleared for package com.joaop.matematicadivertida.
11-17 23:32:20.295  9632  9632 I Finsky  : [2] Do not start WearSupportService due to Wear service optimization
11-17 23:32:20.300   726   726 I Telecom : InCallController: updateCarModeForConnections: car mode apps: : SSH.oR@AdI
11-17 23:32:20.301   726   726 I Telecom : InCallController: update carmode current:UserHandle{0} parent:null: SSH.oR@AdI
11-17 23:32:20.312  1604 16357 I Blockstore: (REDACTED) [DataStoreImpl] Clearing all the restore credential for %s packages
11-17 23:32:20.315   726   766 I CredentialManager: updateProvidersWhenPackageRemoved
11-17 23:32:20.319  1604 16357 W Blockstore: [DataStoreImpl] Does not contain gms package key space. [CONTEXT service_id=258 ]
11-17 23:32:20.319   726   726 D AppSearchAppsIndexerManagerS: userid in package receiver: 10236
11-17 23:32:20.319  1604 16357 I Blockstore: (REDACTED) [PackageIntentOperation] Deleted restore credential for package %s is successful: %s
11-17 23:32:20.325  1604 16357 I Blockstore: (REDACTED) [DataStoreImpl] Clearing all the Blockstore Data for package %s
11-17 23:32:20.325  1604 16357 I Blockstore: (REDACTED) [DataStoreImpl] Clearing all the Blockstore Data for %s packages
11-17 23:32:20.325  1604 16357 I Blockstore: (REDACTED) [DataStoreImpl] Allow listed package: %s
11-17 23:32:20.325  1604 16357 I Blockstore: (REDACTED) [DataStoreImpl] Allow listed package: %s
11-17 23:32:20.325  1604 16357 I Blockstore: (REDACTED) [DataStoreImpl] Allow listed package: %s
11-17 23:32:20.325  1604 16357 I Blockstore: (REDACTED) [DataStoreImpl] Allow listed package: %s
11-17 23:32:20.325  1604 16357 I Blockstore: (REDACTED) [DataStoreImpl] Allow listed package: %s
11-17 23:32:20.325  1604 16357 I Blockstore: (REDACTED) [DataStoreImpl] Removing Blockstore data for packages %s
11-17 23:32:20.328  1655  2032 I ogle.android.as: AssetManager2(0x721b41a2a018) locale list changing from [] to [en-US]
11-17 23:32:20.332  1394 16361 I ProximityAuth: [RecentAppsMediator] Package removed: (user=UserHandle{0}) com.joaop.matematicadivertida
11-17 23:32:20.335   726   746 I system_server: Background concurrent mark compact GC freed 32MB AllocSpace bytes, 87(3052KB) LOS objects, 37% free, 39MB/63MB, paused 3.550ms,3.111ms total 510.558ms
11-17 23:32:20.335  1655  1845 I AiAiEcho: [pnb-agg] Reload pnb aggregation on events deleted
11-17 23:32:20.338  1655  1845 I AiAiEcho: [pnb-agg] pnb aggregation disabled.
11-17 23:32:20.343   726   726 I ConditionProviders: Disallowing condition provider com.joaop.matematicadivertida.test (userSet: true)
11-17 23:32:20.345   726   726 V ConditionProviders: enabling condition provider for 0: ComponentInfo{com.google.android.apps.wellbeing/com.google.android.apps.wellbeing.azr.impl.AzrConditionProviderService}
11-17 23:32:20.345   726   726 V ConditionProviders: Not registering ComponentInfo{com.google.android.apps.wellbeing/com.google.android.apps.wellbeing.azr.impl.AzrConditionProviderService} is already bound
11-17 23:32:20.345  1655  2032 I ogle.android.as: AssetManager2(0x721b41a57e78) locale list changing from [] to [en-US]
11-17 23:32:20.347  9632 16183 I Finsky  : [406] [ContentSync] finished, scheduled=false
11-17 23:32:20.351  9632  9667 I Finsky  : [103] AIM: AppInfoManager-Perf > ItemModel > CacheSize=0, cacheHitCount=0, cacheMissCount=1, total appsWithNoServerDataCount=0. Missed  in cache (limit 10) : [com.joaop.matematicadivertida]
11-17 23:32:20.351  9632  9667 I Finsky  : [103] AIM: AppInfoManager-Perf > ItemModel > ItemStore Called 1 apps cacheOptions = USE_CACHE
11-17 23:32:20.355  9632  9662 I Finsky  : [98] ItemStore: Not cached: com.joaop.matematicadivertida
11-17 23:32:20.356  9632  9667 I Finsky  : [103] AIM: ItemModel fetch - unauth(1), auth()
11-17 23:32:20.357   726   962 D BackgroundInstallControlService: Package event received: 0
11-17 23:32:20.357   726   962 D BackgroundInstallControlService: Package event received: 0
11-17 23:32:20.364  1604 16375 W RWIPackageIntentOps: Registries cleared for package: com.joaop.matematicadivertida
11-17 23:32:20.385  9632  9632 I Finsky  : [2] agiw - Received: android.intent.action.PACKAGE_FULLY_REMOVED, [zgFzHjdJw7jLo4ruwmekftQrOpny-g7svpWsU5sxtVI]
11-17 23:32:20.385  9632  9632 I Finsky  : [2] agiw - Deduping intent android.intent.action.PACKAGE_FULLY_REMOVED
11-17 23:32:20.386  9632  9632 I Finsky  : [2] Memory trim requested to level 40
11-17 23:32:20.386  9632  9632 I Finsky  : [2] Flushing in-memory image cache
11-17 23:32:20.386  9632  9632 I Finsky  : [2] Memory trim requested to level 40
11-17 23:32:20.386  9632  9632 I Finsky  : [2] Flushing in-memory image cache
11-17 23:32:20.387  9632  9648 I Finsky  : [87] RECEIVER_PACKAGE_MONITOR#logWorkEndAndFinishGoAsync: SUCCESS
11-17 23:32:20.387  1618  1618 W MediaProvider: WorkProfileOwnerApps cache is empty
11-17 23:32:20.387  1618  1618 D PickerSyncLockManager: Trying to acquire lock com.android.providers.media.photopicker.sync.CloseableReentrantLock@ee88373[Unlocked]. Lock Name = CLOUD_PROVIDER_LOCK. Threads that may be waiting to acquire this lock = []
11-17 23:32:20.387  1618  1618 D CloseableReentrantLock: Successfully acquired lock com.android.providers.media.photopicker.sync.CloseableReentrantLock@ee88373[Locked by thread main]. Lock Name = CLOUD_PROVIDER_LOCK. Threads that may be waiting to acquire this lock = []
11-17 23:32:20.387  1618  1618 D CloseableReentrantLock: Successfully released lock com.android.providers.media.photopicker.sync.CloseableReentrantLock@ee88373[Unlocked]. Lock Name = CLOUD_PROVIDER_LOCK. Threads that may be waiting to acquire this lock = []
11-17 23:32:20.391   726  2203 W JobInfo : Job 'com.google.android.providers.media.module/com.android.providers.media.MediaService#-300' has a deadline with no functional constraints. The deadline won't improve job execution latency. Consider removing the deadline.
11-17 23:32:20.393  9632  9650 I Finsky  : [88] SCH: Received scheduling request: Id: 37-85, Constraints: [{ L: 0, D: 0, C: CHARGING_NONE, I: IDLE_NONE, N: NET_NONE, B: BATTERY_ANY }]
11-17 23:32:20.405   726 16348 V Configuration: Updating configuration, locales updated from [] to [en_US]
11-17 23:32:20.405   726 16348 D IntervalStats: Unable to parse usage stats packages: [255, 257, 258]
11-17 23:32:20.405   726 16348 V Configuration: Updating configuration, locales updated from [] to [en_US]
11-17 23:32:20.405   726 16348 D IntervalStats: Unable to parse usage stats packages: [257, 258, 259, 260]
11-17 23:32:20.405   726 16348 V Configuration: Updating configuration, locales updated from [] to [en_US]
11-17 23:32:20.405   726 16348 D IntervalStats: Unable to parse usage stats packages: [257, 260]
11-17 23:32:20.406   726 16348 V Configuration: Updating configuration, locales updated from [] to [en_US]
11-17 23:32:20.406   726 16348 V Configuration: Updating configuration, locales updated from [] to [en_US]
11-17 23:32:20.406   726 16348 V Configuration: Updating configuration, locales updated from [] to [en_US]
11-17 23:32:20.406   726 16348 D IntervalStats: Unable to parse usage stats packages: [257, 261, 262, 263, 264]
11-17 23:32:20.407   726 16348 V Configuration: Updating configuration, locales updated from [] to [en_US]
11-17 23:32:20.407   726 16348 D IntervalStats: Unable to parse usage stats packages: [257, 260, 264]
11-17 23:32:20.408   726 16348 V Configuration: Updating configuration, locales updated from [] to [en_US]
11-17 23:32:20.408   726 16348 V Configuration: Updating configuration, locales updated from [] to [en_US]
11-17 23:32:20.408   726 16348 V Configuration: Updating configuration, locales updated from [] to [en_US]
11-17 23:32:20.408   726 16348 D IntervalStats: Unable to parse usage stats packages: [260, 264, 266, 268]
11-17 23:32:20.409   726 16348 V Configuration: Updating configuration, locales updated from [] to [en_US]
11-17 23:32:20.409   726 16348 D IntervalStats: Unable to parse usage stats packages: [264, 268]
11-17 23:32:20.409   726 16348 V Configuration: Updating configuration, locales updated from [] to [en_US]
11-17 23:32:20.409   726 16348 V Configuration: Updating configuration, locales updated from [] to [en_US]
11-17 23:32:20.409   726 16348 V Configuration: Updating configuration, locales updated from [] to [en_US]
11-17 23:32:20.411   726 16348 D IntervalStats: Unable to parse usage stats packages: [268]
11-17 23:32:20.412   726 16348 D IntervalStats: Unable to parse usage stats packages: [273, 274]
11-17 23:32:20.418  1655  2032 I ogle.android.as: AssetManager2(0x721b41a56578) locale list changing from [] to [en-US]
11-17 23:32:20.420   726  2332 V SafetySourceDataValidat: Package: com.android.vending has expected signature
11-17 23:32:20.420   726  2332 V SafetySourceDataValidat: Package: com.android.vending has expected signature
11-17 23:32:20.425  1604 16376 W SQLiteLog: (28) double-quoted string literal: "com.joaop.matematicadivertida"
11-17 23:32:20.432   726   766 I system_server: AssetManager2(0x721b41acb878) locale list changing from [] to [en-US]
11-17 23:32:20.458  1604 15542 I Icing   : doRemovePackageData com.joaop.matematicadivertida
11-17 23:32:20.461  1604 16376 I Blockstore: (REDACTED) [DataStoreImpl] Clearing all the restore credential for %s packages
11-17 23:32:20.461  1604 16376 W Blockstore: [DataStoreImpl] Does not contain gms package key space. [CONTEXT service_id=258 ]
11-17 23:32:20.461  9632  9632 I Finsky  : [2] agiw - Received: android.intent.action.PACKAGE_REMOVED, [QnDcfBG3PqbS8MrALAUUMwv0L7d8lFjDOWAEiispG5o]
11-17 23:32:20.462  1394 16380 I ProximityAuth: [RecentAppsMediator] Package removed: (user=UserHandle{0}) com.joaop.matematicadivertida.test
11-17 23:32:20.464  1604 16376 I Blockstore: (REDACTED) [PackageIntentOperation] Deleted restore credential for package %s is successful: %s
11-17 23:32:20.466   726   766 I system_server: AssetManager2(0x721b41aa08f8) locale list changing from [] to [en-US]
11-17 23:32:20.467  9632  9632 I Finsky  : [2] Clearing split related stale data.
11-17 23:32:20.468  9632  9632 I Finsky  : [2] Do not start WearSupportService due to Wear service optimization
11-17 23:32:20.468  9632  9669 I Finsky  : [105] AIM: AppInfoManager-Perf > OnDeviceAppInfo > cacheHitCount=0, cacheMissCount=1. Missed  in cache (limit 10) : [com.joaop.matematicadivertida.test]
11-17 23:32:20.469  9632 16182 I Finsky  : [405] Asset module storage cleared for package com.joaop.matematicadivertida.test.
11-17 23:32:20.469  9632  9669 I Finsky  : [105] AIM: Got app ownership map. App counts: . Unique apps: 0
11-17 23:32:20.469  9632  9669 E Finsky  : [105] [Counters] attempted to use a non-positive increment for: 4752
11-17 23:32:20.471  1604 16376 I Blockstore: (REDACTED) [DataStoreImpl] Clearing all the Blockstore Data for package %s
11-17 23:32:20.471  1604 16376 I Blockstore: (REDACTED) [DataStoreImpl] Clearing all the Blockstore Data for %s packages
11-17 23:32:20.471  1604 16376 I Blockstore: (REDACTED) [DataStoreImpl] Allow listed package: %s
11-17 23:32:20.471  1604 16376 I Blockstore: (REDACTED) [DataStoreImpl] Allow listed package: %s
11-17 23:32:20.471  1604 16376 I Blockstore: (REDACTED) [DataStoreImpl] Allow listed package: %s
11-17 23:32:20.472  1604 16376 I Blockstore: (REDACTED) [DataStoreImpl] Allow listed package: %s
11-17 23:32:20.472  1604 16376 I Blockstore: (REDACTED) [DataStoreImpl] Allow listed package: %s
11-17 23:32:20.472  1604 16376 I Blockstore: (REDACTED) [DataStoreImpl] Removing Blockstore data for packages %s
11-17 23:32:20.474  1394 16380 I Fitness : (REDACTED) FitCleanupIntentOperation received Intent %s
11-17 23:32:20.478  9632 16183 I Finsky  : [406] [ContentSync] finished, scheduled=false
11-17 23:32:20.480  1604 16376 W RWIPackageIntentOps: Registries cleared for package: com.joaop.matematicadivertida.test
11-17 23:32:20.481  9632  9632 I Finsky  : [2] agiw - Received: android.intent.action.PACKAGE_FULLY_REMOVED, [QnDcfBG3PqbS8MrALAUUMwv0L7d8lFjDOWAEiispG5o]
11-17 23:32:20.482  9632  9632 I Finsky  : [2] agiw - Deduping intent android.intent.action.PACKAGE_FULLY_REMOVED
11-17 23:32:20.485  9632  9651 I Finsky  : [89] RECEIVER_PACKAGE_MONITOR#logWorkEndAndFinishGoAsync: SUCCESS
11-17 23:32:20.488  2556  2638 I Finsky:background: [56] RECEIVER_ENGAGE_PACKAGE_CHANGED#logWorkEndAndFinishGoAsync: SUCCESS
11-17 23:32:20.491   726   766 I system_server: AssetManager2(0x721b41ac0fb8) locale list changing from [] to [en-US]
11-17 23:32:20.496   726   766 I system_server: AssetManager2(0x721b41ace438) locale list changing from [] to [en-US]
11-17 23:32:20.502  9632  9669 I Finsky  : [105] AIM: AppInfoManager-Perf > ItemModel > CacheSize=0, cacheHitCount=0, cacheMissCount=1, total appsWithNoServerDataCount=0. Missed  in cache (limit 10) : [com.joaop.matematicadivertida.test]
11-17 23:32:20.504  9632  9650 I Finsky  : [88] SCH: Received scheduling request: Id: 37-86, Constraints: [{ L: 0, D: 0, C: CHARGING_NONE, I: IDLE_NONE, N: NET_NONE, B: BATTERY_ANY }]
11-17 23:32:20.509   726 16348 V Configuration: Updating configuration, locales updated from [] to [en_US]
11-17 23:32:20.509   726 16348 D IntervalStats: Unable to parse usage stats packages: [255, 257, 258]
11-17 23:32:20.510   726 16348 V Configuration: Updating configuration, locales updated from [] to [en_US]
11-17 23:32:20.510   726 16348 D IntervalStats: Unable to parse usage stats packages: [257, 258, 259, 260]
11-17 23:32:20.511   726 16348 V Configuration: Updating configuration, locales updated from [] to [en_US]
11-17 23:32:20.511   726 16348 D IntervalStats: Unable to parse usage stats packages: [257, 260]
11-17 23:32:20.511   726 16348 V Configuration: Updating configuration, locales updated from [] to [en_US]
11-17 23:32:20.511   726 16348 V Configuration: Updating configuration, locales updated from [] to [en_US]
11-17 23:32:20.511   726 16348 V Configuration: Updating configuration, locales updated from [] to [en_US]
11-17 23:32:20.511   726 16348 D IntervalStats: Unable to parse usage stats packages: [257, 261, 262, 263, 264]
11-17 23:32:20.512   726 16348 V Configuration: Updating configuration, locales updated from [] to [en_US]
11-17 23:32:20.512   726 16348 D IntervalStats: Unable to parse usage stats packages: [257, 260, 264]
11-17 23:32:20.513   726 16348 V Configuration: Updating configuration, locales updated from [] to [en_US]
11-17 23:32:20.513   726 16348 V Configuration: Updating configuration, locales updated from [] to [en_US]
11-17 23:32:20.513   726 16348 V Configuration: Updating configuration, locales updated from [] to [en_US]
11-17 23:32:20.513   726 16348 D IntervalStats: Unable to parse usage stats packages: [260, 264, 266, 268]
11-17 23:32:20.513   726 16348 V Configuration: Updating configuration, locales updated from [] to [en_US]
11-17 23:32:20.513   726 16348 D IntervalStats: Unable to parse usage stats packages: [264, 268]
11-17 23:32:20.514   726 16348 V Configuration: Updating configuration, locales updated from [] to [en_US]
11-17 23:32:20.514   726 16348 V Configuration: Updating configuration, locales updated from [] to [en_US]
11-17 23:32:20.514   726 16348 V Configuration: Updating configuration, locales updated from [] to [en_US]
11-17 23:32:20.514   726 16348 D IntervalStats: Unable to parse usage stats packages: [268]
11-17 23:32:20.515   726 16348 D IntervalStats: Unable to parse usage stats packages: [273, 274]
11-17 23:32:20.517  9632  9669 I Finsky  : [105] AIM: AppInfoManager-Perf > ItemModel > ItemStore Called 1 apps cacheOptions = USE_CACHE
11-17 23:32:20.532  9632  9669 I Finsky  : [105] AIM: ItemModel fetch - unauth(1), auth()
11-17 23:32:20.533  9632  9669 I Finsky  : [105] ItemStore: Not cached: com.joaop.matematicadivertida.test
11-17 23:32:20.533   726  5676 V SafetySourceDataValidat: Package: com.android.vending has expected signature
11-17 23:32:20.534   726  5676 V SafetySourceDataValidat: Package: com.android.vending has expected signature
11-17 23:32:20.538  1604 16353 W SQLiteLog: (28) double-quoted string literal: "com.joaop.matematicadivertida.test"
11-17 23:32:20.539  1394 16360 I Fitness : (REDACTED) FitCleanupIntentOperation received Intent %s
11-17 23:32:20.540  1618  2030 I MediaProvider: Begin Intent { act=android.intent.action.PACKAGE_FULLY_REMOVED dat=package: flg=0x5000010 cmp=com.google.android.providers.media.module/com.android.providers.media.MediaService (has extras) }
11-17 23:32:20.541  1618  2030 D MediaProvider: Deleted 0 Android/media items belonging to com.joaop.matematicadivertida on /data/user/0/com.google.android.providers.media.module/databases/external.db
11-17 23:32:20.552  1604  9080 I Icing   : IndexChimeraService.getServiceInterface callingPackage=com.google.android.gms componentName=AppsCorpus serviceId=36
11-17 23:32:20.552  1618  2030 I FuseDaemon: Successfully deleted rows in leveldb for owner_id:  and ownerPackageIdentifier: com.joaop.matematicadivertida::0
11-17 23:32:20.553  1618  2030 D MediaGrants: Removed 0 media_grants for 0 user for [com.joaop.matematicadivertida]. Reason: Package orphaned
11-17 23:32:20.553  1618  1618 W MediaProvider: WorkProfileOwnerApps cache is empty
11-17 23:32:20.553  1618  1618 D PickerSyncLockManager: Trying to acquire lock com.android.providers.media.photopicker.sync.CloseableReentrantLock@ee88373[Unlocked]. Lock Name = CLOUD_PROVIDER_LOCK. Threads that may be waiting to acquire this lock = []
11-17 23:32:20.553  1618  1618 D CloseableReentrantLock: Successfully acquired lock com.android.providers.media.photopicker.sync.CloseableReentrantLock@ee88373[Locked by thread main]. Lock Name = CLOUD_PROVIDER_LOCK. Threads that may be waiting to acquire this lock = []
11-17 23:32:20.553  1618  1618 D CloseableReentrantLock: Successfully released lock com.android.providers.media.photopicker.sync.CloseableReentrantLock@ee88373[Unlocked]. Lock Name = CLOUD_PROVIDER_LOCK. Threads that may be waiting to acquire this lock = []
11-17 23:32:20.557   726  2332 W JobInfo : Job 'com.google.android.providers.media.module/com.android.providers.media.MediaService#-300' has a deadline with no functional constraints. The deadline won't improve job execution latency. Consider removing the deadline.
11-17 23:32:20.560  1655  2032 I ogle.android.as: AssetManager2(0x721b41a51758) locale list changing from [] to [en-US]
11-17 23:32:20.564  1604 15542 I Icing   : doRemovePackageData com.joaop.matematicadivertida.test
11-17 23:32:20.566  1618  2030 I MediaProvider: End Intent { act=android.intent.action.PACKAGE_FULLY_REMOVED dat=package: flg=0x5000010 cmp=com.google.android.providers.media.module/com.android.providers.media.MediaService (has extras) }
11-17 23:32:20.567  1604  1604 D BoundBrokerSvc: onBind: Intent { act=com.google.android.gms.feedback.internal.IFeedbackService dat=chimera-action:/... xflg=0x4 cmp=com.google.android.gms/.chimera.GmsBoundBrokerService }
11-17 23:32:20.567  1604  1604 D BoundBrokerSvc: Loading bound service for intent: Intent { act=com.google.android.gms.feedback.internal.IFeedbackService dat=chimera-action:/... xflg=0x4 cmp=com.google.android.gms/.chimera.GmsBoundBrokerService }
11-17 23:32:20.567  1655  2032 I ogle.android.as: AssetManager2(0x721b41a50df8) locale list changing from [] to [en-US]
11-17 23:32:20.571  2556  2556 I Finsky:background: [2] agim - Received: android.intent.action.PACKAGE_REMOVED, [QnDcfBG3PqbS8MrALAUUMwv0L7d8lFjDOWAEiispG5o]
11-17 23:32:20.572  2556  2556 I Finsky:background: [2] Package no longer installed: com.joaop.matematicadivertida.test
11-17 23:32:20.572  1618  2030 I MediaProvider: Begin Intent { act=android.intent.action.PACKAGE_FULLY_REMOVED dat=package: flg=0x5000010 cmp=com.google.android.providers.media.module/com.android.providers.media.MediaService (has extras) }
11-17 23:32:20.573  1618  2030 D MediaProvider: Deleted 0 Android/media items belonging to com.joaop.matematicadivertida.test on /data/user/0/com.google.android.providers.media.module/databases/external.db
11-17 23:32:20.573   726   766 D LauncherAppsService: onPackageRemoved: Skipping - appId not allowed for user=UserHandle{0}, packageName=com.joaop.matematicadivertida.test
11-17 23:32:20.573   726   766 D LauncherAppsService: onPackageRemoved: triggering onPackageRemoved for user=UserHandle{0}, packageName=com.joaop.matematicadivertida.test
11-17 23:32:20.573  1618  2030 I FuseDaemon: Successfully deleted rows in leveldb for owner_id:  and ownerPackageIdentifier: com.joaop.matematicadivertida.test::0
11-17 23:32:20.574  2556  2556 I Finsky:background: [2] Package no longer installed: com.joaop.matematicadivertida.test
11-17 23:32:20.574  2556  2556 I Finsky:background: [2] IQ: onPackageRemoved com.joaop.matematicadivertida.test, replacing=false, uninstallingFromPlay=false
11-17 23:32:20.575  2556  2556 I Finsky:background: [2] agim - Received: android.intent.action.PACKAGE_FULLY_REMOVED, [QnDcfBG3PqbS8MrALAUUMwv0L7d8lFjDOWAEiispG5o]
11-17 23:32:20.580   726   766 D LauncherAppsService: onPackageRemoved: triggering onPackageRemoved for user=UserHandle{0}, packageName=com.joaop.matematicadivertida.test
11-17 23:32:20.583  2556 16181 I Finsky:background: [702] IQ: handled package removed
11-17 23:32:20.583  2556  2556 I Finsky:background: [2] Package no longer installed: com.joaop.matematicadivertida.test
11-17 23:32:20.583  2556  2556 I Finsky:background: [2] agim - Deduping intent android.intent.action.PACKAGE_FULLY_REMOVED
11-17 23:32:20.585   726  1647 D SafetySourceDataValidat: No cert check requested for package com.google.android.permissioncontroller
11-17 23:32:20.585  1655  1655 I AiAiEcho: AppFetcherImplV2 onPackageRemoved com.joaop.matematicadivertida.test.
11-17 23:32:20.586  2556  2620 I Finsky:background: [50] RECEIVER_PACKAGE_MONITOR_BACKGROUND#logWorkEndAndFinishGoAsync: SUCCESS
11-17 23:32:20.587   726   766 D LauncherAppsService: onPackageRemoved: triggering onPackageRemoved for user=UserHandle{0}, packageName=com.joaop.matematicadivertida.test
11-17 23:32:20.588  1184  1237 D LauncherAppsCallbackImpl: onPackageRemoved triggered for packageName=com.joaop.matematicadivertida.test, user=UserHandle{0}
11-17 23:32:20.588  1184  1237 D PackageUpdatedTask: Package updated: mOp=REMOVE packages=[com.joaop.matematicadivertida.test], user=UserHandle{0}
11-17 23:32:20.589  1184  1237 D PackageUpdatedTask: REMOVE: removing package=com.joaop.matematicadivertida.test
11-17 23:32:20.589  1184  1237 D PackageUpdatedTask: OP_REMOVE: removing packages=[com.joaop.matematicadivertida.test]
11-17 23:32:20.589  1184  1237 D ModelWriter: removing items from db . Reason: [removed because the corresponding package or component is removed. mOp=3 removedPackages=[com.joaop.matematicadivertida.test] removedComponents=[]]
11-17 23:32:20.595   726   767 D ActivityManager: sync unfroze 1969 android.process.media for 3
11-17 23:32:20.599  1655  2032 I ogle.android.as: AssetManager2(0x721b41a972f8) locale list changing from [] to [en-US]
11-17 23:32:20.599  1969  1969 D ActivityThread: Package [com.joaop.matematicadivertida] reported as REPLACED, but missing application info. Assuming REMOVED.
11-17 23:32:20.600  1969  1969 D ActivityThread: Package [com.joaop.matematicadivertida] reported as REPLACED, but missing application info. Assuming REMOVED.
11-17 23:32:20.601  1655  2032 I ogle.android.as: AssetManager2(0x721b41a60e38) locale list changing from [] to [en-US]
11-17 23:32:20.616  1604 15542 I Icing   : Usage reports ok 0, Failed Usage reports 0, indexed 0, rejected 0
11-17 23:32:20.617  2556 16176 I Finsky:background: [699] Frosting DB delete succeeded: true
11-17 23:32:20.617  2556 16176 I Finsky:background: [699] Frosting DB delete succeeded: false
11-17 23:32:20.617  2556 16176 I Finsky:background: [699] Frosting DB delete succeeded: false
11-17 23:32:20.620  1655  2032 I ogle.android.as: AssetManager2(0x721b41aa9bd8) locale list changing from [] to [en-US]
11-17 23:32:20.620  9632  9661 I Finsky  : [97] WM::SCH: Logging work initialize for 37-85
11-17 23:32:20.630  1618  2030 D MediaGrants: Removed 0 media_grants for 0 user for [com.joaop.matematicadivertida.test]. Reason: Package orphaned
11-17 23:32:20.631   726   962 D BackgroundInstallControlService: Package event received: 0
11-17 23:32:20.631   726   962 D BackgroundInstallControlService: Package event received: 0
11-17 23:32:20.631   726   962 D BackgroundInstallControlService: Package event received: 0
11-17 23:32:20.631   726   962 D BackgroundInstallControlService: Package event received: 0
11-17 23:32:20.635   726  1938 W ParceledListSlice: Element #26 is 19764 bytes.
11-17 23:32:20.635   726  1938 W ParceledListSlice: Element #27 is 19800 bytes.
11-17 23:32:20.635   726  1938 W ParceledListSlice: Overly large reply size: 83900
11-17 23:32:20.637  1618  2030 I MediaProvider: End Intent { act=android.intent.action.PACKAGE_FULLY_REMOVED dat=package: flg=0x5000010 cmp=com.google.android.providers.media.module/com.android.providers.media.MediaService (has extras) }
11-17 23:32:20.638   726  2203 W ParceledListSlice: Element #28 is 19940 bytes.
11-17 23:32:20.638   726  2203 W ParceledListSlice: Element #29 is 20028 bytes.
11-17 23:32:20.638   726  2203 W ParceledListSlice: Element #30 is 19664 bytes.
11-17 23:32:20.639   726   962 D BackgroundInstallControlService: Package event received: 0
11-17 23:32:20.645  9632  9657 I Finsky  : [93] WM::SCH: Logging work initialize for 37-86
11-17 23:32:20.646  9632  9662 I Finsky  : [98] SCH: Scheduling phonesky job Id: 37-85, CT: 1763422340393, Constraints: [{ L: 0, D: 0, C: CHARGING_NONE, I: IDLE_NONE, N: NET_NONE, B: BATTERY_ANY }, { L: 0, D: 0, C: CHARGING_NONE, I: IDLE_NONE, N: NET_NONE, B: BATTERY_ANY }]
11-17 23:32:20.653  1655  2032 I ogle.android.as: AssetManager2(0x721b41adf0f8) locale list changing from [] to [en-US]
11-17 23:32:20.653  1792  1792 D PersistedStoragePackageUninstalledReceiver: Received android.intent.action.PACKAGE_FULLY_REMOVED for com.joaop.matematicadivertida for u0
11-17 23:32:20.658  9632  9670 I Finsky  : [106] SCH: Scheduling 1 system job(s)
11-17 23:32:20.659  9632  9670 I Finsky  : [106] SCH: Scheduling expedited system job 9945
11-17 23:32:20.660  1655  2032 I ogle.android.as: AssetManager2(0x721b41a956d8) locale list changing from [] to [en-US]
11-17 23:32:20.669  1969  1988 W d.process.media: Reducing the number of considered missed Gc histogram windows from 1971 to 100
11-17 23:32:20.674  1604  9197 I Icing   : IndexChimeraService.getServiceInterface callingPackage=com.google.android.gms componentName=null serviceId=30
11-17 23:32:20.675  1655  2032 I ogle.android.as: AssetManager2(0x721b41a62738) locale list changing from [] to [en-US]
11-17 23:32:20.685   726   962 D BackgroundInstallControlService: Package event received: 0
11-17 23:32:20.690  1655  2032 I ogle.android.as: AssetManager2(0x721b41a5f858) locale list changing from [] to [en-US]
11-17 23:32:20.690   726  1647 D SafetySourceDataValidat: No cert check requested for package com.google.android.permissioncontroller
11-17 23:32:20.698   726   962 D BackgroundInstallControlService: Package event received: 0
11-17 23:32:20.699 16352 16369 I VirtualizationService: virtualizationservice::aidl: ignoring packageRemoved(user_id=0, app_id=10236)
11-17 23:32:20.703  2556  2620 I Finsky:background: [50] RECEIVER_ENGAGE_PACKAGE_CHANGED#logWorkEndAndFinishGoAsync: SUCCESS
11-17 23:32:20.704  1655  2032 I ogle.android.as: AssetManager2(0x721b41aa1bb8) locale list changing from [] to [en-US]
11-17 23:32:20.709  1655  1845 I AiAiEcho: [pnb-agg] Reload pnb aggregation on events deleted
11-17 23:32:20.709  1655  1845 I AiAiEcho: [pnb-agg] pnb aggregation disabled.
11-17 23:32:20.722  1604 15542 I Icing   : Usage reports ok 0, Failed Usage reports 0, indexed 0, rejected 0
11-17 23:32:20.729  9632  9667 I Finsky  : [103] SCH: Scheduling phonesky job Id: 37-86, CT: 1763422340504, Constraints: [{ L: 0, D: 0, C: CHARGING_NONE, I: IDLE_NONE, N: NET_NONE, B: BATTERY_ANY }, { L: 0, D: 0, C: CHARGING_NONE, I: IDLE_NONE, N: NET_NONE, B: BATTERY_ANY }]
11-17 23:32:20.730  1655  2032 I ogle.android.as: AssetManager2(0x721b41aa3af8) locale list changing from [] to [en-US]
11-17 23:32:20.731  9632  9632 I Finsky  : [2] SCH: job service start with id 9945.
11-17 23:32:20.733  1792  1792 D PersistedStoragePackageUninstalledReceiver: Received android.intent.action.PACKAGE_FULLY_REMOVED for com.joaop.matematicadivertida.test for u0
11-17 23:32:20.733  1655  2032 I ogle.android.as: AssetManager2(0x721b41a64678) locale list changing from [] to [en-US]
11-17 23:32:20.738  9632  9662 I Finsky  : [98] SCH: Scheduling 0 system job(s)
11-17 23:32:20.745  9632 16183 I Finsky  : [406] SCH: Satisfied jobs for 9945 are: 37-85, 37-86
11-17 23:32:20.745  9632 16254 I Finsky  : [416] SCH: Job 37-85 starting
11-17 23:32:20.745  9632 16254 I Finsky  : [416] SCH: Job 37-86 starting
11-17 23:32:20.747  9632  9632 I Finsky  : [2] WM::SCH: Logging work start for 37-85
11-17 23:32:20.748  9632  9632 I Finsky  : [2] Received an install/uninstall event for package com.joaop.matematicadivertida
11-17 23:32:20.749  9632  9632 I Finsky  : [2] SCH: jobFinished: 37-85. TimeElapsed: 3ms.
11-17 23:32:20.749  9632  9632 I Finsky  : [2] WM::SCH: Logging work end for 37-85
11-17 23:32:20.751  1665  1665 I faht    : (REDACTED) O received %s
11-17 23:32:20.752  9632  9667 I Finsky  : [103] Not an active Cubes user. Ignoring package install/uninstall event.
11-17 23:32:20.753  1665  1665 I faht    : (REDACTED) O received %s
11-17 23:32:20.756  9632  9632 I Finsky  : [2] WM::SCH: Logging work start for 37-86
