11-17 23:32:20.756  9632  9632 I Finsky  : [2] Received an install/uninstall event for package com.joaop.matematicadivertida.test
11-17 23:32:20.756  9632  9632 I Finsky  : [2] SCH: jobFinished: 37-86. TimeElapsed: 0ms.
11-17 23:32:20.756  9632  9632 I Finsky  : [2] WM::SCH: Logging work end for 37-86
11-17 23:32:20.760  9632  9662 I Finsky  : [98] Not an active Cubes user. Ignoring package install/uninstall event.
11-17 23:32:20.769  1604 15542 I Icing   : Indexing com.google.android.gms-apps from com.google.android.gms
11-17 23:32:20.770   562   562 W adbd    : timeout expired while reading data after flushing socket, closing
11-17 23:32:20.772  1655  2032 I ogle.android.as: AssetManager2(0x721b41a58af8) locale list changing from [] to [en-US]
11-17 23:32:20.791  1604 15542 I Icing   : Indexing done com.google.android.gms-apps
11-17 23:32:20.794  9632  9670 I Finsky  : [106] SCH: Scheduling phonesky job Id: 26-1414141414, CT: 1763380822566, Constraints: [{ L: 43199999, D: 44099999, C: CHARGING_NONE, I: IDLE_NONE, N: NET_NONE, B: BATTERY_ANY }]
11-17 23:32:20.797  9632  9669 E Finsky  : [105] ItemStore: getItems RPC failed for item com.joaop.matematicadivertida
11-17 23:32:20.799  9632  9662 I Finsky  : [98] SCH: Scheduling 1 system job(s)
11-17 23:32:20.799  9632  9662 W JobInfo : Job 'com.android.vending/com.google.android.finsky.scheduler.process.mainimpl.PhoneskyJobServiceMain#9950' has a deadline with no functional constraints. The deadline won't improve job execution latency. Consider removing the deadline.
11-17 23:32:20.799  9632  9662 I Finsky  : [98] SCH: Scheduling system job Id: 9950, L: 1681766, D: 2581766, C: false, I: false, N: 0
11-17 23:32:20.800   726  2332 W JobInfo : Job 'com.android.vending/com.google.android.finsky.scheduler.process.mainimpl.PhoneskyJobServiceMain#9950' has a deadline with no functional constraints. The deadline won't improve job execution latency. Consider removing the deadline.
11-17 23:32:20.802   726  1836 D ActivityManager: sync unfroze 13092 com.google.android.googlequicksearchbox:search for 6
11-17 23:32:20.806   726   962 D BackgroundInstallControlService: Package event received: 0
11-17 23:32:20.813  9632 16254 I Finsky  : [416] SCH: job service finished with id 9945.
11-17 23:32:20.836  2556  2556 I Finsky:background: [2] Memory trim requested to level 40
11-17 23:32:20.837  9632  9632 I Finsky  : [2] Memory trim requested to level 40
11-17 23:32:20.837  9632  9632 I Finsky  : [2] Flushing in-memory image cache
11-17 23:32:20.849  1655  2032 I ogle.android.as: AssetManager2(0x721b41ae0098) locale list changing from [] to [en-US]
11-17 23:32:20.854 13092 13128 W achh    : Abort, client detached.
11-17 23:32:20.854  1655  2032 I ogle.android.as: AssetManager2(0x721b41aa53f8) locale list changing from [] to [en-US]
11-17 23:32:20.877   726  6865 E AppOps  : attributionTag VCN not declared in manifest of android
11-17 23:32:20.888  1655  2032 I ogle.android.as: AssetManager2(0x721b41aa2b58) locale list changing from [] to [en-US]
11-17 23:32:20.889  1655  2032 I AiAiEcho: EchoSearch: WidgetFetcherImpl is initialized with [34] widgets [reason=package removed for userId: 0]
11-17 23:32:20.901   726  1836 W ParceledListSlice: Element #26 is 19764 bytes.
11-17 23:32:20.901   726  1836 W ParceledListSlice: Element #27 is 19800 bytes.
11-17 23:32:20.901   726  1836 W ParceledListSlice: Overly large reply size: 83900
11-17 23:32:20.902   726   855 I RoleService: Granting default roles...
11-17 23:32:20.902   726  1836 W ParceledListSlice: Element #28 is 19940 bytes.
11-17 23:32:20.902   726  1836 W ParceledListSlice: Element #29 is 20028 bytes.
11-17 23:32:20.902   726  1836 W ParceledListSlice: Element #30 is 19664 bytes.
11-17 23:32:20.905  1655  2032 I AiAiEcho: EchoSearch: WidgetFetcherImpl is initialized with [34] widgets [reason=package removed for userId: 0]
11-17 23:32:20.908   726  5765 W SignedPackage: Package doesn't have required signing certificate: com.google.android.retaildemo
11-17 23:32:20.909   726  5765 E RoleControllerServiceImpl: Default/fallback role holder package doesn't qualify for the role, package: com.google.android.gms.supervision, role: android.app.role.SYSTEM_SUPERVISION
11-17 23:32:20.911   726  5765 W SignedPackage: Package doesn't have required signing certificate: com.google.android.apps.work.clouddpc
11-17 23:32:20.922   726  5765 I Role    : com.google.android.gms not qualified for android.app.role.SYSTEM_DEPENDENCY_INSTALLER due to missing RequiredComponent{mIntentFilterData=IntentFilterData{mAction='android.content.pm.action.INSTALL_DEPENDENCY', mCategories='[]', mDataScheme='null', mDataType='null'}, mMinTargetSdkVersion=1, mFlags='0', mPermission='android.permission.BIND_DEPENDENCY_INSTALLER', mQueryFlags=0, mMetaData=[]}
11-17 23:32:20.922   726  5765 E RoleControllerServiceImpl: Default/fallback role holder package doesn't qualify for the role, package: com.google.android.gms, role: android.app.role.SYSTEM_DEPENDENCY_INSTALLER
11-17 23:32:20.924  9632  9670 E Finsky  : [106] ItemStore: getItems RPC failed for item com.joaop.matematicadivertida.test
11-17 23:32:20.949   726  5765 E RoleControllerServiceImpl: Default/fallback role holder package doesn't qualify for the role, package: com.google.android.gms, role: android.app.role.WALLET
11-17 23:32:20.952   726  5765 W SignedPackage: Cannot get ApplicationInfo for package: com.google.android.devicelockcontroller
11-17 23:32:20.995  1520  2325 I .apps.wellbeing: AssetManager2(0x721b41a2bc38) locale list changing from [] to [en-US]
11-17 23:32:20.997  1520  2325 I .apps.wellbeing: AssetManager2(0x721b41a2b5f8) locale list changing from [] to [en-US]
11-17 23:32:21.001  1520  2325 I .apps.wellbeing: AssetManager2(0x721b41a3a698) locale list changing from [] to [en-US]
11-17 23:32:21.002  1520  2325 I .apps.wellbeing: AssetManager2(0x721b41a3faf8) locale list changing from [] to [en-US]
11-17 23:32:21.008  1520  2325 I .apps.wellbeing: AssetManager2(0x721b41a39d38) locale list changing from [] to [en-US]
11-17 23:32:21.010 15130 15130 D TileServices: Couldn't find tile for ComponentInfo{com.google.android.apps.wellbeing/com.google.android.apps.wellbeing.focusmode.quicksettings.FocusModeTileService}(0)
11-17 23:32:21.011  1520  2325 I .apps.wellbeing: AssetManager2(0x721b41a25e78) locale list changing from [] to [en-US]
11-17 23:32:21.020  1520  2325 I .apps.wellbeing: AssetManager2(0x721b41a471b8) locale list changing from [] to [en-US]
11-17 23:32:21.032  1520  2325 I .apps.wellbeing: AssetManager2(0x721b41a41718) locale list changing from [] to [en-US]
11-17 23:32:21.039  1520  2325 I .apps.wellbeing: AssetManager2(0x721b41a313b8) locale list changing from [] to [en-US]
11-17 23:32:21.050  1520  2325 I .apps.wellbeing: AssetManager2(0x721b41a3b318) locale list changing from [] to [en-US]
11-17 23:32:21.054 15130 15130 D TileServices: Couldn't find tile for ComponentInfo{com.google.android.apps.wellbeing/com.google.android.apps.wellbeing.focusmode.quicksettings.FocusModeTileService}(0)
11-17 23:32:21.061  1520  2325 I .apps.wellbeing: AssetManager2(0x721b41a2d218) locale list changing from [] to [en-US]
11-17 23:32:21.063  1520  2325 I .apps.wellbeing: AssetManager2(0x721b41a43fb8) locale list changing from [] to [en-US]
11-17 23:32:21.068  1520  2325 I .apps.wellbeing: AssetManager2(0x721b41a40138) locale list changing from [] to [en-US]
11-17 23:32:21.071  1520  2325 I .apps.wellbeing: AssetManager2(0x721b41a361d8) locale list changing from [] to [en-US]
11-17 23:32:21.075  1520  2325 I .apps.wellbeing: AssetManager2(0x721b41a21cd8) locale list changing from [] to [en-US]
11-17 23:32:21.089  1520  2325 I .apps.wellbeing: AssetManager2(0x721b41a2a978) locale list changing from [] to [en-US]
11-17 23:32:21.109  1520  2325 I .apps.wellbeing: AssetManager2(0x721b41a28718) locale list changing from [] to [en-US]
11-17 23:32:21.118  1520  2325 I .apps.wellbeing: AssetManager2(0x721b41a410d8) locale list changing from [] to [en-US]
11-17 23:32:21.121  1520  2325 I .apps.wellbeing: AssetManager2(0x721b41a30738) locale list changing from [] to [en-US]
11-17 23:32:21.124  1520  2325 I .apps.wellbeing: AssetManager2(0x721b41a3b958) locale list changing from [] to [en-US]
11-17 23:32:21.126  1520  2325 I .apps.wellbeing: AssetManager2(0x721b41a3acd8) locale list changing from [] to [en-US]
11-17 23:32:21.129  1520  2325 I .apps.wellbeing: AssetManager2(0x721b41a477f8) locale list changing from [] to [en-US]
11-17 23:32:21.134  1520  2325 I .apps.wellbeing: AssetManager2(0x721b41a2e4d8) locale list changing from [] to [en-US]
11-17 23:32:21.360  1173  1415 D SatelliteController: iisInCarrierRoamingNbIotNtn: satellite is disabled
11-17 23:32:21.371  1520  2325 I .apps.wellbeing: AssetManager2(0x721b41a2d858) locale list changing from [] to [en-US]
11-17 23:32:21.374  1520  2325 I .apps.wellbeing: AssetManager2(0x721b41a48798) locale list changing from [] to [en-US]
11-17 23:32:21.375  1520  2325 I .apps.wellbeing: AssetManager2(0x721b41a2afb8) locale list changing from [] to [en-US]
11-17 23:32:21.378  1520  2325 I .apps.wellbeing: AssetManager2(0x721b41a2c8b8) locale list changing from [] to [en-US]
11-17 23:32:21.381  1520  2325 I .apps.wellbeing: AssetManager2(0x721b41a21378) locale list changing from [] to [en-US]
11-17 23:32:21.383  1520  2325 I .apps.wellbeing: AssetManager2(0x721b41a40778) locale list changing from [] to [en-US]
11-17 23:32:21.385  1520  2325 I .apps.wellbeing: AssetManager2(0x721b41a37178) locale list changing from [] to [en-US]
11-17 23:32:21.386  1520  2325 I .apps.wellbeing: AssetManager2(0x721b41a2f798) locale list changing from [] to [en-US]
11-17 23:32:21.391  1520  2325 I .apps.wellbeing: AssetManager2(0x721b41a296b8) locale list changing from [] to [en-US]
11-17 23:32:21.394  1520  2325 I .apps.wellbeing: AssetManager2(0x721b41a299d8) locale list changing from [] to [en-US]
11-17 23:32:21.402  1520  2325 I .apps.wellbeing: AssetManager2(0x721b41a40458) locale list changing from [] to [en-US]
11-17 23:32:21.405  1520  2325 I .apps.wellbeing: AssetManager2(0x721b41a251f8) locale list changing from [] to [en-US]
11-17 23:32:21.407  1520  2325 I .apps.wellbeing: AssetManager2(0x721b41a3b638) locale list changing from [] to [en-US]
11-17 23:32:21.429  1520  2325 I .apps.wellbeing: AssetManager2(0x721b41a3bc78) locale list changing from [] to [en-US]
11-17 23:32:21.433  1520  2325 I .apps.wellbeing: AssetManager2(0x721b41a37498) locale list changing from [] to [en-US]
11-17 23:32:21.469  1520  2325 I .apps.wellbeing: AssetManager2(0x721b41a34298) locale list changing from [] to [en-US]
11-17 23:32:21.479  1520  2325 I .apps.wellbeing: AssetManager2(0x721b41a41a38) locale list changing from [] to [en-US]
11-17 23:32:21.481  1520  2325 I .apps.wellbeing: AssetManager2(0x721b41a38438) locale list changing from [] to [en-US]
11-17 23:32:21.485  1520  2325 I .apps.wellbeing: AssetManager2(0x721b41a32038) locale list changing from [] to [en-US]
11-17 23:32:21.498  1520  2325 I .apps.wellbeing: AssetManager2(0x721b41a33938) locale list changing from [] to [en-US]
11-17 23:32:21.503  1520  2325 I .apps.wellbeing: AssetManager2(0x721b41a3a378) locale list changing from [] to [en-US]
11-17 23:32:21.513  1520  2325 I .apps.wellbeing: AssetManager2(0x721b41a3f198) locale list changing from [] to [en-US]
11-17 23:32:21.515  1520  2325 I .apps.wellbeing: AssetManager2(0x721b41a38a78) locale list changing from [] to [en-US]
11-17 23:32:21.519  1520  2325 I .apps.wellbeing: AssetManager2(0x721b41a46b78) locale list changing from [] to [en-US]
11-17 23:32:21.530  1520  2325 I .apps.wellbeing: AssetManager2(0x721b41a25b58) locale list changing from [] to [en-US]
11-17 23:32:21.538  1520  2325 I .apps.wellbeing: AssetManager2(0x721b41a33618) locale list changing from [] to [en-US]
11-17 23:32:21.544  1520  2325 I .apps.wellbeing: AssetManager2(0x721b41a22638) locale list changing from [] to [en-US]
11-17 23:32:21.546  1520  2325 I .apps.wellbeing: AssetManager2(0x721b41a319f8) locale list changing from [] to [en-US]
11-17 23:32:21.548  1520  2325 I .apps.wellbeing: AssetManager2(0x721b41a26e18) locale list changing from [] to [en-US]
11-17 23:32:21.551  1520  2325 I .apps.wellbeing: AssetManager2(0x721b41a33f78) locale list changing from [] to [en-US]
11-17 23:32:21.552  1520  2325 I .apps.wellbeing: AssetManager2(0x721b41a1c558) locale list changing from [] to [en-US]
11-17 23:32:21.560  1520  2325 I .apps.wellbeing: AssetManager2(0x721b41a4ad18) locale list changing from [] to [en-US]
11-17 23:32:21.566  1520  2325 I .apps.wellbeing: AssetManager2(0x721b41a2f478) locale list changing from [] to [en-US]
11-17 23:32:21.571  1520  2325 I .apps.wellbeing: AssetManager2(0x721b41a36b38) locale list changing from [] to [en-US]
11-17 23:32:21.575  1520  2325 I .apps.wellbeing: AssetManager2(0x721b41a40a98) locale list changing from [] to [en-US]
11-17 23:32:21.576  1520  2325 I .apps.wellbeing: AssetManager2(0x721b41a37ad8) locale list changing from [] to [en-US]
11-17 23:32:21.579  1520  2325 I .apps.wellbeing: AssetManager2(0x721b41a30a58) locale list changing from [] to [en-US]
11-17 23:32:21.589  1520  2325 I .apps.wellbeing: AssetManager2(0x721b41a32fd8) locale list changing from [] to [en-US]
11-17 23:32:21.638  1520  2325 I .apps.wellbeing: AssetManager2(0x721b41a45bd8) locale list changing from [] to [en-US]
11-17 23:32:21.648  1520  2325 I .apps.wellbeing: AssetManager2(0x721b41a4cf78) locale list changing from [] to [en-US]
11-17 23:32:21.649  1520  2325 I .apps.wellbeing: AssetManager2(0x721b41a43978) locale list changing from [] to [en-US]
11-17 23:32:21.653  1520  2325 I .apps.wellbeing: AssetManager2(0x721b41a30418) locale list changing from [] to [en-US]
11-17 23:32:21.654  1520  2325 I .apps.wellbeing: AssetManager2(0x721b41a267d8) locale list changing from [] to [en-US]
11-17 23:32:21.659  1520  2325 I .apps.wellbeing: AssetManager2(0x721b41a31098) locale list changing from [] to [en-US]
11-17 23:32:21.661  1520  2325 I .apps.wellbeing: AssetManager2(0x721b41a4c618) locale list changing from [] to [en-US]
11-17 23:32:21.664  1520  2325 I .apps.wellbeing: AssetManager2(0x721b41a32cb8) locale list changing from [] to [en-US]
11-17 23:32:21.670  1520  2325 I .apps.wellbeing: AssetManager2(0x721b41a45598) locale list changing from [] to [en-US]
11-17 23:32:21.671  1520  2325 I .apps.wellbeing: AssetManager2(0x721b41a24898) locale list changing from [] to [en-US]
11-17 23:32:21.673  1520  2325 I .apps.wellbeing: AssetManager2(0x721b41a232b8) locale list changing from [] to [en-US]
11-17 23:32:21.675  1520  2325 I .apps.wellbeing: AssetManager2(0x721b41a44f58) locale list changing from [] to [en-US]
11-17 23:32:21.688  1520  2325 I .apps.wellbeing: AssetManager2(0x721b41a3e838) locale list changing from [] to [en-US]
11-17 23:32:21.691  1520  2325 I .apps.wellbeing: AssetManager2(0x721b41a45ef8) locale list changing from [] to [en-US]
11-17 23:32:21.697  1520  2325 I .apps.wellbeing: AssetManager2(0x721b41a4bcb8) locale list changing from [] to [en-US]
11-17 23:32:21.700  1520  2325 I .apps.wellbeing: AssetManager2(0x721b41a3f4b8) locale list changing from [] to [en-US]
11-17 23:32:21.706  1520  2325 I .apps.wellbeing: AssetManager2(0x721b41a37df8) locale list changing from [] to [en-US]
11-17 23:32:21.709  1520  2325 I .apps.wellbeing: AssetManager2(0x721b41a3f7d8) locale list changing from [] to [en-US]
11-17 23:32:21.714  1520  2325 I .apps.wellbeing: AssetManager2(0x721b41a2cef8) locale list changing from [] to [en-US]
11-17 23:32:21.715  1520  2325 I .apps.wellbeing: AssetManager2(0x721b41a28a38) locale list changing from [] to [en-US]
11-17 23:32:21.716  1520  2325 I .apps.wellbeing: AssetManager2(0x721b41a490f8) locale list changing from [] to [en-US]
11-17 23:32:21.719  1520  2325 I .apps.wellbeing: AssetManager2(0x721b41a21058) locale list changing from [] to [en-US]
11-17 23:32:21.722  1520  2325 I .apps.wellbeing: AssetManager2(0x721b41a43658) locale list changing from [] to [en-US]
11-17 23:32:21.725  1520  2325 I .apps.wellbeing: AssetManager2(0x721b41a32678) locale list changing from [] to [en-US]
11-17 23:32:21.728  1520  2325 I .apps.wellbeing: AssetManager2(0x721b41a39a18) locale list changing from [] to [en-US]
11-17 23:32:21.733  1520  2325 I .apps.wellbeing: AssetManager2(0x721b41a4eeb8) locale list changing from [] to [en-US]
11-17 23:32:21.738  1520  2325 I .apps.wellbeing: AssetManager2(0x721b41a43c98) locale list changing from [] to [en-US]
11-17 23:32:21.741  1520  2325 I .apps.wellbeing: AssetManager2(0x721b41a3a9b8) locale list changing from [] to [en-US]
11-17 23:32:21.751  1520  2325 I .apps.wellbeing: AssetManager2(0x721b41a3aff8) locale list changing from [] to [en-US]
11-17 23:32:21.756  1520  2325 I .apps.wellbeing: AssetManager2(0x721b41a3dbb8) locale list changing from [] to [en-US]
11-17 23:32:21.757  1520  2325 I .apps.wellbeing: AssetManager2(0x721b41a49d78) locale list changing from [] to [en-US]
11-17 23:32:21.759  1520  2325 I .apps.wellbeing: AssetManager2(0x721b41a4c2f8) locale list changing from [] to [en-US]
11-17 23:32:21.767  1520  2325 I .apps.wellbeing: AssetManager2(0x721b41a30d78) locale list changing from [] to [en-US]
11-17 23:32:21.771  1520  2325 I .apps.wellbeing: AssetManager2(0x721b41a4b678) locale list changing from [] to [en-US]
11-17 23:32:21.776  1520  2325 I .apps.wellbeing: AssetManager2(0x721b41a29398) locale list changing from [] to [en-US]
11-17 23:32:21.780  1520  2325 I .apps.wellbeing: AssetManager2(0x721b41a28d58) locale list changing from [] to [en-US]
11-17 23:32:21.789  1520  2325 I .apps.wellbeing: AssetManager2(0x721b41a4a6d8) locale list changing from [] to [en-US]
11-17 23:32:21.790  1520  2325 I .apps.wellbeing: AssetManager2(0x721b41a29cf8) locale list changing from [] to [en-US]
11-17 23:32:21.795  1520  2325 I .apps.wellbeing: AssetManager2(0x721b41a4b998) locale list changing from [] to [en-US]
11-17 23:32:21.797  1520  2325 I .apps.wellbeing: AssetManager2(0x721b41a38758) locale list changing from [] to [en-US]
11-17 23:32:21.800  1520  2325 I .apps.wellbeing: AssetManager2(0x721b41a3d898) locale list changing from [] to [en-US]
11-17 23:32:21.805  1520  2325 I .apps.wellbeing: AssetManager2(0x721b41a27a98) locale list changing from [] to [en-US]
11-17 23:32:21.809  1520  2325 I .apps.wellbeing: AssetManager2(0x721b41a22f98) locale list changing from [] to [en-US]
11-17 23:32:21.812  1520  2325 I .apps.wellbeing: AssetManager2(0x721b41a3ee78) locale list changing from [] to [en-US]
11-17 23:32:21.821  1520  2325 I .apps.wellbeing: AssetManager2(0x721b41a24578) locale list changing from [] to [en-US]
11-17 23:32:21.829  1520  2325 I .apps.wellbeing: AssetManager2(0x721b41a332f8) locale list changing from [] to [en-US]
11-17 23:32:21.834  1520  2325 I .apps.wellbeing: AssetManager2(0x721b41a4b358) locale list changing from [] to [en-US]
11-17 23:32:21.843  1520  2325 I .apps.wellbeing: AssetManager2(0x721b41a22958) locale list changing from [] to [en-US]
11-17 23:32:21.846  1520  2325 I .apps.wellbeing: AssetManager2(0x721b41a46538) locale list changing from [] to [en-US]
11-17 23:32:21.849  1520  2325 I .apps.wellbeing: AssetManager2(0x721b41a2fab8) locale list changing from [] to [en-US]
11-17 23:32:21.851  1520  2325 I .apps.wellbeing: AssetManager2(0x721b41a38d98) locale list changing from [] to [en-US]
11-17 23:32:21.856  1520  2325 I .apps.wellbeing: AssetManager2(0x721b41a445f8) locale list changing from [] to [en-US]
11-17 23:32:21.859  1520  2325 I .apps.wellbeing: AssetManager2(0x721b41a316d8) locale list changing from [] to [en-US]
11-17 23:32:21.860  1520  2325 I .apps.wellbeing: AssetManager2(0x721b41a36e58) locale list changing from [] to [en-US]
11-17 23:32:21.862  1520  2325 I .apps.wellbeing: AssetManager2(0x721b41a3a058) locale list changing from [] to [en-US]
11-17 23:32:21.863  1520  2325 I .apps.wellbeing: AssetManager2(0x721b41a2cbd8) locale list changing from [] to [en-US]
11-17 23:32:21.864  1520  2325 I .apps.wellbeing: AssetManager2(0x721b41a27db8) locale list changing from [] to [en-US]
11-17 23:32:21.866  1520  2325 I .apps.wellbeing: AssetManager2(0x721b41a2b918) locale list changing from [] to [en-US]
11-17 23:32:21.879  1520  2325 I .apps.wellbeing: AssetManager2(0x721b41a41d58) locale list changing from [] to [en-US]
11-17 23:32:21.920  1520  2325 I .apps.wellbeing: AssetManager2(0x721b41a345b8) locale list changing from [] to [en-US]
11-17 23:32:21.927  1520  2325 I .apps.wellbeing: AssetManager2(0x721b41a3e1f8) locale list changing from [] to [en-US]
11-17 23:32:21.938  1520  2325 I .apps.wellbeing: AssetManager2(0x721b41a46218) locale list changing from [] to [en-US]
11-17 23:32:21.947  1520  2325 I .apps.wellbeing: AssetManager2(0x721b41a2ee38) locale list changing from [] to [en-US]
11-17 23:32:21.952  1520  2325 I .apps.wellbeing: AssetManager2(0x721b41a35558) locale list changing from [] to [en-US]
11-17 23:32:21.959  1520  2325 I .apps.wellbeing: AssetManager2(0x721b41a29078) locale list changing from [] to [en-US]
11-17 23:32:25.740   726   905 D InetDiagMessage: Destroyed 0 sockets, proto=IPPROTO_TCP, family=AF_INET, states=14
11-17 23:32:25.740   726   905 D InetDiagMessage: Destroyed 0 sockets, proto=IPPROTO_TCP, family=AF_INET6, states=14
11-17 23:32:25.740   726   905 D InetDiagMessage: Destroyed live tcp sockets for uids={10150} in 1ms
11-17 23:32:25.740   726   905 D InetDiagMessage: Destroyed 0 sockets, proto=IPPROTO_TCP, family=AF_INET, states=14
11-17 23:32:25.741   726   905 D InetDiagMessage: Destroyed 0 sockets, proto=IPPROTO_TCP, family=AF_INET6, states=14
11-17 23:32:25.741   726   905 D InetDiagMessage: Destroyed live tcp sockets for uids={20150} in 1ms
11-17 23:32:27.551   726   962 D BackgroundInstallControlService: Package event received: 0
11-17 23:32:27.551   726   962 D BackgroundInstallControlService: Package event received: 0
11-17 23:32:27.551   726   962 D BackgroundInstallControlService: Package event received: 0
11-17 23:32:29.918   726   999 W FileUtils: Failed to chmod(AtomicFile[/data/system_de/0/system/game-manager-service.xml]): android.system.ErrnoException: chmod failed: ENOENT (No such file or directory)
11-17 23:32:30.609   272 16332 I keystore2: system/security/keystore2/watchdog/src/lib.rs:377 - Watchdog thread idle -> terminating. Have a great day.
11-17 23:32:30.684   726   853 D ActivityManager: freezing 1969 android.process.media
11-17 23:32:30.685   726   905 D InetDiagMessage: Destroyed 0 sockets, proto=IPPROTO_TCP, family=AF_INET, states=14
11-17 23:32:30.685   726   905 D InetDiagMessage: Destroyed 0 sockets, proto=IPPROTO_TCP, family=AF_INET6, states=14
11-17 23:32:30.685   726   905 D InetDiagMessage: Destroyed live tcp sockets for uids={10101} in 1ms
11-17 23:32:30.735   726   853 D ActivityManager: freezing 28418 com.android.chrome
11-17 23:32:30.736   726   905 D InetDiagMessage: Destroyed 0 sockets, proto=IPPROTO_TCP, family=AF_INET, states=14
11-17 23:32:30.737   726   905 D InetDiagMessage: Destroyed 0 sockets, proto=IPPROTO_TCP, family=AF_INET6, states=14
11-17 23:32:30.737   726   905 D InetDiagMessage: Destroyed live tcp sockets for uids={10150} in 1ms
11-17 23:32:30.773   726   853 D ActivityManager: freezing 1792 com.google.android.permissioncontroller
11-17 23:32:30.774   726   905 D InetDiagMessage: Destroyed 0 sockets, proto=IPPROTO_TCP, family=AF_INET, states=14
11-17 23:32:30.775   726   905 D InetDiagMessage: Destroyed 0 sockets, proto=IPPROTO_TCP, family=AF_INET6, states=14
11-17 23:32:30.775   726   905 D InetDiagMessage: Destroyed live tcp sockets for uids={10203} in 1ms
11-17 23:32:30.814   726   853 D ActivityManager: freezing 22060 com.google.android.documentsui
11-17 23:32:30.815   726   905 D InetDiagMessage: Destroyed 0 sockets, proto=IPPROTO_TCP, family=AF_INET, states=14
11-17 23:32:30.815   726   905 D InetDiagMessage: Destroyed 0 sockets, proto=IPPROTO_TCP, family=AF_INET6, states=14
11-17 23:32:30.815   726   905 D InetDiagMessage: Destroyed live tcp sockets for uids={10104} in 1ms
11-17 23:32:30.837   726   853 D ActivityManager: freezing 9632 com.android.vending
11-17 23:32:30.838   726   853 D ActivityManager: freezing 2556 com.android.vending:background
11-17 23:32:30.988   726   905 D InetDiagMessage: Destroyed 0 sockets, proto=IPPROTO_TCP, family=AF_INET, states=14
11-17 23:32:30.989   726   905 D InetDiagMessage: Destroyed 4 sockets, proto=IPPROTO_TCP, family=AF_INET6, states=14
11-17 23:32:30.989   726   905 D InetDiagMessage: Destroyed live tcp sockets for uids={10146} in 2ms
11-17 23:32:31.035   726   853 D ActivityManager: freezing 13092 com.google.android.googlequicksearchbox:search
11-17 23:32:31.360  1173  1415 D SatelliteController: iisInCarrierRoamingNbIotNtn: satellite is disabled
11-17 23:32:32.490  1665  2105 I bbax    : (REDACTED) getHotwordActive::active query: %s, watch: %s, devices connected: %s
11-17 23:32:35.675  1604  1604 D BoundBrokerSvc: onUnbind: Intent { act=com.google.android.gms.feedback.internal.IFeedbackService dat=chimera-action:/... xflg=0x4 cmp=com.google.android.gms/.chimera.GmsBoundBrokerService }
11-17 23:32:37.415   726   899 D WifiConfigStore: Writing to stores completed in 11 ms.
11-17 23:32:37.956  1394  1394 D BoundBrokerSvc: onRebind: Intent { act=com.google.android.gms.common.telemetry.service.START dat=chimera-action:/... xflg=0x4 cmp=com.google.android.gms/.chimera.PersistentApiService }
11-17 23:32:37.962   726  2203 W AppOps  : Noting op not finished: uid 10148 pkg com.google.android.gms code 79 startTime of in progress event=1763332258654
11-17 23:32:37.967   726  2203 W AppOps  : Noting op not finished: uid 10148 pkg com.google.android.gms code 113 startTime of in progress event=1763332258657
11-17 23:32:37.987  1394  1981 I ActivityScheduler: nextTriggerTime: 139317176, in 238099ms, detectorType: 39, FULL_TYPE alarmWindowMillis: 80000
11-17 23:32:38.963   726  6865 W AppOps  : Noting op not finished: uid 10148 pkg com.google.android.gms code 113 startTime of in progress event=1763332258657
11-17 23:32:40.733   726   905 D InetDiagMessage: Destroyed 0 sockets, proto=IPPROTO_TCP, family=AF_INET, states=14
11-17 23:32:40.734   726   905 D InetDiagMessage: Destroyed 0 sockets, proto=IPPROTO_TCP, family=AF_INET6, states=14
11-17 23:32:40.735   726   905 D InetDiagMessage: Destroyed live tcp sockets for uids={10192} in 2ms
11-17 23:32:40.735   726   905 D InetDiagMessage: Destroyed 0 sockets, proto=IPPROTO_TCP, family=AF_INET, states=14
11-17 23:32:40.735   726   905 D InetDiagMessage: Destroyed 0 sockets, proto=IPPROTO_TCP, family=AF_INET6, states=14
11-17 23:32:40.735   726   905 D InetDiagMessage: Destroyed live tcp sockets for uids={20192} in 1ms
11-17 23:32:41.361  1173  1415 D SatelliteController: iisInCarrierRoamingNbIotNtn: satellite is disabled
11-17 23:32:42.967  1394  1394 D BoundBrokerSvc: onUnbind: Intent { act=com.google.android.gms.common.telemetry.service.START dat=chimera-action:/... xflg=0x4 cmp=com.google.android.gms/.chimera.PersistentApiService }
11-17 23:32:45.728   726   853 D ActivityManager: freezing 1604 com.google.android.gms
11-17 23:32:45.730   726   853 D ActivityManager: freezing 2101 com.google.android.adservices.api
11-17 23:32:45.730   726   853 D ActivityManager: freezing 6093 com.google.android.webview:sandboxed_process0:org.chromium.content.app.SandboxedProcessService0:0
11-17 23:32:45.994   726   905 D InetDiagMessage: Destroyed 0 sockets, proto=IPPROTO_TCP, family=AF_INET, states=14
11-17 23:32:45.994   726   905 D InetDiagMessage: Destroyed 0 sockets, proto=IPPROTO_TCP, family=AF_INET6, states=14
11-17 23:32:45.994   726   905 D InetDiagMessage: Destroyed live tcp sockets for uids={10192} in 1ms
11-17 23:32:46.025   726   905 D InetDiagMessage: Destroyed 0 sockets, proto=IPPROTO_TCP, family=AF_INET, states=14
11-17 23:32:46.026   726   905 D InetDiagMessage: Destroyed 0 sockets, proto=IPPROTO_TCP, family=AF_INET6, states=14
11-17 23:32:46.026   726   905 D InetDiagMessage: Destroyed live tcp sockets for uids={99001} in 1ms
11-17 23:32:51.360  1173  1415 D SatelliteController: iisInCarrierRoamingNbIotNtn: satellite is disabled
11-17 23:33:00.158   726   853 D ActivityManager: freezing 1883 com.android.keychain
11-17 23:33:00.159   726   853 D ActivityManager: freezing 3074 com.android.dynsystem:dynsystem
11-17 23:33:00.160   726   853 D ActivityManager: freezing 3040 com.android.dynsystem
11-17 23:33:00.160   726   853 D ActivityManager: freezing 1919 com.android.localtransport
11-17 23:33:01.361  1173  1415 D SatelliteController: iisInCarrierRoamingNbIotNtn: satellite is disabled
11-17 23:33:11.361  1173  1415 D SatelliteController: iisInCarrierRoamingNbIotNtn: satellite is disabled
