11-17 23:31:58.595 16138 16138 W service : Thread Pool max thread count is 0. Cannot cache binder as linkToDeath cannot be implemented. serviceName: media.camera.proxy
11-17 23:31:58.596 16138 16138 W service : Thread Pool max thread count is 0. Cannot cache binder as linkToDeath cannot be implemented. serviceName: media.extractor
11-17 23:31:58.596 16138 16138 W service : Thread Pool max thread count is 0. Cannot cache binder as linkToDeath cannot be implemented. serviceName: media.metrics
11-17 23:31:58.596 16138 16138 W service : Thread Pool max thread count is 0. Cannot cache binder as linkToDeath cannot be implemented. serviceName: media.player
11-17 23:31:58.597 16138 16138 W service : Thread Pool max thread count is 0. Cannot cache binder as linkToDeath cannot be implemented. serviceName: media.resource_manager
11-17 23:31:58.598 16138 16138 W service : Thread Pool max thread count is 0. Cannot cache binder as linkToDeath cannot be implemented. serviceName: media.resource_observer
11-17 23:31:58.598 16138 16138 W service : Thread Pool max thread count is 0. Cannot cache binder as linkToDeath cannot be implemented. serviceName: media_communication
11-17 23:31:58.599 16138 16138 W service : Thread Pool max thread count is 0. Cannot cache binder as linkToDeath cannot be implemented. serviceName: media_metrics
11-17 23:31:58.600 16138 16138 W service : Thread Pool max thread count is 0. Cannot cache binder as linkToDeath cannot be implemented. serviceName: media_projection
11-17 23:31:58.601 16138 16138 W service : Thread Pool max thread count is 0. Cannot cache binder as linkToDeath cannot be implemented. serviceName: media_resource_monitor
11-17 23:31:58.601 16138 16138 W service : Thread Pool max thread count is 0. Cannot cache binder as linkToDeath cannot be implemented. serviceName: media_router
11-17 23:31:58.602 16138 16138 W service : Thread Pool max thread count is 0. Cannot cache binder as linkToDeath cannot be implemented. serviceName: media_session
11-17 23:31:58.603 16138 16138 W service : Thread Pool max thread count is 0. Cannot cache binder as linkToDeath cannot be implemented. serviceName: meminfo
11-17 23:31:58.604 16138 16138 E Parcel  : Reading a NULL string not supported here.
11-17 23:31:58.604 16138 16138 W service : Thread Pool max thread count is 0. Cannot cache binder as linkToDeath cannot be implemented. serviceName: memtrack.proxy
11-17 23:31:58.605 16138 16138 W service : Thread Pool max thread count is 0. Cannot cache binder as linkToDeath cannot be implemented. serviceName: midi
11-17 23:31:58.606 16138 16138 W service : Thread Pool max thread count is 0. Cannot cache binder as linkToDeath cannot be implemented. serviceName: mount
11-17 23:31:58.607 16138 16138 W service : Thread Pool max thread count is 0. Cannot cache binder as linkToDeath cannot be implemented. serviceName: music_recognition
11-17 23:31:58.608 16138 16138 W service : Thread Pool max thread count is 0. Cannot cache binder as linkToDeath cannot be implemented. serviceName: nearby
11-17 23:31:58.610 16138 16138 W service : Thread Pool max thread count is 0. Cannot cache binder as linkToDeath cannot be implemented. serviceName: netd_listener
11-17 23:31:58.611 16138 16138 W service : Thread Pool max thread count is 0. Cannot cache binder as linkToDeath cannot be implemented. serviceName: netpolicy
11-17 23:31:58.611 16138 16138 W service : Thread Pool max thread count is 0. Cannot cache binder as linkToDeath cannot be implemented. serviceName: netstats
11-17 23:31:58.612 16138 16138 W service : Thread Pool max thread count is 0. Cannot cache binder as linkToDeath cannot be implemented. serviceName: network_management
11-17 23:31:58.613 16138 16138 W service : Thread Pool max thread count is 0. Cannot cache binder as linkToDeath cannot be implemented. serviceName: network_score
11-17 23:31:58.614 16138 16138 W service : Thread Pool max thread count is 0. Cannot cache binder as linkToDeath cannot be implemented. serviceName: network_stack
11-17 23:31:58.615 16138 16138 W service : Thread Pool max thread count is 0. Cannot cache binder as linkToDeath cannot be implemented. serviceName: network_time_update_service
11-17 23:31:58.616 16138 16138 E Parcel  : Reading a NULL string not supported here.
11-17 23:31:58.616 16138 16138 W service : Thread Pool max thread count is 0. Cannot cache binder as linkToDeath cannot be implemented. serviceName: network_watchlist
11-17 23:31:58.617 16138 16138 W service : Thread Pool max thread count is 0. Cannot cache binder as linkToDeath cannot be implemented. serviceName: notification
11-17 23:31:58.618 16138 16138 W service : Thread Pool max thread count is 0. Cannot cache binder as linkToDeath cannot be implemented. serviceName: on_device_intelligence
11-17 23:31:58.618 16138 16138 W service : Thread Pool max thread count is 0. Cannot cache binder as linkToDeath cannot be implemented. serviceName: ondevicepersonalization_system_service
11-17 23:31:58.619 16138 16138 E IPCThreadState: Binder transaction failure. id: 12313314, BR_*: 29201, error: -1 (Operation not permitted)
11-17 23:31:58.619 16138 16138 W service : Thread Pool max thread count is 0. Cannot cache binder as linkToDeath cannot be implemented. serviceName: otadexopt
11-17 23:31:58.620 16138 16138 W service : Thread Pool max thread count is 0. Cannot cache binder as linkToDeath cannot be implemented. serviceName: overlay
11-17 23:31:58.621 16138 16138 W service : Thread Pool max thread count is 0. Cannot cache binder as linkToDeath cannot be implemented. serviceName: pac_proxy
11-17 23:31:58.621 16138 16138 W service : Thread Pool max thread count is 0. Cannot cache binder as linkToDeath cannot be implemented. serviceName: package
11-17 23:31:58.622 16138 16138 W service : Thread Pool max thread count is 0. Cannot cache binder as linkToDeath cannot be implemented. serviceName: package_native
11-17 23:31:58.623 16138 16138 W service : Thread Pool max thread count is 0. Cannot cache binder as linkToDeath cannot be implemented. serviceName: people
11-17 23:31:58.624 16138 16138 W service : Thread Pool max thread count is 0. Cannot cache binder as linkToDeath cannot be implemented. serviceName: performance_hint
11-17 23:31:58.624 16138 16138 W service : Thread Pool max thread count is 0. Cannot cache binder as linkToDeath cannot be implemented. serviceName: permission
11-17 23:31:58.625 16138 16138 W service : Thread Pool max thread count is 0. Cannot cache binder as linkToDeath cannot be implemented. serviceName: permission_checker
11-17 23:31:58.626 16138 16138 W service : Thread Pool max thread count is 0. Cannot cache binder as linkToDeath cannot be implemented. serviceName: permissionmgr
11-17 23:31:58.627 16138 16138 W service : Thread Pool max thread count is 0. Cannot cache binder as linkToDeath cannot be implemented. serviceName: phone
11-17 23:31:58.628 16138 16138 W service : Thread Pool max thread count is 0. Cannot cache binder as linkToDeath cannot be implemented. serviceName: pinner
11-17 23:31:58.629 16138 16138 W service : Thread Pool max thread count is 0. Cannot cache binder as linkToDeath cannot be implemented. serviceName: platform_compat
11-17 23:31:58.630 16138 16138 W service : Thread Pool max thread count is 0. Cannot cache binder as linkToDeath cannot be implemented. serviceName: platform_compat_native
11-17 23:31:58.631 16138 16138 W service : Thread Pool max thread count is 0. Cannot cache binder as linkToDeath cannot be implemented. serviceName: power
11-17 23:31:58.631 16138 16138 W service : Thread Pool max thread count is 0. Cannot cache binder as linkToDeath cannot be implemented. serviceName: powerstats
11-17 23:31:58.632 16138 16138 W service : Thread Pool max thread count is 0. Cannot cache binder as linkToDeath cannot be implemented. serviceName: print
11-17 23:31:58.633 16138 16138 W service : Thread Pool max thread count is 0. Cannot cache binder as linkToDeath cannot be implemented. serviceName: processinfo
11-17 23:31:58.633 16138 16138 W service : Thread Pool max thread count is 0. Cannot cache binder as linkToDeath cannot be implemented. serviceName: procstats
11-17 23:31:58.634 16138 16138 W service : Thread Pool max thread count is 0. Cannot cache binder as linkToDeath cannot be implemented. serviceName: profiling_service
11-17 23:31:58.635 16138 16138 W service : Thread Pool max thread count is 0. Cannot cache binder as linkToDeath cannot be implemented. serviceName: ranging
11-17 23:31:58.636 16138 16138 W service : Thread Pool max thread count is 0. Cannot cache binder as linkToDeath cannot be implemented. serviceName: reboot_readiness
11-17 23:31:58.638 16138 16138 W service : Thread Pool max thread count is 0. Cannot cache binder as linkToDeath cannot be implemented. serviceName: recovery
11-17 23:31:58.639 16138 16138 W service : Thread Pool max thread count is 0. Cannot cache binder as linkToDeath cannot be implemented. serviceName: remote_provisioning
11-17 23:31:58.640 16138 16138 W service : Thread Pool max thread count is 0. Cannot cache binder as linkToDeath cannot be implemented. serviceName: resources
11-17 23:31:58.640 16138 16138 W service : Thread Pool max thread count is 0. Cannot cache binder as linkToDeath cannot be implemented. serviceName: restrictions
11-17 23:31:58.641 16138 16138 W service : Thread Pool max thread count is 0. Cannot cache binder as linkToDeath cannot be implemented. serviceName: role
11-17 23:31:58.642 16138 16138 W service : Thread Pool max thread count is 0. Cannot cache binder as linkToDeath cannot be implemented. serviceName: rollback
11-17 23:31:58.643 16138 16138 W service : Thread Pool max thread count is 0. Cannot cache binder as linkToDeath cannot be implemented. serviceName: runtime
11-17 23:31:58.644 16138 16138 E Parcel  : Reading a NULL string not supported here.
11-17 23:31:58.644 16138 16138 W service : Thread Pool max thread count is 0. Cannot cache binder as linkToDeath cannot be implemented. serviceName: safety_center
11-17 23:31:58.645 16138 16138 W service : Thread Pool max thread count is 0. Cannot cache binder as linkToDeath cannot be implemented. serviceName: scheduling_policy
11-17 23:31:58.647 16138 16138 W service : Thread Pool max thread count is 0. Cannot cache binder as linkToDeath cannot be implemented. serviceName: sdk_sandbox
11-17 23:31:58.647 16138 16138 W service : Thread Pool max thread count is 0. Cannot cache binder as linkToDeath cannot be implemented. serviceName: search
11-17 23:31:58.649 16138 16138 W service : Thread Pool max thread count is 0. Cannot cache binder as linkToDeath cannot be implemented. serviceName: search_ui
11-17 23:31:58.650 16138 16138 W service : Thread Pool max thread count is 0. Cannot cache binder as linkToDeath cannot be implemented. serviceName: sec_key_att_app_id_provider
11-17 23:31:58.650 16138 16138 W service : Thread Pool max thread count is 0. Cannot cache binder as linkToDeath cannot be implemented. serviceName: secure_element
11-17 23:31:58.651 16138 16138 W service : Thread Pool max thread count is 0. Cannot cache binder as linkToDeath cannot be implemented. serviceName: security_state
11-17 23:31:58.651 16138 16138 W service : Thread Pool max thread count is 0. Cannot cache binder as linkToDeath cannot be implemented. serviceName: sensitive_content_protection_service
11-17 23:31:58.652 16138 16138 W service : Thread Pool max thread count is 0. Cannot cache binder as linkToDeath cannot be implemented. serviceName: sensor_privacy
11-17 23:31:58.653 16138 16138 W service : Thread Pool max thread count is 0. Cannot cache binder as linkToDeath cannot be implemented. serviceName: sensorservice
11-17 23:31:58.654 16138 16138 W service : Thread Pool max thread count is 0. Cannot cache binder as linkToDeath cannot be implemented. serviceName: serial
11-17 23:31:58.655 16138 16138 W service : Thread Pool max thread count is 0. Cannot cache binder as linkToDeath cannot be implemented. serviceName: servicediscovery
11-17 23:31:58.656 16138 16138 W service : Thread Pool max thread count is 0. Cannot cache binder as linkToDeath cannot be implemented. serviceName: settings
11-17 23:31:58.657 16138 16138 E Parcel  : Reading a NULL string not supported here.
11-17 23:31:58.657 16138 16138 W service : Thread Pool max thread count is 0. Cannot cache binder as linkToDeath cannot be implemented. serviceName: shortcut
11-17 23:31:58.658 16138 16138 W service : Thread Pool max thread count is 0. Cannot cache binder as linkToDeath cannot be implemented. serviceName: simphonebook
11-17 23:31:58.658 16138 16138 W service : Thread Pool max thread count is 0. Cannot cache binder as linkToDeath cannot be implemented. serviceName: slice
11-17 23:31:58.659 16138 16138 W service : Thread Pool max thread count is 0. Cannot cache binder as linkToDeath cannot be implemented. serviceName: smartspace
11-17 23:31:58.660 16138 16138 W service : Thread Pool max thread count is 0. Cannot cache binder as linkToDeath cannot be implemented. serviceName: soundtrigger
11-17 23:31:58.661 16138 16138 W service : Thread Pool max thread count is 0. Cannot cache binder as linkToDeath cannot be implemented. serviceName: soundtrigger_middleware
11-17 23:31:58.662 16138 16138 W service : Thread Pool max thread count is 0. Cannot cache binder as linkToDeath cannot be implemented. serviceName: speech_recognition
11-17 23:31:58.663 16138 16138 W service : Thread Pool max thread count is 0. Cannot cache binder as linkToDeath cannot be implemented. serviceName: stats
11-17 23:31:58.663 16138 16138 W service : Thread Pool max thread count is 0. Cannot cache binder as linkToDeath cannot be implemented. serviceName: statsbootstrap
11-17 23:31:58.664 16138 16138 W service : Thread Pool max thread count is 0. Cannot cache binder as linkToDeath cannot be implemented. serviceName: statscompanion
11-17 23:31:58.664 16138 16138 W service : Thread Pool max thread count is 0. Cannot cache binder as linkToDeath cannot be implemented. serviceName: statsmanager
11-17 23:31:58.665 16138 16138 W service : Thread Pool max thread count is 0. Cannot cache binder as linkToDeath cannot be implemented. serviceName: statusbar
11-17 23:31:58.666 16138 16138 W service : Thread Pool max thread count is 0. Cannot cache binder as linkToDeath cannot be implemented. serviceName: storaged
11-17 23:31:58.667 16138 16138 W service : Thread Pool max thread count is 0. Cannot cache binder as linkToDeath cannot be implemented. serviceName: storaged_pri
11-17 23:31:58.667 16138 16138 W service : Thread Pool max thread count is 0. Cannot cache binder as linkToDeath cannot be implemented. serviceName: storagestats
11-17 23:31:58.668 16138 16138 W service : Thread Pool max thread count is 0. Cannot cache binder as linkToDeath cannot be implemented. serviceName: supervision
11-17 23:31:58.672 16138 16138 W service : Thread Pool max thread count is 0. Cannot cache binder as linkToDeath cannot be implemented. serviceName: system_config
11-17 23:31:58.673 16138 16138 W service : Thread Pool max thread count is 0. Cannot cache binder as linkToDeath cannot be implemented. serviceName: system_server_dumper
11-17 23:31:58.674 16138 16138 E Parcel  : Reading a NULL string not supported here.
11-17 23:31:58.674 16138 16138 W service : Thread Pool max thread count is 0. Cannot cache binder as linkToDeath cannot be implemented. serviceName: system_update
11-17 23:31:58.675 16138 16138 W service : Thread Pool max thread count is 0. Cannot cache binder as linkToDeath cannot be implemented. serviceName: telecom
11-17 23:31:58.676 16138 16138 W service : Thread Pool max thread count is 0. Cannot cache binder as linkToDeath cannot be implemented. serviceName: telephony.registry
11-17 23:31:58.677 16138 16138 W service : Thread Pool max thread count is 0. Cannot cache binder as linkToDeath cannot be implemented. serviceName: telephony_ims
11-17 23:31:58.678 16138 16138 W service : Thread Pool max thread count is 0. Cannot cache binder as linkToDeath cannot be implemented. serviceName: testharness
11-17 23:31:58.678 16138 16138 E Parcel  : Reading a NULL string not supported here.
11-17 23:31:58.679 16138 16138 W service : Thread Pool max thread count is 0. Cannot cache binder as linkToDeath cannot be implemented. serviceName: tethering
11-17 23:31:58.679 16138 16138 W service : Thread Pool max thread count is 0. Cannot cache binder as linkToDeath cannot be implemented. serviceName: textclassification
11-17 23:31:58.680 16138 16138 W service : Thread Pool max thread count is 0. Cannot cache binder as linkToDeath cannot be implemented. serviceName: textservices
11-17 23:31:58.681 16138 16138 W service : Thread Pool max thread count is 0. Cannot cache binder as linkToDeath cannot be implemented. serviceName: texttospeech
11-17 23:31:58.682 16138 16138 W service : Thread Pool max thread count is 0. Cannot cache binder as linkToDeath cannot be implemented. serviceName: thermalservice
11-17 23:31:58.682 16138 16138 W service : Thread Pool max thread count is 0. Cannot cache binder as linkToDeath cannot be implemented. serviceName: thread_network
11-17 23:31:58.683 16138 16138 W service : Thread Pool max thread count is 0. Cannot cache binder as linkToDeath cannot be implemented. serviceName: time_detector
11-17 23:31:58.684 16138 16138 W service : Thread Pool max thread count is 0. Cannot cache binder as linkToDeath cannot be implemented. serviceName: time_zone_detector
11-17 23:31:58.685 16138 16138 W service : Thread Pool max thread count is 0. Cannot cache binder as linkToDeath cannot be implemented. serviceName: tracing.proxy
11-17 23:31:58.686 16138 16138 W service : Thread Pool max thread count is 0. Cannot cache binder as linkToDeath cannot be implemented. serviceName: tradeinmode
11-17 23:31:58.686 16138 16138 W service : Thread Pool max thread count is 0. Cannot cache binder as linkToDeath cannot be implemented. serviceName: translation
11-17 23:31:58.687 16138 16138 W service : Thread Pool max thread count is 0. Cannot cache binder as linkToDeath cannot be implemented. serviceName: transparency
11-17 23:31:58.688 16138 16138 W service : Thread Pool max thread count is 0. Cannot cache binder as linkToDeath cannot be implemented. serviceName: trust
11-17 23:31:58.689 16138 16138 W service : Thread Pool max thread count is 0. Cannot cache binder as linkToDeath cannot be implemented. serviceName: uimode
11-17 23:31:58.690 16138 16138 W service : Thread Pool max thread count is 0. Cannot cache binder as linkToDeath cannot be implemented. serviceName: updatelock
11-17 23:31:58.692 16138 16138 W service : Thread Pool max thread count is 0. Cannot cache binder as linkToDeath cannot be implemented. serviceName: uri_grants
11-17 23:31:58.693 16138 16138 W service : Thread Pool max thread count is 0. Cannot cache binder as linkToDeath cannot be implemented. serviceName: usagestats
11-17 23:31:58.694 16138 16138 W service : Thread Pool max thread count is 0. Cannot cache binder as linkToDeath cannot be implemented. serviceName: usb
11-17 23:31:58.695 16138 16138 W service : Thread Pool max thread count is 0. Cannot cache binder as linkToDeath cannot be implemented. serviceName: user
11-17 23:31:58.696 16138 16138 W service : Thread Pool max thread count is 0. Cannot cache binder as linkToDeath cannot be implemented. serviceName: uwb
11-17 23:31:58.697 16138 16138 W service : Thread Pool max thread count is 0. Cannot cache binder as linkToDeath cannot be implemented. serviceName: vcn_management
11-17 23:31:58.698 16138 16138 W service : Thread Pool max thread count is 0. Cannot cache binder as linkToDeath cannot be implemented. serviceName: vibrator_manager
11-17 23:31:58.699 16138 16138 W service : Thread Pool max thread count is 0. Cannot cache binder as linkToDeath cannot be implemented. serviceName: virtualdevice
11-17 23:31:58.700 16138 16138 W service : Thread Pool max thread count is 0. Cannot cache binder as linkToDeath cannot be implemented. serviceName: virtualdevice_native
11-17 23:31:58.701 16138 16138 W service : Thread Pool max thread count is 0. Cannot cache binder as linkToDeath cannot be implemented. serviceName: voiceinteraction
11-17 23:31:58.704 16138 16138 W service : Thread Pool max thread count is 0. Cannot cache binder as linkToDeath cannot be implemented. serviceName: vpn_management
11-17 23:31:58.705 16138 16138 W service : Thread Pool max thread count is 0. Cannot cache binder as linkToDeath cannot be implemented. serviceName: wallpaper
11-17 23:31:58.707 16138 16138 W service : Thread Pool max thread count is 0. Cannot cache binder as linkToDeath cannot be implemented. serviceName: wallpaper_effects_generation
11-17 23:31:58.707 16138 16138 W service : Thread Pool max thread count is 0. Cannot cache binder as linkToDeath cannot be implemented. serviceName: wearable_sensing
11-17 23:31:58.708 16138 16138 W service : Thread Pool max thread count is 0. Cannot cache binder as linkToDeath cannot be implemented. serviceName: webviewupdate
11-17 23:31:58.710 16138 16138 W service : Thread Pool max thread count is 0. Cannot cache binder as linkToDeath cannot be implemented. serviceName: wifi
11-17 23:31:58.711 16138 16138 W service : Thread Pool max thread count is 0. Cannot cache binder as linkToDeath cannot be implemented. serviceName: wifinl80211
11-17 23:31:58.711 16138 16138 E IPCThreadState: Binder transaction failure. id: 12313814, BR_*: 29201, error: -1 (Operation not permitted)
11-17 23:31:58.711 16138 16138 W service : Thread Pool max thread count is 0. Cannot cache binder as linkToDeath cannot be implemented. serviceName: wifip2p
11-17 23:31:58.712 16138 16138 W service : Thread Pool max thread count is 0. Cannot cache binder as linkToDeath cannot be implemented. serviceName: wifiscanner
11-17 23:31:58.714 16138 16138 W service : Thread Pool max thread count is 0. Cannot cache binder as linkToDeath cannot be implemented. serviceName: window
11-17 23:32:01.361  1173  1415 D SatelliteController: iisInCarrierRoamingNbIotNtn: satellite is disabled
11-17 23:32:02.198   726  5529 V SettingsShellCmd: putForUser(userId=0, table=global, key=verifier_verify_adb_installs, value=0, tag=null, makeDefault=false, overrideableByRestore=false)
11-17 23:32:02.246  5739  5739 I abb     : StartCommandInProcess(7061636b61676500696e7374616c6c2d package.install- [truncated])
11-17 23:32:02.248   726   822 W IPCThreadState: Sending oneway calls to frozen process.
11-17 23:32:02.244   726   726 W binder:726_1D: type=1400 audit(0.0:3187): avc:  denied  { getopt } for  scontext=u:r:system_server:s0 tcontext=u:r:shell:s0 tclass=unix_stream_socket permissive=0
11-17 23:32:02.244   726   726 W binder:726_1D: type=1400 audit(0.0:3188): avc:  denied  { getopt } for  scontext=u:r:system_server:s0 tcontext=u:r:shell:s0 tclass=unix_stream_socket permissive=0
11-17 23:32:02.244   726   726 W binder:726_1D: type=1400 audit(0.0:3189): avc:  denied  { getopt } for  scontext=u:r:system_server:s0 tcontext=u:r:shell:s0 tclass=unix_stream_socket permissive=0
11-17 23:32:02.260  5739  5739 I abb     : StartCommandInProcess(7061636b61676500696e7374616c6c2d package.install- [truncated])
11-17 23:32:02.262   726   822 W IPCThreadState: Sending oneway calls to frozen process.
11-17 23:32:02.270   726   822 W IPCThreadState: Sending oneway calls to frozen process.
11-17 23:32:02.275   726   822 W IPCThreadState: Sending oneway calls to frozen process.
11-17 23:32:02.279   726   822 W IPCThreadState: Sending oneway calls to frozen process.
11-17 23:32:02.301   726   822 W IPCThreadState: Sending oneway calls to frozen process.
11-17 23:32:02.306   726   822 W IPCThreadState: Sending oneway calls to frozen process.
11-17 23:32:02.332   726   822 W IPCThreadState: Sending oneway calls to frozen process.
11-17 23:32:02.336   726   822 W IPCThreadState: Sending oneway calls to frozen process.
11-17 23:32:02.340   726   822 W IPCThreadState: Sending oneway calls to frozen process.
11-17 23:32:02.341   726   822 W IPCThreadState: Sending oneway calls to frozen process.
11-17 23:32:02.361   726   822 W IPCThreadState: Sending oneway calls to frozen process.
11-17 23:32:02.365   726   822 W IPCThreadState: Sending oneway calls to frozen process.
11-17 23:32:02.370   726   822 W IPCThreadState: Sending oneway calls to frozen process.
11-17 23:32:02.372   726   822 W IPCThreadState: Sending oneway calls to frozen process.
11-17 23:32:02.375   726   822 W IPCThreadState: Sending oneway calls to frozen process.
11-17 23:32:02.375   726   822 W IPCThreadState: Sending oneway calls to frozen process.
11-17 23:32:02.378   726   822 W IPCThreadState: Sending oneway calls to frozen process.
11-17 23:32:02.380   726   822 W IPCThreadState: Sending oneway calls to frozen process.
11-17 23:32:02.383   726   822 W IPCThreadState: Sending oneway calls to frozen process.
11-17 23:32:02.392   726   822 W IPCThreadState: Sending oneway calls to frozen process.
11-17 23:32:02.393   726   822 W IPCThreadState: Sending oneway calls to frozen process.
11-17 23:32:02.395   726   822 W IPCThreadState: Sending oneway calls to frozen process.
11-17 23:32:02.392   726   726 W binder:726_1D: type=1400 audit(0.0:3190): avc:  denied  { getopt } for  scontext=u:r:system_server:s0 tcontext=u:r:shell:s0 tclass=unix_stream_socket permissive=0
11-17 23:32:02.392   726   726 W binder:726_1D: type=1400 audit(0.0:3191): avc:  denied  { getopt } for  scontext=u:r:system_server:s0 tcontext=u:r:shell:s0 tclass=unix_stream_socket permissive=0
11-17 23:32:02.424  5739  5739 I abb     : StartCommandInProcess(7061636b61676500696e7374616c6c2d package.install- [truncated])
11-17 23:32:02.425   726   822 W IPCThreadState: Sending oneway calls to frozen process.
11-17 23:32:02.426   726  5529 E SystemServiceRegistry: No service published for: persistent_data_block
11-17 23:32:02.426   726  5529 E SystemServiceRegistry: android.os.ServiceManager$ServiceNotFoundException: No service published for: persistent_data_block
11-17 23:32:02.426   726  5529 E SystemServiceRegistry: 	at android.os.ServiceManager.getServiceOrThrow(ServiceManager.java:203)
11-17 23:32:02.426   726  5529 E SystemServiceRegistry: 	at android.app.SystemServiceRegistry$82.createService(SystemServiceRegistry.java:1110)
11-17 23:32:02.426   726  5529 E SystemServiceRegistry: 	at android.app.SystemServiceRegistry$82.createService(SystemServiceRegistry.java:1107)
11-17 23:32:02.426   726  5529 E SystemServiceRegistry: 	at android.app.SystemServiceRegistry$StaticServiceFetcher.getService(SystemServiceRegistry.java:2405)
11-17 23:32:02.426   726  5529 E SystemServiceRegistry: 	at android.app.SystemServiceRegistry.getSystemService(SystemServiceRegistry.java:1918)
11-17 23:32:02.426   726  5529 E SystemServiceRegistry: 	at android.app.ContextImpl.getSystemService(ContextImpl.java:2315)
11-17 23:32:02.426   726  5529 E SystemServiceRegistry: 	at android.content.Context.getSystemService(Context.java:4630)
11-17 23:32:02.426   726  5529 E SystemServiceRegistry: 	at com.android.server.pm.PackageInstallerSession.markAsSealed(PackageInstallerSession.java:2449)
11-17 23:32:02.426   726  5529 E SystemServiceRegistry: 	at com.android.server.pm.PackageInstallerSession.commit(PackageInstallerSession.java:2198)
11-17 23:32:02.426   726  5529 E SystemServiceRegistry: 	at android.content.pm.PackageInstaller$Session.commit(PackageInstaller.java:1988)
11-17 23:32:02.426   726  5529 E SystemServiceRegistry: 	at com.android.server.pm.PackageManagerShellCommand.doCommitSession(PackageManagerShellCommand.java:4316)
11-17 23:32:02.426   726  5529 E SystemServiceRegistry: 	at com.android.server.pm.PackageManagerShellCommand.runInstallCommit(PackageManagerShellCommand.java:1726)
11-17 23:32:02.426   726  5529 E SystemServiceRegistry: 	at com.android.server.pm.PackageManagerShellCommand.onCommand(PackageManagerShellCommand.java:255)
11-17 23:32:02.426   726  5529 E SystemServiceRegistry: 	at com.android.modules.utils.BasicShellCommandHandler.exec(BasicShellCommandHandler.java:97)
11-17 23:32:02.426   726  5529 E SystemServiceRegistry: 	at android.os.ShellCommand.exec(ShellCommand.java:38)
11-17 23:32:02.426   726  5529 E SystemServiceRegistry: 	at com.android.server.pm.PackageManagerService$IPackageManagerImpl.onShellCommand(PackageManagerService.java:6684)
11-17 23:32:02.426   726  5529 E SystemServiceRegistry: 	at android.os.Binder.shellCommand(Binder.java:1151)
11-17 23:32:02.426   726  5529 E SystemServiceRegistry: 	at android.os.Binder.onTransact(Binder.java:953)
11-17 23:32:02.426   726  5529 E SystemServiceRegistry: 	at android.content.pm.IPackageManager$Stub.onTransact(IPackageManager.java:4729)
11-17 23:32:02.426   726  5529 E SystemServiceRegistry: 	at com.android.server.pm.PackageManagerService$IPackageManagerImpl.onTransact(PackageManagerService.java:6668)
11-17 23:32:02.426   726  5529 E SystemServiceRegistry: 	at android.os.Binder.execTransactInternal(Binder.java:1426)
11-17 23:32:02.426   726  5529 E SystemServiceRegistry: 	at android.os.Binder.execTransact(Binder.java:1365)
11-17 23:32:02.427   726  5529 E SystemServiceRegistry: Manager wrapper not available: persistent_data_block
11-17 23:32:02.442   726   822 W IPCThreadState: Sending oneway calls to frozen process.
11-17 23:32:02.443   726   757 D FileSystemUtils: Total number of LOAD segments 3
11-17 23:32:02.443   726   757 D FileSystemUtils: Size before punching holes st_blocks: 21728, st_blksize: 4096, st_size: 11119749
11-17 23:32:02.443   726   757 D FileSystemUtils: Size after punching holes st_blocks: 21728, st_blksize: 4096, st_size: 11119749
11-17 23:32:02.443   726   757 D FileSystemUtils: Extra field length: 7031,  Size before punching holes st_blocks: 21728, st_blksize: 4096, st_size: 11119749
11-17 23:32:02.443   726   757 D FileSystemUtils: Extra field length: 7031 content near offset: 00000000000000000000000000000000000000000000000000000000000000000000000000000000000000000000000000000000000000000000000000000000000000000000000000000000000000000000000000000000000000000000000000000000000000000000000000000000000000000000000000000000000000000000000000000000000000000000000000000000000000000000000000000000000000000000000000000000000000000000000000000000000000000000000000000000000000000000000000000000000000000000000000000000000000000000000000000000000000000000000000000000000000000000000000000000000000000000000000000000000000000000000000000000000000000000000000000000000000000000000000000000000000000000000000000000000000000000000000000000000000000000000000000000000000000000000000000000000000000000000000000000000000000000000000000000000000000000000000000000000000000000000000000000000000000000000000000000000000000000000000000000000000000000000000000000000000000000000000000000000000000000000000000000000000000000000000000000000000000000000000000000000000000
11-17 23:32:02.443   726   757 D FileSystemUtils: Punching hole in file - start: 10416128 len:4096
11-17 23:32:02.444   726   757 D FileSystemUtils: punchHolesInApk:: Size after punching holes st_blocks: 21720, st_blksize: 4096, st_size: 11119749
11-17 23:32:02.444   726   822 W IPCThreadState: Sending oneway calls to frozen process.
11-17 23:32:02.445   726   822 D InstallDependencyHelper: No missing dependency for com.joaop.matematicadivertida
11-17 23:32:02.449   726   802 V Configuration: Updating configuration, locales updated from [] to [en_US]
11-17 23:32:02.450   726   802 I system_server: AssetManager2(0x721b41a59a98) locale list changing from [] to [en-US]
11-17 23:32:02.455   726   802 I PackageManager: Update package com.joaop.matematicadivertida code path from /data/app/~~XtvQsi9w4hsgZioyJ509rA==/com.joaop.matematicadivertida-0PnHivfBqdlY-nLuDWG7NA== to /data/app/vmdl1382287673.tmp; Retain data and using new
11-17 23:32:02.468   726   802 I AppsFilter: interaction: PackageSetting{2f08272 com.okxbot.app/10231} -> PackageSetting{384449b com.joaop.matematicadivertida/10235} BLOCKED
11-17 23:32:02.468   726   802 I AppsFilter: interaction: PackageSetting{c600b3c com.android.microdroid.empty_payload/10212} -> PackageSetting{384449b com.joaop.matematicadivertida/10235} BLOCKED
11-17 23:32:02.468   726   802 I AppsFilter: interaction: PackageSetting{2f08272 com.okxbot.app/10231} -> PackageSetting{cc0a5ca com.joaop.matematicadivertida/10235} BLOCKED
11-17 23:32:02.468   726   802 I AppsFilter: interaction: PackageSetting{c600b3c com.android.microdroid.empty_payload/10212} -> PackageSetting{cc0a5ca com.joaop.matematicadivertida/10235} BLOCKED
11-17 23:32:02.473   726   745 I system_server: Compiler allocated 4611KB to compile void com.android.server.pm.InstallPackageHelper.preparePackage(com.android.server.pm.InstallRequest)
11-17 23:32:02.504   726   767 I ActivityManager: Force stopping com.joaop.matematicadivertida appid=10235 user=-1: installPackageLI
11-17 23:32:02.505   726   802 I PackageManager: installation completed for package:com.joaop.matematicadivertida. Final code path: /data/app/~~WH-ksz02vgNEKnT8WFwQdg==/com.joaop.matematicadivertida-myxc2CggMQ3IjHZvhmVSZw==
11-17 23:32:02.505   726   767 W IPCThreadState: Sending oneway calls to frozen process.
11-17 23:32:02.506   726   802 I AppsFilter: interaction: PackageSetting{246bbde com.okxbot.app/10231} -> PackageSetting{fb92262 com.joaop.matematicadivertida/10235} BLOCKED
11-17 23:32:02.506   726   802 I AppsFilter: interaction: PackageSetting{e5eb08c com.android.microdroid.empty_payload/10212} -> PackageSetting{fb92262 com.joaop.matematicadivertida/10235} BLOCKED
11-17 23:32:02.506   726   767 W IPCThreadState: Sending oneway calls to frozen process.
11-17 23:32:02.506   726   962 D BackgroundInstallControlService: Package event received: 0
11-17 23:32:02.506   726   767 W IPCThreadState: Sending oneway calls to frozen process.
11-17 23:32:02.506   726   767 W IPCThreadState: Sending oneway calls to frozen process.
11-17 23:32:02.507   726   767 W IPCThreadState: Sending oneway calls to frozen process.
11-17 23:32:02.507   726   767 W IPCThreadState: Sending oneway calls to frozen process.
11-17 23:32:02.507   726   767 W IPCThreadState: Sending oneway calls to frozen process.
11-17 23:32:02.507   726   767 W IPCThreadState: Sending oneway calls to frozen process.
11-17 23:32:02.507   726   767 W IPCThreadState: Sending oneway calls to frozen process.
11-17 23:32:02.508   726   767 W IPCThreadState: Sending oneway calls to frozen process.
11-17 23:32:02.508   726   767 W IPCThreadState: Sending oneway calls to frozen process.
11-17 23:32:02.508   726   767 W IPCThreadState: Sending oneway calls to frozen process.
11-17 23:32:02.508   726   767 W IPCThreadState: Sending oneway calls to frozen process.
11-17 23:32:02.508   726   767 W IPCThreadState: Sending oneway calls to frozen process.
11-17 23:32:02.508   726   767 W IPCThreadState: Sending oneway calls to frozen process.
11-17 23:32:02.509   726   767 W IPCThreadState: Sending oneway calls to frozen process.
11-17 23:32:02.509   726   767 W IPCThreadState: Sending oneway calls to frozen process.
11-17 23:32:02.510   726   767 W IPCThreadState: Sending oneway calls to frozen process.
11-17 23:32:02.510   726   767 W IPCThreadState: Sending oneway calls to frozen process.
11-17 23:32:02.510   726   962 D BackgroundInstallControlService: Package event received: 0
11-17 23:32:02.510   726   767 W IPCThreadState: Sending oneway calls to frozen process.
11-17 23:32:02.510   726   962 D BackgroundInstallControlService: Package event received: 0
11-17 23:32:02.511   726   767 W IPCThreadState: Sending oneway calls to frozen process.
11-17 23:32:02.511   726   767 W IPCThreadState: Sending oneway calls to frozen process.
11-17 23:32:02.511   726   767 W IPCThreadState: Sending oneway calls to frozen process.
11-17 23:32:02.511   726   767 W IPCThreadState: Sending oneway calls to frozen process.
11-17 23:32:02.511   726   767 W IPCThreadState: Sending oneway calls to frozen process.
11-17 23:32:02.511   726   767 W IPCThreadState: Sending oneway calls to frozen process.
11-17 23:32:02.512   726   767 W IPCThreadState: Sending oneway calls to frozen process.
11-17 23:32:02.512   726   767 W IPCThreadState: Sending oneway calls to frozen process.
11-17 23:32:02.512   726   767 W IPCThreadState: Sending oneway calls to frozen process.
11-17 23:32:02.512   726   767 W IPCThreadState: Sending oneway calls to frozen process.
11-17 23:32:02.513   726   767 W IPCThreadState: Sending oneway calls to frozen process.
11-17 23:32:02.513   726   767 W IPCThreadState: Sending oneway calls to frozen process.
11-17 23:32:02.513   726   767 W IPCThreadState: Sending oneway calls to frozen process.
11-17 23:32:02.513   726   767 W IPCThreadState: Sending oneway calls to frozen process.
11-17 23:32:02.514   726   767 W IPCThreadState: Sending oneway calls to frozen process.
11-17 23:32:02.514   726   767 W IPCThreadState: Sending oneway calls to frozen process.
11-17 23:32:02.514   726   767 W IPCThreadState: Sending oneway calls to frozen process.
11-17 23:32:02.514   726   767 W IPCThreadState: Sending oneway calls to frozen process.
11-17 23:32:02.514   726   767 W IPCThreadState: Sending oneway calls to frozen process.
11-17 23:32:02.515   726   767 W IPCThreadState: Sending oneway calls to frozen process.
11-17 23:32:02.515   726   767 W IPCThreadState: Sending oneway calls to frozen process.
11-17 23:32:02.515   726   767 W IPCThreadState: Sending oneway calls to frozen process.
11-17 23:32:02.515   726   767 W IPCThreadState: Sending oneway calls to frozen process.
11-17 23:32:02.515   726   767 W IPCThreadState: Sending oneway calls to frozen process.
11-17 23:32:02.515   726   767 W IPCThreadState: Sending oneway calls to frozen process.
11-17 23:32:02.515   726   767 W IPCThreadState: Sending oneway calls to frozen process.
11-17 23:32:02.516   726   767 W IPCThreadState: Sending oneway calls to frozen process.
11-17 23:32:02.516   726   767 W IPCThreadState: Sending oneway calls to frozen process.
11-17 23:32:02.516   726   767 W IPCThreadState: Sending oneway calls to frozen process.
11-17 23:32:02.516   726   767 W IPCThreadState: Sending oneway calls to frozen process.
11-17 23:32:02.516   726   767 W IPCThreadState: Sending oneway calls to frozen process.
11-17 23:32:02.517   726   767 W IPCThreadState: Sending oneway calls to frozen process.
11-17 23:32:02.517   726   767 W IPCThreadState: Sending oneway calls to frozen process.
11-17 23:32:02.517   726   767 W IPCThreadState: Sending oneway calls to frozen process.
11-17 23:32:02.517   726   962 D BackgroundInstallControlService: Package event received: 0
11-17 23:32:02.518   726   962 D BackgroundInstallControlService: Package event received: 0
11-17 23:32:02.518   726   962 D BackgroundInstallControlService: Package event received: 0
11-17 23:32:02.518   726   962 D BackgroundInstallControlService: Package event received: 0
11-17 23:32:02.518   726   962 D BackgroundInstallControlService: Package event received: 0
11-17 23:32:02.518   726   962 D BackgroundInstallControlService: Package event received: 0
11-17 23:32:02.518   726   962 D BackgroundInstallControlService: Package event received: 0
11-17 23:32:02.518   726   962 D BackgroundInstallControlService: Package event received: 0
11-17 23:32:02.518   726   962 D BackgroundInstallControlService: Package event received: 0
11-17 23:32:02.518   726   962 D BackgroundInstallControlService: Package event received: 0
11-17 23:32:02.519   726   962 D BackgroundInstallControlService: Package event received: 0
11-17 23:32:02.519   726   802 I ActivityManager: Force stopping com.joaop.matematicadivertida appid=10235 user=0: pkg removed
11-17 23:32:02.520   726   802 W IPCThreadState: Sending oneway calls to frozen process.
11-17 23:32:02.520   726   802 W IPCThreadState: Sending oneway calls to frozen process.
11-17 23:32:02.520   726   802 W IPCThreadState: Sending oneway calls to frozen process.
11-17 23:32:02.520   726   802 W IPCThreadState: Sending oneway calls to frozen process.
11-17 23:32:02.520   726   802 W IPCThreadState: Sending oneway calls to frozen process.
11-17 23:32:02.520   726   802 W IPCThreadState: Sending oneway calls to frozen process.
11-17 23:32:02.520   726   802 W IPCThreadState: Sending oneway calls to frozen process.
11-17 23:32:02.520   726   802 W IPCThreadState: Sending oneway calls to frozen process.
11-17 23:32:02.520   726   802 W IPCThreadState: Sending oneway calls to frozen process.
11-17 23:32:02.521   726   802 W IPCThreadState: Sending oneway calls to frozen process.
11-17 23:32:02.521   726   802 W IPCThreadState: Sending oneway calls to frozen process.
11-17 23:32:02.521   726   802 W IPCThreadState: Sending oneway calls to frozen process.
11-17 23:32:02.521   726   802 W IPCThreadState: Sending oneway calls to frozen process.
11-17 23:32:02.521   726   802 W IPCThreadState: Sending oneway calls to frozen process.
11-17 23:32:02.521   726   802 W IPCThreadState: Sending oneway calls to frozen process.
11-17 23:32:02.521   726   802 W IPCThreadState: Sending oneway calls to frozen process.
11-17 23:32:02.521   726   802 W IPCThreadState: Sending oneway calls to frozen process.
11-17 23:32:02.521   726   802 W IPCThreadState: Sending oneway calls to frozen process.
11-17 23:32:02.521   726   802 W IPCThreadState: Sending oneway calls to frozen process.
11-17 23:32:02.521   726   802 W IPCThreadState: Sending oneway calls to frozen process.
11-17 23:32:02.521   726   802 W IPCThreadState: Sending oneway calls to frozen process.
11-17 23:32:02.521   726   802 W IPCThreadState: Sending oneway calls to frozen process.
11-17 23:32:02.521   726   802 W IPCThreadState: Sending oneway calls to frozen process.
11-17 23:32:02.521   726   802 W IPCThreadState: Sending oneway calls to frozen process.
11-17 23:32:02.521   726   802 W IPCThreadState: Sending oneway calls to frozen process.
11-17 23:32:02.521   726   802 W IPCThreadState: Sending oneway calls to frozen process.
11-17 23:32:02.521   726   802 W IPCThreadState: Sending oneway calls to frozen process.
11-17 23:32:02.521   726   802 W IPCThreadState: Sending oneway calls to frozen process.
11-17 23:32:02.521   726   802 W IPCThreadState: Sending oneway calls to frozen process.
11-17 23:32:02.522   726   802 W IPCThreadState: Sending oneway calls to frozen process.
11-17 23:32:02.522   726   802 W IPCThreadState: Sending oneway calls to frozen process.
11-17 23:32:02.522   726   802 W IPCThreadState: Sending oneway calls to frozen process.
11-17 23:32:02.522   726   802 W IPCThreadState: Sending oneway calls to frozen process.
11-17 23:32:02.522   726   802 W IPCThreadState: Sending oneway calls to frozen process.
11-17 23:32:02.522   726   802 W IPCThreadState: Sending oneway calls to frozen process.
11-17 23:32:02.522   726   802 W IPCThreadState: Sending oneway calls to frozen process.
11-17 23:32:02.522   726   802 W IPCThreadState: Sending oneway calls to frozen process.
11-17 23:32:02.522   726   802 W IPCThreadState: Sending oneway calls to frozen process.
11-17 23:32:02.522   726   802 W IPCThreadState: Sending oneway calls to frozen process.
11-17 23:32:02.522   726   802 W IPCThreadState: Sending oneway calls to frozen process.
11-17 23:32:02.522   726   802 W IPCThreadState: Sending oneway calls to frozen process.
11-17 23:32:02.522   726   802 W IPCThreadState: Sending oneway calls to frozen process.
11-17 23:32:02.522   726   802 W IPCThreadState: Sending oneway calls to frozen process.
11-17 23:32:02.522   726   802 W IPCThreadState: Sending oneway calls to frozen process.
11-17 23:32:02.522   726   802 W IPCThreadState: Sending oneway calls to frozen process.
11-17 23:32:02.523   726   802 W IPCThreadState: Sending oneway calls to frozen process.
11-17 23:32:02.523   726   802 W IPCThreadState: Sending oneway calls to frozen process.
11-17 23:32:02.523   726   802 W IPCThreadState: Sending oneway calls to frozen process.
11-17 23:32:02.523   726   802 W IPCThreadState: Sending oneway calls to frozen process.
11-17 23:32:02.523   726   802 W IPCThreadState: Sending oneway calls to frozen process.
11-17 23:32:02.523   726   802 W IPCThreadState: Sending oneway calls to frozen process.
11-17 23:32:02.523   726   802 W IPCThreadState: Sending oneway calls to frozen process.
11-17 23:32:02.523   726   802 W IPCThreadState: Sending oneway calls to frozen process.
11-17 23:32:02.523   726   802 W IPCThreadState: Sending oneway calls to frozen process.
11-17 23:32:02.540   726   870 I system_server: AssetManager2(0x721b41b15298) locale list changing from [] to [en-US]
11-17 23:32:02.547   726   876 W PackageConfigPersister: App-specific configuration not found for packageName: com.joaop.matematicadivertida and userId: 0
11-17 23:32:02.547   726   802 W IPCThreadState: Sending oneway calls to frozen process.
11-17 23:32:02.547 21904 21904 D ActivityThread: Package [com.joaop.matematicadivertida] reported as REPLACED, but missing application info. Assuming REMOVED.
11-17 23:32:02.548   726   802 W IPCThreadState: Sending oneway calls to frozen process.
11-17 23:32:02.548   726   802 W IPCThreadState: Sending oneway calls to frozen process.
11-17 23:32:02.548   726   802 W IPCThreadState: Sending oneway calls to frozen process.
11-17 23:32:02.548   726   802 W IPCThreadState: Sending oneway calls to frozen process.
11-17 23:32:02.548   726   802 W IPCThreadState: Sending oneway calls to frozen process.
11-17 23:32:02.548   726   802 W IPCThreadState: Sending oneway calls to frozen process.
11-17 23:32:02.548   726   802 W IPCThreadState: Sending oneway calls to frozen process.
11-17 23:32:02.548   726   802 W IPCThreadState: Sending oneway calls to frozen process.
11-17 23:32:02.548   726   802 W IPCThreadState: Sending oneway calls to frozen process.
11-17 23:32:02.549   726   802 W IPCThreadState: Sending oneway calls to frozen process.
11-17 23:32:02.549   726   802 W IPCThreadState: Sending oneway calls to frozen process.
11-17 23:32:02.549   726   802 W IPCThreadState: Sending oneway calls to frozen process.
11-17 23:32:02.549   726   802 W IPCThreadState: Sending oneway calls to frozen process.
11-17 23:32:02.549  1184  1184 D ActivityThread: Package [com.joaop.matematicadivertida] reported as REPLACED, but missing application info. Assuming REMOVED.
11-17 23:32:02.549   726   802 W IPCThreadState: Sending oneway calls to frozen process.
11-17 23:32:02.549   726   802 W IPCThreadState: Sending oneway calls to frozen process.
11-17 23:32:02.549   726   802 W IPCThreadState: Sending oneway calls to frozen process.
11-17 23:32:02.549   726   802 W IPCThreadState: Sending oneway calls to frozen process.
11-17 23:32:02.549   726   802 W IPCThreadState: Sending oneway calls to frozen process.
11-17 23:32:02.549   726   802 W IPCThreadState: Sending oneway calls to frozen process.
11-17 23:32:02.549   726   802 W IPCThreadState: Sending oneway calls to frozen process.
11-17 23:32:02.549   726   802 W IPCThreadState: Sending oneway calls to frozen process.
11-17 23:32:02.549   726   802 W IPCThreadState: Sending oneway calls to frozen process.
11-17 23:32:02.549   726   802 W IPCThreadState: Sending oneway calls to frozen process.
11-17 23:32:02.550   726   802 W IPCThreadState: Sending oneway calls to frozen process.
11-17 23:32:02.550   726   802 W IPCThreadState: Sending oneway calls to frozen process.
11-17 23:32:02.550   726   802 W IPCThreadState: Sending oneway calls to frozen process.
11-17 23:32:02.550  1665  1665 D ActivityThread: Package [com.joaop.matematicadivertida] reported as REPLACED, but missing application info. Assuming REMOVED.
11-17 23:32:02.550   726   802 W IPCThreadState: Sending oneway calls to frozen process.
11-17 23:32:02.550   726   802 W IPCThreadState: Sending oneway calls to frozen process.
11-17 23:32:02.550   726   802 W IPCThreadState: Sending oneway calls to frozen process.
11-17 23:32:02.550   726   802 W IPCThreadState: Sending oneway calls to frozen process.
11-17 23:32:02.550   726   802 W IPCThreadState: Sending oneway calls to frozen process.
11-17 23:32:02.550  1493  1493 D ActivityThread: Package [com.joaop.matematicadivertida] reported as REPLACED, but missing application info. Assuming REMOVED.
11-17 23:32:02.550  1184  1237 D PackageUpdatedTask: Package updated: mOp=UPDATE packages=[com.joaop.matematicadivertida], user=UserHandle{0}
11-17 23:32:02.550  1520  1520 D ActivityThread: Package [com.joaop.matematicadivertida] reported as REPLACED, but missing application info. Assuming REMOVED.
11-17 23:32:02.551  1682  1682 D ActivityThread: Package [com.joaop.matematicadivertida] reported as REPLACED, but missing application info. Assuming REMOVED.
11-17 23:32:02.551   726   802 W IPCThreadState: Sending oneway calls to frozen process.
11-17 23:32:02.551   726   802 W IPCThreadState: Sending oneway calls to frozen process.
11-17 23:32:02.551   726   802 W IPCThreadState: Sending oneway calls to frozen process.
11-17 23:32:02.551   726   802 W IPCThreadState: Sending oneway calls to frozen process.
11-17 23:32:02.551   726   802 W IPCThreadState: Sending oneway calls to frozen process.
11-17 23:32:02.551   726   802 W IPCThreadState: Sending oneway calls to frozen process.
11-17 23:32:02.551   726   802 W IPCThreadState: Sending oneway calls to frozen process.
11-17 23:32:02.551   726   802 W IPCThreadState: Sending oneway calls to frozen process.
11-17 23:32:02.551  1618  1618 D ActivityThread: Package [com.joaop.matematicadivertida] reported as REPLACED, but missing application info. Assuming REMOVED.
11-17 23:32:02.551   726   802 W IPCThreadState: Sending oneway calls to frozen process.
11-17 23:32:02.551   726   802 W IPCThreadState: Sending oneway calls to frozen process.
11-17 23:32:02.551   726   802 W IPCThreadState: Sending oneway calls to frozen process.
11-17 23:32:02.551   726   802 W IPCThreadState: Sending oneway calls to frozen process.
11-17 23:32:02.551   726   802 W IPCThreadState: Sending oneway calls to frozen process.
