11-17 09:39:15.697 10805 10943 W SyncManagerImpl: 	at esal.q(PG:23)
11-17 09:39:15.697 10805 10943 W SyncManagerImpl: 	at esak.get(PG:1)
11-17 09:39:15.697 10805 10943 W SyncManagerImpl: 	at esfh.a(PG:2)
11-17 09:39:15.697 10805 10943 W SyncManagerImpl: 	at esdn.q(PG:10)
11-17 09:39:15.697 10805 10943 W SyncManagerImpl: 	at eljf.h(PG:3)
11-17 09:39:15.697 10805 10943 W SyncManagerImpl: 	at elig.a(PG:38)
11-17 09:39:15.697 10805 10943 W SyncManagerImpl: 	at elsk.a(PG:13)
11-17 09:39:15.697 10805 10943 W SyncManagerImpl: 	at ekai.a(PG:3)
11-17 09:39:15.697 10805 10943 W SyncManagerImpl: 	at esfd.a(PG:3)
11-17 09:39:15.697 10805 10943 W SyncManagerImpl: 	at eseb.run(PG:19)
11-17 09:39:15.697 10805 10943 W SyncManagerImpl: 	at esff.run(PG:5)
11-17 09:39:15.697 10805 10943 W SyncManagerImpl: 	at dubu.run(PG:7)
11-17 09:39:15.697 10805 10943 W SyncManagerImpl: 	at eosd.run(PG:44)
11-17 09:39:15.697 10805 10943 W SyncManagerImpl: 	at duem.run(PG:18)
11-17 09:39:15.697 10805 10943 W SyncManagerImpl: 	at dubc.run(PG:8)
11-17 09:39:15.697 10805 10943 W SyncManagerImpl: 	at java.lang.Thread.run(Thread.java:1119)
11-17 09:39:15.697 10805 10943 W SyncManagerImpl: 	at ducv.run(PG:61)
11-17 09:39:15.697 10805 10943 I SyncWorkManagerOneTimeS: Scheduling next onetime WorkManager workers
11-17 09:39:15.704 10805 10939 I DataService: Mobalt: generating observations for day index 20408 for report: 200006-1-1-5
11-17 09:39:15.704 10805 10939 I AtLeastOnceObservationG: Mobalt: generating observations for day index 20408 for report: 200006-1-1-5
11-17 09:39:15.705 10805 10939 I AtLeastOnceObservationG: Mobalt: generated 1 observations in 1 observation batches for day index 20408 for report: 200006-1-1-5
11-17 09:39:15.705 10805 10904 I SyncManagerImpl: #sync() complete
11-17 09:39:15.706 10805 10939 I DataService: Mobalt: generating observations for day index 20408 for report: 200006-1-1-7
11-17 09:39:15.706 10805 10904 W TikTokListenableWorker: TikTokListenableWorker was cancelled while running client worker: com.google.apps.tiktok.sync.impl.workmanager.SyncWorker
11-17 09:39:15.706 10805 10939 I AtLeastOnceObservationG: Mobalt: generating observations for day index 20408 for report: 200006-1-1-7
11-17 09:39:15.706 10805 10904 D WM-Processor: WorkerWrapper interrupted for 6e91eeb3-cd72-4261-8c6e-df85a241f579
11-17 09:39:15.706 10805 10939 I AtLeastOnceObservationG: Mobalt: generated 2 observations in 1 observation batches for day index 20408 for report: 200006-1-1-7
11-17 09:39:15.712 10805 10937 I BugleRcsEngine: [SR]: Single Registration is disabled. Skipping Single Registration capability check for subId: 1, OS.isAtLeastS:[true], enableSingleRegistrationProvisioning:[false] [CONTEXT thread_id=115 ]
11-17 09:39:15.714  1520  1722 I .apps.wellbeing: AssetManager2(0x721b41a21cd8) locale list changing from [] to [en-US]
11-17 09:39:15.716 10805 10942 I CronetEngineBuilderFact: Found Cronet providers: Google-Play-Services-Cronet-Provider, App-Packaged-Cronet-Provider, Fallback-Cronet-Provider
11-17 09:39:15.719 10805 10942 I CronetEngineBuilderFact: Selected Cronet provider is App-Packaged-Cronet-Provider, version 135.0.7012.3
11-17 09:39:15.721 10805 10805 D WM-SystemJobService: onStopJob for WorkGenerationalId(workSpecId=6e91eeb3-cd72-4261-8c6e-df85a241f579, generation=0)
11-17 09:39:15.721 10805 10904 D WM-GreedyScheduler: Cancelling work ID 6e91eeb3-cd72-4261-8c6e-df85a241f579
11-17 09:39:15.723  1520  1722 I .apps.wellbeing: AssetManager2(0x721b41a49a58) locale list changing from [] to [en-US]
11-17 09:39:15.724  1520  1722 I .apps.wellbeing: AssetManager2(0x721b41a313b8) locale list changing from [] to [en-US]
11-17 09:39:15.729 10805 10937 I BugleRcsEngine: No RCS Configuration was found in Bugle for simID: redacted-pii:sim_id[chars:20,last3:897] [CONTEXT log_prefix="ProvisioningEngineDataRetriever" thread_id=115 ]
11-17 09:39:15.729  1520  1722 I .apps.wellbeing: AssetManager2(0x721b41a40138) locale list changing from [] to [en-US]
11-17 09:39:15.729   726  1943 W JobScheduler: Job didn't exist in JobStore: 8724a5e {androidx.work.systemjobscheduler} #u0a145/2879 @androidx.work.systemjobscheduler@com.google.android.apps.messaging/androidx.work.impl.background.systemjob.SystemJobService
11-17 09:39:15.734 10805 10939 I DataService: Mobalt: generating observations for day index 20408 for report: 200006-1-2-3
11-17 09:39:15.735 10805 10939 I AtLeastOnceObservationG: Mobalt: generating observations for day index 20408 for report: 200006-1-2-3
11-17 09:39:15.736 10805 10939 I AtLeastOnceObservationG: Mobalt: generated 4 observations in 1 observation batches for day index 20408 for report: 200006-1-2-3
11-17 09:39:15.736 10805 10949 I cn_CronetLibraryLoader: HTTP flags log line: Using live production flag values from Google
11-17 09:39:15.738 10805 10939 I DataService: Mobalt: generating observations for day index 20408 for report: 200006-1-2-5
11-17 09:39:15.738 10805 10939 I AtLeastOnceObservationG: Mobalt: generating observations for day index 20408 for report: 200006-1-2-5
11-17 09:39:15.743  1520  1722 I .apps.wellbeing: AssetManager2(0x721b41a20d38) locale list changing from [] to [en-US]
11-17 09:39:15.749   726  1203 D ConnectivityService: requestNetwork for uid/pid:10145/10805 activeRequest: null callbackRequest: 622 [NetworkRequest [ TRACK_DEFAULT id=623, [ Capabilities: INTERNET&NOT_RESTRICTED&TRUSTED&NOT_VCN_MANAGED&NOT_BANDWIDTH_CONSTRAINED Uid: 10145 RequestorUid: 10145 RequestorPkg: com.google.android.apps.messaging UnderlyingNetworks: Null] ], NetworkRequest [ REQUEST id=624, [ Transports: SATELLITE Capabilities: INTERNET&TRUSTED&NOT_VCN_MANAGED Uid: 10145 RequestorUid: 10145 RequestorPkg: com.google.android.apps.messaging UnderlyingNetworks: Null] ]] callback flags: 0 order: 2147483647 isUidTracked: false declaredMethods: AVAIL|LOST|NC|LP
11-17 09:39:15.750  1520  1722 I .apps.wellbeing: AssetManager2(0x721b41a2c8b8) locale list changing from [] to [en-US]
11-17 09:39:15.750 10805 10939 I AtLeastOnceObservationG: Mobalt: generated 2 observations in 1 observation batches for day index 20408 for report: 200006-1-2-5
11-17 09:39:15.753   726   905 D ConnectivityService: NetReassign [623 : null  115] [c 1] [a 3] [i 0]
11-17 09:39:15.755   726  1295 D CompatChangeReporter: Compat change id reported: 349487600; UID 10145; state: ENABLED
11-17 09:39:15.757   726   905 D ConnectivityService: NetReassign [no changes] [c 0] [a 0] [i 0]
11-17 09:39:15.758 10805 10939 I DataService: Mobalt: generating observations for day index 20408 for report: 200006-1-2-7
11-17 09:39:15.759 10805 10939 I AtLeastOnceObservationG: Mobalt: generating observations for day index 20408 for report: 200006-1-2-7
11-17 09:39:15.760 10805 10937 I BugleRcsProvisioning: RcsAvailability configuration availability and enabled status: simId: redacted-pii:sim_id[chars:20,last3:897], SipConnectionType: DUAL_REG, isConfigurationAvailableAndEnabled: false
11-17 09:39:15.763 10805 10937 I BugleRcsProvisioning: Checking isConfigServerUrlAvailable with simId: redacted-pii:sim_id[chars:20,last3:897], 
11-17 09:39:15.764 10805 10937 I BugleRcsEngine: getConfigServerUrl with simId: redacted-pii:sim_id[chars:20,last3:897] [CONTEXT log_prefix="ProvisioningServerUtil" thread_id=115 ]
11-17 09:39:15.764 10805 10939 I AtLeastOnceObservationG: Mobalt: generated 2 observations in 1 observation batches for day index 20408 for report: 200006-1-2-7
11-17 09:39:15.768 10805 10904 D WM-SystemJobScheduler: Scheduling work ID 2aeb2a2b-4596-4ecb-aabc-2b1dca7fabbcJob ID 2883
11-17 09:39:15.768  1520  1722 I .apps.wellbeing: AssetManager2(0x721b41a2bc38) locale list changing from [] to [en-US]
11-17 09:39:15.769 10805 10906 I MobaltPeriodicJobImpl: Mobalt: successfully generated observations for 6 reports
11-17 09:39:15.772 10805 10942 D nativeloader: Load /product/priv-app/PrebuiltBugle/PrebuiltBugle.apk!/lib/x86_64/libcronet.135.0.7012.3.so using class loader ns product-clns-10 (caller=/product/priv-app/PrebuiltBugle/PrebuiltBugle.apk!classes6.dex): ok
11-17 09:39:15.774  1520  1722 I .apps.wellbeing: AssetManager2(0x721b41a29cf8) locale list changing from [] to [en-US]
11-17 09:39:15.777 10805 10937 I BugleRcsEngine: Using config server URL from chgq [CONTEXT log_prefix="ProvisioningServerUtil" thread_id=115 ]
11-17 09:39:15.781 10805 10898 I LogWriter: Mobalt: logged event to 3 reports
11-17 09:39:15.784  1520  1722 I .apps.wellbeing: AssetManager2(0x721b41a2e7f8) locale list changing from [] to [en-US]
11-17 09:39:15.786 10805 10904 D WM-GreedyScheduler: Ignoring {WorkSpec: 9b5a2f91-f9a3-4e8b-9b68-107ef8435eef}. Requires device idle.
11-17 09:39:15.786 10805 10904 D WM-GreedyScheduler: Ignoring {WorkSpec: 04fad567-3163-448e-b837-50d62d64ab87}. Requires device idle.
11-17 09:39:15.786 10805 10904 D WM-GreedyScheduler: Ignoring {WorkSpec: 9b631aa9-ea92-4602-bc2a-5c89f75c59c3}. Requires device idle.
11-17 09:39:15.786 10805 10904 D WM-GreedyScheduler: Ignoring {WorkSpec: bcce82eb-67e3-4095-823d-9afc84ec2042}. Requires device idle.
11-17 09:39:15.787 10805 10904 D WM-GreedyScheduler: Starting tracking for 80f72b29-4c36-4c97-be03-2f99b99cbfec,0de41918-8a13-4d54-a621-d6aabd23fab8,6cd18eea-3ac0-431d-9242-be887ddd3c69,ee42bd1f-27e4-4c13-b95a-b03da23604c4,fa51a6f0-bacb-44eb-b5c3-24379130fbd9
11-17 09:39:15.789 10805 10938 I MobaltPeriodicJobImpl: Mobalt: uploading logs to the Cobalt Server, got 6 observations
11-17 09:39:15.792 10805 10937 I BugleRcsProvisioning: RcsAvailability: Subscription Id: 1, simId: redacted-pii:sim_id[chars:20,last3:897], sipConnectionType: DUAL_REG, isRcsAvailable: false
11-17 09:39:15.796 10805 10906 D WM-Processor: Processor cancelling 80f72b29-4c36-4c97-be03-2f99b99cbfec
11-17 09:39:15.796 10805 10906 D WM-Processor: WorkerWrapper could not be found for 80f72b29-4c36-4c97-be03-2f99b99cbfec
11-17 09:39:15.798 10805 10937 I BugleRcsEngine: No RCS Configuration was found in Bugle for simID: redacted-pii:sim_id[chars:20,last3:897] [CONTEXT log_prefix="ProvisioningEngineDataRetriever" thread_id=115 ]
11-17 09:39:15.800 10805 10906 D WM-GreedyScheduler: Cancelling work ID 80f72b29-4c36-4c97-be03-2f99b99cbfec
11-17 09:39:15.803 10805 10937 I BugleRcsProvisioning: updateAvailabilityForRcsProvisioningId. SimId: redacted-pii:sim_id[chars:20,last3:897], currentAvailability: 1, newAvailability: 10, hint: NO_HINT
11-17 09:39:15.805 10805 10906 D WM-SystemJobScheduler: Scheduling work ID f6da2500-1bcb-44ce-baf0-c7c54451da34Job ID 2884
11-17 09:39:15.807 10805 10906 D WM-GreedyScheduler: Ignoring {WorkSpec: 9b5a2f91-f9a3-4e8b-9b68-107ef8435eef}. Requires device idle.
11-17 09:39:15.807 10805 10906 D WM-GreedyScheduler: Ignoring {WorkSpec: 04fad567-3163-448e-b837-50d62d64ab87}. Requires device idle.
11-17 09:39:15.808 10805 10906 D WM-GreedyScheduler: Ignoring {WorkSpec: 9b631aa9-ea92-4602-bc2a-5c89f75c59c3}. Requires device idle.
11-17 09:39:15.808 10805 10906 D WM-GreedyScheduler: Ignoring {WorkSpec: bcce82eb-67e3-4095-823d-9afc84ec2042}. Requires device idle.
11-17 09:39:15.808 10805 10937 I RcsProvisioningManager: Receive onRcsAvailabilityUpdate, SIM = redacted-pii:sim_id[chars:20,last3:897], availability = RcsAvailability{mAvailability=CARRIER_SETUP_PENDING (Carrier RCS is not set up)}
11-17 09:39:15.808 10805 10906 D WM-GreedyScheduler: Starting tracking for 0de41918-8a13-4d54-a621-d6aabd23fab8,6cd18eea-3ac0-431d-9242-be887ddd3c69,ee42bd1f-27e4-4c13-b95a-b03da23604c4,fa51a6f0-bacb-44eb-b5c3-24379130fbd9
11-17 09:39:15.812 10805 10904 D WM-SystemJobScheduler: Scheduling work ID 7463950f-e2ab-45de-9e58-3bf6bb78c18dJob ID 2885
11-17 09:39:15.813 10805 10906 I RcsProvisioningManager: AvailabilityObserver.onUpdate : Notify RcsAvailabilityListener crrt@504ba24 onRcsAvailabilityUpdate, SIM = redacted-pii:sim_id[chars:20,last3:897], availability = 10
11-17 09:39:15.815  1520  1722 I .apps.wellbeing: AssetManager2(0x721b41a2b918) locale list changing from [] to [en-US]
11-17 09:39:15.815 10805 10942 I cn_CronetLibraryLoader: Cronet version: 135.0.7012.3, arch: x86_64
11-17 09:39:15.815 10805 10898 I RcsProvisioningManager: CommonRcsProvisioningChangeListenerHandler.notifyListener : Notify RcsProvisioningChangeListener deym@fa23353 onRcsProvisioningChange, SIM = redacted-pii:sim_id[chars:35,last3:97)], available rcs provisioning ids  = 
11-17 09:39:15.817 10805 10936 I RcsProvisioningManager: CommonRcsProvisioningChangeListenerHandler.notifyListener : Notify RcsProvisioningChangeListener chop@8e55490 onRcsProvisioningChange, SIM = redacted-pii:sim_id[chars:35,last3:97)], available rcs provisioning ids  = 
11-17 09:39:15.819 10805 10904 D WM-GreedyScheduler: Ignoring {WorkSpec: 9b5a2f91-f9a3-4e8b-9b68-107ef8435eef}. Requires device idle.
11-17 09:39:15.819 10805 10904 D WM-GreedyScheduler: Ignoring {WorkSpec: 04fad567-3163-448e-b837-50d62d64ab87}. Requires device idle.
11-17 09:39:15.819 10805 10904 D WM-GreedyScheduler: Ignoring {WorkSpec: 9b631aa9-ea92-4602-bc2a-5c89f75c59c3}. Requires device idle.
11-17 09:39:15.819 10805 10904 D WM-GreedyScheduler: Ignoring {WorkSpec: bcce82eb-67e3-4095-823d-9afc84ec2042}. Requires device idle.
11-17 09:39:15.820 10805 10937 I RcsProvisioningManager: getAvailabilityForRcsProvisioningIdSync: RcsAvailability{mAvailability=CARRIER_SETUP_PENDING (Carrier RCS is not set up)}
11-17 09:39:15.822 10805 10904 D WM-GreedyScheduler: Starting tracking for 0de41918-8a13-4d54-a621-d6aabd23fab8,6cd18eea-3ac0-431d-9242-be887ddd3c69,ee42bd1f-27e4-4c13-b95a-b03da23604c4,fa51a6f0-bacb-44eb-b5c3-24379130fbd9
11-17 09:39:15.823 10805 10937 I RcsProvisioningManager: Receive onRcsAvailabilityUpdate, SIM = redacted-pii:sim_id[chars:20,last3:897], availability = RcsAvailability{mAvailability=CARRIER_SETUP_PENDING (Carrier RCS is not set up)}
11-17 09:39:15.825 10805 10959 I RcsProvisioningManager: CommonRcsProvisioningChangeListenerHandler.notifyListener : Notify RcsProvisioningChangeListener chop@8e55490 onRcsProvisioningChange, SIM = redacted-pii:sim_id[chars:35,last3:97)], available rcs provisioning ids  = 
11-17 09:39:15.825  1520  1722 I .apps.wellbeing: AssetManager2(0x721b41a27db8) locale list changing from [] to [en-US]
11-17 09:39:15.826 10805 10904 I SyncWorkManagerOneTimeS: Successfully scheduled next onetime workers
11-17 09:39:15.826 10805 10953 I RcsProvisioningManager: CommonRcsProvisioningChangeListenerHandler.notifyListener : Notify RcsProvisioningChangeListener deym@fa23353 onRcsProvisioningChange, SIM = redacted-pii:sim_id[chars:35,last3:97)], available rcs provisioning ids  = 
11-17 09:39:15.828 10805 10906 I RcsProvisioningManager: Skipping backfill of identity mapping.
11-17 09:39:15.831 10805 10898 I RcsProvisioningManager: AvailabilityObserver.onUpdate : Notify RcsAvailabilityListener crrt@504ba24 onRcsAvailabilityUpdate, SIM = redacted-pii:sim_id[chars:20,last3:897], availability = 10
11-17 09:39:15.832 10805 10937 I BugleTransport: Retrieved RCS available simIds: []
11-17 09:39:15.832  1520  1722 I .apps.wellbeing: AssetManager2(0x721b41a38d98) locale list changing from [] to [en-US]
11-17 09:39:15.833 10805 10953 D WM-PackageManagerHelper: Skipping component enablement for androidx.work.impl.background.systemalarm.RescheduleReceiver
11-17 09:39:15.835 10805 10942 I RpcModule: Number of headers in RPC request: 3
11-17 09:39:15.836 10805 10906 I BugleTransport: Retrieved RCS available simIds: []
11-17 09:39:15.838  1520  1722 I .apps.wellbeing: AssetManager2(0x721b41a47e38) locale list changing from [] to [en-US]
11-17 09:39:15.838 10805 10898 I BugleTransport: Deregister all SIMs except for SIMs with subIds: [] from chat transport: TACHYGRAM.
11-17 09:39:15.840 10805 10960 I RcsProvisioningManager: Cannot notify RcsVerifiedPhoneNumberListener because current availability is CARRIER_SETUP_PENDING instead of AVAILABLE.
11-17 09:39:15.840 10805 10938 I ClearcutUploader: Mobalt: start uploading logs to Clearcut log_source = TURQUOISE_COBALT_SHUFFLER_INPUT_PROD
11-17 09:39:15.841 10805 10936 I BugleTransport: Deregister all SIMs except for SIMs with subIds: [] from chat transport: SINGLE_REGISTRATION.
11-17 09:39:15.844 10805 10945 I RcsProvisioningManager: Cannot notify RcsVerifiedPhoneNumberListener because current availability is CARRIER_SETUP_PENDING instead of AVAILABLE.
11-17 09:39:15.848  1520  1722 I .apps.wellbeing: AssetManager2(0x721b41a28d58) locale list changing from [] to [en-US]
11-17 09:39:15.850 10805 10942 I RpcManager: [5cb804af-6248-411c-8e5c-1e1daba3ec4c] making getConfiguration request, workRequestId:fb0d9fa2-053e-4566-a724-34e206a84460
11-17 09:39:15.852 10805 10936 I MobaltPeriodicJobImpl: Mobalt: uploading logs to the Cobalt Server, got 0 observations
11-17 09:39:15.852 10805 10936 I MobaltPeriodicJobImpl: Mobalt: finish sending logs to the Cobalt Server successfully
11-17 09:39:15.853  1520  1722 I .apps.wellbeing: AssetManager2(0x721b41a35558) locale list changing from [] to [en-US]
11-17 09:39:15.856 10805 10953 W RcsClientLib: Service is deprecated skipping connection attempt: RcsEngineLifecycleServiceV2
11-17 09:39:15.858 10805 10940 E BugleRcs: RcsEngineLifecycleManagerV2: RcsServiceConnectionException was raised while waiting to connect to RcsEngineLifecycleServiceV2
11-17 09:39:15.858 10805 10940 E BugleRcs: cumf: RcsServiceConnectionException:com.google.android.rcs.client.lifecycle.RcsEngineLifecycleServiceV2:UNKNOWN
11-17 09:39:15.858 10805 10940 E BugleRcs: 	at culm.a(PG:54)
11-17 09:39:15.858 10805 10940 E BugleRcs: 	at kho.a(PG:19)
11-17 09:39:15.858 10805 10940 E BugleRcs: 	at culn.a(PG:14)
11-17 09:39:15.858 10805 10940 E BugleRcs: 	at elsk.a(PG:13)
11-17 09:39:15.858 10805 10940 E BugleRcs: 	at esfd.a(PG:3)
11-17 09:39:15.858 10805 10940 E BugleRcs: 	at eseb.run(PG:19)
11-17 09:39:15.858 10805 10940 E BugleRcs: 	at esff.run(PG:5)
11-17 09:39:15.858 10805 10940 E BugleRcs: 	at dubu.run(PG:7)
11-17 09:39:15.858 10805 10940 E BugleRcs: 	at java.util.concurrent.ThreadPoolExecutor.runWorker(ThreadPoolExecutor.java:1156)
11-17 09:39:15.858 10805 10940 E BugleRcs: 	at java.util.concurrent.ThreadPoolExecutor$Worker.run(ThreadPoolExecutor.java:651)
11-17 09:39:15.858 10805 10940 E BugleRcs: 	at dubb.run(PG:6)
11-17 09:39:15.858 10805 10940 E BugleRcs: 	at java.lang.Thread.run(Thread.java:1119)
11-17 09:39:15.858 10805 10940 E BugleRcs: 	at ducv.run(PG:61)
11-17 09:39:15.858 10805 10938 D WM-GreedyScheduler: Constraints met: Scheduling work ID WorkGenerationalId(workSpecId=ee42bd1f-27e4-4c13-b95a-b03da23604c4, generation=0)
11-17 09:39:15.868 10805 10965 I BugleTransport: Deregister all SIMs except for SIMs with subIds: [] from chat transport: DUAL_REGISTRATION.
11-17 09:39:15.868 10805 10953 W RcsClientLib: Service is deprecated skipping connection attempt: RcsEngineLifecycleServiceV2
11-17 09:39:15.869 10805 10942 E BugleRcs: RcsEngineLifecycleManagerV2: RcsServiceConnectionException was raised while waiting to connect to RcsEngineLifecycleServiceV2
11-17 09:39:15.869 10805 10942 E BugleRcs: cumf: RcsServiceConnectionException:com.google.android.rcs.client.lifecycle.RcsEngineLifecycleServiceV2:UNKNOWN
11-17 09:39:15.869 10805 10942 E BugleRcs: 	at culm.a(PG:54)
11-17 09:39:15.869 10805 10942 E BugleRcs: 	at kho.a(PG:19)
11-17 09:39:15.869 10805 10942 E BugleRcs: 	at culn.a(PG:14)
11-17 09:39:15.869 10805 10942 E BugleRcs: 	at elsk.a(PG:13)
11-17 09:39:15.869 10805 10942 E BugleRcs: 	at esfd.a(PG:3)
11-17 09:39:15.869 10805 10942 E BugleRcs: 	at eseb.run(PG:19)
11-17 09:39:15.869 10805 10942 E BugleRcs: 	at esff.run(PG:5)
11-17 09:39:15.869 10805 10942 E BugleRcs: 	at dubu.run(PG:7)
11-17 09:39:15.869 10805 10942 E BugleRcs: 	at java.util.concurrent.ThreadPoolExecutor.runWorker(ThreadPoolExecutor.java:1156)
11-17 09:39:15.869 10805 10942 E BugleRcs: 	at java.util.concurrent.ThreadPoolExecutor$Worker.run(ThreadPoolExecutor.java:651)
11-17 09:39:15.869 10805 10942 E BugleRcs: 	at dubb.run(PG:6)
11-17 09:39:15.869 10805 10942 E BugleRcs: 	at java.lang.Thread.run(Thread.java:1119)
11-17 09:39:15.869 10805 10942 E BugleRcs: 	at ducv.run(PG:61)
11-17 09:39:15.871  1520  1722 I .apps.wellbeing: AssetManager2(0x721b41a3c8f8) locale list changing from [] to [en-US]
11-17 09:39:15.871 10805 10942 I BugleDataModel: 2 not running because already up to date, upgradeCommand: EXECUTE_UPGRADE, version: 2
11-17 09:39:15.873 10805 10965 I BugleTransport: Retrieved RCS available simIds: []
11-17 09:39:15.875 10805 10906 I BugleTransport: Deregister all SIMs except for SIMs with subIds: [] from chat transport: DUAL_REGISTRATION.
11-17 09:39:15.875 10805 10938 I BugleTransport: Deregister all SIMs except for SIMs with subIds: [] from chat transport: SINGLE_REGISTRATION.
11-17 09:39:15.876 10805 10964 I BugleTransport: Deregister all SIMs except for SIMs with subIds: [] from chat transport: TACHYGRAM.
11-17 09:39:15.876 10805 10940 I BugleDataModel: 3 not running because already up to date, upgradeCommand: EXECUTE_UPGRADE, version: 2
11-17 09:39:15.877 10805 10936 W RcsClientLib: Service is deprecated skipping connection attempt: RcsEngineLifecycleServiceV2
11-17 09:39:15.877 10805 10940 E BugleRcs: RcsEngineLifecycleManagerV2: RcsServiceConnectionException was raised while waiting to connect to RcsEngineLifecycleServiceV2
11-17 09:39:15.877 10805 10940 E BugleRcs: cumf: RcsServiceConnectionException:com.google.android.rcs.client.lifecycle.RcsEngineLifecycleServiceV2:UNKNOWN
11-17 09:39:15.877 10805 10940 E BugleRcs: 	at culm.a(PG:54)
11-17 09:39:15.877 10805 10940 E BugleRcs: 	at kho.a(PG:19)
11-17 09:39:15.877 10805 10940 E BugleRcs: 	at culn.a(PG:14)
11-17 09:39:15.877 10805 10940 E BugleRcs: 	at elsk.a(PG:13)
11-17 09:39:15.877 10805 10940 E BugleRcs: 	at esfd.a(PG:3)
11-17 09:39:15.877 10805 10940 E BugleRcs: 	at eseb.run(PG:19)
11-17 09:39:15.877 10805 10940 E BugleRcs: 	at esff.run(PG:5)
11-17 09:39:15.877 10805 10940 E BugleRcs: 	at dubu.run(PG:7)
11-17 09:39:15.877 10805 10940 E BugleRcs: 	at java.util.concurrent.ThreadPoolExecutor.runWorker(ThreadPoolExecutor.java:1156)
11-17 09:39:15.877 10805 10940 E BugleRcs: 	at java.util.concurrent.ThreadPoolExecutor$Worker.run(ThreadPoolExecutor.java:651)
11-17 09:39:15.877 10805 10940 E BugleRcs: 	at dubb.run(PG:6)
11-17 09:39:15.877 10805 10940 E BugleRcs: 	at java.lang.Thread.run(Thread.java:1119)
11-17 09:39:15.877 10805 10940 E BugleRcs: 	at ducv.run(PG:61)
11-17 09:39:15.879 10805 10816 W .apps.messaging: Missing inline cache for int ezfb.a(java.lang.Object)
11-17 09:39:15.880 10805 10953 W RcsClientLib: Service is deprecated skipping connection attempt: RcsEngineLifecycleServiceV2
11-17 09:39:15.881 10805 10942 E BugleRcs: RcsEngineLifecycleManagerV2: RcsServiceConnectionException was raised while waiting to connect to RcsEngineLifecycleServiceV2
11-17 09:39:15.881 10805 10942 E BugleRcs: cumf: RcsServiceConnectionException:com.google.android.rcs.client.lifecycle.RcsEngineLifecycleServiceV2:UNKNOWN
11-17 09:39:15.881 10805 10942 E BugleRcs: 	at culm.a(PG:54)
11-17 09:39:15.881 10805 10942 E BugleRcs: 	at kho.a(PG:19)
11-17 09:39:15.881 10805 10942 E BugleRcs: 	at culn.a(PG:14)
11-17 09:39:15.881 10805 10942 E BugleRcs: 	at elsk.a(PG:13)
11-17 09:39:15.881 10805 10942 E BugleRcs: 	at esfd.a(PG:3)
11-17 09:39:15.881 10805 10942 E BugleRcs: 	at eseb.run(PG:19)
11-17 09:39:15.881 10805 10942 E BugleRcs: 	at esff.run(PG:5)
11-17 09:39:15.881 10805 10942 E BugleRcs: 	at dubu.run(PG:7)
11-17 09:39:15.881 10805 10942 E BugleRcs: 	at java.util.concurrent.ThreadPoolExecutor.runWorker(ThreadPoolExecutor.java:1156)
11-17 09:39:15.881 10805 10942 E BugleRcs: 	at java.util.concurrent.ThreadPoolExecutor$Worker.run(ThreadPoolExecutor.java:651)
11-17 09:39:15.881 10805 10942 E BugleRcs: 	at dubb.run(PG:6)
11-17 09:39:15.881 10805 10942 E BugleRcs: 	at java.lang.Thread.run(Thread.java:1119)
11-17 09:39:15.881 10805 10942 E BugleRcs: 	at ducv.run(PG:61)
11-17 09:39:15.882 10805 10959 D WM-GreedyScheduler: Cancelling work ID 723018f0-9552-4543-9b82-742f9c8c09ea
11-17 09:39:15.886  1520  1722 I .apps.wellbeing: AssetManager2(0x721b41a4b678) locale list changing from [] to [en-US]
11-17 09:39:15.887 10805 10959 D WM-GreedyScheduler: Ignoring {WorkSpec: 9b5a2f91-f9a3-4e8b-9b68-107ef8435eef}. Requires device idle.
11-17 09:39:15.891 10805 10959 D WM-GreedyScheduler: Ignoring {WorkSpec: 04fad567-3163-448e-b837-50d62d64ab87}. Requires device idle.
11-17 09:39:15.891 10805 10959 D WM-GreedyScheduler: Ignoring {WorkSpec: 9b631aa9-ea92-4602-bc2a-5c89f75c59c3}. Requires device idle.
11-17 09:39:15.891 10805 10959 D WM-GreedyScheduler: Ignoring {WorkSpec: bcce82eb-67e3-4095-823d-9afc84ec2042}. Requires device idle.
11-17 09:39:15.892 10805 10959 D WM-GreedyScheduler: Starting tracking for 0de41918-8a13-4d54-a621-d6aabd23fab8,6cd18eea-3ac0-431d-9242-be887ddd3c69,fa51a6f0-bacb-44eb-b5c3-24379130fbd9
11-17 09:39:15.896  1520  1722 I .apps.wellbeing: AssetManager2(0x721b41a429d8) locale list changing from [] to [en-US]
11-17 09:39:15.901 10805 10805 I ClearcutUploader: Mobalt: successfully finished uploading logs to Clearcut log_source = TURQUOISE_COBALT_SHUFFLER_INPUT_PROD
11-17 09:39:15.901 10805 10938 W JobInfo : Requested important-while-foreground flag for job2886 is ignored and takes no effect
11-17 09:39:15.901 10805 10938 D WM-SystemJobScheduler: Scheduling work ID 7bc6de68-a3a0-4d56-a2e0-161fcd91ffeaJob ID 2886
11-17 09:39:15.902 10805 10905 I BugleSatellite: Processing Phenotype flag changes.
11-17 09:39:15.907 10805 10965 I BugleSatellite: Reporting to Telephony: SMS supported = true
11-17 09:39:15.910 10805 10938 D WM-GreedyScheduler: Ignoring {WorkSpec: 9b5a2f91-f9a3-4e8b-9b68-107ef8435eef}. Requires device idle.
11-17 09:39:15.911 10805 10938 D WM-GreedyScheduler: Ignoring {WorkSpec: 04fad567-3163-448e-b837-50d62d64ab87}. Requires device idle.
11-17 09:39:15.912 10805 10938 D WM-GreedyScheduler: Ignoring {WorkSpec: 9b631aa9-ea92-4602-bc2a-5c89f75c59c3}. Requires device idle.
11-17 09:39:15.912 10805 10938 D WM-GreedyScheduler: Ignoring {WorkSpec: bcce82eb-67e3-4095-823d-9afc84ec2042}. Requires device idle.
11-17 09:39:15.912 10805 10938 D WM-GreedyScheduler: Starting work for 7bc6de68-a3a0-4d56-a2e0-161fcd91ffea
11-17 09:39:15.913 10805 10938 D WM-GreedyScheduler: Starting tracking for 0de41918-8a13-4d54-a621-d6aabd23fab8,6cd18eea-3ac0-431d-9242-be887ddd3c69,fa51a6f0-bacb-44eb-b5c3-24379130fbd9
11-17 09:39:15.913 10805 10805 D WM-SystemJobService: onStartJob for WorkGenerationalId(workSpecId=7bc6de68-a3a0-4d56-a2e0-161fcd91ffea, generation=0)
11-17 09:39:15.915 10805 10905 D WM-Processor: Processor cancelling 2aeb2a2b-4596-4ecb-aabc-2b1dca7fabbc
11-17 09:39:15.915 10805 10905 D WM-Processor: WorkerWrapper could not be found for 2aeb2a2b-4596-4ecb-aabc-2b1dca7fabbc
11-17 09:39:15.917  1520  1722 I .apps.wellbeing: AssetManager2(0x721b41a3e838) locale list changing from [] to [en-US]
11-17 09:39:15.922  1520  1722 I .apps.wellbeing: AssetManager2(0x721b41a2e1b8) locale list changing from [] to [en-US]
11-17 09:39:15.925 10805 10905 D WM-GreedyScheduler: Cancelling work ID 2aeb2a2b-4596-4ecb-aabc-2b1dca7fabbc
11-17 09:39:15.927  1520  1722 I .apps.wellbeing: AssetManager2(0x721b41a28a38) locale list changing from [] to [en-US]
11-17 09:39:15.932  1520  1722 I .apps.wellbeing: AssetManager2(0x721b41a44918) locale list changing from [] to [en-US]
11-17 09:39:15.933 10805 10905 D WM-SystemJobScheduler: Scheduling work ID 2dcc5430-5e7a-406c-aae9-9d7c88eeecedJob ID 2887
11-17 09:39:15.938  1520  1722 I .apps.wellbeing: AssetManager2(0x721b41a46858) locale list changing from [] to [en-US]
11-17 09:39:15.939 10805 10905 D WM-GreedyScheduler: Ignoring {WorkSpec: 9b5a2f91-f9a3-4e8b-9b68-107ef8435eef}. Requires device idle.
11-17 09:39:15.939 10805 10905 D WM-GreedyScheduler: Ignoring {WorkSpec: 04fad567-3163-448e-b837-50d62d64ab87}. Requires device idle.
11-17 09:39:15.939 10805 10905 D WM-GreedyScheduler: Ignoring {WorkSpec: 9b631aa9-ea92-4602-bc2a-5c89f75c59c3}. Requires device idle.
11-17 09:39:15.939 10805 10905 D WM-GreedyScheduler: Ignoring {WorkSpec: bcce82eb-67e3-4095-823d-9afc84ec2042}. Requires device idle.
11-17 09:39:15.940  1520  1722 I .apps.wellbeing: AssetManager2(0x721b41a24ed8) locale list changing from [] to [en-US]
11-17 09:39:15.940 10805 10905 D WM-GreedyScheduler: Starting tracking for 0de41918-8a13-4d54-a621-d6aabd23fab8,6cd18eea-3ac0-431d-9242-be887ddd3c69,fa51a6f0-bacb-44eb-b5c3-24379130fbd9
11-17 09:39:15.943  1520  1722 I .apps.wellbeing: AssetManager2(0x721b41a4a6d8) locale list changing from [] to [en-US]
11-17 09:39:15.943  1520  1722 I .apps.wellbeing: AssetManager2(0x721b41a3cf38) locale list changing from [] to [en-US]
11-17 09:39:15.945 10805 10965 D WM-Processor: Processor cancelling f6da2500-1bcb-44ce-baf0-c7c54451da34
11-17 09:39:15.945 10805 10965 D WM-Processor: WorkerWrapper could not be found for f6da2500-1bcb-44ce-baf0-c7c54451da34
11-17 09:39:15.949  1520  1722 I .apps.wellbeing: AssetManager2(0x721b41a21058) locale list changing from [] to [en-US]
11-17 09:39:15.950 10805 10965 D WM-GreedyScheduler: Cancelling work ID f6da2500-1bcb-44ce-baf0-c7c54451da34
11-17 09:39:15.953 10805 10965 D WM-SystemJobScheduler: Scheduling work ID 11de54bd-a91f-403b-b945-543fc9a467adJob ID 2888
11-17 09:39:15.953  1520  1722 I .apps.wellbeing: AssetManager2(0x721b41a43c98) locale list changing from [] to [en-US]
11-17 09:39:15.956 10805 10965 D WM-GreedyScheduler: Ignoring {WorkSpec: 9b5a2f91-f9a3-4e8b-9b68-107ef8435eef}. Requires device idle.
11-17 09:39:15.956 10805 10965 D WM-GreedyScheduler: Ignoring {WorkSpec: 04fad567-3163-448e-b837-50d62d64ab87}. Requires device idle.
11-17 09:39:15.956 10805 10965 D WM-GreedyScheduler: Ignoring {WorkSpec: 9b631aa9-ea92-4602-bc2a-5c89f75c59c3}. Requires device idle.
11-17 09:39:15.956 10805 10965 D WM-GreedyScheduler: Ignoring {WorkSpec: bcce82eb-67e3-4095-823d-9afc84ec2042}. Requires device idle.
11-17 09:39:15.957 10805 10965 D WM-GreedyScheduler: Starting tracking for 0de41918-8a13-4d54-a621-d6aabd23fab8,6cd18eea-3ac0-431d-9242-be887ddd3c69,fa51a6f0-bacb-44eb-b5c3-24379130fbd9
11-17 09:39:15.958 10805 10905 D WM-Processor: Processor cancelling 7463950f-e2ab-45de-9e58-3bf6bb78c18d
11-17 09:39:15.958 10805 10905 D WM-Processor: WorkerWrapper could not be found for 7463950f-e2ab-45de-9e58-3bf6bb78c18d
11-17 09:39:15.961  1520  1722 I .apps.wellbeing: AssetManager2(0x721b41a396f8) locale list changing from [] to [en-US]
11-17 09:39:15.962  1520  1722 I .apps.wellbeing: AssetManager2(0x721b41a3dbb8) locale list changing from [] to [en-US]
11-17 09:39:15.963  1520  1722 I .apps.wellbeing: AssetManager2(0x721b41a32678) locale list changing from [] to [en-US]
11-17 09:39:15.964 10805 10905 D WM-GreedyScheduler: Cancelling work ID 7463950f-e2ab-45de-9e58-3bf6bb78c18d
11-17 09:39:15.966  1520  1722 I .apps.wellbeing: AssetManager2(0x721b41a41718) locale list changing from [] to [en-US]
11-17 09:39:15.968 10805 10905 D WM-SystemJobScheduler: Scheduling work ID 8c350af1-b024-4c11-8f86-9f3d2dfab423Job ID 2889
11-17 09:39:15.969  1520  1722 I .apps.wellbeing: AssetManager2(0x721b41a43658) locale list changing from [] to [en-US]
11-17 09:39:15.970 10805 10905 D WM-GreedyScheduler: Ignoring {WorkSpec: 9b5a2f91-f9a3-4e8b-9b68-107ef8435eef}. Requires device idle.
11-17 09:39:15.970 10805 10905 D WM-GreedyScheduler: Ignoring {WorkSpec: 04fad567-3163-448e-b837-50d62d64ab87}. Requires device idle.
11-17 09:39:15.970 10805 10905 D WM-GreedyScheduler: Ignoring {WorkSpec: 9b631aa9-ea92-4602-bc2a-5c89f75c59c3}. Requires device idle.
11-17 09:39:15.971 10805 10905 D WM-GreedyScheduler: Ignoring {WorkSpec: bcce82eb-67e3-4095-823d-9afc84ec2042}. Requires device idle.
11-17 09:39:15.971 10805 10905 D WM-GreedyScheduler: Starting tracking for 0de41918-8a13-4d54-a621-d6aabd23fab8,6cd18eea-3ac0-431d-9242-be887ddd3c69,fa51a6f0-bacb-44eb-b5c3-24379130fbd9
11-17 09:39:15.972 10805 10905 I SyncWorkManagerOneTimeS: Successfully scheduled next onetime workers
11-17 09:39:15.972 10805 10965 I WM-WorkerWrapper: Work [ id=6e91eeb3-cd72-4261-8c6e-df85a241f579, tags={ com.google.apps.tiktok.contrib.work.TikTokListenableWorker,com.google.apps.tiktok.sync.impl.workmanager.SyncWorker,TikTokWorker#com.google.apps.tiktok.sync.impl.workmanager.SyncWorker } ] was cancelled
11-17 09:39:15.972 10805 10965 I WM-WorkerWrapper: puh
11-17 09:39:15.972 10805 10965 I WM-WorkerWrapper: 	at pst.e(PG:5)
11-17 09:39:15.972 10805 10965 I WM-WorkerWrapper: 	at qat.b(PG:137)
11-17 09:39:15.972 10805 10965 I WM-WorkerWrapper: 	at qan.run(PG:78)
11-17 09:39:15.972 10805 10965 I WM-WorkerWrapper: 	at ovm.p(PG:4)
11-17 09:39:15.972 10805 10965 I WM-WorkerWrapper: 	at qat.c(PG:14)
11-17 09:39:15.972 10805 10965 I WM-WorkerWrapper: 	at qau.a(PG:371)
11-17 09:39:15.972 10805 10965 I WM-WorkerWrapper: 	at ptj.invoke(PG:3)
11-17 09:39:15.972 10805 10965 I WM-WorkerWrapper: 	at prc.run(PG:21)
11-17 09:39:15.972 10805 10965 I WM-WorkerWrapper: 	at qbi.run(PG:3)
11-17 09:39:15.972 10805 10965 I WM-WorkerWrapper: 	at dubu.run(PG:7)
11-17 09:39:15.972 10805 10965 I WM-WorkerWrapper: 	at java.util.concurrent.ThreadPoolExecutor.runWorker(ThreadPoolExecutor.java:1156)
11-17 09:39:15.972 10805 10965 I WM-WorkerWrapper: 	at java.util.concurrent.ThreadPoolExecutor$Worker.run(ThreadPoolExecutor.java:651)
11-17 09:39:15.972 10805 10965 I WM-WorkerWrapper: 	at dubb.run(PG:6)
11-17 09:39:15.972 10805 10965 I WM-WorkerWrapper: 	at java.lang.Thread.run(Thread.java:1119)
11-17 09:39:15.972 10805 10965 I WM-WorkerWrapper: 	at ducv.run(PG:61)
11-17 09:39:15.972 10805 10965 D WM-WorkerWrapper: Status for 6e91eeb3-cd72-4261-8c6e-df85a241f579 is null ; not doing any work
11-17 09:39:15.972 10805 10905 D WM-StopWorkRunnable: StopWorkRunnable for 6e91eeb3-cd72-4261-8c6e-df85a241f579; Processor.stopWork = false
11-17 09:39:15.973 10805 10805 D WM-Processor: pst 6e91eeb3-cd72-4261-8c6e-df85a241f579 executed; reschedule = false
11-17 09:39:15.973 10805 10805 D WM-SystemJobService: 6e91eeb3-cd72-4261-8c6e-df85a241f579 executed on JobScheduler
11-17 09:39:15.973 10805 10965 D WM-StopWorkRunnable: StopWorkRunnable for 6e91eeb3-cd72-4261-8c6e-df85a241f579; Processor.stopWork = false
11-17 09:39:15.973 10805 10965 D WM-GreedyScheduler: Constraints not met: Cancelling work ID WorkGenerationalId(workSpecId=fa51a6f0-bacb-44eb-b5c3-24379130fbd9, generation=11)
11-17 09:39:15.974 10805 10905 D WM-GreedyScheduler: Constraints met: Scheduling work ID WorkGenerationalId(workSpecId=fb0d9fa2-053e-4566-a724-34e206a84460, generation=0)
11-17 09:39:15.974 10805 10905 D WM-GreedyScheduler: Constraints not met: Cancelling work ID WorkGenerationalId(workSpecId=80f72b29-4c36-4c97-be03-2f99b99cbfec, generation=0)
11-17 09:39:15.975 10805 10905 D WM-GreedyScheduler: Constraints not met: Cancelling work ID WorkGenerationalId(workSpecId=0de41918-8a13-4d54-a621-d6aabd23fab8, generation=4)
11-17 09:39:15.975 10805 10905 D WM-GreedyScheduler: Constraints not met: Cancelling work ID WorkGenerationalId(workSpecId=6cd18eea-3ac0-431d-9242-be887ddd3c69, generation=11)
11-17 09:39:15.977 10805 10905 D WM-Processor: pst: processing WorkGenerationalId(workSpecId=ee42bd1f-27e4-4c13-b95a-b03da23604c4, generation=0)
11-17 09:39:15.982 10805 10965 D WM-Processor: pst: processing WorkGenerationalId(workSpecId=7bc6de68-a3a0-4d56-a2e0-161fcd91ffea, generation=0)
11-17 09:39:15.983 10805 10938 D WM-Processor: Work WorkGenerationalId(workSpecId=7bc6de68-a3a0-4d56-a2e0-161fcd91ffea, generation=0) is already enqueued for processing
11-17 09:39:15.984 10805 10905 D WM-GreedyScheduler: Cancelling work ID 6e91eeb3-cd72-4261-8c6e-df85a241f579
11-17 09:39:15.985 10805 10905 D WM-GreedyScheduler: Ignoring {WorkSpec: 9b5a2f91-f9a3-4e8b-9b68-107ef8435eef}. Requires device idle.
11-17 09:39:15.985 10805 10905 D WM-GreedyScheduler: Ignoring {WorkSpec: 04fad567-3163-448e-b837-50d62d64ab87}. Requires device idle.
11-17 09:39:15.985 10805 10905 D WM-GreedyScheduler: Ignoring {WorkSpec: 9b631aa9-ea92-4602-bc2a-5c89f75c59c3}. Requires device idle.
11-17 09:39:15.985 10805 10905 D WM-GreedyScheduler: Ignoring {WorkSpec: bcce82eb-67e3-4095-823d-9afc84ec2042}. Requires device idle.
11-17 09:39:15.986 10805 10905 D WM-GreedyScheduler: Starting tracking for 0de41918-8a13-4d54-a621-d6aabd23fab8,6cd18eea-3ac0-431d-9242-be887ddd3c69,fa51a6f0-bacb-44eb-b5c3-24379130fbd9
11-17 09:39:15.987 10805 10938 D WM-Processor: Work WorkGenerationalId(workSpecId=fb0d9fa2-053e-4566-a724-34e206a84460, generation=0) is already enqueued for processing
11-17 09:39:15.987 10805 10938 D MddListenableWorkerFactory: createWorker for class: com.google.android.apps.messaging.shared.rcs.availability.metrics.RcsAvailabilityLogWorker
11-17 09:39:15.989 10805 10805 D WM-WorkerWrapper: Starting work for com.google.android.apps.messaging.shared.rcs.availability.metrics.RcsAvailabilityLogWorker
11-17 09:39:15.990 10805 10965 I BugleRcsEngine: [SR]: Single Registration is disabled. Skipping Single Registration capability check for subId: 1, OS.isAtLeastS:[true], enableSingleRegistrationProvisioning:[false] [CONTEXT thread_id=136 ]
11-17 09:39:15.994 10922 10922 D nativeloader: Configuring clns-9 for other apk /system/framework/android.test.runner.jar:/system/framework/android.test.mock.jar:/system/framework/android.test.base.jar:/data/app/~~1XNz7h39i1BOXz-uI2-usQ==/com.joaop.matematicadivertida.test-qGy6rOmtk0FBKOtxbhhqqg==/base.apk:/data/app/~~O_UV9irdTorkZIWuFDOuiA==/com.joaop.matematicadivertida-Iheozo4OghQlWBM3qrmejQ==/base.apk. target_sdk_version=35, uses_libraries=, library_path=/data/app/~~1XNz7h39i1BOXz-uI2-usQ==/com.joaop.matematicadivertida.test-qGy6rOmtk0FBKOtxbhhqqg==/lib/x86_64:/data/app/~~O_UV9irdTorkZIWuFDOuiA==/com.joaop.matematicadivertida-Iheozo4OghQlWBM3qrmejQ==/lib/x86_64:/data/app/~~1XNz7h39i1BOXz-uI2-usQ==/com.joaop.matematicadivertida.test-qGy6rOmtk0FBKOtxbhhqqg==/base.apk!/lib/x86_64:/data/app/~~O_UV9irdTorkZIWuFDOuiA==/com.joaop.matematicadivertida-Iheozo4OghQlWBM3qrmejQ==/base.apk!/lib/x86_64, permitted_path=/data:/mnt/expand:/data/user/0/com.joaop.matematicadivertida
11-17 09:39:15.994 10805 10905 D MddListenableWorkerFactory: createWorker for class: com.google.android.apps.messaging.shared.datamodel.workqueue.WorkQueueWorkerShim
11-17 09:39:16.000 10805 10805 D WM-WorkerWrapper: Starting work for com.google.android.apps.messaging.shared.datamodel.workqueue.WorkQueueWorkerShim
11-17 09:39:16.000 10922 10922 D CompatChangeReporter: Compat change id reported: 202956589; UID 10227; state: ENABLED
11-17 09:39:16.002 10922 10922 I maticadivertida: AssetManager2(0x721b41a235d8) locale list changing from [] to [en-US]
11-17 09:39:16.009 10805 10905 I WM-WorkerWrapper: Worker result SUCCESS for Work [ id=7bc6de68-a3a0-4d56-a2e0-161fcd91ffea, tags={ com.google.android.apps.messaging.shared.datamodel.workqueue.WorkQueueWorkerShim,data_upgrade- } ]
11-17 09:39:16.010 10805 10805 D WM-Processor: pst 7bc6de68-a3a0-4d56-a2e0-161fcd91ffea executed; reschedule = false
11-17 09:39:16.010 10805 10805 D WM-SystemJobService: 7bc6de68-a3a0-4d56-a2e0-161fcd91ffea executed on JobScheduler
11-17 09:39:16.016 10805 10905 D WM-GreedyScheduler: Cancelling work ID 7bc6de68-a3a0-4d56-a2e0-161fcd91ffea
11-17 09:39:16.018 10922 10922 V GraphicsEnvironment: Currently set values for:
11-17 09:39:16.018 10922 10922 V GraphicsEnvironment:   angle_gl_driver_selection_pkgs=[]
11-17 09:39:16.018 10922 10922 V GraphicsEnvironment:   angle_gl_driver_selection_values=[]
11-17 09:39:16.018 10922 10922 V GraphicsEnvironment: com.joaop.matematicadivertida is not listed in per-application setting
11-17 09:39:16.019 10922 10922 V GraphicsEnvironment: ANGLE allowlist from config: com.dreamgames.royalmatch com.dts.freefiremax com.dxx.firenow com.gramgames.mergedragons com.ludo.king com.mojang.minecraftpe com.my.defense com.nintendo.zaka com.os.airforce com.playrix.fishdomdd.gplay io.teslatech.callbreak jp.konami.prospia net.peakgames.toonblast
11-17 09:39:16.019 10922 10922 V GraphicsEnvironment: com.joaop.matematicadivertida is not listed in ANGLE allowlist or settings, returning default
11-17 09:39:16.019 10922 10922 V GraphicsEnvironment: Neither updatable production driver nor prerelease driver is supported.
11-17 09:39:16.022 10922 10922 D ApplicationLoaders: Returning zygote-cached class loader: /system/framework/android.test.base.jar
11-17 09:39:16.024 10922 10922 D nativeloader: Configuring clns-10 for other apk /system/framework/android.test.mock.jar. target_sdk_version=35, uses_libraries=ALL, library_path=/data/app/~~1XNz7h39i1BOXz-uI2-usQ==/com.joaop.matematicadivertida.test-qGy6rOmtk0FBKOtxbhhqqg==/lib/x86_64:/data/app/~~O_UV9irdTorkZIWuFDOuiA==/com.joaop.matematicadivertida-Iheozo4OghQlWBM3qrmejQ==/lib/x86_64, permitted_path=/data:/mnt/expand
11-17 09:39:16.024 10805 10905 D WM-GreedyScheduler: Ignoring {WorkSpec: 9b5a2f91-f9a3-4e8b-9b68-107ef8435eef}. Requires device idle.
11-17 09:39:16.024 10805 10905 D WM-GreedyScheduler: Ignoring {WorkSpec: 04fad567-3163-448e-b837-50d62d64ab87}. Requires device idle.
11-17 09:39:16.024 10805 10905 D WM-GreedyScheduler: Ignoring {WorkSpec: 9b631aa9-ea92-4602-bc2a-5c89f75c59c3}. Requires device idle.
11-17 09:39:16.024 10805 10905 D WM-GreedyScheduler: Ignoring {WorkSpec: bcce82eb-67e3-4095-823d-9afc84ec2042}. Requires device idle.
11-17 09:39:16.024 10922 10922 D ApplicationLoaders: Returning zygote-cached class loader: /system/framework/android.test.base.jar
11-17 09:39:16.026 10805 10905 D WM-GreedyScheduler: Starting tracking for 0de41918-8a13-4d54-a621-d6aabd23fab8,6cd18eea-3ac0-431d-9242-be887ddd3c69,fa51a6f0-bacb-44eb-b5c3-24379130fbd9
11-17 09:39:16.027 10922 10922 D nativeloader: Configuring clns-11 for other apk /system/framework/android.test.runner.jar. target_sdk_version=35, uses_libraries=ALL, library_path=/data/app/~~1XNz7h39i1BOXz-uI2-usQ==/com.joaop.matematicadivertida.test-qGy6rOmtk0FBKOtxbhhqqg==/lib/x86_64:/data/app/~~O_UV9irdTorkZIWuFDOuiA==/com.joaop.matematicadivertida-Iheozo4OghQlWBM3qrmejQ==/lib/x86_64, permitted_path=/data:/mnt/expand
11-17 09:39:16.029 10922 10922 W maticadivertida: ClassLoaderContext shared library size mismatch. Expected=2, found=3 (PCL[]{PCL[/system/framework/android.test.base.jar*2789897741]#PCL[/system/framework/android.test.mock.jar*3361312393]} | PCL[]{PCL[/system/framework/android.test.base.jar*2789897741]#PCL[/system/framework/android.test.mock.jar*3361312393]#PCL[/system/framework/android.test.runner.jar*895143020]{PCL[/system/framework/android.test.base.jar*2789897741]#PCL[/system/framework/android.test.mock.jar*3361312393]}};PCL[/system/framework/android.test.runner.jar*895143020:/system/framework/android.test.mock.jar*3361312393:/system/framework/android.test.base.jar*2789897741:/data/app/~~1XNz7h39i1BOXz-uI2-usQ==/com.joaop.matematicadivertida.test-qGy6rOmtk0FBKOtxbhhqqg==/base.apk*2739570640:/data/app/~~O_UV9irdTorkZIWuFDOuiA==/com.joaop.matematicadivertida-Iheozo4OghQlWBM3qrmejQ==/base.apk*4233412356])
11-17 09:39:16.030 10922 10922 W maticadivertida: ClassLoaderContext classpath size mismatch. expected=0, found=1 (PCL[] | PCL[/system/framework/android.test.runner.jar*895143020]{PCL[/system/framework/android.test.base.jar*2789897741]#PCL[/system/framework/android.test.mock.jar*3361312393]#PCL[/system/framework/android.test.runner.jar*895143020]{PCL[/system/framework/android.test.base.jar*2789897741]#PCL[/system/framework/android.test.mock.jar*3361312393]}};PCL[/system/framework/android.test.runner.jar*895143020:/system/framework/android.test.mock.jar*3361312393:/system/framework/android.test.base.jar*2789897741:/data/app/~~1XNz7h39i1BOXz-uI2-usQ==/com.joaop.matematicadivertida.test-qGy6rOmtk0FBKOtxbhhqqg==/base.apk*2739570640:/data/app/~~O_UV9irdTorkZIWuFDOuiA==/com.joaop.matematicadivertida-Iheozo4OghQlWBM3qrmejQ==/base.apk*4233412356])
11-17 09:39:16.032 10922 10922 W maticadivertida: ClassLoaderContext classpath size mismatch. expected=0, found=2 (PCL[] | PCL[/system/framework/android.test.runner.jar*895143020:/system/framework/android.test.mock.jar*3361312393]{PCL[/system/framework/android.test.base.jar*2789897741]#PCL[/system/framework/android.test.mock.jar*3361312393]#PCL[/system/framework/android.test.runner.jar*895143020]{PCL[/system/framework/android.test.base.jar*2789897741]#PCL[/system/framework/android.test.mock.jar*3361312393]}};PCL[/system/framework/android.test.runner.jar*895143020:/system/framework/android.test.mock.jar*3361312393:/system/framework/android.test.base.jar*2789897741:/data/app/~~1XNz7h39i1BOXz-uI2-usQ==/com.joaop.matematicadivertida.test-qGy6rOmtk0FBKOtxbhhqqg==/base.apk*2739570640:/data/app/~~O_UV9irdTorkZIWuFDOuiA==/com.joaop.matematicadivertida-Iheozo4OghQlWBM3qrmejQ==/base.apk*4233412356])
11-17 09:39:16.033 10805 10965 I WM-WorkerWrapper: Worker result SUCCESS for Work [ id=ee42bd1f-27e4-4c13-b95a-b03da23604c4, tags={ com.google.android.apps.messaging.shared.rcs.availability.metrics.RcsAvailabilityLogWorker } ]
11-17 09:39:16.035 10805 10805 D WM-Processor: pst ee42bd1f-27e4-4c13-b95a-b03da23604c4 executed; reschedule = false
11-17 09:39:16.035 10805 10805 D WM-SystemJobService: ee42bd1f-27e4-4c13-b95a-b03da23604c4 executed on JobScheduler
11-17 09:39:16.036 10805 10805 D WM-GreedyScheduler: Stopping tracking for WorkGenerationalId(workSpecId=ee42bd1f-27e4-4c13-b95a-b03da23604c4, generation=0)
11-17 09:39:16.037 10805 10965 D WM-GreedyScheduler: Cancelling work ID ee42bd1f-27e4-4c13-b95a-b03da23604c4
11-17 09:39:16.038 10805 10965 D WM-SystemJobScheduler: Scheduling work ID ee42bd1f-27e4-4c13-b95a-b03da23604c4Job ID 2890
11-17 09:39:16.041 10805 10965 D WM-GreedyScheduler: Ignoring {WorkSpec: 9b5a2f91-f9a3-4e8b-9b68-107ef8435eef}. Requires device idle.
11-17 09:39:16.041 10805 10965 D WM-GreedyScheduler: Ignoring {WorkSpec: 04fad567-3163-448e-b837-50d62d64ab87}. Requires device idle.
11-17 09:39:16.041 10805 10965 D WM-GreedyScheduler: Ignoring {WorkSpec: 9b631aa9-ea92-4602-bc2a-5c89f75c59c3}. Requires device idle.
11-17 09:39:16.041 10805 10965 D WM-GreedyScheduler: Ignoring {WorkSpec: bcce82eb-67e3-4095-823d-9afc84ec2042}. Requires device idle.
11-17 09:39:16.043 10805 10965 D WM-GreedyScheduler: Starting tracking for 0de41918-8a13-4d54-a621-d6aabd23fab8,6cd18eea-3ac0-431d-9242-be887ddd3c69,fa51a6f0-bacb-44eb-b5c3-24379130fbd9
11-17 09:39:16.336 10922 10922 I maticadivertida: AssetManager2(0x721b41a26e18) locale list changing from [] to [en-US]
11-17 09:39:16.358 10922 10972 D ApplicationLoaders: Returning zygote-cached class loader: /system/framework/org.apache.http.legacy.jar
11-17 09:39:16.358 10922 10972 D ApplicationLoaders: Returning zygote-cached class loader: /system/framework/com.android.media.remotedisplay.jar
11-17 09:39:16.359 10922 10972 D ApplicationLoaders: Returning zygote-cached class loader: /system/framework/com.android.location.provider.jar
11-17 09:39:16.359 10922 10972 D ApplicationLoaders: Returning zygote-cached class loader: /system_ext/framework/androidx.window.extensions.jar
11-17 09:39:16.359 10922 10972 D ApplicationLoaders: Returning zygote-cached class loader: /system_ext/framework/androidx.window.sidecar.jar
11-17 09:39:16.367 10922 10972 W maticadivertida: Loading /data/app/~~sbwzflDxFFPx1qsad4Gs8Q==/com.google.android.gms-ao3H1RSSTW0RPNt_jZ4Taw==/oat/x86_64/base.odex non-executable as it requires an image which we failed to load
11-17 09:39:16.373 10922 10972 D nativeloader: Configuring clns-12 for other apk /data/app/~~sbwzflDxFFPx1qsad4Gs8Q==/com.google.android.gms-ao3H1RSSTW0RPNt_jZ4Taw==/base.apk. target_sdk_version=36, uses_libraries=, library_path=/data/app/~~sbwzflDxFFPx1qsad4Gs8Q==/com.google.android.gms-ao3H1RSSTW0RPNt_jZ4Taw==/lib/x86_64:/data/app/~~sbwzflDxFFPx1qsad4Gs8Q==/com.google.android.gms-ao3H1RSSTW0RPNt_jZ4Taw==/base.apk!/lib/x86_64, permitted_path=/data:/mnt/expand:/data/user/0/com.google.android.gms
11-17 09:39:16.382 10922 10972 I maticadivertida: AssetManager2(0x721b41a25518) locale list changing from [] to [en-US]
11-17 09:39:16.390  1665  2277 I bbax    : (REDACTED) getHotwordActive::active query: %s, watch: %s, devices connected: %s
11-17 09:39:16.433 10922 10922 D SessionsDependencies: Dependency to CRASHLYTICS added.
11-17 09:39:16.443 10922 10922 I FirebaseApp: Device unlocked: initializing all Firebase APIs for app [DEFAULT]
11-17 09:39:16.554 10805 10958 I cn_CronetUrlRequestContext: destroyNativeStreamLocked org.chromium.net.impl.CronetBidirectionalStream@3a93412
11-17 09:39:16.555 10805 10942 I RpcManager: [5cb804af-6248-411c-8e5c-1e1daba3ec4c] processing getConfiguration response, workRequestId:fb0d9fa2-053e-4566-a724-34e206a84460
11-17 09:39:16.558 10922 10922 D FirebaseSessions: Initializing Firebase Sessions SDK.
11-17 09:39:16.566  1173  1415 D SatelliteController: iisInCarrierRoamingNbIotNtn: satellite is disabled
11-17 09:39:16.580 10805 10965 I SyncScheduler: scheduling sync for 14521 seconds later, policy = APPEND
11-17 09:39:16.581 10805 10965 I SyncHelper: [5cb804af-6248-411c-8e5c-1e1daba3ec4c] sync succeeded, workRequestId:fb0d9fa2-053e-4566-a724-34e206a84460
11-17 09:39:16.589 10805 10965 I WM-WorkerWrapper: Worker result SUCCESS for Work [ id=fb0d9fa2-053e-4566-a724-34e206a84460, tags={ com.google.android.libraries.communications.mobileconfiguration.sync.SyncWorker,SYNC } ]
11-17 09:39:16.590 10805 10965 I WM-WorkerWrapper: Setting status to enqueued for 8796c160-9d3b-4c08-a1ec-767f6305b69a
11-17 09:39:16.590 10805 10805 D WM-Processor: pst fb0d9fa2-053e-4566-a724-34e206a84460 executed; reschedule = false
11-17 09:39:16.590 10805 10805 D WM-SystemJobService: fb0d9fa2-053e-4566-a724-34e206a84460 executed on JobScheduler
11-17 09:39:16.590 10805 10805 D WM-GreedyScheduler: Stopping tracking for WorkGenerationalId(workSpecId=fb0d9fa2-053e-4566-a724-34e206a84460, generation=0)
11-17 09:39:16.596 10805 10965 D WM-GreedyScheduler: Cancelling work ID fb0d9fa2-053e-4566-a724-34e206a84460
11-17 09:39:16.597 10805 10965 D WM-SystemJobScheduler: Scheduling work ID 8796c160-9d3b-4c08-a1ec-767f6305b69aJob ID 2891
