11-17 09:39:08.200 10744 10744 W service : Thread Pool max thread count is 0. Cannot cache binder as linkToDeath cannot be implemented. serviceName: music_recognition
11-17 09:39:08.201 10744 10744 W service : Thread Pool max thread count is 0. Cannot cache binder as linkToDeath cannot be implemented. serviceName: nearby
11-17 09:39:08.203 10744 10744 W service : Thread Pool max thread count is 0. Cannot cache binder as linkToDeath cannot be implemented. serviceName: netd_listener
11-17 09:39:08.204 10744 10744 W service : Thread Pool max thread count is 0. Cannot cache binder as linkToDeath cannot be implemented. serviceName: netpolicy
11-17 09:39:08.205 10744 10744 W service : Thread Pool max thread count is 0. Cannot cache binder as linkToDeath cannot be implemented. serviceName: netstats
11-17 09:39:08.205 10744 10744 W service : Thread Pool max thread count is 0. Cannot cache binder as linkToDeath cannot be implemented. serviceName: network_management
11-17 09:39:08.206 10744 10744 W service : Thread Pool max thread count is 0. Cannot cache binder as linkToDeath cannot be implemented. serviceName: network_score
11-17 09:39:08.207 10744 10744 W service : Thread Pool max thread count is 0. Cannot cache binder as linkToDeath cannot be implemented. serviceName: network_stack
11-17 09:39:08.208 10744 10744 W service : Thread Pool max thread count is 0. Cannot cache binder as linkToDeath cannot be implemented. serviceName: network_time_update_service
11-17 09:39:08.208 10744 10744 E Parcel  : Reading a NULL string not supported here.
11-17 09:39:08.209 10744 10744 W service : Thread Pool max thread count is 0. Cannot cache binder as linkToDeath cannot be implemented. serviceName: network_watchlist
11-17 09:39:08.210 10744 10744 W service : Thread Pool max thread count is 0. Cannot cache binder as linkToDeath cannot be implemented. serviceName: notification
11-17 09:39:08.211 10744 10744 W service : Thread Pool max thread count is 0. Cannot cache binder as linkToDeath cannot be implemented. serviceName: on_device_intelligence
11-17 09:39:08.212 10744 10744 W service : Thread Pool max thread count is 0. Cannot cache binder as linkToDeath cannot be implemented. serviceName: ondevicepersonalization_system_service
11-17 09:39:08.213 10744 10744 E IPCThreadState: Binder transaction failure. id: 10940654, BR_*: 29201, error: -1 (Operation not permitted)
11-17 09:39:08.213 10744 10744 W service : Thread Pool max thread count is 0. Cannot cache binder as linkToDeath cannot be implemented. serviceName: otadexopt
11-17 09:39:08.214 10744 10744 W service : Thread Pool max thread count is 0. Cannot cache binder as linkToDeath cannot be implemented. serviceName: overlay
11-17 09:39:08.215 10744 10744 W service : Thread Pool max thread count is 0. Cannot cache binder as linkToDeath cannot be implemented. serviceName: pac_proxy
11-17 09:39:08.215 10744 10744 W service : Thread Pool max thread count is 0. Cannot cache binder as linkToDeath cannot be implemented. serviceName: package
11-17 09:39:08.216 10744 10744 W service : Thread Pool max thread count is 0. Cannot cache binder as linkToDeath cannot be implemented. serviceName: package_native
11-17 09:39:08.217 10744 10744 W service : Thread Pool max thread count is 0. Cannot cache binder as linkToDeath cannot be implemented. serviceName: people
11-17 09:39:08.218 10744 10744 W service : Thread Pool max thread count is 0. Cannot cache binder as linkToDeath cannot be implemented. serviceName: performance_hint
11-17 09:39:08.219 10744 10744 W service : Thread Pool max thread count is 0. Cannot cache binder as linkToDeath cannot be implemented. serviceName: permission
11-17 09:39:08.219 10744 10744 W service : Thread Pool max thread count is 0. Cannot cache binder as linkToDeath cannot be implemented. serviceName: permission_checker
11-17 09:39:08.220 10744 10744 W service : Thread Pool max thread count is 0. Cannot cache binder as linkToDeath cannot be implemented. serviceName: permissionmgr
11-17 09:39:08.221 10744 10744 W service : Thread Pool max thread count is 0. Cannot cache binder as linkToDeath cannot be implemented. serviceName: phone
11-17 09:39:08.222 10744 10744 W service : Thread Pool max thread count is 0. Cannot cache binder as linkToDeath cannot be implemented. serviceName: pinner
11-17 09:39:08.223 10744 10744 W service : Thread Pool max thread count is 0. Cannot cache binder as linkToDeath cannot be implemented. serviceName: platform_compat
11-17 09:39:08.224 10744 10744 W service : Thread Pool max thread count is 0. Cannot cache binder as linkToDeath cannot be implemented. serviceName: platform_compat_native
11-17 09:39:08.224 10744 10744 W service : Thread Pool max thread count is 0. Cannot cache binder as linkToDeath cannot be implemented. serviceName: power
11-17 09:39:08.225 10744 10744 W service : Thread Pool max thread count is 0. Cannot cache binder as linkToDeath cannot be implemented. serviceName: powerstats
11-17 09:39:08.226 10744 10744 W service : Thread Pool max thread count is 0. Cannot cache binder as linkToDeath cannot be implemented. serviceName: print
11-17 09:39:08.227 10744 10744 W service : Thread Pool max thread count is 0. Cannot cache binder as linkToDeath cannot be implemented. serviceName: processinfo
11-17 09:39:08.228 10744 10744 W service : Thread Pool max thread count is 0. Cannot cache binder as linkToDeath cannot be implemented. serviceName: procstats
11-17 09:39:08.228 10744 10744 W service : Thread Pool max thread count is 0. Cannot cache binder as linkToDeath cannot be implemented. serviceName: profiling_service
11-17 09:39:08.229 10744 10744 W service : Thread Pool max thread count is 0. Cannot cache binder as linkToDeath cannot be implemented. serviceName: ranging
11-17 09:39:08.230 10744 10744 W service : Thread Pool max thread count is 0. Cannot cache binder as linkToDeath cannot be implemented. serviceName: reboot_readiness
11-17 09:39:08.231 10744 10744 W service : Thread Pool max thread count is 0. Cannot cache binder as linkToDeath cannot be implemented. serviceName: recovery
11-17 09:39:08.231 10744 10744 W service : Thread Pool max thread count is 0. Cannot cache binder as linkToDeath cannot be implemented. serviceName: remote_provisioning
11-17 09:39:08.232 10744 10744 W service : Thread Pool max thread count is 0. Cannot cache binder as linkToDeath cannot be implemented. serviceName: resources
11-17 09:39:08.233 10744 10744 W service : Thread Pool max thread count is 0. Cannot cache binder as linkToDeath cannot be implemented. serviceName: restrictions
11-17 09:39:08.233 10744 10744 W service : Thread Pool max thread count is 0. Cannot cache binder as linkToDeath cannot be implemented. serviceName: role
11-17 09:39:08.234 10744 10744 W service : Thread Pool max thread count is 0. Cannot cache binder as linkToDeath cannot be implemented. serviceName: rollback
11-17 09:39:08.235 10744 10744 W service : Thread Pool max thread count is 0. Cannot cache binder as linkToDeath cannot be implemented. serviceName: runtime
11-17 09:39:08.235 10744 10744 E Parcel  : Reading a NULL string not supported here.
11-17 09:39:08.236 10744 10744 W service : Thread Pool max thread count is 0. Cannot cache binder as linkToDeath cannot be implemented. serviceName: safety_center
11-17 09:39:08.236 10744 10744 W service : Thread Pool max thread count is 0. Cannot cache binder as linkToDeath cannot be implemented. serviceName: scheduling_policy
11-17 09:39:08.237 10744 10744 W service : Thread Pool max thread count is 0. Cannot cache binder as linkToDeath cannot be implemented. serviceName: sdk_sandbox
11-17 09:39:08.238 10744 10744 W service : Thread Pool max thread count is 0. Cannot cache binder as linkToDeath cannot be implemented. serviceName: search
11-17 09:39:08.239 10744 10744 W service : Thread Pool max thread count is 0. Cannot cache binder as linkToDeath cannot be implemented. serviceName: search_ui
11-17 09:39:08.239 10744 10744 W service : Thread Pool max thread count is 0. Cannot cache binder as linkToDeath cannot be implemented. serviceName: sec_key_att_app_id_provider
11-17 09:39:08.240 10744 10744 W service : Thread Pool max thread count is 0. Cannot cache binder as linkToDeath cannot be implemented. serviceName: secure_element
11-17 09:39:08.240 10744 10744 W service : Thread Pool max thread count is 0. Cannot cache binder as linkToDeath cannot be implemented. serviceName: security_state
11-17 09:39:08.241 10744 10744 W service : Thread Pool max thread count is 0. Cannot cache binder as linkToDeath cannot be implemented. serviceName: sensitive_content_protection_service
11-17 09:39:08.242 10744 10744 W service : Thread Pool max thread count is 0. Cannot cache binder as linkToDeath cannot be implemented. serviceName: sensor_privacy
11-17 09:39:08.243 10744 10744 W service : Thread Pool max thread count is 0. Cannot cache binder as linkToDeath cannot be implemented. serviceName: sensorservice
11-17 09:39:08.244 10744 10744 W service : Thread Pool max thread count is 0. Cannot cache binder as linkToDeath cannot be implemented. serviceName: serial
11-17 09:39:08.245 10744 10744 W service : Thread Pool max thread count is 0. Cannot cache binder as linkToDeath cannot be implemented. serviceName: servicediscovery
11-17 09:39:08.246 10744 10744 W service : Thread Pool max thread count is 0. Cannot cache binder as linkToDeath cannot be implemented. serviceName: settings
11-17 09:39:08.246 10744 10744 E Parcel  : Reading a NULL string not supported here.
11-17 09:39:08.246 10744 10744 W service : Thread Pool max thread count is 0. Cannot cache binder as linkToDeath cannot be implemented. serviceName: shortcut
11-17 09:39:08.247 10744 10744 W service : Thread Pool max thread count is 0. Cannot cache binder as linkToDeath cannot be implemented. serviceName: simphonebook
11-17 09:39:08.248 10744 10744 W service : Thread Pool max thread count is 0. Cannot cache binder as linkToDeath cannot be implemented. serviceName: slice
11-17 09:39:08.249 10744 10744 W service : Thread Pool max thread count is 0. Cannot cache binder as linkToDeath cannot be implemented. serviceName: smartspace
11-17 09:39:08.250 10744 10744 W service : Thread Pool max thread count is 0. Cannot cache binder as linkToDeath cannot be implemented. serviceName: soundtrigger
11-17 09:39:08.250 10744 10744 W service : Thread Pool max thread count is 0. Cannot cache binder as linkToDeath cannot be implemented. serviceName: soundtrigger_middleware
11-17 09:39:08.251 10744 10744 W service : Thread Pool max thread count is 0. Cannot cache binder as linkToDeath cannot be implemented. serviceName: speech_recognition
11-17 09:39:08.251 10744 10744 W service : Thread Pool max thread count is 0. Cannot cache binder as linkToDeath cannot be implemented. serviceName: stats
11-17 09:39:08.252 10744 10744 W service : Thread Pool max thread count is 0. Cannot cache binder as linkToDeath cannot be implemented. serviceName: statsbootstrap
11-17 09:39:08.253 10744 10744 W service : Thread Pool max thread count is 0. Cannot cache binder as linkToDeath cannot be implemented. serviceName: statscompanion
11-17 09:39:08.254 10744 10744 W service : Thread Pool max thread count is 0. Cannot cache binder as linkToDeath cannot be implemented. serviceName: statsmanager
11-17 09:39:08.255 10744 10744 W service : Thread Pool max thread count is 0. Cannot cache binder as linkToDeath cannot be implemented. serviceName: statusbar
11-17 09:39:08.255 10744 10744 W service : Thread Pool max thread count is 0. Cannot cache binder as linkToDeath cannot be implemented. serviceName: storaged
11-17 09:39:08.256 10744 10744 W service : Thread Pool max thread count is 0. Cannot cache binder as linkToDeath cannot be implemented. serviceName: storaged_pri
11-17 09:39:08.257 10744 10744 W service : Thread Pool max thread count is 0. Cannot cache binder as linkToDeath cannot be implemented. serviceName: storagestats
11-17 09:39:08.258 10744 10744 W service : Thread Pool max thread count is 0. Cannot cache binder as linkToDeath cannot be implemented. serviceName: supervision
11-17 09:39:08.316 10744 10744 W service : Thread Pool max thread count is 0. Cannot cache binder as linkToDeath cannot be implemented. serviceName: system_config
11-17 09:39:08.316 10744 10744 W service : Thread Pool max thread count is 0. Cannot cache binder as linkToDeath cannot be implemented. serviceName: system_server_dumper
11-17 09:39:08.317 10744 10744 E Parcel  : Reading a NULL string not supported here.
11-17 09:39:08.317 10744 10744 W service : Thread Pool max thread count is 0. Cannot cache binder as linkToDeath cannot be implemented. serviceName: system_update
11-17 09:39:08.318 10744 10744 W service : Thread Pool max thread count is 0. Cannot cache binder as linkToDeath cannot be implemented. serviceName: telecom
11-17 09:39:08.319 10744 10744 W service : Thread Pool max thread count is 0. Cannot cache binder as linkToDeath cannot be implemented. serviceName: telephony.registry
11-17 09:39:08.320 10744 10744 W service : Thread Pool max thread count is 0. Cannot cache binder as linkToDeath cannot be implemented. serviceName: telephony_ims
11-17 09:39:08.321 10744 10744 W service : Thread Pool max thread count is 0. Cannot cache binder as linkToDeath cannot be implemented. serviceName: testharness
11-17 09:39:08.321 10744 10744 E Parcel  : Reading a NULL string not supported here.
11-17 09:39:08.321 10744 10744 W service : Thread Pool max thread count is 0. Cannot cache binder as linkToDeath cannot be implemented. serviceName: tethering
11-17 09:39:08.322 10744 10744 W service : Thread Pool max thread count is 0. Cannot cache binder as linkToDeath cannot be implemented. serviceName: textclassification
11-17 09:39:08.323 10744 10744 W service : Thread Pool max thread count is 0. Cannot cache binder as linkToDeath cannot be implemented. serviceName: textservices
11-17 09:39:08.323 10744 10744 W service : Thread Pool max thread count is 0. Cannot cache binder as linkToDeath cannot be implemented. serviceName: texttospeech
11-17 09:39:08.324 10744 10744 W service : Thread Pool max thread count is 0. Cannot cache binder as linkToDeath cannot be implemented. serviceName: thermalservice
11-17 09:39:08.324 10744 10744 W service : Thread Pool max thread count is 0. Cannot cache binder as linkToDeath cannot be implemented. serviceName: thread_network
11-17 09:39:08.324 10744 10744 W service : Thread Pool max thread count is 0. Cannot cache binder as linkToDeath cannot be implemented. serviceName: time_detector
11-17 09:39:08.325 10744 10744 W service : Thread Pool max thread count is 0. Cannot cache binder as linkToDeath cannot be implemented. serviceName: time_zone_detector
11-17 09:39:08.325 10744 10744 W service : Thread Pool max thread count is 0. Cannot cache binder as linkToDeath cannot be implemented. serviceName: tracing.proxy
11-17 09:39:08.326 10744 10744 W service : Thread Pool max thread count is 0. Cannot cache binder as linkToDeath cannot be implemented. serviceName: tradeinmode
11-17 09:39:08.326 10744 10744 W service : Thread Pool max thread count is 0. Cannot cache binder as linkToDeath cannot be implemented. serviceName: translation
11-17 09:39:08.328 10744 10744 W service : Thread Pool max thread count is 0. Cannot cache binder as linkToDeath cannot be implemented. serviceName: transparency
11-17 09:39:08.328 10744 10744 W service : Thread Pool max thread count is 0. Cannot cache binder as linkToDeath cannot be implemented. serviceName: trust
11-17 09:39:08.329 10744 10744 W service : Thread Pool max thread count is 0. Cannot cache binder as linkToDeath cannot be implemented. serviceName: uimode
11-17 09:39:08.330 10744 10744 W service : Thread Pool max thread count is 0. Cannot cache binder as linkToDeath cannot be implemented. serviceName: updatelock
11-17 09:39:08.331 10744 10744 W service : Thread Pool max thread count is 0. Cannot cache binder as linkToDeath cannot be implemented. serviceName: uri_grants
11-17 09:39:08.331 10744 10744 W service : Thread Pool max thread count is 0. Cannot cache binder as linkToDeath cannot be implemented. serviceName: usagestats
11-17 09:39:08.332 10744 10744 W service : Thread Pool max thread count is 0. Cannot cache binder as linkToDeath cannot be implemented. serviceName: usb
11-17 09:39:08.333 10744 10744 W service : Thread Pool max thread count is 0. Cannot cache binder as linkToDeath cannot be implemented. serviceName: user
11-17 09:39:08.334 10744 10744 W service : Thread Pool max thread count is 0. Cannot cache binder as linkToDeath cannot be implemented. serviceName: uwb
11-17 09:39:08.334 10744 10744 W service : Thread Pool max thread count is 0. Cannot cache binder as linkToDeath cannot be implemented. serviceName: vcn_management
11-17 09:39:08.335 10744 10744 W service : Thread Pool max thread count is 0. Cannot cache binder as linkToDeath cannot be implemented. serviceName: vibrator_manager
11-17 09:39:08.336 10744 10744 W service : Thread Pool max thread count is 0. Cannot cache binder as linkToDeath cannot be implemented. serviceName: virtualdevice
11-17 09:39:08.337 10744 10744 W service : Thread Pool max thread count is 0. Cannot cache binder as linkToDeath cannot be implemented. serviceName: virtualdevice_native
11-17 09:39:08.338 10744 10744 W service : Thread Pool max thread count is 0. Cannot cache binder as linkToDeath cannot be implemented. serviceName: voiceinteraction
11-17 09:39:08.340 10744 10744 W service : Thread Pool max thread count is 0. Cannot cache binder as linkToDeath cannot be implemented. serviceName: vpn_management
11-17 09:39:08.340 10744 10744 W service : Thread Pool max thread count is 0. Cannot cache binder as linkToDeath cannot be implemented. serviceName: wallpaper
11-17 09:39:08.341 10744 10744 W service : Thread Pool max thread count is 0. Cannot cache binder as linkToDeath cannot be implemented. serviceName: wallpaper_effects_generation
11-17 09:39:08.342 10744 10744 W service : Thread Pool max thread count is 0. Cannot cache binder as linkToDeath cannot be implemented. serviceName: wearable_sensing
11-17 09:39:08.343 10744 10744 W service : Thread Pool max thread count is 0. Cannot cache binder as linkToDeath cannot be implemented. serviceName: webviewupdate
11-17 09:39:08.344 10744 10744 W service : Thread Pool max thread count is 0. Cannot cache binder as linkToDeath cannot be implemented. serviceName: wifi
11-17 09:39:08.345 10744 10744 W service : Thread Pool max thread count is 0. Cannot cache binder as linkToDeath cannot be implemented. serviceName: wifinl80211
11-17 09:39:08.345 10744 10744 E IPCThreadState: Binder transaction failure. id: 10941157, BR_*: 29201, error: -1 (Operation not permitted)
11-17 09:39:08.345 10744 10744 W service : Thread Pool max thread count is 0. Cannot cache binder as linkToDeath cannot be implemented. serviceName: wifip2p
11-17 09:39:08.346 10744 10744 W service : Thread Pool max thread count is 0. Cannot cache binder as linkToDeath cannot be implemented. serviceName: wifiscanner
11-17 09:39:08.347 10744 10744 W service : Thread Pool max thread count is 0. Cannot cache binder as linkToDeath cannot be implemented. serviceName: window
11-17 09:39:12.792   726  1203 V SettingsShellCmd: putForUser(userId=0, table=global, key=verifier_verify_adb_installs, value=0, tag=null, makeDefault=false, overrideableByRestore=false)
11-17 09:39:12.840  5739  5739 I abb     : StartCommandInProcess(7061636b61676500696e7374616c6c2d package.install- [truncated])
11-17 09:39:12.843   726   822 W IPCThreadState: Sending oneway calls to frozen process.
11-17 09:39:12.841   726   726 W binder:726_8: type=1400 audit(0.0:2682): avc:  denied  { getopt } for  scontext=u:r:system_server:s0 tcontext=u:r:shell:s0 tclass=unix_stream_socket permissive=0
11-17 09:39:12.841   726   726 W binder:726_8: type=1400 audit(0.0:2683): avc:  denied  { getopt } for  scontext=u:r:system_server:s0 tcontext=u:r:shell:s0 tclass=unix_stream_socket permissive=0
11-17 09:39:12.841   726   726 W binder:726_8: type=1400 audit(0.0:2684): avc:  denied  { getopt } for  scontext=u:r:system_server:s0 tcontext=u:r:shell:s0 tclass=unix_stream_socket permissive=0
11-17 09:39:12.877  5739  5739 I abb     : StartCommandInProcess(7061636b61676500696e7374616c6c2d package.install- [truncated])
11-17 09:39:12.880   726   822 W IPCThreadState: Sending oneway calls to frozen process.
11-17 09:39:12.889   726   822 W IPCThreadState: Sending oneway calls to frozen process.
11-17 09:39:12.893   726   822 W IPCThreadState: Sending oneway calls to frozen process.
11-17 09:39:12.895   726   822 W IPCThreadState: Sending oneway calls to frozen process.
11-17 09:39:12.898   726   822 W IPCThreadState: Sending oneway calls to frozen process.
11-17 09:39:12.899   726   822 W IPCThreadState: Sending oneway calls to frozen process.
11-17 09:39:12.902   726   822 W IPCThreadState: Sending oneway calls to frozen process.
11-17 09:39:12.915   726   822 W IPCThreadState: Sending oneway calls to frozen process.
11-17 09:39:12.918   726   822 W IPCThreadState: Sending oneway calls to frozen process.
11-17 09:39:12.921   726   822 W IPCThreadState: Sending oneway calls to frozen process.
11-17 09:39:12.923   726   822 W IPCThreadState: Sending oneway calls to frozen process.
11-17 09:39:12.926   726   822 W IPCThreadState: Sending oneway calls to frozen process.
11-17 09:39:12.929   726   822 W IPCThreadState: Sending oneway calls to frozen process.
11-17 09:39:12.932   726   822 W IPCThreadState: Sending oneway calls to frozen process.
11-17 09:39:12.936   726   822 W IPCThreadState: Sending oneway calls to frozen process.
11-17 09:39:12.940   726   822 W IPCThreadState: Sending oneway calls to frozen process.
11-17 09:39:12.943   726   822 W IPCThreadState: Sending oneway calls to frozen process.
11-17 09:39:12.948   726   822 W IPCThreadState: Sending oneway calls to frozen process.
11-17 09:39:12.952   726   822 W IPCThreadState: Sending oneway calls to frozen process.
11-17 09:39:12.959   726   822 W IPCThreadState: Sending oneway calls to frozen process.
11-17 09:39:12.966   726   822 W IPCThreadState: Sending oneway calls to frozen process.
11-17 09:39:12.977   726   822 W IPCThreadState: Sending oneway calls to frozen process.
11-17 09:39:12.980   726   822 W IPCThreadState: Sending oneway calls to frozen process.
11-17 09:39:12.986   726   822 W IPCThreadState: Sending oneway calls to frozen process.
11-17 09:39:12.993   726   822 W IPCThreadState: Sending oneway calls to frozen process.
11-17 09:39:12.998   726   822 W IPCThreadState: Sending oneway calls to frozen process.
11-17 09:39:13.002   726   822 W IPCThreadState: Sending oneway calls to frozen process.
11-17 09:39:13.005   726   822 W IPCThreadState: Sending oneway calls to frozen process.
11-17 09:39:13.011   726   822 W IPCThreadState: Sending oneway calls to frozen process.
11-17 09:39:13.012   726   822 W IPCThreadState: Sending oneway calls to frozen process.
11-17 09:39:13.009   726   726 W binder:726_3: type=1400 audit(0.0:2685): avc:  denied  { getopt } for  scontext=u:r:system_server:s0 tcontext=u:r:shell:s0 tclass=unix_stream_socket permissive=0
11-17 09:39:13.009   726   726 W binder:726_3: type=1400 audit(0.0:2686): avc:  denied  { getopt } for  scontext=u:r:system_server:s0 tcontext=u:r:shell:s0 tclass=unix_stream_socket permissive=0
11-17 09:39:13.038  5739  5739 I abb     : StartCommandInProcess(7061636b61676500696e7374616c6c2d package.install- [truncated])
11-17 09:39:13.039   726   822 W IPCThreadState: Sending oneway calls to frozen process.
11-17 09:39:13.040   726   823 E SystemServiceRegistry: No service published for: persistent_data_block
11-17 09:39:13.040   726   823 E SystemServiceRegistry: android.os.ServiceManager$ServiceNotFoundException: No service published for: persistent_data_block
11-17 09:39:13.040   726   823 E SystemServiceRegistry: 	at android.os.ServiceManager.getServiceOrThrow(ServiceManager.java:203)
11-17 09:39:13.040   726   823 E SystemServiceRegistry: 	at android.app.SystemServiceRegistry$82.createService(SystemServiceRegistry.java:1110)
11-17 09:39:13.040   726   823 E SystemServiceRegistry: 	at android.app.SystemServiceRegistry$82.createService(SystemServiceRegistry.java:1107)
11-17 09:39:13.040   726   823 E SystemServiceRegistry: 	at android.app.SystemServiceRegistry$StaticServiceFetcher.getService(SystemServiceRegistry.java:2405)
11-17 09:39:13.040   726   823 E SystemServiceRegistry: 	at android.app.SystemServiceRegistry.getSystemService(SystemServiceRegistry.java:1918)
11-17 09:39:13.040   726   823 E SystemServiceRegistry: 	at android.app.ContextImpl.getSystemService(ContextImpl.java:2315)
11-17 09:39:13.040   726   823 E SystemServiceRegistry: 	at android.content.Context.getSystemService(Context.java:4630)
11-17 09:39:13.040   726   823 E SystemServiceRegistry: 	at com.android.server.pm.PackageInstallerSession.markAsSealed(PackageInstallerSession.java:2449)
11-17 09:39:13.040   726   823 E SystemServiceRegistry: 	at com.android.server.pm.PackageInstallerSession.commit(PackageInstallerSession.java:2198)
11-17 09:39:13.040   726   823 E SystemServiceRegistry: 	at android.content.pm.PackageInstaller$Session.commit(PackageInstaller.java:1988)
11-17 09:39:13.040   726   823 E SystemServiceRegistry: 	at com.android.server.pm.PackageManagerShellCommand.doCommitSession(PackageManagerShellCommand.java:4316)
11-17 09:39:13.040   726   823 E SystemServiceRegistry: 	at com.android.server.pm.PackageManagerShellCommand.runInstallCommit(PackageManagerShellCommand.java:1726)
11-17 09:39:13.040   726   823 E SystemServiceRegistry: 	at com.android.server.pm.PackageManagerShellCommand.onCommand(PackageManagerShellCommand.java:255)
11-17 09:39:13.040   726   823 E SystemServiceRegistry: 	at com.android.modules.utils.BasicShellCommandHandler.exec(BasicShellCommandHandler.java:97)
11-17 09:39:13.040   726   823 E SystemServiceRegistry: 	at android.os.ShellCommand.exec(ShellCommand.java:38)
11-17 09:39:13.040   726   823 E SystemServiceRegistry: 	at com.android.server.pm.PackageManagerService$IPackageManagerImpl.onShellCommand(PackageManagerService.java:6684)
11-17 09:39:13.040   726   823 E SystemServiceRegistry: 	at android.os.Binder.shellCommand(Binder.java:1151)
11-17 09:39:13.040   726   823 E SystemServiceRegistry: 	at android.os.Binder.onTransact(Binder.java:953)
11-17 09:39:13.040   726   823 E SystemServiceRegistry: 	at android.content.pm.IPackageManager$Stub.onTransact(IPackageManager.java:4729)
11-17 09:39:13.040   726   823 E SystemServiceRegistry: 	at com.android.server.pm.PackageManagerService$IPackageManagerImpl.onTransact(PackageManagerService.java:6668)
11-17 09:39:13.040   726   823 E SystemServiceRegistry: 	at android.os.Binder.execTransactInternal(Binder.java:1426)
11-17 09:39:13.040   726   823 E SystemServiceRegistry: 	at android.os.Binder.execTransact(Binder.java:1365)
11-17 09:39:13.040   726   823 E SystemServiceRegistry: Manager wrapper not available: persistent_data_block
11-17 09:39:13.056   726   822 W IPCThreadState: Sending oneway calls to frozen process.
11-17 09:39:13.057   726   757 D FileSystemUtils: Total number of LOAD segments 3
11-17 09:39:13.057   726   757 D FileSystemUtils: Size before punching holes st_blocks: 29992, st_blksize: 4096, st_size: 15348532
11-17 09:39:13.057   726   757 D FileSystemUtils: Size after punching holes st_blocks: 29992, st_blksize: 4096, st_size: 15348532
11-17 09:39:13.057   726   757 D FileSystemUtils: Extra field length: 7031,  Size before punching holes st_blocks: 29992, st_blksize: 4096, st_size: 15348532
11-17 09:39:13.057   726   757 D FileSystemUtils: Extra field length: 7031 content near offset: 00000000000000000000000000000000000000000000000000000000000000000000000000000000000000000000000000000000000000000000000000000000000000000000000000000000000000000000000000000000000000000000000000000000000000000000000000000000000000000000000000000000000000000000000000000000000000000000000000000000000000000000000000000000000000000000000000000000000000000000000000000000000000000000000000000000000000000000000000000000000000000000000000000000000000000000000000000000000000000000000000000000000000000000000000000000000000000000000000000000000000000000000000000000000000000000000000000000000000000000000000000000000000000000000000000000000000000000000000000000000000000000000000000000000000000000000000000000000000000000000000000000000000000000000000000000000000000000000000000000000000000000000000000000000000000000000000000000000000000000000000000000000000000000000000000000000000000000000000000000000000000000000000000000000000000000000000000000000000000000000000000000000000000
11-17 09:39:13.057   726   757 D FileSystemUtils: Punching hole in file - start: 14217216 len:4096
11-17 09:39:13.058   726   757 D FileSystemUtils: punchHolesInApk:: Size after punching holes st_blocks: 29984, st_blksize: 4096, st_size: 15348532
11-17 09:39:13.058   726   822 W IPCThreadState: Sending oneway calls to frozen process.
11-17 09:39:13.059   726   822 D InstallDependencyHelper: No missing dependency for com.joaop.matematicadivertida
11-17 09:39:13.063   726   802 V Configuration: Updating configuration, locales updated from [] to [en_US]
11-17 09:39:13.063   726   802 I system_server: AssetManager2(0x721b41a7e938) locale list changing from [] to [en-US]
11-17 09:39:13.095   726   806 W IPCThreadState: Sending oneway calls to frozen process.
11-17 09:39:13.096   726   806 W IPCThreadState: Sending oneway calls to frozen process.
11-17 09:39:13.096   726   806 W IPCThreadState: Sending oneway calls to frozen process.
11-17 09:39:13.096   726   806 W IPCThreadState: Sending oneway calls to frozen process.
11-17 09:39:13.096   726   806 W IPCThreadState: Sending oneway calls to frozen process.
11-17 09:39:13.096   726   806 W IPCThreadState: Sending oneway calls to frozen process.
11-17 09:39:13.096   726   806 W IPCThreadState: Sending oneway calls to frozen process.
11-17 09:39:13.096   726   806 W IPCThreadState: Sending oneway calls to frozen process.
11-17 09:39:13.097   726   806 W IPCThreadState: Sending oneway calls to frozen process.
11-17 09:39:13.097   726   806 W IPCThreadState: Sending oneway calls to frozen process.
11-17 09:39:13.097   726   806 W IPCThreadState: Sending oneway calls to frozen process.
11-17 09:39:13.097   726   806 W IPCThreadState: Sending oneway calls to frozen process.
11-17 09:39:13.097   726   806 W IPCThreadState: Sending oneway calls to frozen process.
11-17 09:39:13.097   726   806 W IPCThreadState: Sending oneway calls to frozen process.
11-17 09:39:13.097   726   806 W IPCThreadState: Sending oneway calls to frozen process.
11-17 09:39:13.098   726   806 W IPCThreadState: Sending oneway calls to frozen process.
11-17 09:39:13.098   726   806 W IPCThreadState: Sending oneway calls to frozen process.
11-17 09:39:13.098   726   806 W IPCThreadState: Sending oneway calls to frozen process.
11-17 09:39:13.098   726   806 W IPCThreadState: Sending oneway calls to frozen process.
11-17 09:39:13.098   726   806 W IPCThreadState: Sending oneway calls to frozen process.
11-17 09:39:13.098   726   806 W IPCThreadState: Sending oneway calls to frozen process.
11-17 09:39:13.099   726   806 W IPCThreadState: Sending oneway calls to frozen process.
11-17 09:39:13.099   726   806 W IPCThreadState: Sending oneway calls to frozen process.
11-17 09:39:13.099   726   806 W IPCThreadState: Sending oneway calls to frozen process.
11-17 09:39:13.099   726   806 W IPCThreadState: Sending oneway calls to frozen process.
11-17 09:39:13.099   726   806 W IPCThreadState: Sending oneway calls to frozen process.
11-17 09:39:13.100   726   806 W IPCThreadState: Sending oneway calls to frozen process.
11-17 09:39:13.100   726   806 W IPCThreadState: Sending oneway calls to frozen process.
11-17 09:39:13.100   726   806 W IPCThreadState: Sending oneway calls to frozen process.
11-17 09:39:13.100   726   806 W IPCThreadState: Sending oneway calls to frozen process.
11-17 09:39:13.100   726   806 W IPCThreadState: Sending oneway calls to frozen process.
11-17 09:39:13.100   726   806 W IPCThreadState: Sending oneway calls to frozen process.
11-17 09:39:13.100   726   806 W IPCThreadState: Sending oneway calls to frozen process.
11-17 09:39:13.100   726   806 W IPCThreadState: Sending oneway calls to frozen process.
11-17 09:39:13.101   726   806 W IPCThreadState: Sending oneway calls to frozen process.
11-17 09:39:13.101   726   806 W IPCThreadState: Sending oneway calls to frozen process.
11-17 09:39:13.101   726   806 W IPCThreadState: Sending oneway calls to frozen process.
11-17 09:39:13.101   726   806 W IPCThreadState: Sending oneway calls to frozen process.
11-17 09:39:13.101   726   806 W IPCThreadState: Sending oneway calls to frozen process.
11-17 09:39:13.101   726   806 W IPCThreadState: Sending oneway calls to frozen process.
11-17 09:39:13.101   726   806 W IPCThreadState: Sending oneway calls to frozen process.
11-17 09:39:13.101   726   806 W IPCThreadState: Sending oneway calls to frozen process.
11-17 09:39:13.101   726   806 W IPCThreadState: Sending oneway calls to frozen process.
11-17 09:39:13.102   726   806 W IPCThreadState: Sending oneway calls to frozen process.
11-17 09:39:13.102   726   806 W IPCThreadState: Sending oneway calls to frozen process.
11-17 09:39:13.102   726   806 W IPCThreadState: Sending oneway calls to frozen process.
11-17 09:39:13.102   726   806 W IPCThreadState: Sending oneway calls to frozen process.
11-17 09:39:13.102   726   806 W IPCThreadState: Sending oneway calls to frozen process.
11-17 09:39:13.102   726   806 W IPCThreadState: Sending oneway calls to frozen process.
11-17 09:39:13.102   726   806 W IPCThreadState: Sending oneway calls to frozen process.
11-17 09:39:13.103   726   806 W IPCThreadState: Sending oneway calls to frozen process.
11-17 09:39:13.103   726   806 W IPCThreadState: Sending oneway calls to frozen process.
11-17 09:39:13.103   726   806 W IPCThreadState: Sending oneway calls to frozen process.
11-17 09:39:13.103   726   806 W IPCThreadState: Sending oneway calls to frozen process.
11-17 09:39:13.122   726   802 D BackupManagerService: [UserID:0] restoreAtInstall pkg=com.joaop.matematicadivertida token=19 restoreSet=0
11-17 09:39:13.123   726   802 D BackupManagerService: [UserID:0] Finishing install immediately
11-17 09:39:13.125   726   802 I PackageManager: installation completed for package:com.joaop.matematicadivertida. Final code path: /data/app/~~O_UV9irdTorkZIWuFDOuiA==/com.joaop.matematicadivertida-Iheozo4OghQlWBM3qrmejQ==
11-17 09:39:13.125   726   802 I AppsFilter: interaction: PackageSetting{dbfaf96 com.okxbot.app/10231} -> PackageSetting{257e302 com.joaop.matematicadivertida/10227} BLOCKED
11-17 09:39:13.125   726   802 I AppsFilter: interaction: PackageSetting{75704 com.android.microdroid.empty_payload/10212} -> PackageSetting{257e302 com.joaop.matematicadivertida/10227} BLOCKED
11-17 09:39:13.126   726   962 D BackgroundInstallControlService: Package event received: 1
11-17 09:39:13.126   726   802 D PackageInstallerSession: Marking session 845277076 as applied
11-17 09:39:13.130   726   822 W IPCThreadState: Sending oneway calls to frozen process.
11-17 09:39:13.131   726   822 D InstallDependencyHelper: Session complete for 845277076
11-17 09:39:13.136   726   822 E AtomicFile: Failed to rename /data/system/install_sessions.xml.new to /data/system/install_sessions.xml
11-17 09:39:13.138  1184  1237 D SessionCommitReceiver: Removing unneeded PromiseIcon for package: com.joaop.matematicadivertida, install reason: 0, alreadyAddedPromiseIcon: false
11-17 09:39:13.145   726   968 I SdkSandboxManager: No SDKs used. Skipping SDK data reconcilation for CallingInfo{mUid=10227, mPackageName='com.joaop.matematicadivertida, mAppProcessToken='null'}
11-17 09:39:13.146   726   959 D ShortcutService: received package broadcast intent: Intent { act=android.intent.action.PACKAGE_ADDED dat=package: flg=0x4000010 (has extras) }
11-17 09:39:13.146   726   959 D ShortcutService: adding package: com.joaop.matematicadivertida userId=0
11-17 09:39:13.147   726   911 E AppOps  : attributionTag VCN not declared in manifest of android
11-17 09:39:13.148  1173  1173 D CarrierSvcBindHelper: onPackageAdded: com.joaop.matematicadivertida
11-17 09:39:13.149  1173  1415 I SatelliteAppTracker: onPackageAdded : com.joaop.matematicadivertida
11-17 09:39:13.149   726   758 I system_server: AssetManager2(0x721b41a7e938) locale list changing from [] to [en-US]
11-17 09:39:13.151  1019  1019 D ControlsListingControllerImpl: ServiceConfig reloaded, count: 0
11-17 09:39:13.155   726   767 D ActivityManager: sync unfroze 2101 com.google.android.adservices.api for 3
11-17 09:39:13.156  5739  5739 I abb     : StartCommandInProcess(7061636b61676500696e7374616c6c2d package.install- [truncated])
11-17 09:39:13.158   726   822 W IPCThreadState: Sending oneway calls to frozen process.
11-17 09:39:13.161   726   758 I system_server: AssetManager2(0x721b41a61798) locale list changing from [] to [en-US]
11-17 09:39:13.164   626   703 W IPCThreadState: Sending oneway calls to frozen process.
11-17 09:39:13.164   626   703 W IPCThreadState: Sending oneway calls to frozen process.
11-17 09:39:13.164   726   726 D AppSearchAppsIndexerManagerS: userid in package receiver: 10227
11-17 09:39:13.165   726   726 D TransparencyService: Not an update. Skipping...
11-17 09:39:13.168   726   855 I RoleService: Granting default roles...
11-17 09:39:13.169  1173  1173 D CarrierSvcBindHelper: No carrier app for: 0
11-17 09:39:13.170   726  5765 W SignedPackage: Package doesn't have required signing certificate: com.google.android.retaildemo
11-17 09:39:13.171   726  5765 E RoleControllerServiceImpl: Default/fallback role holder package doesn't qualify for the role, package: com.google.android.gms.supervision, role: android.app.role.SYSTEM_SUPERVISION
11-17 09:39:13.172   550 31664 D NativePermissionController: updatePackagesForUid, UidPackageState{uid: 10227, packageNames: [com.joaop.matematicadivertida]}
11-17 09:39:13.176   726   726 D BackupManagerConstants: getFullBackupIntervalMilliseconds(...) returns 86400000
11-17 09:39:13.176   726   726 D BackupManagerConstants: getFullBackupRequiredNetworkType(...) returns 2
11-17 09:39:13.177   726   726 D BackupManagerConstants: getFullBackupRequireCharging(...) returns true
11-17 09:39:13.179  1173  1173 E SmsApplication: com.google.android.apps.messaging lost android:read_cell_broadcasts:  (fixing)
11-17 09:39:13.180   726  1837 W AppOpService: Ignored setUidMode call for runtime permission app op: uid = 10145, code = READ_CELL_BROADCASTS, mode = allow, callingUid = 1001, oldMode = allow
11-17 09:39:13.180   726   962 D BackgroundInstallControlService: Package event received: 0
11-17 09:39:13.180   726   962 D BackgroundInstallControlService: Package event received: 0
11-17 09:39:13.182   726  5765 W SignedPackage: Package doesn't have required signing certificate: com.google.android.apps.work.clouddpc
11-17 09:39:13.185   726  5676 W AppOpService: Ignored setUidMode call for runtime permission app op: uid = 1001, code = READ_SMS, mode = allow, callingUid = 1001, oldMode = allow
11-17 09:39:13.189   726   993 D ActivityManager: sync unfroze 1792 com.google.android.permissioncontroller for 6
11-17 09:39:13.194  5739  5739 I abb     : StartCommandInProcess(7061636b61676500696e7374616c6c2d package.install- [truncated])
11-17 09:39:13.198   726   962 D BackgroundInstallControlService: Package event received: 0
11-17 09:39:13.200   726   767 W ProcessStats: Tracking association SourceState{91b23e7 system/1000 ImpFg #39551} whose proc state 5 is better than process ProcessState{44f9c84 com.google.android.permissioncontroller/10203 pkg=com.google.android.permissioncontroller} proc state 14 (0 skipped)
11-17 09:39:13.201   726  1940 W AppOpService: Ignored setUidMode call for runtime permission app op: uid = 1001, code = RECEIVE_SMS, mode = allow, callingUid = 1001, oldMode = allow
11-17 09:39:13.203   726  5765 I Role    : com.google.android.gms not qualified for android.app.role.SYSTEM_DEPENDENCY_INSTALLER due to missing RequiredComponent{mIntentFilterData=IntentFilterData{mAction='android.content.pm.action.INSTALL_DEPENDENCY', mCategories='[]', mDataScheme='null', mDataType='null'}, mMinTargetSdkVersion=1, mFlags='0', mPermission='android.permission.BIND_DEPENDENCY_INSTALLER', mQueryFlags=0, mMetaData=[]}
11-17 09:39:13.203   726  5765 E RoleControllerServiceImpl: Default/fallback role holder package doesn't qualify for the role, package: com.google.android.gms, role: android.app.role.SYSTEM_DEPENDENCY_INSTALLER
11-17 09:39:13.209   726  1940 W AppOpService: Ignored setUidMode call for runtime permission app op: uid = 1001, code = RECEIVE_WAP_PUSH, mode = allow, callingUid = 1001, oldMode = allow
11-17 09:39:13.211   726  1940 W AppOpService: Ignored setUidMode call for runtime permission app op: uid = 1001, code = SEND_SMS, mode = allow, callingUid = 1001, oldMode = allow
11-17 09:39:13.214   726   766 D LauncherAppsService: onPackageAdded: Skipping - package filtered for user=UserHandle{0}, packageName=com.joaop.matematicadivertida
11-17 09:39:13.214   726   766 D LauncherAppsService: onPackageAdded: triggering onPackageAdded for user=UserHandle{0}, packageName=com.joaop.matematicadivertida
11-17 09:39:13.214   726  1940 W AppOpService: Ignored setUidMode call for runtime permission app op: uid = 1001, code = READ_CELL_BROADCASTS, mode = allow, callingUid = 1001, oldMode = allow
11-17 09:39:13.216   726   822 W IPCThreadState: Sending oneway calls to frozen process.
11-17 09:39:13.216  1655  1655 I AiAiEcho: AppFetcherImplV2 updateApps package:[com.joaop.matematicadivertida], userId:[0], reason:[package is added.].
11-17 09:39:13.219  1655 10781 I ogle.android.as: AssetManager2(0x721b41a65c58) locale list changing from [] to [en-US]
11-17 09:39:13.220   726   767 D ActivityManager: sync unfroze 3221 com.google.android.packageinstaller for 3
11-17 09:39:13.222   726   870 I system_server: AssetManager2(0x721b41afbc58) locale list changing from [] to [en-US]
11-17 09:39:13.232   726   726 I AppsFilter: interaction: PackageSetting{514caee com.okxbot.app/10231} -> PackageSetting{1c31b8f com.joaop.matematicadivertida/10227} BLOCKED
11-17 09:39:13.232   726   726 I AppsFilter: interaction: PackageSetting{2127e1c com.android.microdroid.empty_payload/10212} -> PackageSetting{1c31b8f com.joaop.matematicadivertida/10227} BLOCKED
11-17 09:39:13.232   726   822 W IPCThreadState: Sending oneway calls to frozen process.
11-17 09:39:13.233   726   822 W IPCThreadState: Sending oneway calls to frozen process.
11-17 09:39:13.233   726   822 W IPCThreadState: Sending oneway calls to frozen process.
11-17 09:39:13.235  5739  5739 I abb     : StartCommandInProcess(7061636b61676500696e7374616c6c2d package.install- [truncated])
11-17 09:39:13.238   726   823 E SystemServiceRegistry: No service published for: persistent_data_block
11-17 09:39:13.238   726   823 E SystemServiceRegistry: android.os.ServiceManager$ServiceNotFoundException: No service published for: persistent_data_block
11-17 09:39:13.238   726   823 E SystemServiceRegistry: 	at android.os.ServiceManager.getServiceOrThrow(ServiceManager.java:203)
11-17 09:39:13.238   726   823 E SystemServiceRegistry: 	at android.app.SystemServiceRegistry$82.createService(SystemServiceRegistry.java:1110)
11-17 09:39:13.238   726   823 E SystemServiceRegistry: 	at android.app.SystemServiceRegistry$82.createService(SystemServiceRegistry.java:1107)
11-17 09:39:13.238   726   823 E SystemServiceRegistry: 	at android.app.SystemServiceRegistry$StaticServiceFetcher.getService(SystemServiceRegistry.java:2405)
11-17 09:39:13.238   726   823 E SystemServiceRegistry: 	at android.app.SystemServiceRegistry.getSystemService(SystemServiceRegistry.java:1918)
11-17 09:39:13.238   726   823 E SystemServiceRegistry: 	at android.app.ContextImpl.getSystemService(ContextImpl.java:2315)
11-17 09:39:13.238   726   823 E SystemServiceRegistry: 	at android.content.Context.getSystemService(Context.java:4630)
11-17 09:39:13.238   726   823 E SystemServiceRegistry: 	at com.android.server.pm.PackageInstallerSession.markAsSealed(PackageInstallerSession.java:2449)
11-17 09:39:13.238   726   823 E SystemServiceRegistry: 	at com.android.server.pm.PackageInstallerSession.commit(PackageInstallerSession.java:2198)
11-17 09:39:13.238   726   823 E SystemServiceRegistry: 	at android.content.pm.PackageInstaller$Session.commit(PackageInstaller.java:1988)
11-17 09:39:13.238   726   823 E SystemServiceRegistry: 	at com.android.server.pm.PackageManagerShellCommand.doCommitSession(PackageManagerShellCommand.java:4316)
11-17 09:39:13.238   726   823 E SystemServiceRegistry: 	at com.android.server.pm.PackageManagerShellCommand.runInstallCommit(PackageManagerShellCommand.java:1726)
11-17 09:39:13.238   726   823 E SystemServiceRegistry: 	at com.android.server.pm.PackageManagerShellCommand.onCommand(PackageManagerShellCommand.java:255)
11-17 09:39:13.238   726   823 E SystemServiceRegistry: 	at com.android.modules.utils.BasicShellCommandHandler.exec(BasicShellCommandHandler.java:97)
11-17 09:39:13.238   726   823 E SystemServiceRegistry: 	at android.os.ShellCommand.exec(ShellCommand.java:38)
11-17 09:39:13.238   726   823 E SystemServiceRegistry: 	at com.android.server.pm.PackageManagerService$IPackageManagerImpl.onShellCommand(PackageManagerService.java:6684)
11-17 09:39:13.238   726   823 E SystemServiceRegistry: 	at android.os.Binder.shellCommand(Binder.java:1151)
11-17 09:39:13.238   726   823 E SystemServiceRegistry: 	at android.os.Binder.onTransact(Binder.java:953)
11-17 09:39:13.238   726   823 E SystemServiceRegistry: 	at android.content.pm.IPackageManager$Stub.onTransact(IPackageManager.java:4729)
11-17 09:39:13.238   726   823 E SystemServiceRegistry: 	at com.android.server.pm.PackageManagerService$IPackageManagerImpl.onTransact(PackageManagerService.java:6668)
11-17 09:39:13.238   726   823 E SystemServiceRegistry: 	at android.os.Binder.execTransactInternal(Binder.java:1426)
11-17 09:39:13.238   726   823 E SystemServiceRegistry: 	at android.os.Binder.execTransact(Binder.java:1365)
11-17 09:39:13.238   726   823 E SystemServiceRegistry: Manager wrapper not available: persistent_data_block
11-17 09:39:13.238   726   822 W IPCThreadState: Sending oneway calls to frozen process.
11-17 09:39:13.240  1173  1415 I SatelliteAppTracker: onPackageModified : com.joaop.matematicadivertida
11-17 09:39:13.247  1019  1019 D ControlsListingControllerImpl: ServiceConfig reloaded, count: 0
11-17 09:39:13.247  1173  1173 W VvmPkgInstalledRcvr: carrierVvmPkgAdded: carrier vvm packages doesn't contain com.joaop.matematicadivertida
11-17 09:39:13.251  1173  1411 D ImsResolver: maybeAddedImsService, packageName: com.joaop.matematicadivertida
11-17 09:39:13.252  1173  1411 V ImsResolver: searchForImsServices: package=com.joaop.matematicadivertida, users=[UserHandle{0}]
11-17 09:39:13.252  1173  1411 V ImsResolver: searchForImsServices: package=com.joaop.matematicadivertida, users=[UserHandle{0}]
11-17 09:39:13.253   726   822 W IPCThreadState: Sending oneway calls to frozen process.
11-17 09:39:13.253   726   959 D ShortcutService: received package broadcast intent: Intent { act=android.intent.action.PACKAGE_CHANGED dat=package: flg=0x5000010 (has extras) }
11-17 09:39:13.253   726   959 D ShortcutService: changing package: com.joaop.matematicadivertida userId=0
11-17 09:39:13.255   726   767 D ActivityManager: sync unfroze 9632 com.android.vending for 3
11-17 09:39:13.259   726   822 W IPCThreadState: Sending oneway calls to frozen process.
11-17 09:39:13.263   726   822 D InstallDependencyHelper: No missing dependency for com.joaop.matematicadivertida.test
11-17 09:39:13.265   726  5765 E RoleControllerServiceImpl: Default/fallback role holder package doesn't qualify for the role, package: com.google.android.gms, role: android.app.role.WALLET
11-17 09:39:13.267   726  5765 W SignedPackage: Cannot get ApplicationInfo for package: com.google.android.devicelockcontroller
11-17 09:39:13.268  9632  9632 I Finsky  : [2] Memory trim requested to level 40
11-17 09:39:13.271  9632  9632 I Finsky  : [2] Flushing in-memory image cache
11-17 09:39:13.272   726   726 D AppSearchAppsIndexerManagerS: userid in package receiver: 10227
11-17 09:39:13.284  1173  1173 D CarrierSvcBindHelper: onPackageModified: com.joaop.matematicadivertida
11-17 09:39:13.284  1173  1173 D CarrierSvcBindHelper: No carrier app for: 0
11-17 09:39:13.285  2556  2556 I Finsky:background: [2] Memory trim requested to level 40
11-17 09:39:13.288  9632  9632 I Finsky  : [2] Memory trim requested to level 40
11-17 09:39:13.288  9632  9632 I Finsky  : [2] Flushing in-memory image cache
11-17 09:39:13.288  9632  9632 I Finsky  : [2] Memory trim requested to level 40
11-17 09:39:13.288  9632  9632 I Finsky  : [2] Flushing in-memory image cache
11-17 09:39:13.291   726   767 D ActivityManager: sync unfroze 2556 com.android.vending:background for 3
11-17 09:39:13.292  2556  2556 I Finsky:background: [2] Memory trim requested to level 40
11-17 09:39:13.292  2556  2556 I Finsky:background: [2] Memory trim requested to level 40
11-17 09:39:13.296  2556  2556 I Finsky:background: [2] agim - Received: android.intent.action.PACKAGE_ADDED, [zgFzHjdJw7jLo4ruwmekftQrOpny-g7svpWsU5sxtVI]
11-17 09:39:13.297   726   802 V Configuration: Updating configuration, locales updated from [] to [en_US]
11-17 09:39:13.297   726   802 I system_server: AssetManager2(0x721b41afe4f8) locale list changing from [] to [en-US]
11-17 09:39:13.297  1173  1173 E SmsApplication: com.google.android.apps.messaging lost android:read_cell_broadcasts:  (fixing)
