11-17 23:32:02.978  1184  1237 D LauncherAppsCallbackImpl: onPackageAdded triggered for packageName=com.joaop.matematicadivertida.test, user=UserHandle{0}
11-17 23:32:02.979  1173  1411 V ImsResolver: searchForImsServices: package=com.joaop.matematicadivertida.test, users=[UserHandle{0}]
11-17 23:32:02.979  1184  1237 D PackageUpdatedTask: Package updated: mOp=ADD packages=[com.joaop.matematicadivertida.test], user=UserHandle{0}
11-17 23:32:02.980   726   766 W PackageManager: Failed registering loading progress callback. Package is fully loaded.
11-17 23:32:02.988   726   873 I system_server: AssetManager2(0x721b41a70e78) locale list changing from [] to [en-US]
11-17 23:32:02.989  2556 16176 I Finsky:background: [699] Wrote row to frosting DB: 1119
11-17 23:32:02.990   726   726 D AppSearchAppsIndexerManagerS: userid in package receiver: 10235
11-17 23:32:02.998  1655  2032 I ogle.android.as: AssetManager2(0x721b41ad7d58) locale list changing from [] to [en-US]
11-17 23:32:02.999   726  5765 E RoleControllerServiceImpl: Default/fallback role holder package doesn't qualify for the role, package: com.google.android.gms, role: android.app.role.WALLET
11-17 23:32:03.001   726  1295 W ProcessStats: Tracking association SourceState{e025626 com.android.vending:background/10146 Receivr #44023} whose proc state 10 is better than process ProcessState{954bf0d com.android.vending/10146 pkg=com.android.vending} proc state 14 (32 skipped)
11-17 23:32:03.002  1655  2032 I ogle.android.as: AssetManager2(0x721b41a5b398) locale list changing from [] to [en-US]
11-17 23:32:03.003   726   726 W AlarmManager: Package com.joaop.matematicadivertida, uid 10235 lost permission to set exact alarms!
11-17 23:32:03.009  1655  2032 I ogle.android.as: AssetManager2(0x721b41a283f8) locale list changing from [] to [en-US]
11-17 23:32:03.011  1655  2032 I ogle.android.as: AssetManager2(0x721b41a64678) locale list changing from [] to [en-US]
11-17 23:32:03.012  9632  9632 I Finsky  : [2] agiw - Received: android.intent.action.PACKAGE_ADDED, [QnDcfBG3PqbS8MrALAUUMwv0L7d8lFjDOWAEiispG5o]
11-17 23:32:03.015  2556  2556 I Finsky:background: [2] Memory trim requested to level 40
11-17 23:32:03.019  2556 16176 I Finsky:background: [699] Wrote row to frosting DB: 1120
11-17 23:32:03.022  1184  1237 W HWUI    : Image decoding logging dropped!
11-17 23:32:03.022  1184  1237 D BaseIconCache: Default icon returned for com.joaop.matematicadivertida.test
11-17 23:32:03.039   726   873 I system_server: AssetManager2(0x721b41aeced8) locale list changing from [] to [en-US]
11-17 23:32:03.040   726   766 I system_server: AssetManager2(0x721b41af93b8) locale list changing from [] to [en-US]
11-17 23:32:03.045   726   766 I system_server: AssetManager2(0x721b41b010b8) locale list changing from [] to [en-US]
11-17 23:32:03.047   726   767 D ActivityManager: sync unfroze 2101 com.google.android.adservices.api for 3
11-17 23:32:03.047  1184  1237 D AlphabeticIndexCompat: computeSectionName: cs: Settings sectionName: S
11-17 23:32:03.048  1184  1237 D AlphabeticIndexCompat: computeSectionName: cs: Google Photos sectionName: G
11-17 23:32:03.048  1184  1237 D AlphabeticIndexCompat: computeSectionName: cs: Battery sectionName: B
11-17 23:32:03.048  1184  1237 D AlphabeticIndexCompat: computeSectionName: cs: Google Chrome sectionName: G
11-17 23:32:03.048  1184  1237 D AlphabeticIndexCompat: computeSectionName: cs: Gmail sectionName: G
11-17 23:32:03.048  1184  1237 D AlphabeticIndexCompat: computeSectionName: cs: Google Drive sectionName: G
11-17 23:32:03.048  1184  1237 D AlphabeticIndexCompat: computeSectionName: cs: Clock sectionName: C
11-17 23:32:03.050  1184  1237 D AlphabeticIndexCompat: computeSectionName: cs: Contacts sectionName: C
11-17 23:32:03.050   726 16002 V Configuration: Updating configuration, locales updated from [] to [en_US]
11-17 23:32:03.050  1184  1237 D AlphabeticIndexCompat: computeSectionName: cs: Calendar sectionName: C
11-17 23:32:03.050   726 16002 D IntervalStats: Unable to parse usage stats packages: [255, 257, 258]
11-17 23:32:03.050  1184  1237 D AlphabeticIndexCompat: computeSectionName: cs: Google Maps sectionName: G
11-17 23:32:03.051   726 16002 V Configuration: Updating configuration, locales updated from [] to [en_US]
11-17 23:32:03.051  1184  1237 D AlphabeticIndexCompat: computeSectionName: cs: YouTube Music sectionName: Y
11-17 23:32:03.051   726 16002 D IntervalStats: Unable to parse usage stats packages: [257, 258, 259, 260]
11-17 23:32:03.051  1184  1237 D AlphabeticIndexCompat: computeSectionName: cs: YouTube sectionName: Y
11-17 23:32:03.051   726 16002 V Configuration: Updating configuration, locales updated from [] to [en_US]
11-17 23:32:03.051   726 16002 D IntervalStats: Unable to parse usage stats packages: [257, 260]
11-17 23:32:03.051  1184  1237 D AlphabeticIndexCompat: computeSectionName: cs: Google sectionName: G
11-17 23:32:03.051   726 16002 V Configuration: Updating configuration, locales updated from [] to [en_US]
11-17 23:32:03.051   726 16002 V Configuration: Updating configuration, locales updated from [] to [en_US]
11-17 23:32:03.051   726 16002 V Configuration: Updating configuration, locales updated from [] to [en_US]
11-17 23:32:03.051  1184  1237 D AlphabeticIndexCompat: computeSectionName: cs: Android System Intelligence sectionName: A
11-17 23:32:03.051   726 16002 D IntervalStats: Unable to parse usage stats packages: [257, 261, 262, 263, 264]
11-17 23:32:03.051  1184  1237 D AlphabeticIndexCompat: computeSectionName: cs: Digital Wellbeing sectionName: D
11-17 23:32:03.051   726 16002 V Configuration: Updating configuration, locales updated from [] to [en_US]
11-17 23:32:03.051   726 16002 D IntervalStats: Unable to parse usage stats packages: [257, 260, 264]
11-17 23:32:03.051  1184  1237 D AlphabeticIndexCompat: computeSectionName: cs: Conversations sectionName: C
11-17 23:32:03.051   726 16002 V Configuration: Updating configuration, locales updated from [] to [en_US]
11-17 23:32:03.051   726 16002 V Configuration: Updating configuration, locales updated from [] to [en_US]
11-17 23:32:03.057  2101  2101 D ActivityThread: Package [com.joaop.matematicadivertida] reported as REPLACED, but missing application info. Assuming REMOVED.
11-17 23:32:03.058  2101  2101 D ActivityThread: Package [com.joaop.matematicadivertida] reported as REPLACED, but missing application info. Assuming REMOVED.
11-17 23:32:03.067  1184  1184 D b/387844520: getOutlineOffsetX: measured width = 231, mNormalizedIconSize = 213, last updated width = 231
11-17 23:32:03.069  1618  1618 W MediaProvider: WorkProfileOwnerApps cache is empty
11-17 23:32:03.069  1618  1618 D PickerSyncLockManager: Trying to acquire lock com.android.providers.media.photopicker.sync.CloseableReentrantLock@ee88373[Unlocked]. Lock Name = CLOUD_PROVIDER_LOCK. Threads that may be waiting to acquire this lock = []
11-17 23:32:03.069  1618  1618 D CloseableReentrantLock: Successfully acquired lock com.android.providers.media.photopicker.sync.CloseableReentrantLock@ee88373[Locked by thread main]. Lock Name = CLOUD_PROVIDER_LOCK. Threads that may be waiting to acquire this lock = []
11-17 23:32:03.069  1618  1618 D CloseableReentrantLock: Successfully released lock com.android.providers.media.photopicker.sync.CloseableReentrantLock@ee88373[Unlocked]. Lock Name = CLOUD_PROVIDER_LOCK. Threads that may be waiting to acquire this lock = []
11-17 23:32:03.072  9632  9632 I Finsky  : [2] Clearing split related stale data.
11-17 23:32:03.072  9632  9632 I Finsky  : [2] DTU: Received onPackageAdded, replacing: false
11-17 23:32:03.075  9632  9662 I Finsky  : [98] AIM: AppInfoManager-Perf > OnDeviceAppInfo > cacheHitCount=0, cacheMissCount=1. Missed  in cache (limit 10) : [com.joaop.matematicadivertida.test]
11-17 23:32:03.075  9632  9662 I Finsky  : [98] AIM: Got app ownership map. App counts: . Unique apps: 0
11-17 23:32:03.075  9632  9662 E Finsky  : [98] [Counters] attempted to use a non-positive increment for: 4752
11-17 23:32:03.075  9632  9662 E Finsky  : [98] [Counters] attempted to use a non-positive increment for: 4753
11-17 23:32:03.076   550 31664 D NativePermissionController: updatePackagesForUid, UidPackageState{uid: 10236, packageNames: [com.joaop.matematicadivertida.test]}
11-17 23:32:03.081   726 16002 V Configuration: Updating configuration, locales updated from [] to [en_US]
11-17 23:32:03.081  1655  2032 I ogle.android.as: AssetManager2(0x721b41aa1bb8) locale list changing from [] to [en-US]
11-17 23:32:03.081   726   766 I system_server: AssetManager2(0x721b41af8a58) locale list changing from [] to [en-US]
11-17 23:32:03.081   726   726 D AppSearchAppsIndexerManagerS: userid in package receiver: 10236
11-17 23:32:03.082  1655  2032 I ogle.android.as: AssetManager2(0x721b41a5f858) locale list changing from [] to [en-US]
11-17 23:32:03.082   726   726 D TransparencyService: Not an update. Skipping...
11-17 23:32:03.083   726   766 I system_server: AssetManager2(0x721b41acc818) locale list changing from [] to [en-US]
11-17 23:32:03.084   726  5765 I system_server: AssetManager2(0x721b41b174f8) locale list changing from [] to [en-US]
11-17 23:32:03.085   726  5765 W SignedPackage: Cannot get ApplicationInfo for package: com.google.android.devicelockcontroller
11-17 23:32:03.086  1655  2032 I ogle.android.as: AssetManager2(0x721b41a65938) locale list changing from [] to [en-US]
11-17 23:32:03.087  1655  2032 I ogle.android.as: AssetManager2(0x721b41a54c78) locale list changing from [] to [en-US]
11-17 23:32:03.104   726   873 I system_server: AssetManager2(0x721b41a7d678) locale list changing from [] to [en-US]
11-17 23:32:03.111  1665  1665 I faht    : (REDACTED) O received %s
11-17 23:32:03.112   726  1939 W ParceledListSlice: Element #26 is 19764 bytes.
11-17 23:32:03.112   726  1939 W ParceledListSlice: Element #27 is 19800 bytes.
11-17 23:32:03.113   726  1939 W ParceledListSlice: Overly large reply size: 83900
11-17 23:32:03.113   726 16002 D IntervalStats: Unable to parse usage stats packages: [260, 264, 266, 268]
11-17 23:32:03.113  1665  1665 I faht    : (REDACTED) O received %s
11-17 23:32:03.114   726 16002 V Configuration: Updating configuration, locales updated from [] to [en_US]
11-17 23:32:03.114   726 16002 D IntervalStats: Unable to parse usage stats packages: [264, 268]
11-17 23:32:03.114   726 16002 V Configuration: Updating configuration, locales updated from [] to [en_US]
11-17 23:32:03.114   726 16002 V Configuration: Updating configuration, locales updated from [] to [en_US]
11-17 23:32:03.114   726 16002 V Configuration: Updating configuration, locales updated from [] to [en_US]
11-17 23:32:03.114   726 16002 D IntervalStats: Unable to parse usage stats packages: [268]
11-17 23:32:03.114   726 16002 D IntervalStats: Unable to parse usage stats packages: [273, 274]
11-17 23:32:03.114  9632  9632 I Finsky  : [2] Do not start WearSupportService due to Wear service optimization
11-17 23:32:03.115   726  2203 W ParceledListSlice: Element #28 is 19940 bytes.
11-17 23:32:03.115   726  2203 W ParceledListSlice: Element #29 is 20028 bytes.
11-17 23:32:03.115   726  2203 W ParceledListSlice: Element #30 is 19664 bytes.
11-17 23:32:03.120  9632  9662 I Finsky  : [98] AIM: AppInfoManager-Perf > ItemModel > CacheSize=0, cacheHitCount=0, cacheMissCount=1, total appsWithNoServerDataCount=0. Missed  in cache (limit 10) : [com.joaop.matematicadivertida.test]
11-17 23:32:03.121  9632  9662 I Finsky  : [98] AIM: AppInfoManager-Perf > ItemModel > ItemStore Called 1 apps cacheOptions = USE_CACHE
11-17 23:32:03.122  9632  9662 I Finsky  : [98] AIM: ItemModel fetch - unauth(1), auth()
11-17 23:32:03.122  9632  9662 I Finsky  : [98] ItemStore: Not cached: com.joaop.matematicadivertida.test
11-17 23:32:03.126   726   873 V AccessibilityManagerService: onUserStateChangedLocked for userId: 0, forceUpdate: false
11-17 23:32:03.128  1655  2032 I ogle.android.as: AssetManager2(0x721b41a5d2d8) locale list changing from [] to [en-US]
11-17 23:32:03.129  1655  2032 I ogle.android.as: AssetManager2(0x721b41aa2518) locale list changing from [] to [en-US]
11-17 23:32:03.129  1655  2032 I ogle.android.as: AssetManager2(0x721b41a5cc98) locale list changing from [] to [en-US]
11-17 23:32:03.135   726   726 D BackupManagerConstants: getFullBackupIntervalMilliseconds(...) returns 86400000
11-17 23:32:03.135   726   726 D BackupManagerConstants: getFullBackupRequiredNetworkType(...) returns 2
11-17 23:32:03.135   726   726 D BackupManagerConstants: getFullBackupRequireCharging(...) returns true
11-17 23:32:03.136  1655  2032 I ogle.android.as: AssetManager2(0x721b41aa6cf8) locale list changing from [] to [en-US]
11-17 23:32:03.138  1655  2032 I ogle.android.as: AssetManager2(0x721b41a60e38) locale list changing from [] to [en-US]
11-17 23:32:03.140  1655  2032 I ogle.android.as: AssetManager2(0x721b41a972f8) locale list changing from [] to [en-US]
11-17 23:32:03.140  1655  2032 I ogle.android.as: AssetManager2(0x721b41a51758) locale list changing from [] to [en-US]
11-17 23:32:03.141  1655  2032 I ogle.android.as: AssetManager2(0x721b41a56578) locale list changing from [] to [en-US]
11-17 23:32:03.144  1655  2032 I ogle.android.as: AssetManager2(0x721b41a2bc38) locale list changing from [] to [en-US]
11-17 23:32:03.152  1655  2032 I ogle.android.as: AssetManager2(0x721b41a67b98) locale list changing from [] to [en-US]
11-17 23:32:03.152  9632  9632 I Finsky  : [2] Memory trim requested to level 40
11-17 23:32:03.153   726   726 I AppsFilter: interaction: PackageSetting{191d18 com.okxbot.app/10231} -> PackageSetting{a1ee371 com.joaop.matematicadivertida.test/10236} BLOCKED
11-17 23:32:03.153  9632  9632 I Finsky  : [2] Flushing in-memory image cache
11-17 23:32:03.154   726   726 I AppsFilter: interaction: PackageSetting{2d97556 com.android.microdroid.empty_payload/10212} -> PackageSetting{a1ee371 com.joaop.matematicadivertida.test/10236} BLOCKED
11-17 23:32:03.159  9632 16183 I Finsky  : [406] [ContentSync] finished, scheduled=false
11-17 23:32:03.159  1655  2032 I ogle.android.as: AssetManager2(0x721b41aa85f8) locale list changing from [] to [en-US]
11-17 23:32:03.160  9632  9650 I Finsky  : [88] SCH: Received scheduling request: Id: 37-84, Constraints: [{ L: 0, D: 0, C: CHARGING_NONE, I: IDLE_NONE, N: NET_NONE, B: BATTERY_ANY }]
11-17 23:32:03.161  1655  2032 I AiAiEcho: EchoSearch: WidgetFetcherImpl is initialized with [34] widgets [reason=package added for userId: 0]
11-17 23:32:03.164   726   962 D BackgroundInstallControlService: Package event received: 0
11-17 23:32:03.192   726   873 W MagnificationConnectionManager: requestConnection duplicated request: connect=false, mConnectionState=DISCONNECTED
11-17 23:32:03.192   726  2203 D ActivityManager: sync unfroze 13092 com.google.android.googlequicksearchbox:search for 6
11-17 23:32:03.196   726   962 D BackgroundInstallControlService: Package event received: 0
11-17 23:32:03.214 13092 13092 D ActivityThread: Package [com.joaop.matematicadivertida] reported as REPLACED, but missing application info. Assuming REMOVED.
11-17 23:32:03.215 13092 13092 D ActivityThread: Package [com.joaop.matematicadivertida] reported as REPLACED, but missing application info. Assuming REMOVED.
11-17 23:32:03.229  1665  1665 I faht    : (REDACTED) O received %s
11-17 23:32:03.231  1665  1665 I faht    : (REDACTED) O received %s
11-17 23:32:03.237   726  2203 V SafetySourceDataValidat: Package: com.android.vending has expected signature
11-17 23:32:03.237   726  2203 V SafetySourceDataValidat: Package: com.android.vending has expected signature
11-17 23:32:03.258  9632  9667 E Finsky  : [103] ItemStore: getItems RPC failed for item com.joaop.matematicadivertida
11-17 23:32:03.260   726   746 I system_server: Background concurrent mark compact GC freed 13MB AllocSpace bytes, 23(644KB) LOS objects, 40% free, 35MB/59MB, paused 3.532ms,1.447ms total 397.885ms
11-17 23:32:03.263   726   748 W System  : A resource failed to call close. 
11-17 23:32:03.275   726  1093 D ActivityManager: sync unfroze 1604 com.google.android.gms for 6
11-17 23:32:03.278   726  1093 D ActivityManager: sync unfroze 6093 com.google.android.webview:sandboxed_process0:org.chromium.content.app.SandboxedProcessService0:0 for 6
11-17 23:32:03.280   726   726 W Looper  : Slow dispatch took 109ms main app=system_server main=true group=FOREGROUND h=com.android.server.notification.NotificationManagerService$WorkerHandler c=com.android.server.notification.NotificationManagerService$CancelNotificationRunnable@27ac0db m=0
11-17 23:32:03.287   726   726 W IPCThreadState: Sending oneway calls to frozen process.
11-17 23:32:03.287   726   726 W IPCThreadState: Sending oneway calls to frozen process.
11-17 23:32:03.287   726   726 W IPCThreadState: Sending oneway calls to frozen process.
11-17 23:32:03.287   726   726 W IPCThreadState: Sending oneway calls to frozen process.
11-17 23:32:03.287   726   726 W IPCThreadState: Sending oneway calls to frozen process.
11-17 23:32:03.287   726   726 W IPCThreadState: Sending oneway calls to frozen process.
11-17 23:32:03.288   726   726 W IPCThreadState: Sending oneway calls to frozen process.
11-17 23:32:03.288   726   726 W IPCThreadState: Sending oneway calls to frozen process.
11-17 23:32:03.289   726   726 W Looper  : Drained
11-17 23:32:03.289  1604  1604 D ActivityThread: Package [com.joaop.matematicadivertida] reported as REPLACED, but missing application info. Assuming REMOVED.
11-17 23:32:03.292  6093  6093 D ActivityThread: Package [com.joaop.matematicadivertida] reported as REPLACED, but missing application info. Assuming REMOVED.
11-17 23:32:03.292  6093  6093 D ActivityThread: Package [com.joaop.matematicadivertida] reported as REPLACED, but missing application info. Assuming REMOVED.
11-17 23:32:03.297  1604  1604 D ActivityThread: Package [com.joaop.matematicadivertida] reported as REPLACED, but missing application info. Assuming REMOVED.
11-17 23:32:03.297   726   870 I system_server: AssetManager2(0x721b41a70518) locale list changing from [] to [en-US]
11-17 23:32:03.304  9632  9661 I Finsky  : [97] WM::SCH: Logging work initialize for 37-84
11-17 23:32:03.308   726   870 I system_server: AssetManager2(0x721b41ac2598) locale list changing from [] to [en-US]
11-17 23:32:03.318   726   766 I system_server: AssetManager2(0x721b41b174f8) locale list changing from [] to [en-US]
11-17 23:32:03.319  1184  1237 D PackageUpdatedTask: Package updated: mOp=UPDATE packages=[com.joaop.matematicadivertida.test], user=UserHandle{0}
11-17 23:32:03.324  1655 16166 I AiAiEcho: AppIndexer Package:[com.joaop.matematicadivertida.test] UserProfile:[0] Enabled:[true].
11-17 23:32:03.324  1655 16166 I AiAiEcho: AppFetcherImplV2 updateApps package:[com.joaop.matematicadivertida.test], userId:[0], reason:[package is updated.].
11-17 23:32:03.327  1792  3969 I PermissionControllerServiceImpl: Updating user sensitive for uid 10235
11-17 23:32:03.327  1792  3969 I PermissionControllerServiceImpl: Updating user sensitive for uid 10236
11-17 23:32:03.327   726   758 I system_server: AssetManager2(0x721b41ad5e18) locale list changing from [] to [en-US]
11-17 23:32:03.332   726   959 D ShortcutService: received package broadcast intent: Intent { act=android.intent.action.PACKAGE_CHANGED dat=package: flg=0x5000010 (has extras) }
11-17 23:32:03.332   726   959 D ShortcutService: changing package: com.joaop.matematicadivertida.test userId=0
11-17 23:32:03.334   726   766 I system_server: AssetManager2(0x721b41a539b8) locale list changing from [] to [en-US]
11-17 23:32:03.336  1173  1173 D CarrierSvcBindHelper: onPackageModified: com.joaop.matematicadivertida.test
11-17 23:32:03.336  1173  1173 D CarrierSvcBindHelper: No carrier app for: 0
11-17 23:32:03.337  1173  1415 I SatelliteAppTracker: onPackageModified : com.joaop.matematicadivertida.test
11-17 23:32:03.344  9632  9670 I Finsky  : [106] SCH: Scheduling phonesky job Id: 37-84, CT: 1763422323161, Constraints: [{ L: 0, D: 0, C: CHARGING_NONE, I: IDLE_NONE, N: NET_NONE, B: BATTERY_ANY }, { L: 0, D: 0, C: CHARGING_NONE, I: IDLE_NONE, N: NET_NONE, B: BATTERY_ANY }]
11-17 23:32:03.345   726   766 I system_server: AssetManager2(0x721b41acc818) locale list changing from [] to [en-US]
11-17 23:32:03.349  1173  1173 E SmsApplication: com.google.android.apps.messaging lost android:read_cell_broadcasts:  (fixing)
11-17 23:32:03.353   726  1943 W AppOpService: Ignored setUidMode call for runtime permission app op: uid = 10145, code = READ_CELL_BROADCASTS, mode = allow, callingUid = 1001, oldMode = allow
11-17 23:32:03.354  9632  9669 I Finsky  : [105] SCH: Scheduling 1 system job(s)
11-17 23:32:03.355  9632  9669 I Finsky  : [105] SCH: Scheduling expedited system job 9942
11-17 23:32:03.361  1184  1237 W AllAppsList: updatePackage: no Activities matched updated package, removing any AppInfo with package=com.joaop.matematicadivertida.test, user=UserHandle{0}
11-17 23:32:03.361  2556  2556 I Finsky:background: [2] Memory trim requested to level 40
11-17 23:32:03.361   726  1941 W AppOpService: Ignored setUidMode call for runtime permission app op: uid = 1001, code = READ_SMS, mode = allow, callingUid = 1001, oldMode = allow
11-17 23:32:03.363   726   873 I system_server: AssetManager2(0x721b41a67878) locale list changing from [] to [en-US]
11-17 23:32:03.365   726   873 I system_server: AssetManager2(0x721b41ac8cb8) locale list changing from [] to [en-US]
11-17 23:32:03.367   726   873 I system_server: AssetManager2(0x721b41af9098) locale list changing from [] to [en-US]
11-17 23:32:03.368   726   873 I system_server: AssetManager2(0x721b41a91538) locale list changing from [] to [en-US]
11-17 23:32:03.369   726   873 V AccessibilityManagerService: onUserStateChangedLocked for userId: 0, forceUpdate: false
11-17 23:32:03.370 15130 15130 D ControlsListingControllerImpl: ServiceConfig reloaded, count: 0
11-17 23:32:03.371   726   873 W MagnificationConnectionManager: requestConnection duplicated request: connect=false, mConnectionState=DISCONNECTED
11-17 23:32:03.376   726  2203 W AppOpService: Ignored setUidMode call for runtime permission app op: uid = 1001, code = RECEIVE_SMS, mode = allow, callingUid = 1001, oldMode = allow
11-17 23:32:03.377  9632  9667 E Finsky  : [103] ItemStore: getItems RPC failed for item com.joaop.matematicadivertida
11-17 23:32:03.378  9632  9632 I Finsky  : [2] Memory trim requested to level 40
11-17 23:32:03.378  9632  9632 I Finsky  : [2] Flushing in-memory image cache
11-17 23:32:03.378  9632  9632 I Finsky  : [2] Memory trim requested to level 40
11-17 23:32:03.378  9632  9632 I Finsky  : [2] Flushing in-memory image cache
11-17 23:32:03.379   726  2203 W AppOpService: Ignored setUidMode call for runtime permission app op: uid = 1001, code = RECEIVE_WAP_PUSH, mode = allow, callingUid = 1001, oldMode = allow
11-17 23:32:03.379  2556  2556 I Finsky:background: [2] Memory trim requested to level 40
11-17 23:32:03.382   726  5676 W AppOpService: Ignored setUidMode call for runtime permission app op: uid = 1001, code = SEND_SMS, mode = allow, callingUid = 1001, oldMode = allow
11-17 23:32:03.382   726  5676 W AppOpService: Ignored setUidMode call for runtime permission app op: uid = 1001, code = READ_CELL_BROADCASTS, mode = allow, callingUid = 1001, oldMode = allow
11-17 23:32:03.387  2556  2556 I Finsky:background: [2] Memory trim requested to level 40
11-17 23:32:03.387  2556  2556 I Finsky:background: [2] Memory trim requested to level 40
11-17 23:32:03.387   726   726 D AppSearchAppsIndexerManagerS: userid in package receiver: 10236
11-17 23:32:03.387  9632  9632 I Finsky  : [2] agiw - Received: android.intent.action.PACKAGE_CHANGED, [QnDcfBG3PqbS8MrALAUUMwv0L7d8lFjDOWAEiispG5o]
11-17 23:32:03.389  2556  2556 I Finsky:background: [2] agim - Received: android.intent.action.PACKAGE_CHANGED, [QnDcfBG3PqbS8MrALAUUMwv0L7d8lFjDOWAEiispG5o]
11-17 23:32:03.391   726   726 W IPCThreadState: Sending oneway calls to frozen process.
11-17 23:32:03.391   726   726 W IPCThreadState: Sending oneway calls to frozen process.
11-17 23:32:03.391   726   726 W IPCThreadState: Sending oneway calls to frozen process.
11-17 23:32:03.392  1792  4970 I PermissionControllerServiceImpl: Updating user sensitive for uid 10236
11-17 23:32:03.402   726   726 W IPCThreadState: Sending oneway calls to frozen process.
11-17 23:32:03.403   726   726 W IPCThreadState: Sending oneway calls to frozen process.
11-17 23:32:03.404   726   726 W IPCThreadState: Sending oneway calls to frozen process.
11-17 23:32:03.404   726   726 W IPCThreadState: Sending oneway calls to frozen process.
11-17 23:32:03.404   726   726 W IPCThreadState: Sending oneway calls to frozen process.
11-17 23:32:03.410  1173  1411 D ImsResolver: maybeAddedImsService, packageName: com.joaop.matematicadivertida.test
11-17 23:32:03.411  1173  1411 V ImsResolver: searchForImsServices: package=com.joaop.matematicadivertida.test, users=[UserHandle{0}]
11-17 23:32:03.411  1173  1411 V ImsResolver: searchForImsServices: package=com.joaop.matematicadivertida.test, users=[UserHandle{0}]
11-17 23:32:03.407  9632  9670 I Finsky  : [106] AIM: AppInfoManager-Perf > OnDeviceAppInfo > cacheHitCount=0, cacheMissCount=1. Missed  in cache (limit 10) : [com.joaop.matematicadivertida.test]
11-17 23:32:03.413  9632  9670 I Finsky  : [106] AIM: Got app ownership map. App counts: . Unique apps: 0
11-17 23:32:03.413  9632  9670 E Finsky  : [106] [Counters] attempted to use a non-positive increment for: 4752
11-17 23:32:03.413  9632  9670 E Finsky  : [106] [Counters] attempted to use a non-positive increment for: 4753
11-17 23:32:03.422  2556 16176 I Finsky:background: [699] Wrote row to frosting DB: 1121
11-17 23:32:03.438  2556 16176 I Finsky:background: [699] Wrote row to frosting DB: 1122
11-17 23:32:03.442  2556  2638 I Finsky:background: [56] RECEIVER_PACKAGE_MONITOR_BACKGROUND#logWorkEndAndFinishGoAsync: SUCCESS
11-17 23:32:03.457  9632  9650 I Finsky  : [88] RECEIVER_PACKAGE_MONITOR#logWorkEndAndFinishGoAsync: SUCCESS
11-17 23:32:03.457  9632  9632 I Finsky  : [2] Memory trim requested to level 40
11-17 23:32:03.457  9632  9632 I Finsky  : [2] Flushing in-memory image cache
11-17 23:32:03.457  9632  9632 I Finsky  : [2] Memory trim requested to level 40
11-17 23:32:03.457  9632  9632 I Finsky  : [2] Flushing in-memory image cache
11-17 23:32:03.458 16247 16247 W libprocessgroup: A JoinCgroup action in the SystemMemoryProcess profile is used for controller memory in the cgroup v2 hierarchy and will be ignored
11-17 23:32:03.458 16247 16247 W libprocessgroup: SetCgroup::ExecuteForTask: failed to open /dev/cpuctl/top-app/tasks: Permission denied
11-17 23:32:03.459 16247 16247 W libprocessgroup: SetCgroup::ExecuteForTask: failed to open /dev/blkio/tasks: Permission denied
11-17 23:32:03.459 16247 16247 E libprocessgroup: set_timerslack_ns write failed: Operation not permitted
11-17 23:32:03.468  1173  1173 D SatelliteController: packageStateChanged: package:com.joaop.matematicadivertida.test DefaultSmsPackageName:com.google.android.apps.messaging
11-17 23:32:03.469  1173  1173 V SatelliteController: Neither SMS or SatelliteGateway package
11-17 23:32:03.477  2556  2620 I Finsky:background: [50] RECEIVER_ENGAGE_PACKAGE_CHANGED#logWorkEndAndFinishGoAsync: SKIPPED_PRECONDITIONS_UNMET
11-17 23:32:03.481  1604  1604 D BoundBrokerSvc: onUnbind: Intent { act=com.google.android.gms.common.BIND_SHARED_PREFS xflg=0x4 pkg=com.google.android.gms }
11-17 23:32:03.492  9632  9662 I Finsky  : [98] AIM: AppInfoManager-Perf > ItemModel > CacheSize=0, cacheHitCount=0, cacheMissCount=1, total appsWithNoServerDataCount=0. Missed  in cache (limit 10) : [com.joaop.matematicadivertida.test]
11-17 23:32:03.493  9632  9662 I Finsky  : [98] AIM: AppInfoManager-Perf > ItemModel > ItemStore Called 1 apps cacheOptions = USE_CACHE
11-17 23:32:03.494  9632  9662 I Finsky  : [98] AIM: ItemModel fetch - unauth(1), auth()
11-17 23:32:03.503  9632  9669 I Finsky  : [105] ItemStore: Not cached: com.joaop.matematicadivertida.test
11-17 23:32:03.522  9632  9632 I Finsky  : [2] SCH: job service start with id 9942.
11-17 23:32:03.536  9632  9669 E Finsky  : [105] ItemStore: getItems RPC failed for item com.joaop.matematicadivertida.test
11-17 23:32:03.537  9632  9670 E Finsky  : [106] ItemStore: getItems RPC failed for item com.joaop.matematicadivertida.test
11-17 23:32:03.540  9632 16183 I Finsky  : [406] SCH: Satisfied jobs for 9942 are: 37-84
11-17 23:32:03.542  9632 16254 I Finsky  : [416] SCH: Job 37-84 starting
11-17 23:32:03.543  9632  9632 I Finsky  : [2] WM::SCH: Logging work start for 37-84
11-17 23:32:03.546  9632  9632 I Finsky  : [2] Received an install/uninstall event for package com.joaop.matematicadivertida.test
11-17 23:32:03.546 13092 13128 W achh    : Abort, client detached.
11-17 23:32:03.547  9632  9632 I Finsky  : [2] SCH: jobFinished: 37-84. TimeElapsed: 4ms.
11-17 23:32:03.547  9632  9632 I Finsky  : [2] WM::SCH: Logging work end for 37-84
11-17 23:32:03.548  1173  1173 E SmsApplication: com.google.android.apps.messaging lost android:read_cell_broadcasts:  (fixing)
11-17 23:32:03.551  9632  9669 I Finsky  : [105] Not an active Cubes user. Ignoring package install/uninstall event.
11-17 23:32:03.552   726  1295 W AppOpService: Ignored setUidMode call for runtime permission app op: uid = 10145, code = READ_CELL_BROADCASTS, mode = allow, callingUid = 1001, oldMode = allow
11-17 23:32:03.564 13092 13128 W achh    : Abort, client detached.
11-17 23:32:03.564 13092 13128 W achh    : Abort, client detached.
11-17 23:32:03.574   726  1939 W AppOpService: Ignored setUidMode call for runtime permission app op: uid = 1001, code = READ_SMS, mode = allow, callingUid = 1001, oldMode = allow
11-17 23:32:03.576  9632  9667 I Finsky  : [103] SCH: Scheduling phonesky job Id: 26-1414141414, CT: 1763380822566, Constraints: [{ L: 43199999, D: 44099999, C: CHARGING_NONE, I: IDLE_NONE, N: NET_NONE, B: BATTERY_ANY }]
11-17 23:32:03.579   726  1093 W AppOpService: Ignored setUidMode call for runtime permission app op: uid = 1001, code = RECEIVE_SMS, mode = allow, callingUid = 1001, oldMode = allow
11-17 23:32:03.579   726  1295 W AppOpService: Ignored setUidMode call for runtime permission app op: uid = 1001, code = RECEIVE_WAP_PUSH, mode = allow, callingUid = 1001, oldMode = allow
11-17 23:32:03.582   726  1093 W AppOpService: Ignored setUidMode call for runtime permission app op: uid = 1001, code = SEND_SMS, mode = allow, callingUid = 1001, oldMode = allow
11-17 23:32:03.582  9632  9669 I Finsky  : [105] SCH: Scheduling 1 system job(s)
11-17 23:32:03.582  9632  9669 W JobInfo : Job 'com.android.vending/com.google.android.finsky.scheduler.process.mainimpl.PhoneskyJobServiceMain#9945' has a deadline with no functional constraints. The deadline won't improve job execution latency. Consider removing the deadline.
11-17 23:32:03.582  9632  9669 I Finsky  : [105] SCH: Scheduling system job Id: 9945, L: 1698983, D: 2598983, C: false, I: false, N: 0
11-17 23:32:03.582   726  1836 W JobInfo : Job 'com.android.vending/com.google.android.finsky.scheduler.process.mainimpl.PhoneskyJobServiceMain#9945' has a deadline with no functional constraints. The deadline won't improve job execution latency. Consider removing the deadline.
11-17 23:32:03.585   726  1295 E AppOps  : attributionTag VCN not declared in manifest of android
11-17 23:32:03.590  9632 16254 I Finsky  : [416] SCH: job service finished with id 9942.
11-17 23:32:03.592   726  1647 W AppOpService: Ignored setUidMode call for runtime permission app op: uid = 1001, code = READ_CELL_BROADCASTS, mode = allow, callingUid = 1001, oldMode = allow
11-17 23:32:03.593  1173  1173 D SatelliteAccessController: Current default SMS app:ComponentInfo{com.google.android.apps.messaging/com.google.android.apps.messaging.shared.receiver.SmsDeliverReceiver}
11-17 23:32:03.593  1173  1173 D SatelliteController: getSelectedSatelliteSubId: subId=-1
11-17 23:32:03.602 13092 13128 W achh    : Abort, client detached.
11-17 23:32:03.603 13092 13128 W achh    : Abort, client detached.
11-17 23:32:03.603  1173  1173 D SatelliteAccessController: supportedMsgApps:com.google.android.apps.messaging
11-17 23:32:03.607 13092 13128 W achh    : Abort, client detached.
11-17 23:32:03.624  9632  9632 I Finsky  : [2] Memory trim requested to level 40
11-17 23:32:03.624  9632  9632 I Finsky  : [2] Flushing in-memory image cache
11-17 23:32:03.625  2556  2556 I Finsky:background: [2] Memory trim requested to level 40
11-17 23:32:03.647  1604 16258 I gle.android.gms: AssetManager2(0x721b41a7a478) locale list changing from [] to [en-US]
11-17 23:32:03.659  1604 16253 W SQLiteLog: (28) double-quoted string literal: "com.joaop.matematicadivertida"
11-17 23:32:03.659  1604  1604 D BoundBrokerSvc: onBind: Intent { act=com.google.android.gms.common.BIND_SHARED_PREFS xflg=0x4 pkg=com.google.android.gms }
11-17 23:32:03.659  1604  1604 D BoundBrokerSvc: Loading bound service for intent: Intent { act=com.google.android.gms.common.BIND_SHARED_PREFS xflg=0x4 pkg=com.google.android.gms }
11-17 23:32:03.667  1604 16253 I Auth    : (REDACTED) [SupervisedAccountIntentOperationV2] onHandleIntent: %s
11-17 23:32:03.677  1604 16252 I NearbyDiscovery: (REDACTED) processGrantSlicePermission: %s
11-17 23:32:03.685  1394 16248 I Fitness : (REDACTED) FitCleanupIntentOperation received Intent %s
11-17 23:32:03.693  1394 16236 I Fitness : (REDACTED) OnPackageChangedOperation got intent: %s
11-17 23:32:03.703  1394 16249 I ProximityAuth: [RecentAppsMediator] Package added: (user=UserHandle{0}) com.joaop.matematicadivertida
11-17 23:32:03.706  1394 16249 I .gms.persistent: AssetManager2(0x721b41a35878) locale list changing from [] to [en-US]
11-17 23:32:03.732  1394 16249 I Fitness : (REDACTED) FitCleanupIntentOperation received Intent %s
11-17 23:32:03.734  1604  9198 I Icing   : IndexChimeraService.getServiceInterface callingPackage=com.google.android.gms componentName=AppsCorpus serviceId=36
11-17 23:32:03.755  1604 16255 I Blockstore: (REDACTED) [DataStoreImpl] Clearing Blockstore Data for package %s
11-17 23:32:03.756  1604 16262 I Auth    : (REDACTED) [SupervisedAccountIntentOperationV2] onHandleIntent: %s
11-17 23:32:03.757  1604 16255 I Blockstore: [DataStoreImpl] Keyless data not found or its IsLastInstallationData = false. [CONTEXT service_id=258 ]
11-17 23:32:03.760  1394 16268 I ProximityAuth: [RecentAppsMediator] Package added: (user=UserHandle{0}) com.joaop.matematicadivertida.test
11-17 23:32:03.761  1394 16266 I FontLog : (REDACTED) Package %s has no metadata
11-17 23:32:03.763  1604 16262 I Dck     : (REDACTED) disableDckSupport: %s
11-17 23:32:03.763  1604 16262 W Dck     : [WirelessCapabilitiesFeatures] wccSysProp: 0 [CONTEXT service_id=289 ]
11-17 23:32:03.763  1604 16262 I Dck     : [WirelessCapabilitiesFeatures] wccMendel: 3 [CONTEXT service_id=289 ]
11-17 23:32:03.763  1604 16262 I Dck     : [WirelessCapabilitiesFeatures] deviceWccOverride: false [CONTEXT service_id=289 ]
11-17 23:32:03.763  1604 16262 I Dck     : [WirelessCapabilitiesFeatures] replaceSupportedWccWithWccOverride: true [CONTEXT service_id=289 ]
11-17 23:32:03.763  1604 16262 I Dck     : [WirelessCapabilitiesFeatures] wccOverride: not set [CONTEXT service_id=289 ]
11-17 23:32:03.765  1604 16262 I Dck     : (REDACTED) [WirelessCapabilitiesFeatures] wcc: %s
11-17 23:32:03.765  1604 16262 I Dck     : Dck module condition - hasWccSupport: false [CONTEXT service_id=289 ]
11-17 23:32:03.767  1604 16262 I Dck     : Dck module condition - downloadAllowed: false [CONTEXT service_id=289 ]
11-17 23:32:03.767  1604 16262 W Dck     : Dck module not eligible for asynchronous downloading [CONTEXT service_id=289 ]
11-17 23:32:03.769  1394 16251 W NetworkScheduler: Unexpected forwarded intent: Intent { act=android.intent.action.PACKAGE_ADDED dat=package: flg=0x4000010 pkg=com.google.android.gms cmp=com.google.android.gms/.chimera.PersistentIntentOperationService (has extras) }
11-17 23:32:03.770  1394 16266 W GCM     : Unexpected forwarded intent: Intent { act=android.intent.action.PACKAGE_ADDED dat=package: flg=0x4000010 pkg=com.google.android.gms cmp=com.google.android.gms/.chimera.PersistentIntentOperationService (has extras) }
11-17 23:32:03.774  1604 16258 I NearbyDiscovery: (REDACTED) processGrantSlicePermission: %s
11-17 23:32:03.779  1604  1604 D BoundBrokerSvc: onBind: Intent { act=com.google.android.gms.feedback.internal.IFeedbackService dat=chimera-action:/... xflg=0x4 cmp=com.google.android.gms/.chimera.GmsBoundBrokerService }
11-17 23:32:03.779  1604  1604 D BoundBrokerSvc: Loading bound service for intent: Intent { act=com.google.android.gms.feedback.internal.IFeedbackService dat=chimera-action:/... xflg=0x4 cmp=com.google.android.gms/.chimera.GmsBoundBrokerService }
11-17 23:32:03.780   726   962 D BackgroundInstallControlService: Package event received: 0
11-17 23:32:03.780   726   962 D BackgroundInstallControlService: Package event received: 0
11-17 23:32:03.780   726   962 D BackgroundInstallControlService: Package event received: 0
11-17 23:32:03.791   726   855 I RoleService: Granting default roles...
11-17 23:32:03.797   726  5765 W SignedPackage: Package doesn't have required signing certificate: com.google.android.retaildemo
11-17 23:32:03.797   726  5765 E RoleControllerServiceImpl: Default/fallback role holder package doesn't qualify for the role, package: com.google.android.gms.supervision, role: android.app.role.SYSTEM_SUPERVISION
11-17 23:32:03.804  1604  4320 W Binder  : Caught a RuntimeException from the binder stub implementation.
11-17 23:32:03.804  1604  4320 W Binder  : java.lang.UnsupportedOperationException
11-17 23:32:03.804  1604  4320 W Binder  : 	at bauf.b(:com.google.android.gms@254232038@25.42.32 (260800-820822052):3)
11-17 23:32:03.804  1604  4320 W Binder  : 	at bauf.dispatchTransaction(:com.google.android.gms@254232038@25.42.32 (260800-820822052):33)
11-17 23:32:03.804  1604  4320 W Binder  : 	at btvs.a(:com.google.android.gms@254232038@25.42.32 (260800-820822052):50)
11-17 23:32:03.804  1604  4320 W Binder  : 	at xkb.onTransact(:com.google.android.gms@254232038@25.42.32 (260800-820822052):23)
11-17 23:32:03.804  1604  4320 W Binder  : 	at android.os.Binder.execTransactInternal(Binder.java:1426)
11-17 23:32:03.804  1604  4320 W Binder  : 	at android.os.Binder.execTransact(Binder.java:1365)
11-17 23:32:03.807  1394 16248 I Fitness : (REDACTED) OnPackageChangedOperation got intent: %s
11-17 23:32:03.808   726  5765 W SignedPackage: Package doesn't have required signing certificate: com.google.android.apps.work.clouddpc
11-17 23:32:03.818  1394 16268 I Fitness : (REDACTED) FitCleanupIntentOperation received Intent %s
11-17 23:32:03.819  1604  9197 I Icing   : IndexChimeraService.getServiceInterface callingPackage=com.google.android.gms componentName=null serviceId=30
11-17 23:32:03.829  1604 15547 I gle.android.gms: AssetManager2(0x721b41a79b18) locale list changing from [] to [en-US]
11-17 23:32:03.829 16246 16246 D AndroidRuntime: >>>>>> START com.android.internal.os.RuntimeInit uid 2000 <<<<<<
11-17 23:32:03.833  1604 15542 I Icing   : Usage reports ok 0, Failed Usage reports 0, indexed 0, rejected 0
11-17 23:32:03.847   726  5765 I Role    : com.google.android.gms not qualified for android.app.role.SYSTEM_DEPENDENCY_INSTALLER due to missing RequiredComponent{mIntentFilterData=IntentFilterData{mAction='android.content.pm.action.INSTALL_DEPENDENCY', mCategories='[]', mDataScheme='null', mDataType='null'}, mMinTargetSdkVersion=1, mFlags='0', mPermission='android.permission.BIND_DEPENDENCY_INSTALLER', mQueryFlags=0, mMetaData=[]}
11-17 23:32:03.847   726  5765 E RoleControllerServiceImpl: Default/fallback role holder package doesn't qualify for the role, package: com.google.android.gms, role: android.app.role.SYSTEM_DEPENDENCY_INSTALLER
11-17 23:32:03.850 16246 16246 I AndroidRuntime: Using default boot image
11-17 23:32:03.850 16246 16246 I AndroidRuntime: Leaving lock profiling enabled
11-17 23:32:03.853 16246 16246 I app_process: Using CollectorTypeCMC GC.
11-17 23:32:03.856  1604 15542 I Icing   : Usage reports ok 0, Failed Usage reports 0, indexed 0, rejected 0
11-17 23:32:03.899   726  5765 E RoleControllerServiceImpl: Default/fallback role holder package doesn't qualify for the role, package: com.google.android.gms, role: android.app.role.WALLET
11-17 23:32:03.905  1604 15542 I Icing   : Indexing com.google.android.gms-apps from com.google.android.gms
11-17 23:32:03.909   726  5765 I system_server: AssetManager2(0x721b41a9d6f8) locale list changing from [] to [en-US]
11-17 23:32:03.911   726  5765 W SignedPackage: Cannot get ApplicationInfo for package: com.google.android.devicelockcontroller
11-17 23:32:03.957  1604 15542 I Icing   : Indexing done com.google.android.gms-apps
11-17 23:32:03.961  1604 15542 I Icing   : Indexing com.google.android.gms-apps from com.google.android.gms
11-17 23:32:03.962  1604 15542 I Icing   : Indexing done com.google.android.gms-apps
11-17 23:32:03.988  1604 15542 I Icing   : Indexing com.google.android.gms-apps from com.google.android.gms
11-17 23:32:03.988  1604 15542 I Icing   : Indexing done com.google.android.gms-apps
11-17 23:32:03.990  1604 15542 I Icing   : Indexing com.google.android.gms-apps from com.google.android.gms
11-17 23:32:03.991  1604 15542 I Icing   : Indexing done com.google.android.gms-apps
11-17 23:32:04.001  1604  1680 I gle.android.gms: Waiting for a blocking GC ProfileSaver
11-17 23:32:04.013 16246 16246 D nativeloader: InitDefaultPublicLibraries for_preload=1: libandroid.so:libaaudio.so:libamidi.so:libbinder_ndk.so:libc.so:libcamera2ndk.so:libdl.so:libEGL.so:libGLESv1_CM.so:libGLESv2.so:libGLESv3.so:libicu.so:libicui18n.so:libicuuc.so:libjnigraphics.so:liblog.so:libmediandk.so:libm.so:libnativehelper.so:libnativewindow.so:libOpenMAXAL.so:libOpenSLES.so:libRS.so:libstdc++.so:libsync.so:libvulkan.so:libwebviewchromium_plat_support.so:libz.so
11-17 23:32:04.029 16246 16246 D nativeloader: Load libicu_jni.so using APEX ns com_android_art for caller /apex/com.android.art/javalib/core-oj.jar: ok
11-17 23:32:04.029 16246 16246 D app_process: u_setTimeZoneFilesDirectory("/apex/com.android.tzdata/etc/tz/versioned/9/icu") succeeded. 
11-17 23:32:04.029 16246 16246 D app_process: I18n APEX ICU file found: /apex/com.android.i18n/etc/icu/icudt76l.dat
11-17 23:32:04.033 16246 16246 D nativeloader: Load libjavacore.so using APEX ns com_android_art for caller /apex/com.android.art/javalib/core-oj.jar: ok
11-17 23:32:04.034 16246 16246 D nativeloader: Load libopenjdk.so using APEX ns com_android_art for caller /apex/com.android.art/javalib/core-oj.jar: ok
11-17 23:32:04.035 16246 16246 W app_process: Unexpected CPU variant for x86: x86_64.
11-17 23:32:04.035 16246 16246 W app_process: Known variants: atom, sandybridge, silvermont, goldmont, goldmont-plus, goldmont-without-sha-xsaves, tremont, kabylake, alderlake, default
11-17 23:32:04.057  1520  2325 I .apps.wellbeing: AssetManager2(0x721b41a4f818) locale list changing from [] to [en-US]
11-17 23:32:04.058  1520  2325 I .apps.wellbeing: AssetManager2(0x721b41a35558) locale list changing from [] to [en-US]
11-17 23:32:04.059  1520  2325 I .apps.wellbeing: AssetManager2(0x721b41a2ee38) locale list changing from [] to [en-US]
11-17 23:32:04.061  1520  2325 I .apps.wellbeing: AssetManager2(0x721b41a2a018) locale list changing from [] to [en-US]
11-17 23:32:04.062  1520  2325 I .apps.wellbeing: AssetManager2(0x721b41a3e1f8) locale list changing from [] to [en-US]
11-17 23:32:04.063  1520  2325 I .apps.wellbeing: AssetManager2(0x721b41a345b8) locale list changing from [] to [en-US]
11-17 23:32:04.066   726  1647 I ActivityManager: Background started FGS: Allowed [callingPackage: com.google.android.apps.wellbeing; callingUid: 10147; uidState: BTOP; uidBFSL: [BFSL]; intent: Intent { xflg=0x4 cmp=com.google.android.apps.wellbeing/com.google.apps.tiktok.concurrent.InternalForegroundService (has extras) }; code:BACKGROUND_ACTIVITY_PERMISSION; tempAllowListReason:<null>; allowWiu:58; targetSdkVersion:35; callerTargetSdkVersion:35; startForegroundCount:0; bindFromPackage:null: isBindService:false]
11-17 23:32:04.067 16246 16246 D nativeloader: Load libframework-connectivity-tiramisu-jni.so using APEX ns com_android_tethering for caller /apex/com.android.tethering/javalib/framework-connectivity-t.jar: ok
11-17 23:32:04.068 16246 16246 D AndroidRuntime: Calling main entry com.android.commands.am.Am
11-17 23:32:04.073 16246 16246 I AconfigPackage: android.media.swcodec.flags is mapped to com.android.media.swcodec
11-17 23:32:04.073 16246 16246 I AconfigPackage: com.google.android.settings.simplemode.flags is mapped to system_ext
11-17 23:32:04.073 16246 16246 I AconfigPackage: com.google.android.systemui is mapped to system_ext
11-17 23:32:04.073 16246 16246 I AconfigPackage: com.google.android.apps.nexuslauncher is mapped to system_ext
11-17 23:32:04.073 16246 16246 I AconfigPackage: com.android.settings.accessibility is mapped to system_ext
11-17 23:32:04.073 16246 16246 I AconfigPackage: com.android.settings.flags is mapped to system_ext
11-17 23:32:04.073 16246 16246 I AconfigPackage: com.google.android.apps.miphone.aiai.matchmaker.overview.ui is mapped to system_ext
11-17 23:32:04.073 16246 16246 I AconfigPackage: com.google.android.settings.flags is mapped to system_ext
11-17 23:32:04.073 16246 16246 I AconfigPackage: com.android.launcher3 is mapped to system_ext
11-17 23:32:04.073 16246 16246 I AconfigPackage: com.android.wallpaper is mapped to system_ext
11-17 23:32:04.073 16246 16246 I AconfigPackage: com.android.settings.media_drm is mapped to system_ext
11-17 23:32:04.073 16246 16246 I AconfigPackage: com.android.systemui.accessibility.accessibilitymenu is mapped to system_ext
11-17 23:32:04.073 16246 16246 I AconfigPackage: com.android.settings.keyboard is mapped to system_ext
11-17 23:32:04.073 16246 16246 I AconfigPackage: com.android.server.policy.feature.flags is mapped to system_ext
11-17 23:32:04.073   726  1942 W ForegroundServiceTypeLoggerModule: Foreground service start for UID: 10147 does not have any types
11-17 23:32:04.073 16246 16246 I AconfigPackage: com.android.settings.factory_reset is mapped to system_ext
11-17 23:32:04.073 16246 16246 I AconfigPackage: com.google.android.haptics.flags is mapped to system_ext
11-17 23:32:04.073 16246 16246 I AconfigPackage: com.android.permission.flags is mapped to com.android.permission
11-17 23:32:04.073 16246 16246 I AconfigPackage: com.android.icu is mapped to com.android.i18n
11-17 23:32:04.073 16246 16246 I AconfigPackage: com.android.appsearch.flags is mapped to com.android.appsearch
11-17 23:32:04.073 16246 16246 I AconfigPackage: android.uprobestats.mainline.flags is mapped to com.android.uprobestats
11-17 23:32:04.074   726   962 D BackgroundInstallControlService: Package event received: 0
11-17 23:32:04.074 16246 16246 I AconfigPackage: android.provider.flags is mapped to com.android.configinfrastructure
11-17 23:32:04.074 16246 16246 I AconfigPackage: com.android.server.deviceconfig is mapped to com.android.configinfrastructure
11-17 23:32:04.074 16246 16246 I AconfigPackage: com.android.nfc.flags is mapped to system
11-17 23:32:04.074 16246 16246 I AconfigPackage: android.app.admin.flags is mapped to system
11-17 23:32:04.074 16246 16246 I AconfigPackage: android.database.sqlite is mapped to system
11-17 23:32:04.074 16246 16246 I AconfigPackage: com.android.providers.calendar is mapped to system
11-17 23:32:04.074 16246 16246 I AconfigPackage: com.android.server.power.feature.flags is mapped to system
11-17 23:32:04.074 16246 16246 I AconfigPackage: com.android.media.performance.flags is mapped to system
11-17 23:32:04.074 16246 16246 I AconfigPackage: android.app.contextualsearch.flags is mapped to system
11-17 23:32:04.074 16246 16246 I AconfigPackage: android.app.ondeviceintelligence.flags is mapped to system
11-17 23:32:04.074 16246 16246 I AconfigPackage: com.android.media.projection.flags is mapped to system
11-17 23:32:04.074 16246 16246 I AconfigPackage: android.companion is mapped to system
11-17 23:32:04.074 16246 16246 I AconfigPackage: android.service.controls.flags is mapped to system
11-17 23:32:04.074 16246 16246 I AconfigPackage: com.android.text.flags is mapped to system
11-17 23:32:04.074 16246 16246 I AconfigPackage: com.android.providers.contactkeys.flags is mapped to system
11-17 23:32:04.074 16246 16246 I AconfigPackage: com.android.intentresolver is mapped to system
11-17 23:32:04.074 16246 16246 I AconfigPackage: android.companion.virtualdevice.flags is mapped to system
11-17 23:32:04.074 16246 16246 I AconfigPackage: android.uprobestats.flags is mapped to system
11-17 23:32:04.074 16246 16246 I AconfigPackage: com.android.net.thread.platform.flags is mapped to system
11-17 23:32:04.074 16246 16246 I AconfigPackage: android.view.contentprotection.flags is mapped to system
11-17 23:32:04.074 16246 16246 I AconfigPackage: com.android.server.dreams is mapped to system
11-17 23:32:04.074 16246 16246 I AconfigPackage: com.android.graphics.surfaceflinger.flags is mapped to system
11-17 23:32:04.074 16246 16246 I AconfigPackage: com.android.hardware.input is mapped to system
11-17 23:32:04.074 16246 16246 I AconfigPackage: android.sdk is mapped to system
11-17 23:32:04.074 16246 16246 I AconfigPackage: com.android.input.flags is mapped to system
11-17 23:32:04.074 16246 16246 I AconfigPackage: android.tracing is mapped to system
11-17 23:32:04.074 16246 16246 I AconfigPackage: com.android.server.biometrics is mapped to system
11-17 23:32:04.074 16246 16246 I AconfigPackage: android.view.contentcapture.flags is mapped to system
11-17 23:32:04.074 16246 16246 I AconfigPackage: android.app.job is mapped to system
11-17 23:32:04.074 16246 16246 I AconfigPackage: android.content.res is mapped to system
