11-17 09:39:14.082 10805 10805 D ApplicationLoaders: Returning zygote-cached class loader: /system_ext/framework/androidx.window.sidecar.jar
11-17 09:39:14.087   726   726 D TransparencyService: Not an update. Skipping...
11-17 09:39:14.094   726   962 D BackgroundInstallControlService: Package event received: 0
11-17 09:39:14.094   726   962 D BackgroundInstallControlService: Package event received: 0
11-17 09:39:14.094   726   962 D BackgroundInstallControlService: Package event received: 0
11-17 09:39:14.094   726   726 D BackupManagerConstants: getFullBackupIntervalMilliseconds(...) returns 86400000
11-17 09:39:14.095   726   726 D BackupManagerConstants: getFullBackupRequiredNetworkType(...) returns 2
11-17 09:39:14.095   726   726 D BackupManagerConstants: getFullBackupRequireCharging(...) returns true
11-17 09:39:14.098   726   726 I AppsFilter: interaction: PackageSetting{de80a11 com.okxbot.app/10231} -> PackageSetting{903a776 com.joaop.matematicadivertida.test/10228} BLOCKED
11-17 09:39:14.098  1604  1604 D BoundBrokerSvc: onBind: Intent { act=com.google.android.gms.feedback.internal.IFeedbackService dat=chimera-action:/... xflg=0x4 cmp=com.google.android.gms/.chimera.GmsBoundBrokerService }
11-17 09:39:14.098  1604  1604 D BoundBrokerSvc: Loading bound service for intent: Intent { act=com.google.android.gms.feedback.internal.IFeedbackService dat=chimera-action:/... xflg=0x4 cmp=com.google.android.gms/.chimera.GmsBoundBrokerService }
11-17 09:39:14.099   726   726 I AppsFilter: interaction: PackageSetting{a32364d com.android.microdroid.empty_payload/10212} -> PackageSetting{903a776 com.joaop.matematicadivertida.test/10228} BLOCKED
11-17 09:39:14.105   726   726 W Looper  : Drained
11-17 09:39:14.113  1394 10810 I Fitness : (REDACTED) OnPackageChangedOperation got intent: %s
11-17 09:39:14.115 10805 10805 W .apps.messaging: ClassLoaderContext shared library size mismatch. Expected=3, found=4 (PCL[]{PCL[/system/framework/org.apache.http.legacy.jar*4247870504]#PCL[/system_ext/framework/androidx.window.extensions.jar*1030441313]#PCL[/system_ext/framework/androidx.window.sidecar.jar*3860983653]} | PCL[]{PCL[/system/framework/org.apache.http.legacy.jar*4247870504]#PCL[/system_ext/framework/SatelliteClient.jar*339338149]#PCL[/system_ext/framework/androidx.window.extensions.jar*1030441313]#PCL[/system_ext/framework/androidx.window.sidecar.jar*3860983653]})
11-17 09:39:14.135  1173  1173 D CarrierSvcBindHelper: onPackageModified: com.joaop.matematicadivertida.test
11-17 09:39:14.136  1173  1173 D CarrierSvcBindHelper: No carrier app for: 0
11-17 09:39:14.137  1173  1415 I SatelliteAppTracker: onPackageModified : com.joaop.matematicadivertida.test
11-17 09:39:14.145   726   959 D ShortcutService: received package broadcast intent: Intent { act=android.intent.action.PACKAGE_CHANGED dat=package: flg=0x5000010 (has extras) }
11-17 09:39:14.145   726   959 D ShortcutService: changing package: com.joaop.matematicadivertida.test userId=0
11-17 09:39:14.147  1173  1173 E SmsApplication: com.google.android.apps.messaging lost android:read_cell_broadcasts:  (fixing)
11-17 09:39:14.149  9632  9632 I Finsky  : [2] Memory trim requested to level 40
11-17 09:39:14.149  9632  9632 I Finsky  : [2] Flushing in-memory image cache
11-17 09:39:14.149  1019  1019 D ControlsListingControllerImpl: ServiceConfig reloaded, count: 0
11-17 09:39:14.149   726  1946 W AppOpService: Ignored setUidMode call for runtime permission app op: uid = 10145, code = READ_CELL_BROADCASTS, mode = allow, callingUid = 1001, oldMode = allow
11-17 09:39:14.149  9632  9632 I Finsky  : [2] Memory trim requested to level 40
11-17 09:39:14.149  9632  9632 I Finsky  : [2] Flushing in-memory image cache
11-17 09:39:14.149   726  3841 E AppOps  : attributionTag VCN not declared in manifest of android
11-17 09:39:14.150  2556  2556 I Finsky:background: [2] Memory trim requested to level 40
11-17 09:39:14.150  2556  2556 I Finsky:background: [2] Memory trim requested to level 40
11-17 09:39:14.150  9632  9632 I Finsky  : [2] agiw - Received: android.intent.action.PACKAGE_CHANGED, [QnDcfBG3PqbS8MrALAUUMwv0L7d8lFjDOWAEiispG5o]
11-17 09:39:14.152   726  1943 W AppOpService: Ignored setUidMode call for runtime permission app op: uid = 1001, code = READ_SMS, mode = allow, callingUid = 1001, oldMode = allow
11-17 09:39:14.154   726  1943 W AppOpService: Ignored setUidMode call for runtime permission app op: uid = 1001, code = RECEIVE_SMS, mode = allow, callingUid = 1001, oldMode = allow
11-17 09:39:14.154   726  1946 W AppOpService: Ignored setUidMode call for runtime permission app op: uid = 1001, code = RECEIVE_WAP_PUSH, mode = allow, callingUid = 1001, oldMode = allow
11-17 09:39:14.155   726  1943 W AppOpService: Ignored setUidMode call for runtime permission app op: uid = 1001, code = SEND_SMS, mode = allow, callingUid = 1001, oldMode = allow
11-17 09:39:14.156  2556  2556 I Finsky:background: [2] agim - Received: android.intent.action.PACKAGE_CHANGED, [QnDcfBG3PqbS8MrALAUUMwv0L7d8lFjDOWAEiispG5o]
11-17 09:39:14.157   726   751 W AppOpService: Ignored setUidMode call for runtime permission app op: uid = 1001, code = READ_CELL_BROADCASTS, mode = allow, callingUid = 1001, oldMode = allow
11-17 09:39:14.163  1604  3190 W Binder  : Caught a RuntimeException from the binder stub implementation.
11-17 09:39:14.163  1604  3190 W Binder  : java.lang.UnsupportedOperationException
11-17 09:39:14.163  1604  3190 W Binder  : 	at bauf.b(:com.google.android.gms@254232038@25.42.32 (260800-820822052):3)
11-17 09:39:14.163  1604  3190 W Binder  : 	at bauf.dispatchTransaction(:com.google.android.gms@254232038@25.42.32 (260800-820822052):33)
11-17 09:39:14.163  1604  3190 W Binder  : 	at btvs.a(:com.google.android.gms@254232038@25.42.32 (260800-820822052):50)
11-17 09:39:14.163  1604  3190 W Binder  : 	at xkb.onTransact(:com.google.android.gms@254232038@25.42.32 (260800-820822052):23)
11-17 09:39:14.163  1604  3190 W Binder  : 	at android.os.Binder.execTransactInternal(Binder.java:1426)
11-17 09:39:14.163  1604  3190 W Binder  : 	at android.os.Binder.execTransact(Binder.java:1365)
11-17 09:39:14.163 10805 10805 D nativeloader: InitLlndkLibrariesProduct: libEGL.so:libGLESv1_CM.so:libGLESv2.so:libGLESv3.so:libRS.so:libandroid_net.so:libapexsupport.so:libavf.so:libbinder_ndk.so:libc.so:libcgrouprc.so:libclang_rt.asan-x86_64-android.so:libcom.android.tethering.connectivity_native.so:libdl.so:libft2.so:liblog.so:libm.so:libmediandk.so:libnativewindow.so:libneuralnetworks.so:libselinux.so:libsync.so:libvendorsupport.so:libvndksupport.so:libvulkan.so
11-17 09:39:14.163 10805 10805 D nativeloader: Configuring product-clns-10 for unbundled product apk /product/priv-app/PrebuiltBugle/PrebuiltBugle.apk. target_sdk_version=36, uses_libraries=, library_path=/product/priv-app/PrebuiltBugle/lib/x86_64:/product/priv-app/PrebuiltBugle/PrebuiltBugle.apk!/lib/x86_64:/product/lib64:/system/product/lib64, permitted_path=/data:/mnt/expand:/data/user/0/com.google.android.apps.messaging:/product/lib64:/system/product/lib64
11-17 09:39:14.164 10805 10805 D nativeloader: InitVndkspLibrariesProduct: VNDK is deprecated with product
11-17 09:39:14.170   726   855 I RoleService: Granting default roles...
11-17 09:39:14.172  2556 10466 I Finsky:background: [599] Wrote row to frosting DB: 1088
11-17 09:39:14.176  9632  9651 I Finsky  : [89] RECEIVER_PACKAGE_MONITOR#logWorkEndAndFinishGoAsync: SUCCESS
11-17 09:39:14.179  2556  2643 I Finsky:background: [60] RECEIVER_PACKAGE_MONITOR_BACKGROUND#logWorkEndAndFinishGoAsync: SUCCESS
11-17 09:39:14.182  1173  1411 D ImsResolver: maybeAddedImsService, packageName: com.joaop.matematicadivertida.test
11-17 09:39:14.184  1173  1411 V ImsResolver: searchForImsServices: package=com.joaop.matematicadivertida.test, users=[UserHandle{0}]
11-17 09:39:14.185  1173  1411 V ImsResolver: searchForImsServices: package=com.joaop.matematicadivertida.test, users=[UserHandle{0}]
11-17 09:39:14.192   726   873 V AccessibilityManagerService: onUserStateChangedLocked for userId: 0, forceUpdate: false
11-17 09:39:14.193  2556 10466 I Finsky:background: [599] Wrote row to frosting DB: 1089
11-17 09:39:14.196   726   726 D AppSearchAppsIndexerManagerS: userid in package receiver: 10228
11-17 09:39:14.196  1792  9244 I PermissionControllerServiceImpl: Updating user sensitive for uid 10228
11-17 09:39:14.199  1173  1173 D SatelliteController: packageStateChanged: package:com.joaop.matematicadivertida.test DefaultSmsPackageName:com.google.android.apps.messaging
11-17 09:39:14.199  1173  1173 V SatelliteController: Neither SMS or SatelliteGateway package
11-17 09:39:14.200   726   873 W MagnificationConnectionManager: requestConnection duplicated request: connect=false, mConnectionState=DISCONNECTED
11-17 09:39:14.201  1604  9373 I Icing   : Usage reports ok 0, Failed Usage reports 0, indexed 0, rejected 0
11-17 09:39:14.206   726  5765 W SignedPackage: Package doesn't have required signing certificate: com.google.android.retaildemo
11-17 09:39:14.206   726  5765 E RoleControllerServiceImpl: Default/fallback role holder package doesn't qualify for the role, package: com.google.android.gms.supervision, role: android.app.role.SYSTEM_SUPERVISION
11-17 09:39:14.209  1184  1237 D PackageUpdatedTask: Package updated: mOp=UPDATE packages=[com.joaop.matematicadivertida.test], user=UserHandle{0}
11-17 09:39:14.213   726   726 W IPCThreadState: Sending oneway calls to frozen process.
11-17 09:39:14.213   726   726 W IPCThreadState: Sending oneway calls to frozen process.
11-17 09:39:14.215  1655 10808 I AiAiEcho: AppIndexer Package:[com.joaop.matematicadivertida.test] UserProfile:[0] Enabled:[true].
11-17 09:39:14.215  1655 10808 I AiAiEcho: AppFetcherImplV2 updateApps package:[com.joaop.matematicadivertida.test], userId:[0], reason:[package is updated.].
11-17 09:39:14.219  1184  1237 W AllAppsList: updatePackage: no Activities matched updated package, removing any AppInfo with package=com.joaop.matematicadivertida.test, user=UserHandle{0}
11-17 09:39:14.220  1604  9198 I Icing   : IndexChimeraService.getServiceInterface callingPackage=com.google.android.gms componentName=null serviceId=30
11-17 09:39:14.221  1604 10864 I Auth    : (REDACTED) [SupervisedAccountIntentOperationV2] onHandleIntent: %s
11-17 09:39:14.222   726   726 W IPCThreadState: Sending oneway calls to frozen process.
11-17 09:39:14.223  1604 10800 I Dck     : (REDACTED) disableDckSupport: %s
11-17 09:39:14.223  1604 10800 W Dck     : [WirelessCapabilitiesFeatures] wccSysProp: 0 [CONTEXT service_id=289 ]
11-17 09:39:14.223  1604 10800 I Dck     : [WirelessCapabilitiesFeatures] wccMendel: 3 [CONTEXT service_id=289 ]
11-17 09:39:14.223  1604 10800 I Dck     : [WirelessCapabilitiesFeatures] deviceWccOverride: false [CONTEXT service_id=289 ]
11-17 09:39:14.225  1604 10800 I Dck     : [WirelessCapabilitiesFeatures] replaceSupportedWccWithWccOverride: true [CONTEXT service_id=289 ]
11-17 09:39:14.225  1604 10800 I Dck     : [WirelessCapabilitiesFeatures] wccOverride: not set [CONTEXT service_id=289 ]
11-17 09:39:14.225  1604 10800 I Dck     : (REDACTED) [WirelessCapabilitiesFeatures] wcc: %s
11-17 09:39:14.225  1604 10800 I Dck     : Dck module condition - hasWccSupport: false [CONTEXT service_id=289 ]
11-17 09:39:14.225  1604 10800 I Dck     : Dck module condition - downloadAllowed: false [CONTEXT service_id=289 ]
11-17 09:39:14.225  1604 10800 W Dck     : Dck module not eligible for asynchronous downloading [CONTEXT service_id=289 ]
11-17 09:39:14.227  1604 10825 I Blockstore: (REDACTED) [DataStoreImpl] Clearing Blockstore Data for package %s
11-17 09:39:14.228   726   726 W IPCThreadState: Sending oneway calls to frozen process.
11-17 09:39:14.230   726   726 W IPCThreadState: Sending oneway calls to frozen process.
11-17 09:39:14.231   726   726 W IPCThreadState: Sending oneway calls to frozen process.
11-17 09:39:14.231   726   726 W IPCThreadState: Sending oneway calls to frozen process.
11-17 09:39:14.232  1604 10825 I Blockstore: [DataStoreImpl] Keyless data not found or its IsLastInstallationData = false. [CONTEXT service_id=258 ]
11-17 09:39:14.235  2556  2620 I Finsky:background: [50] RECEIVER_ENGAGE_PACKAGE_CHANGED#logWorkEndAndFinishGoAsync: SKIPPED_PRECONDITIONS_UNMET
11-17 09:39:14.236 10805 10805 I .apps.messaging: AssetManager2(0x721b41a1c558) locale list changing from [] to [en-US]
11-17 09:39:14.240   726  5765 W SignedPackage: Package doesn't have required signing certificate: com.google.android.apps.work.clouddpc
11-17 09:39:14.247  1604 10864 I NearbyDiscovery: (REDACTED) processGrantSlicePermission: %s
11-17 09:39:14.251  1173  1173 E SmsApplication: com.google.android.apps.messaging lost android:read_cell_broadcasts:  (fixing)
11-17 09:39:14.252   726  1946 W AppOpService: Ignored setUidMode call for runtime permission app op: uid = 10145, code = READ_CELL_BROADCASTS, mode = allow, callingUid = 1001, oldMode = allow
11-17 09:39:14.256  1394 10856 I Fitness : (REDACTED) FitCleanupIntentOperation received Intent %s
11-17 09:39:14.258  1394 10851 I ProximityAuth: [RecentAppsMediator] Package added: (user=UserHandle{0}) com.joaop.matematicadivertida.test
11-17 09:39:14.259  1394 10810 W GCM     : Unexpected forwarded intent: Intent { act=android.intent.action.PACKAGE_ADDED dat=package: flg=0x4000010 pkg=com.google.android.gms cmp=com.google.android.gms/.chimera.PersistentIntentOperationService (has extras) }
11-17 09:39:14.259  1394 10826 I FontLog : (REDACTED) Package %s has no metadata
11-17 09:39:14.259  1394 10826 W NetworkScheduler: Unexpected forwarded intent: Intent { act=android.intent.action.PACKAGE_ADDED dat=package: flg=0x4000010 pkg=com.google.android.gms cmp=com.google.android.gms/.chimera.PersistentIntentOperationService (has extras) }
11-17 09:39:14.263 10805 10805 V GraphicsEnvironment: Currently set values for:
11-17 09:39:14.263 10805 10805 V GraphicsEnvironment:   angle_gl_driver_selection_pkgs=[]
11-17 09:39:14.263 10805 10805 V GraphicsEnvironment:   angle_gl_driver_selection_values=[]
11-17 09:39:14.263 10805 10805 V GraphicsEnvironment: com.google.android.apps.messaging is not listed in per-application setting
11-17 09:39:14.263 10805 10805 V GraphicsEnvironment: ANGLE allowlist from config: com.dreamgames.royalmatch com.dts.freefiremax com.dxx.firenow com.gramgames.mergedragons com.ludo.king com.mojang.minecraftpe com.my.defense com.nintendo.zaka com.os.airforce com.playrix.fishdomdd.gplay io.teslatech.callbreak jp.konami.prospia net.peakgames.toonblast
11-17 09:39:14.263 10805 10805 V GraphicsEnvironment: com.google.android.apps.messaging is not listed in ANGLE allowlist or settings, returning default
11-17 09:39:14.263 10805 10805 V GraphicsEnvironment: Neither updatable production driver nor prerelease driver is supported.
11-17 09:39:14.268   726   751 W AppOpService: Ignored setUidMode call for runtime permission app op: uid = 1001, code = READ_SMS, mode = allow, callingUid = 1001, oldMode = allow
11-17 09:39:14.274  1604  4320 W Binder  : Caught a RuntimeException from the binder stub implementation.
11-17 09:39:14.274  1604  4320 W Binder  : java.lang.UnsupportedOperationException
11-17 09:39:14.274  1604  4320 W Binder  : 	at bauf.b(:com.google.android.gms@254232038@25.42.32 (260800-820822052):3)
11-17 09:39:14.274  1604  4320 W Binder  : 	at bauf.dispatchTransaction(:com.google.android.gms@254232038@25.42.32 (260800-820822052):33)
11-17 09:39:14.274  1604  4320 W Binder  : 	at btvs.a(:com.google.android.gms@254232038@25.42.32 (260800-820822052):50)
11-17 09:39:14.274  1604  4320 W Binder  : 	at xkb.onTransact(:com.google.android.gms@254232038@25.42.32 (260800-820822052):23)
11-17 09:39:14.274  1604  4320 W Binder  : 	at android.os.Binder.execTransactInternal(Binder.java:1426)
11-17 09:39:14.274  1604  4320 W Binder  : 	at android.os.Binder.execTransact(Binder.java:1365)
11-17 09:39:14.279  2556  2556 I Finsky:background: [2] Memory trim requested to level 40
11-17 09:39:14.279  9632  9632 I Finsky  : [2] Memory trim requested to level 40
11-17 09:39:14.279  9632  9632 I Finsky  : [2] Flushing in-memory image cache
11-17 09:39:14.281  1394 10812 I Fitness : (REDACTED) OnPackageChangedOperation got intent: %s
11-17 09:39:14.281   726  3841 W AppOpService: Ignored setUidMode call for runtime permission app op: uid = 1001, code = RECEIVE_SMS, mode = allow, callingUid = 1001, oldMode = allow
11-17 09:39:14.282   726  1850 W AppOpService: Ignored setUidMode call for runtime permission app op: uid = 1001, code = RECEIVE_WAP_PUSH, mode = allow, callingUid = 1001, oldMode = allow
11-17 09:39:14.283   726  1850 W AppOpService: Ignored setUidMode call for runtime permission app op: uid = 1001, code = SEND_SMS, mode = allow, callingUid = 1001, oldMode = allow
11-17 09:39:14.283   726  1295 W AppOpService: Ignored setUidMode call for runtime permission app op: uid = 1001, code = READ_CELL_BROADCASTS, mode = allow, callingUid = 1001, oldMode = allow
11-17 09:39:14.289  1173  1173 D SatelliteAccessController: Current default SMS app:ComponentInfo{com.google.android.apps.messaging/com.google.android.apps.messaging.shared.receiver.SmsDeliverReceiver}
11-17 09:39:14.289  1173  1173 D SatelliteController: getSelectedSatelliteSubId: subId=-1
11-17 09:39:14.289  1173  1173 D SatelliteAccessController: supportedMsgApps:com.google.android.apps.messaging
11-17 09:39:14.301 10889 10889 W libprocessgroup: A JoinCgroup action in the SystemMemoryProcess profile is used for controller memory in the cgroup v2 hierarchy and will be ignored
11-17 09:39:14.301 10889 10889 W libprocessgroup: SetCgroup::ExecuteForTask: failed to open /dev/cpuctl/top-app/tasks: Permission denied
11-17 09:39:14.301 10889 10889 W libprocessgroup: SetCgroup::ExecuteForTask: failed to open /dev/blkio/tasks: Permission denied
11-17 09:39:14.301 10889 10889 E libprocessgroup: set_timerslack_ns write failed: Operation not permitted
11-17 09:39:14.306   726  5765 I Role    : com.google.android.gms not qualified for android.app.role.SYSTEM_DEPENDENCY_INSTALLER due to missing RequiredComponent{mIntentFilterData=IntentFilterData{mAction='android.content.pm.action.INSTALL_DEPENDENCY', mCategories='[]', mDataScheme='null', mDataType='null'}, mMinTargetSdkVersion=1, mFlags='0', mPermission='android.permission.BIND_DEPENDENCY_INSTALLER', mQueryFlags=0, mMetaData=[]}
11-17 09:39:14.306   726  5765 E RoleControllerServiceImpl: Default/fallback role holder package doesn't qualify for the role, package: com.google.android.gms, role: android.app.role.SYSTEM_DEPENDENCY_INSTALLER
11-17 09:39:14.309  1394 10851 I Fitness : (REDACTED) FitCleanupIntentOperation received Intent %s
11-17 09:39:14.314  1394 10852 I Fitness : (REDACTED) OnPackageChangedOperation got intent: %s
11-17 09:39:14.328  1394 10851 I Fitness : (REDACTED) FitCleanupIntentOperation received Intent %s
11-17 09:39:14.344  1604  9373 I Icing   : Usage reports ok 0, Failed Usage reports 0, indexed 0, rejected 0
11-17 09:39:14.361  1604  9373 I Icing   : Indexing com.google.android.gms-apps from com.google.android.gms
11-17 09:39:14.374   726  5765 E RoleControllerServiceImpl: Default/fallback role holder package doesn't qualify for the role, package: com.google.android.gms, role: android.app.role.WALLET
11-17 09:39:14.382   726  5765 I system_server: AssetManager2(0x721b41a64038) locale list changing from [] to [en-US]
11-17 09:39:14.388   726  5765 W SignedPackage: Cannot get ApplicationInfo for package: com.google.android.devicelockcontroller
11-17 09:39:14.415  1604  9373 I Icing   : Indexing done com.google.android.gms-apps
11-17 09:39:14.420  1604  9373 I Icing   : Indexing com.google.android.gms-apps from com.google.android.gms
11-17 09:39:14.423  1604  9373 I Icing   : Indexing done com.google.android.gms-apps
11-17 09:39:14.425  1604  9373 I Icing   : Indexing com.google.android.gms-apps from com.google.android.gms
11-17 09:39:14.426  1604  9373 I Icing   : Indexing done com.google.android.gms-apps
11-17 09:39:14.452  1604  9373 I Icing   : Indexing com.google.android.gms-apps from com.google.android.gms
11-17 09:39:14.454  1604  9373 I Icing   : Indexing done com.google.android.gms-apps
11-17 09:39:14.458  1604  9373 I Icing   : Indexing com.google.android.gms-apps from com.google.android.gms
11-17 09:39:14.460  1604  9373 I Icing   : Indexing done com.google.android.gms-apps
11-17 09:39:14.471 10888 10888 D AndroidRuntime: >>>>>> START com.android.internal.os.RuntimeInit uid 2000 <<<<<<
11-17 09:39:14.478 10888 10888 I AndroidRuntime: Using default boot image
11-17 09:39:14.478 10888 10888 I AndroidRuntime: Leaving lock profiling enabled
11-17 09:39:14.481 10888 10888 I app_process: Using CollectorTypeCMC GC.
11-17 09:39:14.514   726  1943 I ActivityManager: Background started FGS: Allowed [callingPackage: com.google.android.apps.wellbeing; callingUid: 10147; uidState: BTOP; uidBFSL: [BFSL]; intent: Intent { xflg=0x4 cmp=com.google.android.apps.wellbeing/com.google.apps.tiktok.concurrent.InternalForegroundService (has extras) }; code:BACKGROUND_ACTIVITY_PERMISSION; tempAllowListReason:<null>; allowWiu:58; targetSdkVersion:35; callerTargetSdkVersion:35; startForegroundCount:0; bindFromPackage:null: isBindService:false]
11-17 09:39:14.519   726  3841 W ForegroundServiceTypeLoggerModule: Foreground service start for UID: 10147 does not have any types
11-17 09:39:14.525   726   962 D BackgroundInstallControlService: Package event received: 0
11-17 09:39:14.528   726  1295 W ForegroundServiceTypeLoggerModule: FGS stop call for: 10147 has no types!
11-17 09:39:14.529   726   962 D BackgroundInstallControlService: Package event received: 0
11-17 09:39:14.534  1520  1730 I .apps.wellbeing: AssetManager2(0x721b41a38a78) locale list changing from [] to [en-US]
11-17 09:39:14.535  1520  1730 I .apps.wellbeing: AssetManager2(0x721b41a296b8) locale list changing from [] to [en-US]
11-17 09:39:14.548  1520  1730 I .apps.wellbeing: AssetManager2(0x721b41a46e98) locale list changing from [] to [en-US]
11-17 09:39:14.552  1520  1730 I .apps.wellbeing: AssetManager2(0x721b41a4f4f8) locale list changing from [] to [en-US]
11-17 09:39:14.553  1520  1730 I .apps.wellbeing: AssetManager2(0x721b41a477f8) locale list changing from [] to [en-US]
11-17 09:39:14.555  1520  1730 I .apps.wellbeing: AssetManager2(0x721b41a251f8) locale list changing from [] to [en-US]
11-17 09:39:14.575  1520  1730 I .apps.wellbeing: AssetManager2(0x721b41a413f8) locale list changing from [] to [en-US]
11-17 09:39:14.578  1520  1730 I .apps.wellbeing: AssetManager2(0x721b41a264b8) locale list changing from [] to [en-US]
11-17 09:39:14.583  1520  1730 I .apps.wellbeing: AssetManager2(0x721b41a32038) locale list changing from [] to [en-US]
11-17 09:39:14.584  1520  1730 I .apps.wellbeing: AssetManager2(0x721b41a3bf98) locale list changing from [] to [en-US]
11-17 09:39:14.612  1520  1730 I .apps.wellbeing: AssetManager2(0x721b41a3e1f8) locale list changing from [] to [en-US]
11-17 09:39:14.615  1520  1730 I .apps.wellbeing: AssetManager2(0x721b41a3fe18) locale list changing from [] to [en-US]
11-17 09:39:14.617  1520  1730 I .apps.wellbeing: AssetManager2(0x721b41a3aff8) locale list changing from [] to [en-US]
11-17 09:39:14.618  1520  1730 I .apps.wellbeing: AssetManager2(0x721b41a25838) locale list changing from [] to [en-US]
11-17 09:39:14.621  1520  1730 I .apps.wellbeing: AssetManager2(0x721b41a43658) locale list changing from [] to [en-US]
11-17 09:39:14.623  1520  1730 I .apps.wellbeing: AssetManager2(0x721b41a41718) locale list changing from [] to [en-US]
11-17 09:39:14.632 10805 10805 I MultiDex: VM with version 2.1.0 has multidex support
11-17 09:39:14.632 10805 10805 I MultiDex: Installing application
11-17 09:39:14.632 10805 10805 I MultiDex: VM has multidex support, MultiDex support library is disabled.
11-17 09:39:14.635  1520  1730 I .apps.wellbeing: AssetManager2(0x721b41a38758) locale list changing from [] to [en-US]
11-17 09:39:14.646  1520  1730 I .apps.wellbeing: AssetManager2(0x721b41a396f8) locale list changing from [] to [en-US]
11-17 09:39:14.649  1520  1730 I .apps.wellbeing: AssetManager2(0x721b41a43c98) locale list changing from [] to [en-US]
11-17 09:39:14.650  1520  1730 I .apps.wellbeing: AssetManager2(0x721b41a3dbb8) locale list changing from [] to [en-US]
11-17 09:39:14.652  1520  1730 I .apps.wellbeing: AssetManager2(0x721b41a3cf38) locale list changing from [] to [en-US]
11-17 09:39:14.654  1520  1730 I .apps.wellbeing: AssetManager2(0x721b41a21058) locale list changing from [] to [en-US]
11-17 09:39:14.655  1520  1730 I .apps.wellbeing: AssetManager2(0x721b41a2de98) locale list changing from [] to [en-US]
11-17 09:39:14.657  1520  1730 I .apps.wellbeing: AssetManager2(0x721b41a46858) locale list changing from [] to [en-US]
11-17 09:39:14.658  1520  1730 I .apps.wellbeing: AssetManager2(0x721b41a2eb18) locale list changing from [] to [en-US]
11-17 09:39:14.660  1520  1730 I .apps.wellbeing: AssetManager2(0x721b41a44918) locale list changing from [] to [en-US]
11-17 09:39:14.661  1520  1730 I .apps.wellbeing: AssetManager2(0x721b41a47b18) locale list changing from [] to [en-US]
11-17 09:39:14.663  1520  1730 I .apps.wellbeing: AssetManager2(0x721b41a4b678) locale list changing from [] to [en-US]
11-17 09:39:14.666  1520  1730 I .apps.wellbeing: AssetManager2(0x721b41a2a018) locale list changing from [] to [en-US]
11-17 09:39:14.668  1520  1730 I .apps.wellbeing: AssetManager2(0x721b41a35558) locale list changing from [] to [en-US]
11-17 09:39:14.670  1520  1730 I .apps.wellbeing: AssetManager2(0x721b41a490f8) locale list changing from [] to [en-US]
11-17 09:39:14.672  1520  1730 I .apps.wellbeing: AssetManager2(0x721b41a47e38) locale list changing from [] to [en-US]
11-17 09:39:14.673  1520  1730 I .apps.wellbeing: AssetManager2(0x721b41a38d98) locale list changing from [] to [en-US]
11-17 09:39:14.676  1520  1730 I .apps.wellbeing: AssetManager2(0x721b41a2b918) locale list changing from [] to [en-US]
11-17 09:39:14.681  1520  1730 I .apps.wellbeing: AssetManager2(0x721b41a2e7f8) locale list changing from [] to [en-US]
11-17 09:39:14.682  1520  1730 I .apps.wellbeing: AssetManager2(0x721b41a29cf8) locale list changing from [] to [en-US]
11-17 09:39:14.685  1520  1730 I .apps.wellbeing: AssetManager2(0x721b41a2bc38) locale list changing from [] to [en-US]
11-17 09:39:14.687  1520  1730 I .apps.wellbeing: AssetManager2(0x721b41a316d8) locale list changing from [] to [en-US]
11-17 09:39:14.692  1520  1730 I .apps.wellbeing: AssetManager2(0x721b41a20d38) locale list changing from [] to [en-US]
11-17 09:39:14.696  1520  1730 I .apps.wellbeing: AssetManager2(0x721b41a313b8) locale list changing from [] to [en-US]
11-17 09:39:14.699  1520  1730 I .apps.wellbeing: AssetManager2(0x721b41a28718) locale list changing from [] to [en-US]
11-17 09:39:14.701  1520  1730 I .apps.wellbeing: AssetManager2(0x721b41a49a58) locale list changing from [] to [en-US]
11-17 09:39:14.702  1520  1730 I .apps.wellbeing: AssetManager2(0x721b41a361d8) locale list changing from [] to [en-US]
11-17 09:39:14.704  1520  1730 I .apps.wellbeing: AssetManager2(0x721b41a21cd8) locale list changing from [] to [en-US]
11-17 09:39:14.707  1520  1730 I .apps.wellbeing: AssetManager2(0x721b41a41d58) locale list changing from [] to [en-US]
11-17 09:39:14.708  1520  1730 I .apps.wellbeing: AssetManager2(0x721b41a26198) locale list changing from [] to [en-US]
11-17 09:39:14.712  1520  1730 I .apps.wellbeing: AssetManager2(0x721b41a4e558) locale list changing from [] to [en-US]
11-17 09:39:14.714  1520  1730 I .apps.wellbeing: AssetManager2(0x721b41a42cf8) locale list changing from [] to [en-US]
11-17 09:39:14.718  1520  1730 I .apps.wellbeing: AssetManager2(0x721b41a45278) locale list changing from [] to [en-US]
11-17 09:39:14.720  1520  1730 I .apps.wellbeing: AssetManager2(0x721b41a32998) locale list changing from [] to [en-US]
11-17 09:39:14.724  1520  1730 I .apps.wellbeing: AssetManager2(0x721b41a40db8) locale list changing from [] to [en-US]
11-17 09:39:14.727  1520  1730 I .apps.wellbeing: AssetManager2(0x721b41a45598) locale list changing from [] to [en-US]
11-17 09:39:14.727  1520  1730 I .apps.wellbeing: AssetManager2(0x721b41a232b8) locale list changing from [] to [en-US]
11-17 09:39:14.729  1520  1730 I .apps.wellbeing: AssetManager2(0x721b41a2fab8) locale list changing from [] to [en-US]
11-17 09:39:14.729  1520  1730 I .apps.wellbeing: AssetManager2(0x721b41a332f8) locale list changing from [] to [en-US]
11-17 09:39:14.731  1520  1730 I .apps.wellbeing: AssetManager2(0x721b41a31d18) locale list changing from [] to [en-US]
11-17 09:39:14.733  1520  1730 I .apps.wellbeing: AssetManager2(0x721b41a474d8) locale list changing from [] to [en-US]
11-17 09:39:14.734  1520  1730 I .apps.wellbeing: AssetManager2(0x721b41a3d898) locale list changing from [] to [en-US]
11-17 09:39:14.736  1520  1730 I .apps.wellbeing: AssetManager2(0x721b41a49d78) locale list changing from [] to [en-US]
11-17 09:39:14.738  1520  1730 I .apps.wellbeing: AssetManager2(0x721b41a22f98) locale list changing from [] to [en-US]
11-17 09:39:14.739  1520  1730 I .apps.wellbeing: AssetManager2(0x721b41a24578) locale list changing from [] to [en-US]
11-17 09:39:14.742  1520  1730 I .apps.wellbeing: AssetManager2(0x721b41a46538) locale list changing from [] to [en-US]
11-17 09:39:14.744  1520  1730 I .apps.wellbeing: AssetManager2(0x721b41a4b358) locale list changing from [] to [en-US]
11-17 09:39:14.746  1520  1730 I .apps.wellbeing: AssetManager2(0x721b41a38438) locale list changing from [] to [en-US]
11-17 09:39:14.749  1520  1730 I .apps.wellbeing: AssetManager2(0x721b41a34f18) locale list changing from [] to [en-US]
11-17 09:39:14.751  1520  1730 I .apps.wellbeing: AssetManager2(0x721b41a2a658) locale list changing from [] to [en-US]
11-17 09:39:14.752  1520  1730 I .apps.wellbeing: AssetManager2(0x721b41a2c598) locale list changing from [] to [en-US]
11-17 09:39:14.754  1520  1730 I .apps.wellbeing: AssetManager2(0x721b41a35878) locale list changing from [] to [en-US]
11-17 09:39:14.755  1520  1730 I .apps.wellbeing: AssetManager2(0x721b41a3f7d8) locale list changing from [] to [en-US]
11-17 09:39:14.756  1520  1730 I .apps.wellbeing: AssetManager2(0x721b41a22958) locale list changing from [] to [en-US]
11-17 09:39:14.757  1520  1730 I .apps.wellbeing: AssetManager2(0x721b41a37ad8) locale list changing from [] to [en-US]
11-17 09:39:14.761  1520  1730 I .apps.wellbeing: AssetManager2(0x721b41a33938) locale list changing from [] to [en-US]
11-17 09:39:14.762  1520  1730 I .apps.wellbeing: AssetManager2(0x721b41a32fd8) locale list changing from [] to [en-US]
11-17 09:39:14.763  1520  1730 I .apps.wellbeing: AssetManager2(0x721b41a41a38) locale list changing from [] to [en-US]
11-17 09:39:14.765  1520  1730 I .apps.wellbeing: AssetManager2(0x721b41a3a378) locale list changing from [] to [en-US]
11-17 09:39:14.767  1520  1730 I .apps.wellbeing: AssetManager2(0x721b41a3c2b8) locale list changing from [] to [en-US]
11-17 09:39:14.767  1520  1730 I .apps.wellbeing: AssetManager2(0x721b41a3b318) locale list changing from [] to [en-US]
11-17 09:39:14.770  1520  1730 I .apps.wellbeing: AssetManager2(0x721b41a2f478) locale list changing from [] to [en-US]
11-17 09:39:14.771  1520  1730 I .apps.wellbeing: AssetManager2(0x721b41a35238) locale list changing from [] to [en-US]
11-17 09:39:14.772  1520  1730 I .apps.wellbeing: AssetManager2(0x721b41a1c558) locale list changing from [] to [en-US]
11-17 09:39:14.772  1520  1730 I .apps.wellbeing: AssetManager2(0x721b41a46218) locale list changing from [] to [en-US]
11-17 09:39:14.773  1520  1730 I .apps.wellbeing: AssetManager2(0x721b41a27778) locale list changing from [] to [en-US]
11-17 09:39:14.774  1520  1730 I .apps.wellbeing: AssetManager2(0x721b41a45bd8) locale list changing from [] to [en-US]
11-17 09:39:14.774  1520  1730 I .apps.wellbeing: AssetManager2(0x721b41a24898) locale list changing from [] to [en-US]
11-17 09:39:14.776  1520  1730 I .apps.wellbeing: AssetManager2(0x721b41a26e18) locale list changing from [] to [en-US]
11-17 09:39:14.778  1520  1730 I .apps.wellbeing: AssetManager2(0x721b41a4ad18) locale list changing from [] to [en-US]
11-17 09:39:14.782  1520  1730 I .apps.wellbeing: AssetManager2(0x721b41a30418) locale list changing from [] to [en-US]
11-17 09:39:14.785  1520  1730 I .apps.wellbeing: AssetManager2(0x721b41a27458) locale list changing from [] to [en-US]
11-17 09:39:14.786  1520  1730 I .apps.wellbeing: AssetManager2(0x721b41a36b38) locale list changing from [] to [en-US]
11-17 09:39:14.787  1520  1730 I .apps.wellbeing: AssetManager2(0x721b41a4f818) locale list changing from [] to [en-US]
11-17 09:39:14.788  1520  1730 I .apps.wellbeing: AssetManager2(0x721b41a30a58) locale list changing from [] to [en-US]
11-17 09:39:14.793  1520  1730 I .apps.wellbeing: AssetManager2(0x721b41a2c278) locale list changing from [] to [en-US]
11-17 09:39:14.793  1520  1730 I .apps.wellbeing: AssetManager2(0x721b41a4c618) locale list changing from [] to [en-US]
11-17 09:39:14.794  1520  1730 I .apps.wellbeing: AssetManager2(0x721b41a2fdd8) locale list changing from [] to [en-US]
11-17 09:39:14.797  1520  1730 I .apps.wellbeing: AssetManager2(0x721b41a42398) locale list changing from [] to [en-US]
11-17 09:39:14.798  1520  1730 I .apps.wellbeing: AssetManager2(0x721b41a32cb8) locale list changing from [] to [en-US]
11-17 09:39:14.799  1520  1730 I .apps.wellbeing: AssetManager2(0x721b41a21ff8) locale list changing from [] to [en-US]
11-17 09:39:14.801  1520  1730 I .apps.wellbeing: AssetManager2(0x721b41a44c38) locale list changing from [] to [en-US]
11-17 09:39:14.806  1520  1730 I .apps.wellbeing: AssetManager2(0x721b41a31098) locale list changing from [] to [en-US]
11-17 09:39:14.808  1520  1730 I .apps.wellbeing: AssetManager2(0x721b41a319f8) locale list changing from [] to [en-US]
11-17 09:39:14.812  1520  1730 I .apps.wellbeing: AssetManager2(0x721b41a3a058) locale list changing from [] to [en-US]
11-17 09:39:14.813  1520  1730 I .apps.wellbeing: AssetManager2(0x721b41a410d8) locale list changing from [] to [en-US]
11-17 09:39:14.817  1520  1730 I .apps.wellbeing: AssetManager2(0x721b41a35b98) locale list changing from [] to [en-US]
11-17 09:39:14.822  1520  1730 I .apps.wellbeing: AssetManager2(0x721b41a37df8) locale list changing from [] to [en-US]
11-17 09:39:14.824  1520  1730 I .apps.wellbeing: AssetManager2(0x721b41a2d858) locale list changing from [] to [en-US]
11-17 09:39:14.826  1520  1730 I .apps.wellbeing: AssetManager2(0x721b41a3acd8) locale list changing from [] to [en-US]
11-17 09:39:14.827 10805 10805 D PrimesLoggerHolder: Primes instant initialization
11-17 09:39:14.830  1520  1730 I .apps.wellbeing: AssetManager2(0x721b41a2cbd8) locale list changing from [] to [en-US]
11-17 09:39:14.841 10805 10805 I efqm    : SslGuard completed installation.
11-17 09:39:14.857  1520  1730 I .apps.wellbeing: AssetManager2(0x721b41a345b8) locale list changing from [] to [en-US]
11-17 09:39:14.858  1520  1730 I .apps.wellbeing: AssetManager2(0x721b41a39d38) locale list changing from [] to [en-US]
11-17 09:39:14.869  1520  1730 I .apps.wellbeing: AssetManager2(0x721b41a4c938) locale list changing from [] to [en-US]
11-17 09:39:14.885  1520  1730 I .apps.wellbeing: AssetManager2(0x721b41a2b5f8) locale list changing from [] to [en-US]
11-17 09:39:14.902  1520  1730 I .apps.wellbeing: AssetManager2(0x721b41a29398) locale list changing from [] to [en-US]
11-17 09:39:14.917  1520  1730 I .apps.wellbeing: AssetManager2(0x721b41a300f8) locale list changing from [] to [en-US]
11-17 09:39:14.920  1520  1730 I .apps.wellbeing: AssetManager2(0x721b41a25e78) locale list changing from [] to [en-US]
11-17 09:39:14.923  1520  1730 I .apps.wellbeing: AssetManager2(0x721b41a4f1d8) locale list changing from [] to [en-US]
11-17 09:39:14.925  1520  1730 I .apps.wellbeing: AssetManager2(0x721b41a23c18) locale list changing from [] to [en-US]
11-17 09:39:14.927  1520  1730 I .apps.wellbeing: AssetManager2(0x721b41a471b8) locale list changing from [] to [en-US]
11-17 09:39:14.929  1520  1730 I .apps.wellbeing: AssetManager2(0x721b41a2e4d8) locale list changing from [] to [en-US]
11-17 09:39:14.934  1520  1730 I .apps.wellbeing: AssetManager2(0x721b41a24bb8) locale list changing from [] to [en-US]
11-17 09:39:14.937  1520  1730 I .apps.wellbeing: AssetManager2(0x721b41a40458) locale list changing from [] to [en-US]
11-17 09:39:14.940  1520  1730 I .apps.wellbeing: AssetManager2(0x721b41a390b8) locale list changing from [] to [en-US]
11-17 09:39:14.946  1520  1730 I .apps.wellbeing: AssetManager2(0x721b41a22c78) locale list changing from [] to [en-US]
11-17 09:39:14.968  1520  1730 I .apps.wellbeing: AssetManager2(0x721b41a36e58) locale list changing from [] to [en-US]
11-17 09:39:14.970  1520  1730 I .apps.wellbeing: AssetManager2(0x721b41a32358) locale list changing from [] to [en-US]
11-17 09:39:14.973  1520  1730 I .apps.wellbeing: AssetManager2(0x721b41a22318) locale list changing from [] to [en-US]
11-17 09:39:14.977  1520  1730 I .apps.wellbeing: AssetManager2(0x721b41a458b8) locale list changing from [] to [en-US]
11-17 09:39:14.982  1520  1730 I .apps.wellbeing: AssetManager2(0x721b41a25518) locale list changing from [] to [en-US]
11-17 09:39:14.988 10805 10894 D nativeloader: Load /product/priv-app/PrebuiltBugle/PrebuiltBugle.apk!/lib/x86_64/libnative_crash_handler_jni.so using class loader ns product-clns-10 (caller=/product/priv-app/PrebuiltBugle/PrebuiltBugle.apk!classes4.dex): ok
11-17 09:39:15.031 10805 10902 I stetho  : Listening on @stetho_com.google.android.apps.messaging_devtools_remote
11-17 09:39:15.032 10805 10805 I Bugle   : BugleApplicationBase: Bugle version: messages.android_20250311_04_rc01.phone_dynamic , Bugle version code: 273168063
11-17 09:39:15.039 10805 10805 I Bugle   : DarkModeManager: setDarkMode: -1
11-17 09:39:15.057   726   824 D FileUtils: Rounded bytes from 3121078272 to 4000000000
11-17 09:39:15.064 10888 10888 D nativeloader: InitDefaultPublicLibraries for_preload=1: libandroid.so:libaaudio.so:libamidi.so:libbinder_ndk.so:libc.so:libcamera2ndk.so:libdl.so:libEGL.so:libGLESv1_CM.so:libGLESv2.so:libGLESv3.so:libicu.so:libicui18n.so:libicuuc.so:libjnigraphics.so:liblog.so:libmediandk.so:libm.so:libnativehelper.so:libnativewindow.so:libOpenMAXAL.so:libOpenSLES.so:libRS.so:libstdc++.so:libsync.so:libvulkan.so:libwebviewchromium_plat_support.so:libz.so
11-17 09:39:15.068 10805 10805 D WM-PackageManagerHelper: Skipping component enablement for androidx.work.impl.background.systemjob.SystemJobService
11-17 09:39:15.068 10805 10805 D WM-Schedulers: Created SystemJobScheduler and enabled SystemJobService
11-17 09:39:15.068 10805 10898 D WM-ForceStopRunnable: Is default app process = true
11-17 09:39:15.069 10805 10898 D WM-ForceStopRunnable: Performing cleanup operations.
11-17 09:39:15.075 10805 10805 D WM-SystemJobService: onStartJob for WorkGenerationalId(workSpecId=723018f0-9552-4543-9b82-742f9c8c09ea, generation=0)
11-17 09:39:15.080 10888 10888 D nativeloader: Load libicu_jni.so using APEX ns com_android_art for caller /apex/com.android.art/javalib/core-oj.jar: ok
11-17 09:39:15.080 10888 10888 D app_process: u_setTimeZoneFilesDirectory("/apex/com.android.tzdata/etc/tz/versioned/9/icu") succeeded. 
11-17 09:39:15.080 10888 10888 D app_process: I18n APEX ICU file found: /apex/com.android.i18n/etc/icu/icudt76l.dat
11-17 09:39:15.081 10888 10888 D nativeloader: Load libjavacore.so using APEX ns com_android_art for caller /apex/com.android.art/javalib/core-oj.jar: ok
11-17 09:39:15.083 10888 10888 D nativeloader: Load libopenjdk.so using APEX ns com_android_art for caller /apex/com.android.art/javalib/core-oj.jar: ok
11-17 09:39:15.084 10888 10888 W app_process: Unexpected CPU variant for x86: x86_64.
11-17 09:39:15.084 10888 10888 W app_process: Known variants: atom, sandybridge, silvermont, goldmont, goldmont-plus, goldmont-without-sha-xsaves, tremont, kabylake, alderlake, default
11-17 09:39:15.091 10805 10898 E ashmem  : Pinning is deprecated since Android Q. Please use trim or other methods.
11-17 09:39:15.112 10888 10888 D nativeloader: Load libframework-connectivity-tiramisu-jni.so using APEX ns com_android_tethering for caller /apex/com.android.tethering/javalib/framework-connectivity-t.jar: ok
11-17 09:39:15.113 10888 10888 D AndroidRuntime: Calling main entry com.android.commands.am.Am
11-17 09:39:15.118 10888 10888 I AconfigPackage: android.media.swcodec.flags is mapped to com.android.media.swcodec
11-17 09:39:15.119 10888 10888 I AconfigPackage: com.google.android.settings.simplemode.flags is mapped to system_ext
11-17 09:39:15.119 10888 10888 I AconfigPackage: com.google.android.systemui is mapped to system_ext
11-17 09:39:15.119 10888 10888 I AconfigPackage: com.google.android.apps.nexuslauncher is mapped to system_ext
11-17 09:39:15.119 10888 10888 I AconfigPackage: com.android.settings.accessibility is mapped to system_ext
11-17 09:39:15.119 10888 10888 I AconfigPackage: com.android.settings.flags is mapped to system_ext
11-17 09:39:15.119 10888 10888 I AconfigPackage: com.google.android.apps.miphone.aiai.matchmaker.overview.ui is mapped to system_ext
11-17 09:39:15.119 10888 10888 I AconfigPackage: com.google.android.settings.flags is mapped to system_ext
11-17 09:39:15.119 10888 10888 I AconfigPackage: com.android.launcher3 is mapped to system_ext
11-17 09:39:15.119 10888 10888 I AconfigPackage: com.android.wallpaper is mapped to system_ext
11-17 09:39:15.119 10888 10888 I AconfigPackage: com.android.settings.media_drm is mapped to system_ext
11-17 09:39:15.119 10888 10888 I AconfigPackage: com.android.systemui.accessibility.accessibilitymenu is mapped to system_ext
11-17 09:39:15.119 10888 10888 I AconfigPackage: com.android.settings.keyboard is mapped to system_ext
11-17 09:39:15.119 10888 10888 I AconfigPackage: com.android.server.policy.feature.flags is mapped to system_ext
11-17 09:39:15.119 10888 10888 I AconfigPackage: com.android.settings.factory_reset is mapped to system_ext
11-17 09:39:15.120 10888 10888 I AconfigPackage: com.google.android.haptics.flags is mapped to system_ext
11-17 09:39:15.120 10888 10888 I AconfigPackage: com.android.permission.flags is mapped to com.android.permission
11-17 09:39:15.121 10888 10888 I AconfigPackage: com.android.icu is mapped to com.android.i18n
11-17 09:39:15.121 10888 10888 I AconfigPackage: com.android.appsearch.flags is mapped to com.android.appsearch
11-17 09:39:15.121 10888 10888 I AconfigPackage: android.uprobestats.mainline.flags is mapped to com.android.uprobestats
11-17 09:39:15.121 10888 10888 I AconfigPackage: android.provider.flags is mapped to com.android.configinfrastructure
11-17 09:39:15.121 10888 10888 I AconfigPackage: com.android.server.deviceconfig is mapped to com.android.configinfrastructure
11-17 09:39:15.121 10888 10888 I AconfigPackage: com.android.nfc.flags is mapped to system
11-17 09:39:15.122 10888 10888 I AconfigPackage: android.app.admin.flags is mapped to system
11-17 09:39:15.122 10888 10888 I AconfigPackage: android.database.sqlite is mapped to system
11-17 09:39:15.122 10888 10888 I AconfigPackage: com.android.providers.calendar is mapped to system
11-17 09:39:15.122 10888 10888 I AconfigPackage: com.android.server.power.feature.flags is mapped to system
11-17 09:39:15.122 10888 10888 I AconfigPackage: com.android.media.performance.flags is mapped to system
11-17 09:39:15.122 10888 10888 I AconfigPackage: android.app.contextualsearch.flags is mapped to system
11-17 09:39:15.122 10888 10888 I AconfigPackage: android.app.ondeviceintelligence.flags is mapped to system
11-17 09:39:15.122 10888 10888 I AconfigPackage: com.android.media.projection.flags is mapped to system
11-17 09:39:15.122 10888 10888 I AconfigPackage: android.companion is mapped to system
11-17 09:39:15.122 10888 10888 I AconfigPackage: android.service.controls.flags is mapped to system
11-17 09:39:15.122 10888 10888 I AconfigPackage: com.android.text.flags is mapped to system
11-17 09:39:15.122 10888 10888 I AconfigPackage: com.android.providers.contactkeys.flags is mapped to system
11-17 09:39:15.122 10888 10888 I AconfigPackage: com.android.intentresolver is mapped to system
11-17 09:39:15.122 10888 10888 I AconfigPackage: android.companion.virtualdevice.flags is mapped to system
11-17 09:39:15.122 10888 10888 I AconfigPackage: android.uprobestats.flags is mapped to system
11-17 09:39:15.122 10888 10888 I AconfigPackage: com.android.net.thread.platform.flags is mapped to system
11-17 09:39:15.122 10888 10888 I AconfigPackage: android.view.contentprotection.flags is mapped to system
11-17 09:39:15.122 10888 10888 I AconfigPackage: com.android.server.dreams is mapped to system
11-17 09:39:15.122 10888 10888 I AconfigPackage: com.android.graphics.surfaceflinger.flags is mapped to system
11-17 09:39:15.122 10888 10888 I AconfigPackage: com.android.hardware.input is mapped to system
11-17 09:39:15.122 10888 10888 I AconfigPackage: android.sdk is mapped to system
11-17 09:39:15.122 10888 10888 I AconfigPackage: com.android.input.flags is mapped to system
11-17 09:39:15.122 10888 10888 I AconfigPackage: android.tracing is mapped to system
11-17 09:39:15.122 10888 10888 I AconfigPackage: com.android.server.biometrics is mapped to system
11-17 09:39:15.122 10888 10888 I AconfigPackage: android.view.contentcapture.flags is mapped to system
11-17 09:39:15.122 10888 10888 I AconfigPackage: android.app.job is mapped to system
11-17 09:39:15.122 10888 10888 I AconfigPackage: android.content.res is mapped to system
11-17 09:39:15.122 10888 10888 I AconfigPackage: android.net.platform.flags is mapped to system
11-17 09:39:15.122 10888 10888 I AconfigPackage: com.android.aconfig.flags is mapped to system
11-17 09:39:15.122 10888 10888 I AconfigPackage: com.android.graphics.flags is mapped to system
11-17 09:39:15.122 10888 10888 I AconfigPackage: android.server.app is mapped to system
11-17 09:39:15.122 10888 10888 I AconfigPackage: android.speech.flags is mapped to system
11-17 09:39:15.122 10888 10888 I AconfigPackage: com.android.server.stats is mapped to system
11-17 09:39:15.122 10888 10888 I AconfigPackage: android.hardware.biometrics is mapped to system
11-17 09:39:15.122 10888 10888 I AconfigPackage: android.car.feature is mapped to system
11-17 09:39:15.122 10888 10888 I AconfigPackage: android.adpf is mapped to system
11-17 09:39:15.122 10888 10888 I AconfigPackage: android.location.flags is mapped to system
11-17 09:39:15.122 10888 10888 I AconfigPackage: com.android.settingslib.flags is mapped to system
11-17 09:39:15.122 10888 10888 I AconfigPackage: com.android.managedprovisioning.flags is mapped to system
11-17 09:39:15.122 10888 10888 I AconfigPackage: android.app.assist.flags is mapped to system
11-17 09:39:15.122 10888 10888 I AconfigPackage: com.android.server.net is mapped to system
11-17 09:39:15.122 10888 10888 I AconfigPackage: com.android.settingslib.widget.flags is mapped to system
11-17 09:39:15.122 10888 10888 I AconfigPackage: com.android.internal.camera.flags is mapped to system
11-17 09:39:15.122 10888 10888 I AconfigPackage: com.android.hardware.libsensor.flags is mapped to system
11-17 09:39:15.122 10888 10888 I AconfigPackage: com.android.internal.jank is mapped to system
11-17 09:39:15.122 10888 10888 I AconfigPackage: com.android.providers.settings is mapped to system
11-17 09:39:15.122 10888 10888 I AconfigPackage: android.multiuser is mapped to system
11-17 09:39:15.122 10888 10888 I AconfigPackage: com.android.server.power.optimization is mapped to system
11-17 09:39:15.122 10888 10888 I AconfigPackage: com.android.calllogbackup is mapped to system
11-17 09:39:15.122 10888 10888 I AconfigPackage: com.android.media.flags is mapped to system
11-17 09:39:15.122 10888 10888 I AconfigPackage: com.android.server.flags is mapped to system
11-17 09:39:15.122 10888 10888 I AconfigPackage: com.android.graphics.libvulkan.flags is mapped to system
11-17 09:39:15.122 10888 10888 I AconfigPackage: android.app.appfunctions.flags is mapped to system
11-17 09:39:15.123 10888 10888 I AconfigPackage: android.app.smartspace.flags is mapped to system
11-17 09:39:15.123 10888 10888 I AconfigPackage: com.android.providers.contacts.flags is mapped to system
11-17 09:39:15.123 10888 10888 I AconfigPackage: com.android.shell.flags is mapped to system
11-17 09:39:15.123 10888 10888 I AconfigPackage: com.android.media.aaudio is mapped to system
11-17 09:39:15.123 10888 10888 I AconfigPackage: android.hardware.radio is mapped to system
11-17 09:39:15.123 10888 10888 I AconfigPackage: com.google.wear.services.infra.flags is mapped to system
11-17 09:39:15.123 10888 10888 I AconfigPackage: suspend_service.flags is mapped to system
11-17 09:39:15.123 10888 10888 I AconfigPackage: android.media.midi is mapped to system
11-17 09:39:15.123 10888 10888 I AconfigPackage: com.android.libcore.readonly is mapped to system
11-17 09:39:15.123 10888 10888 I AconfigPackage: com.android.settingslib.widget.selectorwithwidgetpreference.flags is mapped to system
11-17 09:39:15.123 10888 10888 I AconfigPackage: android.service.notification is mapped to system
11-17 09:39:15.123 10888 10888 I AconfigPackage: com.android.systemui.shared is mapped to system
11-17 09:39:15.123 10888 10888 I AconfigPackage: android.app.jank is mapped to system
11-17 09:39:15.123 10888 10888 I AconfigPackage: android.app.wearable is mapped to system
11-17 09:39:15.123 10888 10888 I AconfigPackage: com.android.media.audio is mapped to system
11-17 09:39:15.123 10888 10888 I AconfigPackage: android.service.chooser is mapped to system
11-17 09:39:15.123 10888 10888 I AconfigPackage: com.android.server.compat is mapped to system
11-17 09:39:15.123 10888 10888 I AconfigPackage: com.android.server.alarm is mapped to system
11-17 09:39:15.123 10888 10888 I AconfigPackage: com.android.apex.flags is mapped to system
