Initialized native services in: C:\Users\joaop\.gradle\native
Initialized jansi services in: C:\Users\joaop\.gradle\native
Received JVM installation metadata from 'C:\jdk\jdk-21\jdk-21.0.8': {JAVA_HOME=C:\jdk\jdk-21\jdk-21.0.8, JAVA_VERSION=21.0.8, JAVA_VENDOR=Microsoft, RUNTIME_NAME=OpenJDK Runtime Environment, RUNTIME_VERSION=21.0.8+9-LTS, VM_NAME=OpenJDK 64-Bit Server VM, VM_VERSION=21.0.8+9-LTS, VM_VENDOR=Microsoft, OS_ARCH=amd64}
The client will now receive all logging from the daemon (pid: 5328). The daemon log file: C:\Users\joaop\.gradle\daemon\8.10.2\daemon-5328.out.log
Starting 10th build in daemon [uptime: 10 mins 33.245 secs, performance: 99%, GC rate: 0.00/s, heap usage: 0% of 2 GiB]
Using 16 worker leases.
Now considering [C:\Users\joaop\OneDrive\Documentos\Creates\Jogo infantil] as hierarchies to watch
Watching the file system is configured to be enabled if available
File system watching is active
Starting Build
Settings evaluated using settings file 'C:\Users\joaop\OneDrive\Documentos\Creates\Jogo infantil\settings.gradle.kts'.
Projects loaded. Root project using build file 'C:\Users\joaop\OneDrive\Documentos\Creates\Jogo infantil\build.gradle'.
Included projects: [root project 'JogoInfantil', project ':app']

> Configure project :
Evaluating root project 'JogoInfantil' using build file 'C:\Users\joaop\OneDrive\Documentos\Creates\Jogo infantil\build.gradle'.

> Configure project :app
Evaluating project ':app' using build file 'C:\Users\joaop\OneDrive\Documentos\Creates\Jogo infantil\app\build.gradle.kts'.
Transforming gradle-8.5.2.jar (com.android.tools.build:gradle:8.5.2) with InstrumentationAnalysisTransform
Transforming google-services-4.4.2.jar (com.google.gms:google-services:4.4.2) with InstrumentationAnalysisTransform
Transforming firebase-crashlytics-gradle-3.0.2.jar (com.google.firebase:firebase-crashlytics-gradle:3.0.2) with InstrumentationAnalysisTransform
Transforming gradle-settings-api-8.5.2.jar (com.android.tools.build:gradle-settings-api:8.5.2) with InstrumentationAnalysisTransform
Transforming lint-model-31.5.2.jar (com.android.tools.lint:lint-model:31.5.2) with InstrumentationAnalysisTransform
Transforming builder-8.5.2.jar (com.android.tools.build:builder:8.5.2) with InstrumentationAnalysisTransform
Transforming manifest-merger-31.5.2.jar (com.android.tools.build:manifest-merger:31.5.2) with InstrumentationAnalysisTransform
Transforming sdk-common-31.5.2.jar (com.android.tools:sdk-common:31.5.2) with InstrumentationAnalysisTransform
Transforming sdklib-31.5.2.jar (com.android.tools:sdklib:31.5.2) with InstrumentationAnalysisTransform
Transforming repository-31.5.2.jar (com.android.tools:repository:31.5.2) with InstrumentationAnalysisTransform
Transforming aaptcompiler-8.5.2.jar (com.android.tools.build:aaptcompiler:8.5.2) with InstrumentationAnalysisTransform
Transforming tracker-31.5.2.jar (com.android.tools.analytics-library:tracker:31.5.2) with InstrumentationAnalysisTransform
Transforming shared-31.5.2.jar (com.android.tools.analytics-library:shared:31.5.2) with InstrumentationAnalysisTransform
Transforming databinding-compiler-common-8.5.2.jar (androidx.databinding:databinding-compiler-common:8.5.2) with InstrumentationAnalysisTransform
Transforming android-test-plugin-host-emulator-control-proto-31.5.2.jar (com.android.tools.utp:android-test-plugin-host-emulator-control-proto:31.5.2) with InstrumentationAnalysisTransform
Transforming android-test-plugin-host-retention-proto-31.5.2.jar (com.android.tools.utp:android-test-plugin-host-retention-proto:31.5.2) with InstrumentationAnalysisTransform
Transforming builder-model-8.5.2.jar (com.android.tools.build:builder-model:8.5.2) with InstrumentationAnalysisTransform
Transforming gradle-api-8.5.2.jar (com.android.tools.build:gradle-api:8.5.2) with InstrumentationAnalysisTransform
Transforming strict-version-matcher-plugin-1.2.4.jar (com.google.android.gms:strict-version-matcher-plugin:1.2.4) with InstrumentationAnalysisTransform
Transforming builder-test-api-8.5.2.jar (com.android.tools.build:builder-test-api:8.5.2) with InstrumentationAnalysisTransform
Transforming ddmlib-31.5.2.jar (com.android.tools.ddms:ddmlib:31.5.2) with InstrumentationAnalysisTransform
Transforming layoutlib-api-31.5.2.jar (com.android.tools.layoutlib:layoutlib-api:31.5.2) with InstrumentationAnalysisTransform
Transforming dvlib-31.5.2.jar (com.android.tools:dvlib:31.5.2) with InstrumentationAnalysisTransform
Transforming common-31.5.2.jar (com.android.tools:common:31.5.2) with InstrumentationAnalysisTransform
Transforming kotlin-stdlib-jdk8-1.9.20.jar (org.jetbrains.kotlin:kotlin-stdlib-jdk8:1.9.20) with InstrumentationAnalysisTransform
Transforming jetifier-processor-1.0.0-beta10.jar (com.android.tools.build.jetifier:jetifier-processor:1.0.0-beta10) with InstrumentationAnalysisTransform
Transforming jetifier-core-1.0.0-beta10.jar (com.android.tools.build.jetifier:jetifier-core:1.0.0-beta10) with InstrumentationAnalysisTransform
Transforming kotlin-reflect-1.9.24.jar (org.jetbrains.kotlin:kotlin-reflect:1.9.24) with InstrumentationAnalysisTransform
Transforming kotlin-stdlib-jdk7-1.9.20.jar (org.jetbrains.kotlin:kotlin-stdlib-jdk7:1.9.20) with InstrumentationAnalysisTransform
Transforming kotlin-stdlib-1.9.24.jar (org.jetbrains.kotlin:kotlin-stdlib:1.9.24) with InstrumentationAnalysisTransform
Transforming annotations-13.0.jar (org.jetbrains:annotations:13.0) with InstrumentationAnalysisTransform
Transforming kotlin-gradle-plugin-model-1.9.25.jar (org.jetbrains.kotlin:kotlin-gradle-plugin-model:1.9.25) with InstrumentationAnalysisTransform
Transforming kotlin-gradle-plugin-api-1.9.25.jar (org.jetbrains.kotlin:kotlin-gradle-plugin-api:1.9.25) with InstrumentationAnalysisTransform
Transforming kotlin-gradle-plugin-1.9.25-gradle82.jar (org.jetbrains.kotlin:kotlin-gradle-plugin:1.9.25) with InstrumentationAnalysisTransform
Transforming bundletool-1.16.0.jar (com.android.tools.build:bundletool:1.16.0) with InstrumentationAnalysisTransform
Transforming aapt2-proto-8.5.2-11315950.jar (com.android.tools.build:aapt2-proto:8.5.2-11315950) with InstrumentationAnalysisTransform
Transforming crash-31.5.2.jar (com.android.tools.analytics-library:crash:31.5.2) with InstrumentationAnalysisTransform
Transforming lint-typedef-remover-31.5.2.jar (com.android.tools.lint:lint-typedef-remover:31.5.2) with InstrumentationAnalysisTransform
Transforming databinding-common-8.5.2.jar (androidx.databinding:databinding-common:8.5.2) with InstrumentationAnalysisTransform
Transforming baseLibrary-8.5.2.jar (com.android.databinding:baseLibrary:8.5.2) with InstrumentationAnalysisTransform
Transforming android-device-provider-ddmlib-proto-31.5.2.jar (com.android.tools.utp:android-device-provider-ddmlib-proto:31.5.2) with InstrumentationAnalysisTransform
Transforming android-device-provider-gradle-proto-31.5.2.jar (com.android.tools.utp:android-device-provider-gradle-proto:31.5.2) with InstrumentationAnalysisTransform
Transforming android-test-plugin-host-additional-test-output-proto-31.5.2.jar (com.android.tools.utp:android-test-plugin-host-additional-test-output-proto:31.5.2) with InstrumentationAnalysisTransform
Transforming android-test-plugin-host-coverage-proto-31.5.2.jar (com.android.tools.utp:android-test-plugin-host-coverage-proto:31.5.2) with InstrumentationAnalysisTransform
Transforming android-test-plugin-host-logcat-proto-31.5.2.jar (com.android.tools.utp:android-test-plugin-host-logcat-proto:31.5.2) with InstrumentationAnalysisTransform
Transforming android-test-plugin-host-apk-installer-proto-31.5.2.jar (com.android.tools.utp:android-test-plugin-host-apk-installer-proto:31.5.2) with InstrumentationAnalysisTransform
Transforming android-test-plugin-result-listener-gradle-proto-31.5.2.jar (com.android.tools.utp:android-test-plugin-result-listener-gradle-proto:31.5.2) with InstrumentationAnalysisTransform
Transforming transform-api-2.0.0-deprecated-use-gradle-api.jar (com.android.tools.build:transform-api:2.0.0-deprecated-use-gradle-api) with InstrumentationAnalysisTransform
Transforming httpmime-4.5.6.jar (org.apache.httpcomponents:httpmime:4.5.6) with InstrumentationAnalysisTransform
Transforming commons-io-2.13.0.jar (commons-io:commons-io:2.13.0) with InstrumentationAnalysisTransform
Transforming asm-commons-9.6.jar (org.ow2.asm:asm-commons:9.6) with InstrumentationAnalysisTransform
Transforming asm-util-9.6.jar (org.ow2.asm:asm-util:9.6) with InstrumentationAnalysisTransform
Transforming asm-analysis-9.6.jar (org.ow2.asm:asm-analysis:9.6) with InstrumentationAnalysisTransform
Transforming asm-tree-9.6.jar (org.ow2.asm:asm-tree:9.6) with InstrumentationAnalysisTransform
Transforming asm-9.6.jar (org.ow2.asm:asm:9.6) with InstrumentationAnalysisTransform
Transforming apkzlib-8.5.2.jar (com.android.tools.build:apkzlib:8.5.2) with InstrumentationAnalysisTransform
Transforming bcpkix-jdk18on-1.77.jar (org.bouncycastle:bcpkix-jdk18on:1.77) with InstrumentationAnalysisTransform
Transforming jaxb-runtime-2.3.2.jar (org.glassfish.jaxb:jaxb-runtime:2.3.2) with InstrumentationAnalysisTransform
Transforming jopt-simple-4.9.jar (net.sf.jopt-simple:jopt-simple:4.9) with InstrumentationAnalysisTransform
Transforming javapoet-1.10.0.jar (com.squareup:javapoet:1.10.0) with InstrumentationAnalysisTransform
Transforming protobuf-java-util-3.22.3.jar (com.google.protobuf:protobuf-java-util:3.22.3) with InstrumentationAnalysisTransform
Transforming grpc-protobuf-1.57.0.jar (io.grpc:grpc-protobuf:1.57.0) with InstrumentationAnalysisTransform
Transforming tink-1.7.0.jar (com.google.crypto.tink:tink:1.7.0) with InstrumentationAnalysisTransform
Transforming protos-31.5.2.jar (com.android.tools.analytics-library:protos:31.5.2) with InstrumentationAnalysisTransform
Transforming proto-google-common-protos-2.17.0.jar (com.google.api.grpc:proto-google-common-protos:2.17.0) with InstrumentationAnalysisTransform
Transforming protobuf-java-3.22.3.jar (com.google.protobuf:protobuf-java:3.22.3) with InstrumentationAnalysisTransform
Transforming grpc-netty-1.57.0.jar (io.grpc:grpc-netty:1.57.0) with InstrumentationAnalysisTransform
Transforming grpc-core-1.57.0.jar (io.grpc:grpc-core:1.57.0) with InstrumentationAnalysisTransform
Transforming gson-2.10.1.jar (com.google.code.gson:gson:2.10.1) with InstrumentationAnalysisTransform
Transforming grpc-stub-1.57.0.jar (io.grpc:grpc-stub:1.57.0) with InstrumentationAnalysisTransform
Transforming core-proto-0.0.9-alpha02.jar (com.google.testing.platform:core-proto:0.0.9-alpha02) with InstrumentationAnalysisTransform
Transforming kxml2-2.3.0.jar (net.sf.kxml:kxml2:2.3.0) with InstrumentationAnalysisTransform
Transforming tensorflow-lite-metadata-0.1.0-rc2.jar (org.tensorflow:tensorflow-lite-metadata:0.1.0-rc2) with InstrumentationAnalysisTransform
Transforming flatbuffers-java-1.12.0.jar (com.google.flatbuffers:flatbuffers-java:1.12.0) with InstrumentationAnalysisTransform
Transforming kotlin-gradle-plugin-idea-proto-1.9.25.jar (org.jetbrains.kotlin:kotlin-gradle-plugin-idea-proto:1.9.25) with InstrumentationAnalysisTransform
Transforming kotlin-gradle-plugin-idea-1.9.25.jar (org.jetbrains.kotlin:kotlin-gradle-plugin-idea:1.9.25) with InstrumentationAnalysisTransform
Transforming kotlin-klib-commonizer-api-1.9.25.jar (org.jetbrains.kotlin:kotlin-klib-commonizer-api:1.9.25) with InstrumentationAnalysisTransform
Transforming kotlin-native-utils-1.9.25.jar (org.jetbrains.kotlin:kotlin-native-utils:1.9.25) with InstrumentationAnalysisTransform
Transforming kotlin-util-klib-1.9.25.jar (org.jetbrains.kotlin:kotlin-util-klib:1.9.25) with InstrumentationAnalysisTransform
Transforming kotlin-build-tools-api-1.9.25.jar (org.jetbrains.kotlin:kotlin-build-tools-api:1.9.25) with InstrumentationAnalysisTransform
Transforming kotlin-android-extensions-1.9.25.jar (org.jetbrains.kotlin:kotlin-android-extensions:1.9.25) with InstrumentationAnalysisTransform
Transforming kotlin-compiler-runner-1.9.25.jar (org.jetbrains.kotlin:kotlin-compiler-runner:1.9.25) with InstrumentationAnalysisTransform
Transforming kotlin-compiler-embeddable-1.9.25.jar (org.jetbrains.kotlin:kotlin-compiler-embeddable:1.9.25) with InstrumentationAnalysisTransform
Transforming kotlin-scripting-compiler-embeddable-1.9.25.jar (org.jetbrains.kotlin:kotlin-scripting-compiler-embeddable:1.9.25) with InstrumentationAnalysisTransform
Transforming kotlin-scripting-compiler-impl-embeddable-1.9.25.jar (org.jetbrains.kotlin:kotlin-scripting-compiler-impl-embeddable:1.9.25) with InstrumentationAnalysisTransform
Transforming jimfs-1.1.jar (com.google.jimfs:jimfs:1.1) with InstrumentationAnalysisTransform
Transforming grpc-context-1.57.0.jar (io.grpc:grpc-context:1.57.0) with InstrumentationAnalysisTransform
Transforming grpc-protobuf-lite-1.57.0.jar (io.grpc:grpc-protobuf-lite:1.57.0) with InstrumentationAnalysisTransform
Transforming grpc-api-1.57.0.jar (io.grpc:grpc-api:1.57.0) with InstrumentationAnalysisTransform
Transforming guava-32.0.1-jre.jar (com.google.guava:guava:32.0.1-jre) with InstrumentationAnalysisTransform
Transforming firebase-crashlytics-buildtools-3.0.2.jar (com.google.firebase:firebase-crashlytics-buildtools:3.0.2) with InstrumentationAnalysisTransform
Transforming dagger-2.28.3.jar (com.google.dagger:dagger:2.28.3) with InstrumentationAnalysisTransform
Transforming javax.inject-1.jar (javax.inject:javax.inject:1) with InstrumentationAnalysisTransform
Transforming bcutil-jdk18on-1.77.jar (org.bouncycastle:bcutil-jdk18on:1.77) with InstrumentationAnalysisTransform
Transforming bcprov-jdk18on-1.77.jar (org.bouncycastle:bcprov-jdk18on:1.77) with InstrumentationAnalysisTransform
Transforming trove4j-1.0.20200330.jar (org.jetbrains.intellij.deps:trove4j:1.0.20200330) with InstrumentationAnalysisTransform
Transforming commons-compress-1.21.jar (org.apache.commons:commons-compress:1.21) with InstrumentationAnalysisTransform
Transforming httpclient-4.5.14.jar (org.apache.httpcomponents:httpclient:4.5.14) with InstrumentationAnalysisTransform
Transforming httpcore-4.4.16.jar (org.apache.httpcomponents:httpcore:4.4.16) with InstrumentationAnalysisTransform
Transforming javax.activation-1.2.0.jar (com.sun.activation:javax.activation:1.2.0) with InstrumentationAnalysisTransform
Transforming signflinger-8.5.2.jar (com.android:signflinger:8.5.2) with InstrumentationAnalysisTransform
Transforming zipflinger-8.5.2.jar (com.android:zipflinger:8.5.2) with InstrumentationAnalysisTransform
Transforming annotations-31.5.2.jar (com.android.tools:annotations:31.5.2) with InstrumentationAnalysisTransform
Transforming jna-platform-5.6.0.jar (net.java.dev.jna:jna-platform:5.6.0) with InstrumentationAnalysisTransform
Transforming juniversalchardet-1.0.3.jar (com.googlecode.juniversalchardet:juniversalchardet:1.0.3) with InstrumentationAnalysisTransform
Transforming javax.annotation-api-1.3.2.jar (javax.annotation:javax.annotation-api:1.3.2) with InstrumentationAnalysisTransform
Transforming stax-ex-1.8.1.jar (org.jvnet.staxex:stax-ex:1.8.1) with InstrumentationAnalysisTransform
Transforming jakarta.xml.bind-api-2.3.2.jar (jakarta.xml.bind:jakarta.xml.bind-api:2.3.2) with InstrumentationAnalysisTransform
Transforming txw2-2.3.2.jar (org.glassfish.jaxb:txw2:2.3.2) with InstrumentationAnalysisTransform
Transforming istack-commons-runtime-3.0.8.jar (com.sun.istack:istack-commons-runtime:3.0.8) with InstrumentationAnalysisTransform
Transforming FastInfoset-1.2.16.jar (com.sun.xml.fastinfoset:FastInfoset:1.2.16) with InstrumentationAnalysisTransform
Transforming jakarta.activation-api-1.2.1.jar (jakarta.activation:jakarta.activation-api:1.2.1) with InstrumentationAnalysisTransform
Transforming auto-value-annotations-1.6.2.jar (com.google.auto.value:auto-value-annotations:1.6.2) with InstrumentationAnalysisTransform
Transforming error_prone_annotations-2.18.0.jar (com.google.errorprone:error_prone_annotations:2.18.0) with InstrumentationAnalysisTransform
Transforming jose4j-0.9.5.jar (org.bitbucket.b_c:jose4j:0.9.5) with InstrumentationAnalysisTransform
Transforming slf4j-api-1.7.30.jar (org.slf4j:slf4j-api:1.7.30) with InstrumentationAnalysisTransform
Transforming jdom2-2.0.6.jar (org.jdom:jdom2:2.0.6) with InstrumentationAnalysisTransform
Transforming jsr305-3.0.2.jar (com.google.code.findbugs:jsr305:3.0.2) with InstrumentationAnalysisTransform
Transforming j2objc-annotations-2.8.jar (com.google.j2objc:j2objc-annotations:2.8) with InstrumentationAnalysisTransform
Transforming annotations-4.1.1.4.jar (com.google.android:annotations:4.1.1.4) with InstrumentationAnalysisTransform
Transforming animal-sniffer-annotations-1.23.jar (org.codehaus.mojo:animal-sniffer-annotations:1.23) with InstrumentationAnalysisTransform
Transforming perfmark-api-0.26.0.jar (io.perfmark:perfmark-api:0.26.0) with InstrumentationAnalysisTransform
Transforming netty-codec-http2-4.1.93.Final.jar (io.netty:netty-codec-http2:4.1.93.Final) with InstrumentationAnalysisTransform
Transforming netty-handler-proxy-4.1.93.Final.jar (io.netty:netty-handler-proxy:4.1.93.Final) with InstrumentationAnalysisTransform
Transforming netty-codec-http-4.1.93.Final.jar (io.netty:netty-codec-http:4.1.93.Final) with InstrumentationAnalysisTransform
Transforming netty-handler-4.1.93.Final.jar (io.netty:netty-handler:4.1.93.Final) with InstrumentationAnalysisTransform
Transforming netty-transport-native-unix-common-4.1.93.Final.jar (io.netty:netty-transport-native-unix-common:4.1.93.Final) with InstrumentationAnalysisTransform
Transforming checker-qual-3.33.0.jar (org.checkerframework:checker-qual:3.33.0) with InstrumentationAnalysisTransform
Transforming commons-codec-1.11.jar (commons-codec:commons-codec:1.11) with InstrumentationAnalysisTransform
Transforming apksig-8.5.2.jar (com.android.tools.build:apksig:8.5.2) with InstrumentationAnalysisTransform
Transforming javawriter-2.5.0.jar (com.squareup:javawriter:2.5.0) with InstrumentationAnalysisTransform
Transforming kotlin-gradle-plugin-annotations-1.9.25.jar (org.jetbrains.kotlin:kotlin-gradle-plugin-annotations:1.9.25) with InstrumentationAnalysisTransform
Transforming kotlin-project-model-1.9.25.jar (org.jetbrains.kotlin:kotlin-project-model:1.9.25) with InstrumentationAnalysisTransform
Transforming kotlin-tooling-core-1.9.25.jar (org.jetbrains.kotlin:kotlin-tooling-core:1.9.25) with InstrumentationAnalysisTransform
Transforming kotlin-util-io-1.9.25.jar (org.jetbrains.kotlin:kotlin-util-io:1.9.25) with InstrumentationAnalysisTransform
Transforming kotlin-daemon-embeddable-1.9.25.jar (org.jetbrains.kotlin:kotlin-daemon-embeddable:1.9.25) with InstrumentationAnalysisTransform
Transforming kotlin-daemon-client-1.9.25.jar (org.jetbrains.kotlin:kotlin-daemon-client:1.9.25) with InstrumentationAnalysisTransform
Transforming kotlinx-coroutines-core-jvm-1.5.0.jar (org.jetbrains.kotlinx:kotlinx-coroutines-core-jvm:1.5.0) with InstrumentationAnalysisTransform
Transforming kotlin-scripting-jvm-1.9.25.jar (org.jetbrains.kotlin:kotlin-scripting-jvm:1.9.25) with InstrumentationAnalysisTransform
Transforming kotlin-scripting-common-1.9.25.jar (org.jetbrains.kotlin:kotlin-scripting-common:1.9.25) with InstrumentationAnalysisTransform
Transforming failureaccess-1.0.1.jar (com.google.guava:failureaccess:1.0.1) with InstrumentationAnalysisTransform
Transforming listenablefuture-9999.0-empty-to-avoid-conflict-with-guava.jar (com.google.guava:listenablefuture:9999.0-empty-to-avoid-conflict-with-guava) with InstrumentationAnalysisTransform
Transforming commons-logging-1.2.jar (commons-logging:commons-logging:1.2) with InstrumentationAnalysisTransform
Transforming jna-5.6.0.jar (net.java.dev.jna:jna:5.6.0) with InstrumentationAnalysisTransform
Transforming netty-codec-socks-4.1.93.Final.jar (io.netty:netty-codec-socks:4.1.93.Final) with InstrumentationAnalysisTransform
Transforming netty-codec-4.1.93.Final.jar (io.netty:netty-codec:4.1.93.Final) with InstrumentationAnalysisTransform
Transforming netty-transport-4.1.93.Final.jar (io.netty:netty-transport:4.1.93.Final) with InstrumentationAnalysisTransform
Transforming netty-buffer-4.1.93.Final.jar (io.netty:netty-buffer:4.1.93.Final) with InstrumentationAnalysisTransform
Transforming netty-resolver-4.1.93.Final.jar (io.netty:netty-resolver:4.1.93.Final) with InstrumentationAnalysisTransform
Transforming netty-common-4.1.93.Final.jar (io.netty:netty-common:4.1.93.Final) with InstrumentationAnalysisTransform
Transforming gradle-8.5.2.jar (com.android.tools.build:gradle:8.5.2) with InstrumentationAnalysisTransform
Transforming gradle-8.5.2.jar (com.android.tools.build:gradle:8.5.2) with MergeInstrumentationAnalysisTransform
Transforming google-services-4.4.2.jar (com.google.gms:google-services:4.4.2) with InstrumentationAnalysisTransform
Transforming google-services-4.4.2.jar (com.google.gms:google-services:4.4.2) with MergeInstrumentationAnalysisTransform
Transforming gradle-8.5.2.jar (com.android.tools.build:gradle:8.5.2) with ExternalDependencyInstrumentingArtifactTransform
Transforming firebase-crashlytics-gradle-3.0.2.jar (com.google.firebase:firebase-crashlytics-gradle:3.0.2) with InstrumentationAnalysisTransform
Transforming google-services-4.4.2.jar (com.google.gms:google-services:4.4.2) with ExternalDependencyInstrumentingArtifactTransform
Transforming firebase-crashlytics-gradle-3.0.2.jar (com.google.firebase:firebase-crashlytics-gradle:3.0.2) with MergeInstrumentationAnalysisTransform
Transforming gradle-settings-api-8.5.2.jar (com.android.tools.build:gradle-settings-api:8.5.2) with InstrumentationAnalysisTransform
Transforming firebase-crashlytics-gradle-3.0.2.jar (com.google.firebase:firebase-crashlytics-gradle:3.0.2) with ExternalDependencyInstrumentingArtifactTransform
Transforming gradle-settings-api-8.5.2.jar (com.android.tools.build:gradle-settings-api:8.5.2) with MergeInstrumentationAnalysisTransform
Transforming lint-model-31.5.2.jar (com.android.tools.lint:lint-model:31.5.2) with InstrumentationAnalysisTransform
Transforming lint-model-31.5.2.jar (com.android.tools.lint:lint-model:31.5.2) with MergeInstrumentationAnalysisTransform
Transforming gradle-settings-api-8.5.2.jar (com.android.tools.build:gradle-settings-api:8.5.2) with ExternalDependencyInstrumentingArtifactTransform
Transforming builder-8.5.2.jar (com.android.tools.build:builder:8.5.2) with InstrumentationAnalysisTransform
Transforming builder-8.5.2.jar (com.android.tools.build:builder:8.5.2) with MergeInstrumentationAnalysisTransform
Transforming lint-model-31.5.2.jar (com.android.tools.lint:lint-model:31.5.2) with ExternalDependencyInstrumentingArtifactTransform
Transforming manifest-merger-31.5.2.jar (com.android.tools.build:manifest-merger:31.5.2) with InstrumentationAnalysisTransform
Transforming builder-8.5.2.jar (com.android.tools.build:builder:8.5.2) with ExternalDependencyInstrumentingArtifactTransform
Transforming manifest-merger-31.5.2.jar (com.android.tools.build:manifest-merger:31.5.2) with MergeInstrumentationAnalysisTransform
Transforming sdk-common-31.5.2.jar (com.android.tools:sdk-common:31.5.2) with InstrumentationAnalysisTransform
Transforming sdk-common-31.5.2.jar (com.android.tools:sdk-common:31.5.2) with MergeInstrumentationAnalysisTransform
Transforming manifest-merger-31.5.2.jar (com.android.tools.build:manifest-merger:31.5.2) with ExternalDependencyInstrumentingArtifactTransform
Transforming sdklib-31.5.2.jar (com.android.tools:sdklib:31.5.2) with InstrumentationAnalysisTransform
Transforming sdk-common-31.5.2.jar (com.android.tools:sdk-common:31.5.2) with ExternalDependencyInstrumentingArtifactTransform
Transforming sdklib-31.5.2.jar (com.android.tools:sdklib:31.5.2) with MergeInstrumentationAnalysisTransform
Transforming repository-31.5.2.jar (com.android.tools:repository:31.5.2) with InstrumentationAnalysisTransform
Transforming repository-31.5.2.jar (com.android.tools:repository:31.5.2) with MergeInstrumentationAnalysisTransform
Transforming sdklib-31.5.2.jar (com.android.tools:sdklib:31.5.2) with ExternalDependencyInstrumentingArtifactTransform
Transforming aaptcompiler-8.5.2.jar (com.android.tools.build:aaptcompiler:8.5.2) with InstrumentationAnalysisTransform
Transforming aaptcompiler-8.5.2.jar (com.android.tools.build:aaptcompiler:8.5.2) with MergeInstrumentationAnalysisTransform
Transforming repository-31.5.2.jar (com.android.tools:repository:31.5.2) with ExternalDependencyInstrumentingArtifactTransform
Transforming tracker-31.5.2.jar (com.android.tools.analytics-library:tracker:31.5.2) with InstrumentationAnalysisTransform
Transforming aaptcompiler-8.5.2.jar (com.android.tools.build:aaptcompiler:8.5.2) with ExternalDependencyInstrumentingArtifactTransform
Transforming tracker-31.5.2.jar (com.android.tools.analytics-library:tracker:31.5.2) with MergeInstrumentationAnalysisTransform
Transforming shared-31.5.2.jar (com.android.tools.analytics-library:shared:31.5.2) with InstrumentationAnalysisTransform
Transforming shared-31.5.2.jar (com.android.tools.analytics-library:shared:31.5.2) with MergeInstrumentationAnalysisTransform
Transforming tracker-31.5.2.jar (com.android.tools.analytics-library:tracker:31.5.2) with ExternalDependencyInstrumentingArtifactTransform
Transforming databinding-compiler-common-8.5.2.jar (androidx.databinding:databinding-compiler-common:8.5.2) with InstrumentationAnalysisTransform
Transforming databinding-compiler-common-8.5.2.jar (androidx.databinding:databinding-compiler-common:8.5.2) with MergeInstrumentationAnalysisTransform
Transforming shared-31.5.2.jar (com.android.tools.analytics-library:shared:31.5.2) with ExternalDependencyInstrumentingArtifactTransform
Transforming android-test-plugin-host-emulator-control-proto-31.5.2.jar (com.android.tools.utp:android-test-plugin-host-emulator-control-proto:31.5.2) with InstrumentationAnalysisTransform
Transforming android-test-plugin-host-emulator-control-proto-31.5.2.jar (com.android.tools.utp:android-test-plugin-host-emulator-control-proto:31.5.2) with MergeInstrumentationAnalysisTransform
Transforming databinding-compiler-common-8.5.2.jar (androidx.databinding:databinding-compiler-common:8.5.2) with ExternalDependencyInstrumentingArtifactTransform
Transforming android-test-plugin-host-retention-proto-31.5.2.jar (com.android.tools.utp:android-test-plugin-host-retention-proto:31.5.2) with InstrumentationAnalysisTransform
Transforming android-test-plugin-host-emulator-control-proto-31.5.2.jar (com.android.tools.utp:android-test-plugin-host-emulator-control-proto:31.5.2) with ExternalDependencyInstrumentingArtifactTransform
Transforming android-test-plugin-host-retention-proto-31.5.2.jar (com.android.tools.utp:android-test-plugin-host-retention-proto:31.5.2) with MergeInstrumentationAnalysisTransform
Transforming builder-model-8.5.2.jar (com.android.tools.build:builder-model:8.5.2) with InstrumentationAnalysisTransform
Transforming builder-model-8.5.2.jar (com.android.tools.build:builder-model:8.5.2) with MergeInstrumentationAnalysisTransform
Transforming gradle-api-8.5.2.jar (com.android.tools.build:gradle-api:8.5.2) with InstrumentationAnalysisTransform
Transforming android-test-plugin-host-retention-proto-31.5.2.jar (com.android.tools.utp:android-test-plugin-host-retention-proto:31.5.2) with ExternalDependencyInstrumentingArtifactTransform
Transforming gradle-api-8.5.2.jar (com.android.tools.build:gradle-api:8.5.2) with MergeInstrumentationAnalysisTransform
Transforming builder-model-8.5.2.jar (com.android.tools.build:builder-model:8.5.2) with ExternalDependencyInstrumentingArtifactTransform
Transforming gradle-api-8.5.2.jar (com.android.tools.build:gradle-api:8.5.2) with ExternalDependencyInstrumentingArtifactTransform
Transforming strict-version-matcher-plugin-1.2.4.jar (com.google.android.gms:strict-version-matcher-plugin:1.2.4) with InstrumentationAnalysisTransform
Transforming strict-version-matcher-plugin-1.2.4.jar (com.google.android.gms:strict-version-matcher-plugin:1.2.4) with MergeInstrumentationAnalysisTransform
Transforming builder-test-api-8.5.2.jar (com.android.tools.build:builder-test-api:8.5.2) with InstrumentationAnalysisTransform
Transforming builder-test-api-8.5.2.jar (com.android.tools.build:builder-test-api:8.5.2) with MergeInstrumentationAnalysisTransform
Transforming ddmlib-31.5.2.jar (com.android.tools.ddms:ddmlib:31.5.2) with InstrumentationAnalysisTransform
Transforming strict-version-matcher-plugin-1.2.4.jar (com.google.android.gms:strict-version-matcher-plugin:1.2.4) with ExternalDependencyInstrumentingArtifactTransform
Transforming builder-test-api-8.5.2.jar (com.android.tools.build:builder-test-api:8.5.2) with ExternalDependencyInstrumentingArtifactTransform
Transforming ddmlib-31.5.2.jar (com.android.tools.ddms:ddmlib:31.5.2) with MergeInstrumentationAnalysisTransform
Transforming layoutlib-api-31.5.2.jar (com.android.tools.layoutlib:layoutlib-api:31.5.2) with InstrumentationAnalysisTransform
Transforming layoutlib-api-31.5.2.jar (com.android.tools.layoutlib:layoutlib-api:31.5.2) with MergeInstrumentationAnalysisTransform
Transforming ddmlib-31.5.2.jar (com.android.tools.ddms:ddmlib:31.5.2) with ExternalDependencyInstrumentingArtifactTransform
Transforming dvlib-31.5.2.jar (com.android.tools:dvlib:31.5.2) with InstrumentationAnalysisTransform
Transforming layoutlib-api-31.5.2.jar (com.android.tools.layoutlib:layoutlib-api:31.5.2) with ExternalDependencyInstrumentingArtifactTransform
Transforming dvlib-31.5.2.jar (com.android.tools:dvlib:31.5.2) with MergeInstrumentationAnalysisTransform
Transforming common-31.5.2.jar (com.android.tools:common:31.5.2) with InstrumentationAnalysisTransform
Transforming common-31.5.2.jar (com.android.tools:common:31.5.2) with MergeInstrumentationAnalysisTransform
Transforming dvlib-31.5.2.jar (com.android.tools:dvlib:31.5.2) with ExternalDependencyInstrumentingArtifactTransform
Transforming kotlin-stdlib-jdk8-1.9.20.jar (org.jetbrains.kotlin:kotlin-stdlib-jdk8:1.9.20) with InstrumentationAnalysisTransform
Transforming common-31.5.2.jar (com.android.tools:common:31.5.2) with ExternalDependencyInstrumentingArtifactTransform
Transforming kotlin-stdlib-jdk8-1.9.20.jar (org.jetbrains.kotlin:kotlin-stdlib-jdk8:1.9.20) with MergeInstrumentationAnalysisTransform
Transforming jetifier-processor-1.0.0-beta10.jar (com.android.tools.build.jetifier:jetifier-processor:1.0.0-beta10) with InstrumentationAnalysisTransform
Transforming kotlin-stdlib-jdk8-1.9.20.jar (org.jetbrains.kotlin:kotlin-stdlib-jdk8:1.9.20) with ExternalDependencyInstrumentingArtifactTransform
Transforming jetifier-processor-1.0.0-beta10.jar (com.android.tools.build.jetifier:jetifier-processor:1.0.0-beta10) with MergeInstrumentationAnalysisTransform
Transforming jetifier-core-1.0.0-beta10.jar (com.android.tools.build.jetifier:jetifier-core:1.0.0-beta10) with InstrumentationAnalysisTransform
Transforming jetifier-core-1.0.0-beta10.jar (com.android.tools.build.jetifier:jetifier-core:1.0.0-beta10) with MergeInstrumentationAnalysisTransform
Transforming jetifier-processor-1.0.0-beta10.jar (com.android.tools.build.jetifier:jetifier-processor:1.0.0-beta10) with ExternalDependencyInstrumentingArtifactTransform
Transforming kotlin-reflect-1.9.24.jar (org.jetbrains.kotlin:kotlin-reflect:1.9.24) with InstrumentationAnalysisTransform
Transforming jetifier-core-1.0.0-beta10.jar (com.android.tools.build.jetifier:jetifier-core:1.0.0-beta10) with ExternalDependencyInstrumentingArtifactTransform
Transforming kotlin-reflect-1.9.24.jar (org.jetbrains.kotlin:kotlin-reflect:1.9.24) with MergeInstrumentationAnalysisTransform
Transforming kotlin-stdlib-jdk7-1.9.20.jar (org.jetbrains.kotlin:kotlin-stdlib-jdk7:1.9.20) with InstrumentationAnalysisTransform
Transforming kotlin-reflect-1.9.24.jar (org.jetbrains.kotlin:kotlin-reflect:1.9.24) with ExternalDependencyInstrumentingArtifactTransform
Transforming kotlin-stdlib-jdk7-1.9.20.jar (org.jetbrains.kotlin:kotlin-stdlib-jdk7:1.9.20) with MergeInstrumentationAnalysisTransform
Transforming kotlin-stdlib-1.9.24.jar (org.jetbrains.kotlin:kotlin-stdlib:1.9.24) with InstrumentationAnalysisTransform
Transforming kotlin-stdlib-1.9.24.jar (org.jetbrains.kotlin:kotlin-stdlib:1.9.24) with MergeInstrumentationAnalysisTransform
Transforming kotlin-stdlib-jdk7-1.9.20.jar (org.jetbrains.kotlin:kotlin-stdlib-jdk7:1.9.20) with ExternalDependencyInstrumentingArtifactTransform
Transforming annotations-13.0.jar (org.jetbrains:annotations:13.0) with InstrumentationAnalysisTransform
Transforming kotlin-stdlib-1.9.24.jar (org.jetbrains.kotlin:kotlin-stdlib:1.9.24) with ExternalDependencyInstrumentingArtifactTransform
Transforming annotations-13.0.jar (org.jetbrains:annotations:13.0) with MergeInstrumentationAnalysisTransform
Transforming kotlin-gradle-plugin-model-1.9.25.jar (org.jetbrains.kotlin:kotlin-gradle-plugin-model:1.9.25) with InstrumentationAnalysisTransform
Transforming kotlin-gradle-plugin-model-1.9.25.jar (org.jetbrains.kotlin:kotlin-gradle-plugin-model:1.9.25) with MergeInstrumentationAnalysisTransform
Transforming kotlin-gradle-plugin-api-1.9.25.jar (org.jetbrains.kotlin:kotlin-gradle-plugin-api:1.9.25) with InstrumentationAnalysisTransform
Transforming annotations-13.0.jar (org.jetbrains:annotations:13.0) with ExternalDependencyInstrumentingArtifactTransform
Transforming kotlin-gradle-plugin-api-1.9.25.jar (org.jetbrains.kotlin:kotlin-gradle-plugin-api:1.9.25) with MergeInstrumentationAnalysisTransform
Transforming kotlin-gradle-plugin-model-1.9.25.jar (org.jetbrains.kotlin:kotlin-gradle-plugin-model:1.9.25) with ExternalDependencyInstrumentingArtifactTransform
Transforming kotlin-gradle-plugin-1.9.25-gradle82.jar (org.jetbrains.kotlin:kotlin-gradle-plugin:1.9.25) with InstrumentationAnalysisTransform
Transforming kotlin-gradle-plugin-api-1.9.25.jar (org.jetbrains.kotlin:kotlin-gradle-plugin-api:1.9.25) with ExternalDependencyInstrumentingArtifactTransform
Transforming kotlin-gradle-plugin-1.9.25-gradle82.jar (org.jetbrains.kotlin:kotlin-gradle-plugin:1.9.25) with MergeInstrumentationAnalysisTransform
Transforming bundletool-1.16.0.jar (com.android.tools.build:bundletool:1.16.0) with InstrumentationAnalysisTransform
Transforming bundletool-1.16.0.jar (com.android.tools.build:bundletool:1.16.0) with MergeInstrumentationAnalysisTransform
Transforming kotlin-gradle-plugin-1.9.25-gradle82.jar (org.jetbrains.kotlin:kotlin-gradle-plugin:1.9.25) with ExternalDependencyInstrumentingArtifactTransform
Transforming aapt2-proto-8.5.2-11315950.jar (com.android.tools.build:aapt2-proto:8.5.2-11315950) with InstrumentationAnalysisTransform
Transforming bundletool-1.16.0.jar (com.android.tools.build:bundletool:1.16.0) with ExternalDependencyInstrumentingArtifactTransform
Transforming aapt2-proto-8.5.2-11315950.jar (com.android.tools.build:aapt2-proto:8.5.2-11315950) with MergeInstrumentationAnalysisTransform
Transforming crash-31.5.2.jar (com.android.tools.analytics-library:crash:31.5.2) with InstrumentationAnalysisTransform
Transforming crash-31.5.2.jar (com.android.tools.analytics-library:crash:31.5.2) with MergeInstrumentationAnalysisTransform
Transforming aapt2-proto-8.5.2-11315950.jar (com.android.tools.build:aapt2-proto:8.5.2-11315950) with ExternalDependencyInstrumentingArtifactTransform
Transforming lint-typedef-remover-31.5.2.jar (com.android.tools.lint:lint-typedef-remover:31.5.2) with InstrumentationAnalysisTransform
Transforming crash-31.5.2.jar (com.android.tools.analytics-library:crash:31.5.2) with ExternalDependencyInstrumentingArtifactTransform
Transforming lint-typedef-remover-31.5.2.jar (com.android.tools.lint:lint-typedef-remover:31.5.2) with MergeInstrumentationAnalysisTransform
Transforming databinding-common-8.5.2.jar (androidx.databinding:databinding-common:8.5.2) with InstrumentationAnalysisTransform
Transforming lint-typedef-remover-31.5.2.jar (com.android.tools.lint:lint-typedef-remover:31.5.2) with ExternalDependencyInstrumentingArtifactTransform
Transforming databinding-common-8.5.2.jar (androidx.databinding:databinding-common:8.5.2) with MergeInstrumentationAnalysisTransform
Transforming baseLibrary-8.5.2.jar (com.android.databinding:baseLibrary:8.5.2) with InstrumentationAnalysisTransform
Transforming baseLibrary-8.5.2.jar (com.android.databinding:baseLibrary:8.5.2) with MergeInstrumentationAnalysisTransform
Transforming databinding-common-8.5.2.jar (androidx.databinding:databinding-common:8.5.2) with ExternalDependencyInstrumentingArtifactTransform
Transforming android-device-provider-ddmlib-proto-31.5.2.jar (com.android.tools.utp:android-device-provider-ddmlib-proto:31.5.2) with InstrumentationAnalysisTransform
Transforming baseLibrary-8.5.2.jar (com.android.databinding:baseLibrary:8.5.2) with ExternalDependencyInstrumentingArtifactTransform
Transforming android-device-provider-ddmlib-proto-31.5.2.jar (com.android.tools.utp:android-device-provider-ddmlib-proto:31.5.2) with MergeInstrumentationAnalysisTransform
Transforming android-device-provider-gradle-proto-31.5.2.jar (com.android.tools.utp:android-device-provider-gradle-proto:31.5.2) with InstrumentationAnalysisTransform
Transforming android-device-provider-gradle-proto-31.5.2.jar (com.android.tools.utp:android-device-provider-gradle-proto:31.5.2) with MergeInstrumentationAnalysisTransform
Transforming android-device-provider-ddmlib-proto-31.5.2.jar (com.android.tools.utp:android-device-provider-ddmlib-proto:31.5.2) with ExternalDependencyInstrumentingArtifactTransform
Transforming android-test-plugin-host-additional-test-output-proto-31.5.2.jar (com.android.tools.utp:android-test-plugin-host-additional-test-output-proto:31.5.2) with InstrumentationAnalysisTransform
Transforming android-device-provider-gradle-proto-31.5.2.jar (com.android.tools.utp:android-device-provider-gradle-proto:31.5.2) with ExternalDependencyInstrumentingArtifactTransform
Transforming android-test-plugin-host-additional-test-output-proto-31.5.2.jar (com.android.tools.utp:android-test-plugin-host-additional-test-output-proto:31.5.2) with MergeInstrumentationAnalysisTransform
Transforming android-test-plugin-host-coverage-proto-31.5.2.jar (com.android.tools.utp:android-test-plugin-host-coverage-proto:31.5.2) with InstrumentationAnalysisTransform
Transforming android-test-plugin-host-additional-test-output-proto-31.5.2.jar (com.android.tools.utp:android-test-plugin-host-additional-test-output-proto:31.5.2) with ExternalDependencyInstrumentingArtifactTransform
Transforming android-test-plugin-host-coverage-proto-31.5.2.jar (com.android.tools.utp:android-test-plugin-host-coverage-proto:31.5.2) with MergeInstrumentationAnalysisTransform
Transforming android-test-plugin-host-logcat-proto-31.5.2.jar (com.android.tools.utp:android-test-plugin-host-logcat-proto:31.5.2) with InstrumentationAnalysisTransform
Transforming android-test-plugin-host-coverage-proto-31.5.2.jar (com.android.tools.utp:android-test-plugin-host-coverage-proto:31.5.2) with ExternalDependencyInstrumentingArtifactTransform
Transforming android-test-plugin-host-logcat-proto-31.5.2.jar (com.android.tools.utp:android-test-plugin-host-logcat-proto:31.5.2) with MergeInstrumentationAnalysisTransform
Transforming android-test-plugin-host-apk-installer-proto-31.5.2.jar (com.android.tools.utp:android-test-plugin-host-apk-installer-proto:31.5.2) with InstrumentationAnalysisTransform
Transforming android-test-plugin-host-apk-installer-proto-31.5.2.jar (com.android.tools.utp:android-test-plugin-host-apk-installer-proto:31.5.2) with MergeInstrumentationAnalysisTransform
Transforming android-test-plugin-result-listener-gradle-proto-31.5.2.jar (com.android.tools.utp:android-test-plugin-result-listener-gradle-proto:31.5.2) with InstrumentationAnalysisTransform
Transforming android-test-plugin-host-logcat-proto-31.5.2.jar (com.android.tools.utp:android-test-plugin-host-logcat-proto:31.5.2) with ExternalDependencyInstrumentingArtifactTransform
Transforming android-test-plugin-result-listener-gradle-proto-31.5.2.jar (com.android.tools.utp:android-test-plugin-result-listener-gradle-proto:31.5.2) with MergeInstrumentationAnalysisTransform
Transforming android-test-plugin-host-apk-installer-proto-31.5.2.jar (com.android.tools.utp:android-test-plugin-host-apk-installer-proto:31.5.2) with ExternalDependencyInstrumentingArtifactTransform
Transforming transform-api-2.0.0-deprecated-use-gradle-api.jar (com.android.tools.build:transform-api:2.0.0-deprecated-use-gradle-api) with InstrumentationAnalysisTransform
Transforming android-test-plugin-result-listener-gradle-proto-31.5.2.jar (com.android.tools.utp:android-test-plugin-result-listener-gradle-proto:31.5.2) with ExternalDependencyInstrumentingArtifactTransform
Transforming transform-api-2.0.0-deprecated-use-gradle-api.jar (com.android.tools.build:transform-api:2.0.0-deprecated-use-gradle-api) with MergeInstrumentationAnalysisTransform
Transforming httpmime-4.5.6.jar (org.apache.httpcomponents:httpmime:4.5.6) with InstrumentationAnalysisTransform
Transforming transform-api-2.0.0-deprecated-use-gradle-api.jar (com.android.tools.build:transform-api:2.0.0-deprecated-use-gradle-api) with ExternalDependencyInstrumentingArtifactTransform
Transforming httpmime-4.5.6.jar (org.apache.httpcomponents:httpmime:4.5.6) with MergeInstrumentationAnalysisTransform
Transforming commons-io-2.13.0.jar (commons-io:commons-io:2.13.0) with InstrumentationAnalysisTransform
Transforming httpmime-4.5.6.jar (org.apache.httpcomponents:httpmime:4.5.6) with ExternalDependencyInstrumentingArtifactTransform
Transforming commons-io-2.13.0.jar (commons-io:commons-io:2.13.0) with MergeInstrumentationAnalysisTransform
Transforming asm-commons-9.6.jar (org.ow2.asm:asm-commons:9.6) with InstrumentationAnalysisTransform
Transforming asm-commons-9.6.jar (org.ow2.asm:asm-commons:9.6) with MergeInstrumentationAnalysisTransform
Transforming asm-util-9.6.jar (org.ow2.asm:asm-util:9.6) with InstrumentationAnalysisTransform
Transforming commons-io-2.13.0.jar (commons-io:commons-io:2.13.0) with ExternalDependencyInstrumentingArtifactTransform
Transforming asm-util-9.6.jar (org.ow2.asm:asm-util:9.6) with MergeInstrumentationAnalysisTransform
Transforming asm-analysis-9.6.jar (org.ow2.asm:asm-analysis:9.6) with InstrumentationAnalysisTransform
Transforming asm-commons-9.6.jar (org.ow2.asm:asm-commons:9.6) with ExternalDependencyInstrumentingArtifactTransform
Transforming asm-util-9.6.jar (org.ow2.asm:asm-util:9.6) with ExternalDependencyInstrumentingArtifactTransform
Transforming asm-analysis-9.6.jar (org.ow2.asm:asm-analysis:9.6) with MergeInstrumentationAnalysisTransform
Transforming asm-tree-9.6.jar (org.ow2.asm:asm-tree:9.6) with InstrumentationAnalysisTransform
Transforming asm-tree-9.6.jar (org.ow2.asm:asm-tree:9.6) with MergeInstrumentationAnalysisTransform
Transforming asm-analysis-9.6.jar (org.ow2.asm:asm-analysis:9.6) with ExternalDependencyInstrumentingArtifactTransform
Transforming asm-tree-9.6.jar (org.ow2.asm:asm-tree:9.6) with ExternalDependencyInstrumentingArtifactTransform
Transforming asm-9.6.jar (org.ow2.asm:asm:9.6) with InstrumentationAnalysisTransform
Transforming asm-9.6.jar (org.ow2.asm:asm:9.6) with MergeInstrumentationAnalysisTransform
Transforming apkzlib-8.5.2.jar (com.android.tools.build:apkzlib:8.5.2) with InstrumentationAnalysisTransform
Transforming apkzlib-8.5.2.jar (com.android.tools.build:apkzlib:8.5.2) with MergeInstrumentationAnalysisTransform
Transforming bcpkix-jdk18on-1.77.jar (org.bouncycastle:bcpkix-jdk18on:1.77) with InstrumentationAnalysisTransform
Transforming asm-9.6.jar (org.ow2.asm:asm:9.6) with ExternalDependencyInstrumentingArtifactTransform
Transforming apkzlib-8.5.2.jar (com.android.tools.build:apkzlib:8.5.2) with ExternalDependencyInstrumentingArtifactTransform
Transforming bcpkix-jdk18on-1.77.jar (org.bouncycastle:bcpkix-jdk18on:1.77) with MergeInstrumentationAnalysisTransform
Transforming jaxb-runtime-2.3.2.jar (org.glassfish.jaxb:jaxb-runtime:2.3.2) with InstrumentationAnalysisTransform
Transforming jaxb-runtime-2.3.2.jar (org.glassfish.jaxb:jaxb-runtime:2.3.2) with MergeInstrumentationAnalysisTransform
Transforming bcpkix-jdk18on-1.77.jar (org.bouncycastle:bcpkix-jdk18on:1.77) with ExternalDependencyInstrumentingArtifactTransform
Transforming jopt-simple-4.9.jar (net.sf.jopt-simple:jopt-simple:4.9) with InstrumentationAnalysisTransform
Transforming jaxb-runtime-2.3.2.jar (org.glassfish.jaxb:jaxb-runtime:2.3.2) with ExternalDependencyInstrumentingArtifactTransform
Transforming jopt-simple-4.9.jar (net.sf.jopt-simple:jopt-simple:4.9) with MergeInstrumentationAnalysisTransform
Transforming javapoet-1.10.0.jar (com.squareup:javapoet:1.10.0) with InstrumentationAnalysisTransform
Transforming jopt-simple-4.9.jar (net.sf.jopt-simple:jopt-simple:4.9) with ExternalDependencyInstrumentingArtifactTransform
Transforming javapoet-1.10.0.jar (com.squareup:javapoet:1.10.0) with MergeInstrumentationAnalysisTransform
Transforming protobuf-java-util-3.22.3.jar (com.google.protobuf:protobuf-java-util:3.22.3) with InstrumentationAnalysisTransform
Transforming protobuf-java-util-3.22.3.jar (com.google.protobuf:protobuf-java-util:3.22.3) with MergeInstrumentationAnalysisTransform
Transforming javapoet-1.10.0.jar (com.squareup:javapoet:1.10.0) with ExternalDependencyInstrumentingArtifactTransform
Transforming grpc-protobuf-1.57.0.jar (io.grpc:grpc-protobuf:1.57.0) with InstrumentationAnalysisTransform
Transforming grpc-protobuf-1.57.0.jar (io.grpc:grpc-protobuf:1.57.0) with MergeInstrumentationAnalysisTransform
Transforming tink-1.7.0.jar (com.google.crypto.tink:tink:1.7.0) with InstrumentationAnalysisTransform
Transforming protobuf-java-util-3.22.3.jar (com.google.protobuf:protobuf-java-util:3.22.3) with ExternalDependencyInstrumentingArtifactTransform
Transforming grpc-protobuf-1.57.0.jar (io.grpc:grpc-protobuf:1.57.0) with ExternalDependencyInstrumentingArtifactTransform
Transforming tink-1.7.0.jar (com.google.crypto.tink:tink:1.7.0) with MergeInstrumentationAnalysisTransform
Transforming protos-31.5.2.jar (com.android.tools.analytics-library:protos:31.5.2) with InstrumentationAnalysisTransform
Transforming protos-31.5.2.jar (com.android.tools.analytics-library:protos:31.5.2) with MergeInstrumentationAnalysisTransform
Transforming tink-1.7.0.jar (com.google.crypto.tink:tink:1.7.0) with ExternalDependencyInstrumentingArtifactTransform
Transforming proto-google-common-protos-2.17.0.jar (com.google.api.grpc:proto-google-common-protos:2.17.0) with InstrumentationAnalysisTransform
Transforming protos-31.5.2.jar (com.android.tools.analytics-library:protos:31.5.2) with ExternalDependencyInstrumentingArtifactTransform
Transforming proto-google-common-protos-2.17.0.jar (com.google.api.grpc:proto-google-common-protos:2.17.0) with MergeInstrumentationAnalysisTransform
Transforming protobuf-java-3.22.3.jar (com.google.protobuf:protobuf-java:3.22.3) with InstrumentationAnalysisTransform
Transforming proto-google-common-protos-2.17.0.jar (com.google.api.grpc:proto-google-common-protos:2.17.0) with ExternalDependencyInstrumentingArtifactTransform
Transforming protobuf-java-3.22.3.jar (com.google.protobuf:protobuf-java:3.22.3) with MergeInstrumentationAnalysisTransform
Transforming grpc-netty-1.57.0.jar (io.grpc:grpc-netty:1.57.0) with InstrumentationAnalysisTransform
Transforming grpc-netty-1.57.0.jar (io.grpc:grpc-netty:1.57.0) with MergeInstrumentationAnalysisTransform
Transforming protobuf-java-3.22.3.jar (com.google.protobuf:protobuf-java:3.22.3) with ExternalDependencyInstrumentingArtifactTransform
Transforming grpc-core-1.57.0.jar (io.grpc:grpc-core:1.57.0) with InstrumentationAnalysisTransform
Transforming grpc-netty-1.57.0.jar (io.grpc:grpc-netty:1.57.0) with ExternalDependencyInstrumentingArtifactTransform
Transforming grpc-core-1.57.0.jar (io.grpc:grpc-core:1.57.0) with MergeInstrumentationAnalysisTransform
Transforming gson-2.10.1.jar (com.google.code.gson:gson:2.10.1) with InstrumentationAnalysisTransform
Transforming gson-2.10.1.jar (com.google.code.gson:gson:2.10.1) with MergeInstrumentationAnalysisTransform
Transforming grpc-stub-1.57.0.jar (io.grpc:grpc-stub:1.57.0) with InstrumentationAnalysisTransform
Transforming grpc-core-1.57.0.jar (io.grpc:grpc-core:1.57.0) with ExternalDependencyInstrumentingArtifactTransform
Transforming grpc-stub-1.57.0.jar (io.grpc:grpc-stub:1.57.0) with MergeInstrumentationAnalysisTransform
Transforming gson-2.10.1.jar (com.google.code.gson:gson:2.10.1) with ExternalDependencyInstrumentingArtifactTransform
Transforming core-proto-0.0.9-alpha02.jar (com.google.testing.platform:core-proto:0.0.9-alpha02) with InstrumentationAnalysisTransform
Transforming grpc-stub-1.57.0.jar (io.grpc:grpc-stub:1.57.0) with ExternalDependencyInstrumentingArtifactTransform
Transforming core-proto-0.0.9-alpha02.jar (com.google.testing.platform:core-proto:0.0.9-alpha02) with MergeInstrumentationAnalysisTransform
Transforming kxml2-2.3.0.jar (net.sf.kxml:kxml2:2.3.0) with InstrumentationAnalysisTransform
Transforming kxml2-2.3.0.jar (net.sf.kxml:kxml2:2.3.0) with MergeInstrumentationAnalysisTransform
Transforming tensorflow-lite-metadata-0.1.0-rc2.jar (org.tensorflow:tensorflow-lite-metadata:0.1.0-rc2) with InstrumentationAnalysisTransform
Transforming core-proto-0.0.9-alpha02.jar (com.google.testing.platform:core-proto:0.0.9-alpha02) with ExternalDependencyInstrumentingArtifactTransform
Transforming kxml2-2.3.0.jar (net.sf.kxml:kxml2:2.3.0) with ExternalDependencyInstrumentingArtifactTransform
Transforming tensorflow-lite-metadata-0.1.0-rc2.jar (org.tensorflow:tensorflow-lite-metadata:0.1.0-rc2) with MergeInstrumentationAnalysisTransform
Transforming flatbuffers-java-1.12.0.jar (com.google.flatbuffers:flatbuffers-java:1.12.0) with InstrumentationAnalysisTransform
Transforming tensorflow-lite-metadata-0.1.0-rc2.jar (org.tensorflow:tensorflow-lite-metadata:0.1.0-rc2) with ExternalDependencyInstrumentingArtifactTransform
Transforming flatbuffers-java-1.12.0.jar (com.google.flatbuffers:flatbuffers-java:1.12.0) with MergeInstrumentationAnalysisTransform
Transforming kotlin-gradle-plugin-idea-proto-1.9.25.jar (org.jetbrains.kotlin:kotlin-gradle-plugin-idea-proto:1.9.25) with InstrumentationAnalysisTransform
Transforming flatbuffers-java-1.12.0.jar (com.google.flatbuffers:flatbuffers-java:1.12.0) with ExternalDependencyInstrumentingArtifactTransform
Transforming kotlin-gradle-plugin-idea-proto-1.9.25.jar (org.jetbrains.kotlin:kotlin-gradle-plugin-idea-proto:1.9.25) with MergeInstrumentationAnalysisTransform
Transforming kotlin-gradle-plugin-idea-1.9.25.jar (org.jetbrains.kotlin:kotlin-gradle-plugin-idea:1.9.25) with InstrumentationAnalysisTransform
Transforming kotlin-gradle-plugin-idea-proto-1.9.25.jar (org.jetbrains.kotlin:kotlin-gradle-plugin-idea-proto:1.9.25) with ExternalDependencyInstrumentingArtifactTransform
Transforming kotlin-gradle-plugin-idea-1.9.25.jar (org.jetbrains.kotlin:kotlin-gradle-plugin-idea:1.9.25) with MergeInstrumentationAnalysisTransform
Transforming kotlin-klib-commonizer-api-1.9.25.jar (org.jetbrains.kotlin:kotlin-klib-commonizer-api:1.9.25) with InstrumentationAnalysisTransform
Transforming kotlin-gradle-plugin-idea-1.9.25.jar (org.jetbrains.kotlin:kotlin-gradle-plugin-idea:1.9.25) with ExternalDependencyInstrumentingArtifactTransform
Transforming kotlin-klib-commonizer-api-1.9.25.jar (org.jetbrains.kotlin:kotlin-klib-commonizer-api:1.9.25) with MergeInstrumentationAnalysisTransform
Transforming kotlin-native-utils-1.9.25.jar (org.jetbrains.kotlin:kotlin-native-utils:1.9.25) with InstrumentationAnalysisTransform
Transforming kotlin-native-utils-1.9.25.jar (org.jetbrains.kotlin:kotlin-native-utils:1.9.25) with MergeInstrumentationAnalysisTransform
Transforming kotlin-klib-commonizer-api-1.9.25.jar (org.jetbrains.kotlin:kotlin-klib-commonizer-api:1.9.25) with ExternalDependencyInstrumentingArtifactTransform
Transforming kotlin-util-klib-1.9.25.jar (org.jetbrains.kotlin:kotlin-util-klib:1.9.25) with InstrumentationAnalysisTransform
Transforming kotlin-native-utils-1.9.25.jar (org.jetbrains.kotlin:kotlin-native-utils:1.9.25) with ExternalDependencyInstrumentingArtifactTransform
Transforming kotlin-util-klib-1.9.25.jar (org.jetbrains.kotlin:kotlin-util-klib:1.9.25) with MergeInstrumentationAnalysisTransform
Transforming kotlin-build-tools-api-1.9.25.jar (org.jetbrains.kotlin:kotlin-build-tools-api:1.9.25) with InstrumentationAnalysisTransform
Transforming kotlin-build-tools-api-1.9.25.jar (org.jetbrains.kotlin:kotlin-build-tools-api:1.9.25) with MergeInstrumentationAnalysisTransform
Transforming kotlin-util-klib-1.9.25.jar (org.jetbrains.kotlin:kotlin-util-klib:1.9.25) with ExternalDependencyInstrumentingArtifactTransform
Transforming kotlin-android-extensions-1.9.25.jar (org.jetbrains.kotlin:kotlin-android-extensions:1.9.25) with InstrumentationAnalysisTransform
Transforming kotlin-build-tools-api-1.9.25.jar (org.jetbrains.kotlin:kotlin-build-tools-api:1.9.25) with ExternalDependencyInstrumentingArtifactTransform
Transforming kotlin-android-extensions-1.9.25.jar (org.jetbrains.kotlin:kotlin-android-extensions:1.9.25) with MergeInstrumentationAnalysisTransform
Transforming kotlin-compiler-runner-1.9.25.jar (org.jetbrains.kotlin:kotlin-compiler-runner:1.9.25) with InstrumentationAnalysisTransform
Transforming kotlin-compiler-runner-1.9.25.jar (org.jetbrains.kotlin:kotlin-compiler-runner:1.9.25) with MergeInstrumentationAnalysisTransform
Transforming kotlin-android-extensions-1.9.25.jar (org.jetbrains.kotlin:kotlin-android-extensions:1.9.25) with ExternalDependencyInstrumentingArtifactTransform
Transforming kotlin-compiler-embeddable-1.9.25.jar (org.jetbrains.kotlin:kotlin-compiler-embeddable:1.9.25) with InstrumentationAnalysisTransform
Transforming kotlin-compiler-runner-1.9.25.jar (org.jetbrains.kotlin:kotlin-compiler-runner:1.9.25) with ExternalDependencyInstrumentingArtifactTransform
Transforming kotlin-compiler-embeddable-1.9.25.jar (org.jetbrains.kotlin:kotlin-compiler-embeddable:1.9.25) with MergeInstrumentationAnalysisTransform
Transforming kotlin-scripting-compiler-embeddable-1.9.25.jar (org.jetbrains.kotlin:kotlin-scripting-compiler-embeddable:1.9.25) with InstrumentationAnalysisTransform
Transforming kotlin-compiler-embeddable-1.9.25.jar (org.jetbrains.kotlin:kotlin-compiler-embeddable:1.9.25) with ExternalDependencyInstrumentingArtifactTransform
Transforming kotlin-scripting-compiler-embeddable-1.9.25.jar (org.jetbrains.kotlin:kotlin-scripting-compiler-embeddable:1.9.25) with MergeInstrumentationAnalysisTransform
Transforming kotlin-scripting-compiler-impl-embeddable-1.9.25.jar (org.jetbrains.kotlin:kotlin-scripting-compiler-impl-embeddable:1.9.25) with InstrumentationAnalysisTransform
Transforming kotlin-scripting-compiler-impl-embeddable-1.9.25.jar (org.jetbrains.kotlin:kotlin-scripting-compiler-impl-embeddable:1.9.25) with MergeInstrumentationAnalysisTransform
Transforming kotlin-scripting-compiler-embeddable-1.9.25.jar (org.jetbrains.kotlin:kotlin-scripting-compiler-embeddable:1.9.25) with ExternalDependencyInstrumentingArtifactTransform
Transforming jimfs-1.1.jar (com.google.jimfs:jimfs:1.1) with InstrumentationAnalysisTransform
Transforming kotlin-scripting-compiler-impl-embeddable-1.9.25.jar (org.jetbrains.kotlin:kotlin-scripting-compiler-impl-embeddable:1.9.25) with ExternalDependencyInstrumentingArtifactTransform
Transforming jimfs-1.1.jar (com.google.jimfs:jimfs:1.1) with MergeInstrumentationAnalysisTransform
Transforming grpc-context-1.57.0.jar (io.grpc:grpc-context:1.57.0) with InstrumentationAnalysisTransform
Transforming jimfs-1.1.jar (com.google.jimfs:jimfs:1.1) with ExternalDependencyInstrumentingArtifactTransform
Transforming grpc-context-1.57.0.jar (io.grpc:grpc-context:1.57.0) with MergeInstrumentationAnalysisTransform
Transforming grpc-protobuf-lite-1.57.0.jar (io.grpc:grpc-protobuf-lite:1.57.0) with InstrumentationAnalysisTransform
Transforming grpc-protobuf-lite-1.57.0.jar (io.grpc:grpc-protobuf-lite:1.57.0) with MergeInstrumentationAnalysisTransform
Transforming grpc-context-1.57.0.jar (io.grpc:grpc-context:1.57.0) with ExternalDependencyInstrumentingArtifactTransform
Transforming grpc-api-1.57.0.jar (io.grpc:grpc-api:1.57.0) with InstrumentationAnalysisTransform
Transforming grpc-protobuf-lite-1.57.0.jar (io.grpc:grpc-protobuf-lite:1.57.0) with ExternalDependencyInstrumentingArtifactTransform
Transforming grpc-api-1.57.0.jar (io.grpc:grpc-api:1.57.0) with MergeInstrumentationAnalysisTransform
Transforming guava-32.0.1-jre.jar (com.google.guava:guava:32.0.1-jre) with InstrumentationAnalysisTransform
Transforming guava-32.0.1-jre.jar (com.google.guava:guava:32.0.1-jre) with MergeInstrumentationAnalysisTransform
Transforming grpc-api-1.57.0.jar (io.grpc:grpc-api:1.57.0) with ExternalDependencyInstrumentingArtifactTransform
Transforming firebase-crashlytics-buildtools-3.0.2.jar (com.google.firebase:firebase-crashlytics-buildtools:3.0.2) with InstrumentationAnalysisTransform
Transforming guava-32.0.1-jre.jar (com.google.guava:guava:32.0.1-jre) with ExternalDependencyInstrumentingArtifactTransform
Transforming firebase-crashlytics-buildtools-3.0.2.jar (com.google.firebase:firebase-crashlytics-buildtools:3.0.2) with MergeInstrumentationAnalysisTransform
Transforming dagger-2.28.3.jar (com.google.dagger:dagger:2.28.3) with InstrumentationAnalysisTransform
Transforming dagger-2.28.3.jar (com.google.dagger:dagger:2.28.3) with MergeInstrumentationAnalysisTransform
Transforming javax.inject-1.jar (javax.inject:javax.inject:1) with InstrumentationAnalysisTransform
Transforming firebase-crashlytics-buildtools-3.0.2.jar (com.google.firebase:firebase-crashlytics-buildtools:3.0.2) with ExternalDependencyInstrumentingArtifactTransform
Transforming javax.inject-1.jar (javax.inject:javax.inject:1) with MergeInstrumentationAnalysisTransform
Transforming dagger-2.28.3.jar (com.google.dagger:dagger:2.28.3) with ExternalDependencyInstrumentingArtifactTransform
Transforming bcutil-jdk18on-1.77.jar (org.bouncycastle:bcutil-jdk18on:1.77) with InstrumentationAnalysisTransform
Transforming javax.inject-1.jar (javax.inject:javax.inject:1) with ExternalDependencyInstrumentingArtifactTransform
Transforming bcutil-jdk18on-1.77.jar (org.bouncycastle:bcutil-jdk18on:1.77) with MergeInstrumentationAnalysisTransform
Transforming bcprov-jdk18on-1.77.jar (org.bouncycastle:bcprov-jdk18on:1.77) with InstrumentationAnalysisTransform
Transforming bcutil-jdk18on-1.77.jar (org.bouncycastle:bcutil-jdk18on:1.77) with ExternalDependencyInstrumentingArtifactTransform
Transforming bcprov-jdk18on-1.77.jar (org.bouncycastle:bcprov-jdk18on:1.77) with MergeInstrumentationAnalysisTransform
Transforming trove4j-1.0.20200330.jar (org.jetbrains.intellij.deps:trove4j:1.0.20200330) with InstrumentationAnalysisTransform
Transforming bcprov-jdk18on-1.77.jar (org.bouncycastle:bcprov-jdk18on:1.77) with ExternalDependencyInstrumentingArtifactTransform
Transforming trove4j-1.0.20200330.jar (org.jetbrains.intellij.deps:trove4j:1.0.20200330) with MergeInstrumentationAnalysisTransform
Transforming commons-compress-1.21.jar (org.apache.commons:commons-compress:1.21) with InstrumentationAnalysisTransform
Transforming commons-compress-1.21.jar (org.apache.commons:commons-compress:1.21) with MergeInstrumentationAnalysisTransform
Transforming trove4j-1.0.20200330.jar (org.jetbrains.intellij.deps:trove4j:1.0.20200330) with ExternalDependencyInstrumentingArtifactTransform
Transforming httpclient-4.5.14.jar (org.apache.httpcomponents:httpclient:4.5.14) with InstrumentationAnalysisTransform
Transforming commons-compress-1.21.jar (org.apache.commons:commons-compress:1.21) with ExternalDependencyInstrumentingArtifactTransform
Transforming httpclient-4.5.14.jar (org.apache.httpcomponents:httpclient:4.5.14) with MergeInstrumentationAnalysisTransform
Transforming httpcore-4.4.16.jar (org.apache.httpcomponents:httpcore:4.4.16) with InstrumentationAnalysisTransform
Transforming httpcore-4.4.16.jar (org.apache.httpcomponents:httpcore:4.4.16) with MergeInstrumentationAnalysisTransform
Transforming javax.activation-1.2.0.jar (com.sun.activation:javax.activation:1.2.0) with InstrumentationAnalysisTransform
Transforming httpclient-4.5.14.jar (org.apache.httpcomponents:httpclient:4.5.14) with ExternalDependencyInstrumentingArtifactTransform
Transforming httpcore-4.4.16.jar (org.apache.httpcomponents:httpcore:4.4.16) with ExternalDependencyInstrumentingArtifactTransform
Transforming javax.activation-1.2.0.jar (com.sun.activation:javax.activation:1.2.0) with MergeInstrumentationAnalysisTransform
Transforming signflinger-8.5.2.jar (com.android:signflinger:8.5.2) with InstrumentationAnalysisTransform
Transforming signflinger-8.5.2.jar (com.android:signflinger:8.5.2) with MergeInstrumentationAnalysisTransform
Transforming javax.activation-1.2.0.jar (com.sun.activation:javax.activation:1.2.0) with ExternalDependencyInstrumentingArtifactTransform
Transforming zipflinger-8.5.2.jar (com.android:zipflinger:8.5.2) with InstrumentationAnalysisTransform
Transforming signflinger-8.5.2.jar (com.android:signflinger:8.5.2) with ExternalDependencyInstrumentingArtifactTransform
Transforming zipflinger-8.5.2.jar (com.android:zipflinger:8.5.2) with MergeInstrumentationAnalysisTransform
Transforming annotations-31.5.2.jar (com.android.tools:annotations:31.5.2) with InstrumentationAnalysisTransform
Transforming zipflinger-8.5.2.jar (com.android:zipflinger:8.5.2) with ExternalDependencyInstrumentingArtifactTransform
Transforming annotations-31.5.2.jar (com.android.tools:annotations:31.5.2) with MergeInstrumentationAnalysisTransform
Transforming jna-platform-5.6.0.jar (net.java.dev.jna:jna-platform:5.6.0) with InstrumentationAnalysisTransform
Transforming annotations-31.5.2.jar (com.android.tools:annotations:31.5.2) with ExternalDependencyInstrumentingArtifactTransform
Transforming jna-platform-5.6.0.jar (net.java.dev.jna:jna-platform:5.6.0) with MergeInstrumentationAnalysisTransform
Transforming juniversalchardet-1.0.3.jar (com.googlecode.juniversalchardet:juniversalchardet:1.0.3) with InstrumentationAnalysisTransform
Transforming jna-platform-5.6.0.jar (net.java.dev.jna:jna-platform:5.6.0) with ExternalDependencyInstrumentingArtifactTransform
Transforming juniversalchardet-1.0.3.jar (com.googlecode.juniversalchardet:juniversalchardet:1.0.3) with MergeInstrumentationAnalysisTransform
Transforming javax.annotation-api-1.3.2.jar (javax.annotation:javax.annotation-api:1.3.2) with InstrumentationAnalysisTransform
Transforming javax.annotation-api-1.3.2.jar (javax.annotation:javax.annotation-api:1.3.2) with MergeInstrumentationAnalysisTransform
Transforming juniversalchardet-1.0.3.jar (com.googlecode.juniversalchardet:juniversalchardet:1.0.3) with ExternalDependencyInstrumentingArtifactTransform
Transforming stax-ex-1.8.1.jar (org.jvnet.staxex:stax-ex:1.8.1) with InstrumentationAnalysisTransform
Transforming javax.annotation-api-1.3.2.jar (javax.annotation:javax.annotation-api:1.3.2) with ExternalDependencyInstrumentingArtifactTransform
Transforming stax-ex-1.8.1.jar (org.jvnet.staxex:stax-ex:1.8.1) with MergeInstrumentationAnalysisTransform
Transforming jakarta.xml.bind-api-2.3.2.jar (jakarta.xml.bind:jakarta.xml.bind-api:2.3.2) with InstrumentationAnalysisTransform
Transforming jakarta.xml.bind-api-2.3.2.jar (jakarta.xml.bind:jakarta.xml.bind-api:2.3.2) with MergeInstrumentationAnalysisTransform
Transforming stax-ex-1.8.1.jar (org.jvnet.staxex:stax-ex:1.8.1) with ExternalDependencyInstrumentingArtifactTransform
Transforming txw2-2.3.2.jar (org.glassfish.jaxb:txw2:2.3.2) with InstrumentationAnalysisTransform
Transforming jakarta.xml.bind-api-2.3.2.jar (jakarta.xml.bind:jakarta.xml.bind-api:2.3.2) with ExternalDependencyInstrumentingArtifactTransform
Transforming txw2-2.3.2.jar (org.glassfish.jaxb:txw2:2.3.2) with MergeInstrumentationAnalysisTransform
Transforming istack-commons-runtime-3.0.8.jar (com.sun.istack:istack-commons-runtime:3.0.8) with InstrumentationAnalysisTransform
Transforming txw2-2.3.2.jar (org.glassfish.jaxb:txw2:2.3.2) with ExternalDependencyInstrumentingArtifactTransform
Transforming istack-commons-runtime-3.0.8.jar (com.sun.istack:istack-commons-runtime:3.0.8) with MergeInstrumentationAnalysisTransform
Transforming FastInfoset-1.2.16.jar (com.sun.xml.fastinfoset:FastInfoset:1.2.16) with InstrumentationAnalysisTransform
Transforming istack-commons-runtime-3.0.8.jar (com.sun.istack:istack-commons-runtime:3.0.8) with ExternalDependencyInstrumentingArtifactTransform
Transforming FastInfoset-1.2.16.jar (com.sun.xml.fastinfoset:FastInfoset:1.2.16) with MergeInstrumentationAnalysisTransform
Transforming jakarta.activation-api-1.2.1.jar (jakarta.activation:jakarta.activation-api:1.2.1) with InstrumentationAnalysisTransform
Transforming jakarta.activation-api-1.2.1.jar (jakarta.activation:jakarta.activation-api:1.2.1) with MergeInstrumentationAnalysisTransform
Transforming FastInfoset-1.2.16.jar (com.sun.xml.fastinfoset:FastInfoset:1.2.16) with ExternalDependencyInstrumentingArtifactTransform
Transforming auto-value-annotations-1.6.2.jar (com.google.auto.value:auto-value-annotations:1.6.2) with InstrumentationAnalysisTransform
Transforming jakarta.activation-api-1.2.1.jar (jakarta.activation:jakarta.activation-api:1.2.1) with ExternalDependencyInstrumentingArtifactTransform
Transforming auto-value-annotations-1.6.2.jar (com.google.auto.value:auto-value-annotations:1.6.2) with MergeInstrumentationAnalysisTransform
Transforming error_prone_annotations-2.18.0.jar (com.google.errorprone:error_prone_annotations:2.18.0) with InstrumentationAnalysisTransform
Transforming error_prone_annotations-2.18.0.jar (com.google.errorprone:error_prone_annotations:2.18.0) with MergeInstrumentationAnalysisTransform
Transforming jose4j-0.9.5.jar (org.bitbucket.b_c:jose4j:0.9.5) with InstrumentationAnalysisTransform
Transforming auto-value-annotations-1.6.2.jar (com.google.auto.value:auto-value-annotations:1.6.2) with ExternalDependencyInstrumentingArtifactTransform
Transforming jose4j-0.9.5.jar (org.bitbucket.b_c:jose4j:0.9.5) with MergeInstrumentationAnalysisTransform
Transforming error_prone_annotations-2.18.0.jar (com.google.errorprone:error_prone_annotations:2.18.0) with ExternalDependencyInstrumentingArtifactTransform
Transforming slf4j-api-1.7.30.jar (org.slf4j:slf4j-api:1.7.30) with InstrumentationAnalysisTransform
Transforming jose4j-0.9.5.jar (org.bitbucket.b_c:jose4j:0.9.5) with ExternalDependencyInstrumentingArtifactTransform
Transforming slf4j-api-1.7.30.jar (org.slf4j:slf4j-api:1.7.30) with MergeInstrumentationAnalysisTransform
Transforming jdom2-2.0.6.jar (org.jdom:jdom2:2.0.6) with InstrumentationAnalysisTransform
Transforming slf4j-api-1.7.30.jar (org.slf4j:slf4j-api:1.7.30) with ExternalDependencyInstrumentingArtifactTransform
Transforming jdom2-2.0.6.jar (org.jdom:jdom2:2.0.6) with MergeInstrumentationAnalysisTransform
Transforming jsr305-3.0.2.jar (com.google.code.findbugs:jsr305:3.0.2) with InstrumentationAnalysisTransform
Transforming jsr305-3.0.2.jar (com.google.code.findbugs:jsr305:3.0.2) with MergeInstrumentationAnalysisTransform
Transforming jdom2-2.0.6.jar (org.jdom:jdom2:2.0.6) with ExternalDependencyInstrumentingArtifactTransform
Transforming j2objc-annotations-2.8.jar (com.google.j2objc:j2objc-annotations:2.8) with InstrumentationAnalysisTransform
Transforming jsr305-3.0.2.jar (com.google.code.findbugs:jsr305:3.0.2) with ExternalDependencyInstrumentingArtifactTransform
Transforming j2objc-annotations-2.8.jar (com.google.j2objc:j2objc-annotations:2.8) with MergeInstrumentationAnalysisTransform
Transforming annotations-4.1.1.4.jar (com.google.android:annotations:4.1.1.4) with InstrumentationAnalysisTransform
Transforming j2objc-annotations-2.8.jar (com.google.j2objc:j2objc-annotations:2.8) with ExternalDependencyInstrumentingArtifactTransform
Transforming annotations-4.1.1.4.jar (com.google.android:annotations:4.1.1.4) with MergeInstrumentationAnalysisTransform
Transforming animal-sniffer-annotations-1.23.jar (org.codehaus.mojo:animal-sniffer-annotations:1.23) with InstrumentationAnalysisTransform
Transforming annotations-4.1.1.4.jar (com.google.android:annotations:4.1.1.4) with ExternalDependencyInstrumentingArtifactTransform
Transforming animal-sniffer-annotations-1.23.jar (org.codehaus.mojo:animal-sniffer-annotations:1.23) with MergeInstrumentationAnalysisTransform
Transforming perfmark-api-0.26.0.jar (io.perfmark:perfmark-api:0.26.0) with InstrumentationAnalysisTransform
Transforming animal-sniffer-annotations-1.23.jar (org.codehaus.mojo:animal-sniffer-annotations:1.23) with ExternalDependencyInstrumentingArtifactTransform
Transforming perfmark-api-0.26.0.jar (io.perfmark:perfmark-api:0.26.0) with MergeInstrumentationAnalysisTransform
Transforming netty-codec-http2-4.1.93.Final.jar (io.netty:netty-codec-http2:4.1.93.Final) with InstrumentationAnalysisTransform
Transforming netty-codec-http2-4.1.93.Final.jar (io.netty:netty-codec-http2:4.1.93.Final) with MergeInstrumentationAnalysisTransform
Transforming perfmark-api-0.26.0.jar (io.perfmark:perfmark-api:0.26.0) with ExternalDependencyInstrumentingArtifactTransform
Transforming netty-handler-proxy-4.1.93.Final.jar (io.netty:netty-handler-proxy:4.1.93.Final) with InstrumentationAnalysisTransform
Transforming netty-codec-http2-4.1.93.Final.jar (io.netty:netty-codec-http2:4.1.93.Final) with ExternalDependencyInstrumentingArtifactTransform
Transforming netty-handler-proxy-4.1.93.Final.jar (io.netty:netty-handler-proxy:4.1.93.Final) with MergeInstrumentationAnalysisTransform
Transforming netty-codec-http-4.1.93.Final.jar (io.netty:netty-codec-http:4.1.93.Final) with InstrumentationAnalysisTransform
Transforming netty-codec-http-4.1.93.Final.jar (io.netty:netty-codec-http:4.1.93.Final) with MergeInstrumentationAnalysisTransform
Transforming netty-handler-proxy-4.1.93.Final.jar (io.netty:netty-handler-proxy:4.1.93.Final) with ExternalDependencyInstrumentingArtifactTransform
Transforming netty-handler-4.1.93.Final.jar (io.netty:netty-handler:4.1.93.Final) with InstrumentationAnalysisTransform
Transforming netty-codec-http-4.1.93.Final.jar (io.netty:netty-codec-http:4.1.93.Final) with ExternalDependencyInstrumentingArtifactTransform
Transforming netty-handler-4.1.93.Final.jar (io.netty:netty-handler:4.1.93.Final) with MergeInstrumentationAnalysisTransform
Transforming netty-transport-native-unix-common-4.1.93.Final.jar (io.netty:netty-transport-native-unix-common:4.1.93.Final) with InstrumentationAnalysisTransform
Transforming netty-transport-native-unix-common-4.1.93.Final.jar (io.netty:netty-transport-native-unix-common:4.1.93.Final) with MergeInstrumentationAnalysisTransform
Transforming checker-qual-3.33.0.jar (org.checkerframework:checker-qual:3.33.0) with InstrumentationAnalysisTransform
Transforming checker-qual-3.33.0.jar (org.checkerframework:checker-qual:3.33.0) with MergeInstrumentationAnalysisTransform
Transforming netty-handler-4.1.93.Final.jar (io.netty:netty-handler:4.1.93.Final) with ExternalDependencyInstrumentingArtifactTransform
Transforming netty-transport-native-unix-common-4.1.93.Final.jar (io.netty:netty-transport-native-unix-common:4.1.93.Final) with ExternalDependencyInstrumentingArtifactTransform
Transforming commons-codec-1.11.jar (commons-codec:commons-codec:1.11) with InstrumentationAnalysisTransform
Transforming checker-qual-3.33.0.jar (org.checkerframework:checker-qual:3.33.0) with ExternalDependencyInstrumentingArtifactTransform
Transforming commons-codec-1.11.jar (commons-codec:commons-codec:1.11) with MergeInstrumentationAnalysisTransform
Transforming apksig-8.5.2.jar (com.android.tools.build:apksig:8.5.2) with InstrumentationAnalysisTransform
Transforming apksig-8.5.2.jar (com.android.tools.build:apksig:8.5.2) with MergeInstrumentationAnalysisTransform
Transforming commons-codec-1.11.jar (commons-codec:commons-codec:1.11) with ExternalDependencyInstrumentingArtifactTransform
Transforming javawriter-2.5.0.jar (com.squareup:javawriter:2.5.0) with InstrumentationAnalysisTransform
Transforming apksig-8.5.2.jar (com.android.tools.build:apksig:8.5.2) with ExternalDependencyInstrumentingArtifactTransform
Transforming javawriter-2.5.0.jar (com.squareup:javawriter:2.5.0) with MergeInstrumentationAnalysisTransform
Transforming kotlin-gradle-plugin-annotations-1.9.25.jar (org.jetbrains.kotlin:kotlin-gradle-plugin-annotations:1.9.25) with InstrumentationAnalysisTransform
Transforming kotlin-gradle-plugin-annotations-1.9.25.jar (org.jetbrains.kotlin:kotlin-gradle-plugin-annotations:1.9.25) with MergeInstrumentationAnalysisTransform
Transforming javawriter-2.5.0.jar (com.squareup:javawriter:2.5.0) with ExternalDependencyInstrumentingArtifactTransform
Transforming kotlin-project-model-1.9.25.jar (org.jetbrains.kotlin:kotlin-project-model:1.9.25) with InstrumentationAnalysisTransform
Transforming kotlin-gradle-plugin-annotations-1.9.25.jar (org.jetbrains.kotlin:kotlin-gradle-plugin-annotations:1.9.25) with ExternalDependencyInstrumentingArtifactTransform
Transforming kotlin-project-model-1.9.25.jar (org.jetbrains.kotlin:kotlin-project-model:1.9.25) with MergeInstrumentationAnalysisTransform
Transforming kotlin-tooling-core-1.9.25.jar (org.jetbrains.kotlin:kotlin-tooling-core:1.9.25) with InstrumentationAnalysisTransform
Transforming kotlin-tooling-core-1.9.25.jar (org.jetbrains.kotlin:kotlin-tooling-core:1.9.25) with MergeInstrumentationAnalysisTransform
Transforming kotlin-project-model-1.9.25.jar (org.jetbrains.kotlin:kotlin-project-model:1.9.25) with ExternalDependencyInstrumentingArtifactTransform
Transforming kotlin-util-io-1.9.25.jar (org.jetbrains.kotlin:kotlin-util-io:1.9.25) with InstrumentationAnalysisTransform
Transforming kotlin-tooling-core-1.9.25.jar (org.jetbrains.kotlin:kotlin-tooling-core:1.9.25) with ExternalDependencyInstrumentingArtifactTransform
Transforming kotlin-util-io-1.9.25.jar (org.jetbrains.kotlin:kotlin-util-io:1.9.25) with MergeInstrumentationAnalysisTransform
Transforming kotlin-daemon-embeddable-1.9.25.jar (org.jetbrains.kotlin:kotlin-daemon-embeddable:1.9.25) with InstrumentationAnalysisTransform
Transforming kotlin-util-io-1.9.25.jar (org.jetbrains.kotlin:kotlin-util-io:1.9.25) with ExternalDependencyInstrumentingArtifactTransform
Transforming kotlin-daemon-embeddable-1.9.25.jar (org.jetbrains.kotlin:kotlin-daemon-embeddable:1.9.25) with MergeInstrumentationAnalysisTransform
Transforming kotlin-daemon-client-1.9.25.jar (org.jetbrains.kotlin:kotlin-daemon-client:1.9.25) with InstrumentationAnalysisTransform
Transforming kotlin-daemon-client-1.9.25.jar (org.jetbrains.kotlin:kotlin-daemon-client:1.9.25) with MergeInstrumentationAnalysisTransform
Transforming kotlin-daemon-embeddable-1.9.25.jar (org.jetbrains.kotlin:kotlin-daemon-embeddable:1.9.25) with ExternalDependencyInstrumentingArtifactTransform
Transforming kotlinx-coroutines-core-jvm-1.5.0.jar (org.jetbrains.kotlinx:kotlinx-coroutines-core-jvm:1.5.0) with InstrumentationAnalysisTransform
Transforming kotlin-daemon-client-1.9.25.jar (org.jetbrains.kotlin:kotlin-daemon-client:1.9.25) with ExternalDependencyInstrumentingArtifactTransform
Transforming kotlinx-coroutines-core-jvm-1.5.0.jar (org.jetbrains.kotlinx:kotlinx-coroutines-core-jvm:1.5.0) with MergeInstrumentationAnalysisTransform
Transforming kotlin-scripting-jvm-1.9.25.jar (org.jetbrains.kotlin:kotlin-scripting-jvm:1.9.25) with InstrumentationAnalysisTransform
Transforming kotlinx-coroutines-core-jvm-1.5.0.jar (org.jetbrains.kotlinx:kotlinx-coroutines-core-jvm:1.5.0) with ExternalDependencyInstrumentingArtifactTransform
Transforming kotlin-scripting-jvm-1.9.25.jar (org.jetbrains.kotlin:kotlin-scripting-jvm:1.9.25) with MergeInstrumentationAnalysisTransform
Transforming kotlin-scripting-common-1.9.25.jar (org.jetbrains.kotlin:kotlin-scripting-common:1.9.25) with InstrumentationAnalysisTransform
Transforming kotlin-scripting-jvm-1.9.25.jar (org.jetbrains.kotlin:kotlin-scripting-jvm:1.9.25) with ExternalDependencyInstrumentingArtifactTransform
Transforming kotlin-scripting-common-1.9.25.jar (org.jetbrains.kotlin:kotlin-scripting-common:1.9.25) with MergeInstrumentationAnalysisTransform
Transforming failureaccess-1.0.1.jar (com.google.guava:failureaccess:1.0.1) with InstrumentationAnalysisTransform
Transforming kotlin-scripting-common-1.9.25.jar (org.jetbrains.kotlin:kotlin-scripting-common:1.9.25) with ExternalDependencyInstrumentingArtifactTransform
Transforming failureaccess-1.0.1.jar (com.google.guava:failureaccess:1.0.1) with MergeInstrumentationAnalysisTransform
Transforming listenablefuture-9999.0-empty-to-avoid-conflict-with-guava.jar (com.google.guava:listenablefuture:9999.0-empty-to-avoid-conflict-with-guava) with InstrumentationAnalysisTransform
Transforming listenablefuture-9999.0-empty-to-avoid-conflict-with-guava.jar (com.google.guava:listenablefuture:9999.0-empty-to-avoid-conflict-with-guava) with MergeInstrumentationAnalysisTransform
Transforming failureaccess-1.0.1.jar (com.google.guava:failureaccess:1.0.1) with ExternalDependencyInstrumentingArtifactTransform
Transforming commons-logging-1.2.jar (commons-logging:commons-logging:1.2) with InstrumentationAnalysisTransform
Transforming listenablefuture-9999.0-empty-to-avoid-conflict-with-guava.jar (com.google.guava:listenablefuture:9999.0-empty-to-avoid-conflict-with-guava) with ExternalDependencyInstrumentingArtifactTransform
Transforming commons-logging-1.2.jar (commons-logging:commons-logging:1.2) with MergeInstrumentationAnalysisTransform
Transforming jna-5.6.0.jar (net.java.dev.jna:jna:5.6.0) with InstrumentationAnalysisTransform
Transforming jna-5.6.0.jar (net.java.dev.jna:jna:5.6.0) with MergeInstrumentationAnalysisTransform
Transforming commons-logging-1.2.jar (commons-logging:commons-logging:1.2) with ExternalDependencyInstrumentingArtifactTransform
Transforming netty-codec-socks-4.1.93.Final.jar (io.netty:netty-codec-socks:4.1.93.Final) with InstrumentationAnalysisTransform
Transforming jna-5.6.0.jar (net.java.dev.jna:jna:5.6.0) with ExternalDependencyInstrumentingArtifactTransform
Transforming netty-codec-socks-4.1.93.Final.jar (io.netty:netty-codec-socks:4.1.93.Final) with MergeInstrumentationAnalysisTransform
Transforming netty-codec-4.1.93.Final.jar (io.netty:netty-codec:4.1.93.Final) with InstrumentationAnalysisTransform
Transforming netty-codec-4.1.93.Final.jar (io.netty:netty-codec:4.1.93.Final) with MergeInstrumentationAnalysisTransform
Transforming netty-codec-socks-4.1.93.Final.jar (io.netty:netty-codec-socks:4.1.93.Final) with ExternalDependencyInstrumentingArtifactTransform
Transforming netty-transport-4.1.93.Final.jar (io.netty:netty-transport:4.1.93.Final) with InstrumentationAnalysisTransform
Transforming netty-codec-4.1.93.Final.jar (io.netty:netty-codec:4.1.93.Final) with ExternalDependencyInstrumentingArtifactTransform
Transforming netty-transport-4.1.93.Final.jar (io.netty:netty-transport:4.1.93.Final) with MergeInstrumentationAnalysisTransform
Transforming netty-buffer-4.1.93.Final.jar (io.netty:netty-buffer:4.1.93.Final) with InstrumentationAnalysisTransform
Transforming netty-transport-4.1.93.Final.jar (io.netty:netty-transport:4.1.93.Final) with ExternalDependencyInstrumentingArtifactTransform
Transforming netty-buffer-4.1.93.Final.jar (io.netty:netty-buffer:4.1.93.Final) with MergeInstrumentationAnalysisTransform
Transforming netty-resolver-4.1.93.Final.jar (io.netty:netty-resolver:4.1.93.Final) with InstrumentationAnalysisTransform
Transforming netty-resolver-4.1.93.Final.jar (io.netty:netty-resolver:4.1.93.Final) with MergeInstrumentationAnalysisTransform
Transforming netty-buffer-4.1.93.Final.jar (io.netty:netty-buffer:4.1.93.Final) with ExternalDependencyInstrumentingArtifactTransform
Transforming netty-common-4.1.93.Final.jar (io.netty:netty-common:4.1.93.Final) with InstrumentationAnalysisTransform
Transforming netty-resolver-4.1.93.Final.jar (io.netty:netty-resolver:4.1.93.Final) with ExternalDependencyInstrumentingArtifactTransform
Transforming netty-common-4.1.93.Final.jar (io.netty:netty-common:4.1.93.Final) with MergeInstrumentationAnalysisTransform
Transforming netty-common-4.1.93.Final.jar (io.netty:netty-common:4.1.93.Final) with ExternalDependencyInstrumentingArtifactTransform
Using default execution profile
Using Kotlin Gradle Plugin gradle82 variant
Parsed shrinker version: 8.5.35
All projects evaluated.
Task path ':app:connectedDebugAndroidTest' matched project ':app'
Task name matched 'connectedDebugAndroidTest'
Selected primary task 'connectedDebugAndroidTest' from project :app
WARNING: We recommend using a newer Android Gradle plugin to use compileSdk = 35

This Android Gradle plugin (8.5.2) was tested up to compileSdk = 34.

You are strongly encouraged to update your project to use a newer
Android Gradle plugin that has been tested with compileSdk = 35.

If you are already using the latest version of the Android Gradle plugin,
you may need to wait until a newer version with support for compileSdk = 35 is available.

For more information refer to the compatibility table:
https://d.android.com/r/tools/api-level-support

To suppress this warning, add/update
    android.suppressUnsupportedCompileSdk=36,35
to this project's gradle.properties.
Tasks to be executed: [task ':app:checkKotlinGradlePluginConfigurationErrors', task ':app:preBuild', task ':app:preDebugBuild', task ':app:checkDebugAarMetadata', task ':app:generateDebugResValues', task ':app:injectCrashlyticsMappingFileIdDebug', task ':app:processDebugGoogleServices', task ':app:mapDebugSourceSetPaths', task ':app:generateDebugResources', task ':app:mergeDebugResources', task ':app:packageDebugResources', task ':app:parseDebugLocalResources', task ':app:createDebugCompatibleScreenManifests', task ':app:extractDeepLinksDebug', task ':app:processDebugMainManifest', task ':app:processDebugManifest', task ':app:processDebugManifestForPackage', task ':app:processDebugResources', task ':app:compileDebugKotlin', task ':app:javaPreCompileDebug', task ':app:compileDebugJavaWithJavac', task ':app:bundleDebugClassesToCompileJar', task ':app:preDebugAndroidTestBuild', task ':app:checkDebugAndroidTestAarMetadata', task ':app:generateDebugAndroidTestResValues', task ':app:mapDebugAndroidTestSourceSetPaths', task ':app:generateDebugAndroidTestResources', task ':app:mergeDebugAndroidTestResources', task ':app:processDebugAndroidTestManifest', task ':app:processDebugAndroidTestResources', task ':app:compileDebugAndroidTestKotlin', task ':app:javaPreCompileDebugAndroidTest', task ':app:compileDebugAndroidTestJavaWithJavac', task ':app:mergeDebugShaders', task ':app:compileDebugShaders', task ':app:generateDebugAssets', task ':app:mergeDebugAssets', task ':app:compressDebugAssets', task ':app:desugarDebugFileDependencies', task ':app:dexBuilderDebug', task ':app:mergeDebugGlobalSynthetics', task ':app:processDebugJavaRes', task ':app:mergeDebugJavaResource', task ':app:checkDebugDuplicateClasses', task ':app:mergeDebugStartupProfile', task ':app:mergeExtDexDebug', task ':app:mergeLibDexDebug', task ':app:mergeProjectDexDebug', task ':app:mergeDebugJniLibFolders', task ':app:mergeDebugNativeLibs', task ':app:stripDebugDebugSymbols', task ':app:validateSigningDebug', task ':app:writeDebugAppMetadata', task ':app:writeDebugSigningConfigVersions', task ':app:packageDebug', task ':app:createDebugApkListingFileRedirect', task ':app:mergeDebugAndroidTestShaders', task ':app:compileDebugAndroidTestShaders', task ':app:generateDebugAndroidTestAssets', task ':app:mergeDebugAndroidTestAssets', task ':app:compressDebugAndroidTestAssets', task ':app:desugarDebugAndroidTestFileDependencies', task ':app:dexBuilderDebugAndroidTest', task ':app:mergeDebugAndroidTestGlobalSynthetics', task ':app:processDebugAndroidTestJavaRes', task ':app:mergeDebugAndroidTestJavaResource', task ':app:checkDebugAndroidTestDuplicateClasses', task ':app:mergeExtDexDebugAndroidTest', task ':app:mergeLibDexDebugAndroidTest', task ':app:mergeProjectDexDebugAndroidTest', task ':app:mergeDebugAndroidTestJniLibFolders', task ':app:mergeDebugAndroidTestNativeLibs', task ':app:stripDebugAndroidTestDebugSymbols', task ':app:validateSigningDebugAndroidTest', task ':app:writeDebugAndroidTestSigningConfigVersions', task ':app:packageDebugAndroidTest', task ':app:createDebugAndroidTestApkListingFileRedirect', task ':app:connectedDebugAndroidTest']
Tasks that were excluded: []
Resolve mutations for :app:checkKotlinGradlePluginConfigurationErrors (Thread[#1322,Execution worker,5,main]) started.
:app:checkKotlinGradlePluginConfigurationErrors (Thread[#1325,Execution worker Thread 4,5,main]) started.

> Task :app:checkKotlinGradlePluginConfigurationErrors
Caching disabled for task ':app:checkKotlinGradlePluginConfigurationErrors' because:
  Build cache is disabled
Task ':app:checkKotlinGradlePluginConfigurationErrors' is not up-to-date because:
  Task has not declared any outputs despite executing actions.
Resolve mutations for :app:preBuild (Thread[#1325,Execution worker Thread 4,5,main]) started.
:app:preBuild (Thread[#1333,Execution worker Thread 11,5,main]) started.

> Task :app:preBuild UP-TO-DATE
Skipping task ':app:preBuild' as it has no actions.
Resolve mutations for :app:preDebugBuild (Thread[#1333,Execution worker Thread 11,5,main]) started.
:app:preDebugBuild (Thread[#1329,Execution worker Thread 8,5,main]) started.

> Task :app:preDebugBuild UP-TO-DATE
Skipping task ':app:preDebugBuild' as it has no actions.
Resolve mutations for :app:checkDebugAarMetadata (Thread[#1329,Execution worker Thread 8,5,main]) started.
:app:checkDebugAarMetadata (Thread[#1329,Execution worker Thread 8,5,main]) started.

> Task :app:checkDebugAarMetadata UP-TO-DATE
Transforming material-ripple-release.aar (androidx.compose.material:material-ripple-android:1.7.4) with JetifyTransform
Transforming material-ripple-release.aar (androidx.compose.material:material-ripple-android:1.7.4) with ExtractAarTransform
Transforming material-ripple-release.aar (androidx.compose.material:material-ripple-android:1.7.4) with AarTransform
Transforming material-release.aar (androidx.compose.material:material-android:1.7.4) with JetifyTransform
Transforming material-release.aar (androidx.compose.material:material-android:1.7.4) with ExtractAarTransform
Transforming material-release.aar (androidx.compose.material:material-android:1.7.4) with AarTransform
Transforming foundation-release.aar (androidx.compose.foundation:foundation-android:1.7.4) with JetifyTransform
Transforming foundation-release.aar (androidx.compose.foundation:foundation-android:1.7.4) with ExtractAarTransform
Transforming foundation-release.aar (androidx.compose.foundation:foundation-android:1.7.4) with AarTransform
Transforming material3-release.aar (androidx.compose.material3:material3-android:1.3.0) with JetifyTransform
Transforming material3-release.aar (androidx.compose.material3:material3-android:1.3.0) with ExtractAarTransform
Transforming material3-release.aar (androidx.compose.material3:material3-android:1.3.0) with AarTransform
Transforming animation-release.aar (androidx.compose.animation:animation-android:1.7.4) with JetifyTransform
Transforming animation-release.aar (androidx.compose.animation:animation-android:1.7.4) with ExtractAarTransform
Transforming animation-release.aar (androidx.compose.animation:animation-android:1.7.4) with AarTransform
Transforming foundation-layout-release.aar (androidx.compose.foundation:foundation-layout-android:1.7.4) with JetifyTransform
Transforming foundation-layout-release.aar (androidx.compose.foundation:foundation-layout-android:1.7.4) with ExtractAarTransform
Transforming foundation-layout-release.aar (androidx.compose.foundation:foundation-layout-android:1.7.4) with AarTransform
Transforming animation-core-release.aar (androidx.compose.animation:animation-core-android:1.7.4) with JetifyTransform
Transforming animation-core-release.aar (androidx.compose.animation:animation-core-android:1.7.4) with ExtractAarTransform
Transforming animation-core-release.aar (androidx.compose.animation:animation-core-android:1.7.4) with AarTransform
Transforming ui-tooling-preview-release.aar (androidx.compose.ui:ui-tooling-preview-android:1.7.4) with JetifyTransform
Transforming ui-tooling-preview-release.aar (androidx.compose.ui:ui-tooling-preview-android:1.7.4) with ExtractAarTransform
Transforming ui-tooling-preview-release.aar (androidx.compose.ui:ui-tooling-preview-android:1.7.4) with AarTransform
Transforming ui-tooling-data-release.aar (androidx.compose.ui:ui-tooling-data-android:1.7.4) with JetifyTransform
Transforming ui-tooling-data-release.aar (androidx.compose.ui:ui-tooling-data-android:1.7.4) with ExtractAarTransform
Transforming ui-tooling-data-release.aar (androidx.compose.ui:ui-tooling-data-android:1.7.4) with AarTransform
Transforming ui-unit-release.aar (androidx.compose.ui:ui-unit-android:1.7.4) with JetifyTransform
Transforming ui-unit-release.aar (androidx.compose.ui:ui-unit-android:1.7.4) with ExtractAarTransform
Transforming ui-unit-release.aar (androidx.compose.ui:ui-unit-android:1.7.4) with AarTransform
Transforming ui-geometry-release.aar (androidx.compose.ui:ui-geometry-android:1.7.4) with JetifyTransform
Transforming ui-geometry-release.aar (androidx.compose.ui:ui-geometry-android:1.7.4) with ExtractAarTransform
Transforming ui-geometry-release.aar (androidx.compose.ui:ui-geometry-android:1.7.4) with AarTransform
Transforming ui-util-release.aar (androidx.compose.ui:ui-util-android:1.7.4) with JetifyTransform
Transforming ui-util-release.aar (androidx.compose.ui:ui-util-android:1.7.4) with ExtractAarTransform
Transforming ui-util-release.aar (androidx.compose.ui:ui-util-android:1.7.4) with AarTransform
Transforming ui-graphics-release.aar (androidx.compose.ui:ui-graphics-android:1.7.4) with JetifyTransform
Transforming ui-graphics-release.aar (androidx.compose.ui:ui-graphics-android:1.7.4) with ExtractAarTransform
Transforming ui-graphics-release.aar (androidx.compose.ui:ui-graphics-android:1.7.4) with AarTransform
Transforming ui-text-release.aar (androidx.compose.ui:ui-text-android:1.7.4) with JetifyTransform
Transforming ui-text-release.aar (androidx.compose.ui:ui-text-android:1.7.4) with ExtractAarTransform
Transforming ui-text-release.aar (androidx.compose.ui:ui-text-android:1.7.4) with AarTransform
Transforming ui-tooling-release.aar (androidx.compose.ui:ui-tooling-android:1.7.4) with JetifyTransform
Transforming ui-tooling-release.aar (androidx.compose.ui:ui-tooling-android:1.7.4) with ExtractAarTransform
Transforming ui-tooling-release.aar (androidx.compose.ui:ui-tooling-android:1.7.4) with AarTransform
Transforming ui-test-manifest-1.7.4.aar (androidx.compose.ui:ui-test-manifest:1.7.4) with JetifyTransform
Transforming ui-test-manifest-1.7.4.aar (androidx.compose.ui:ui-test-manifest:1.7.4) with ExtractAarTransform
Transforming ui-test-manifest-1.7.4.aar (androidx.compose.ui:ui-test-manifest:1.7.4) with AarTransform
Transforming play-services-ads-lite-23.2.0.aar (com.google.android.gms:play-services-ads-lite:23.2.0) with JetifyTransform
Transforming play-services-ads-lite-23.2.0.aar (com.google.android.gms:play-services-ads-lite:23.2.0) with ExtractAarTransform
Transforming play-services-ads-lite-23.2.0.aar (com.google.android.gms:play-services-ads-lite:23.2.0) with AarTransform
Transforming material-icons-core-release.aar (androidx.compose.material:material-icons-core-android:1.7.4) with JetifyTransform
Transforming material-icons-core-release.aar (androidx.compose.material:material-icons-core-android:1.7.4) with ExtractAarTransform
Transforming material-icons-core-release.aar (androidx.compose.material:material-icons-core-android:1.7.4) with AarTransform
Transforming ui-release.aar (androidx.compose.ui:ui-android:1.7.4) with JetifyTransform
Transforming ui-release.aar (androidx.compose.ui:ui-android:1.7.4) with ExtractAarTransform
Transforming ui-release.aar (androidx.compose.ui:ui-android:1.7.4) with AarTransform
Transforming user-messaging-platform-2.2.0.aar (com.google.android.ump:user-messaging-platform:2.2.0) with JetifyTransform
Transforming user-messaging-platform-2.2.0.aar (com.google.android.ump:user-messaging-platform:2.2.0) with ExtractAarTransform
Transforming user-messaging-platform-2.2.0.aar (com.google.android.ump:user-messaging-platform:2.2.0) with AarTransform
Transforming play-services-ads-base-23.2.0.aar (com.google.android.gms:play-services-ads-base:23.2.0) with JetifyTransform
Transforming play-services-ads-base-23.2.0.aar (com.google.android.gms:play-services-ads-base:23.2.0) with ExtractAarTransform
Transforming play-services-ads-base-23.2.0.aar (com.google.android.gms:play-services-ads-base:23.2.0) with AarTransform
Transforming play-services-measurement-sdk-api-20.1.2.aar (com.google.android.gms:play-services-measurement-sdk-api:20.1.2) with JetifyTransform
Transforming play-services-measurement-sdk-api-20.1.2.aar (com.google.android.gms:play-services-measurement-sdk-api:20.1.2) with ExtractAarTransform
Transforming play-services-measurement-sdk-api-20.1.2.aar (com.google.android.gms:play-services-measurement-sdk-api:20.1.2) with AarTransform
Transforming firebase-messaging-ktx-24.0.3.aar (com.google.firebase:firebase-messaging-ktx:24.0.3) with JetifyTransform
Transforming firebase-messaging-ktx-24.0.3.aar (com.google.firebase:firebase-messaging-ktx:24.0.3) with ExtractAarTransform
Transforming firebase-messaging-ktx-24.0.3.aar (com.google.firebase:firebase-messaging-ktx:24.0.3) with AarTransform
Transforming firebase-messaging-24.0.3.aar (com.google.firebase:firebase-messaging:24.0.3) with JetifyTransform
Transforming firebase-messaging-24.0.3.aar (com.google.firebase:firebase-messaging:24.0.3) with ExtractAarTransform
Transforming firebase-messaging-24.0.3.aar (com.google.firebase:firebase-messaging:24.0.3) with AarTransform
Transforming firebase-installations-18.0.0.aar (com.google.firebase:firebase-installations:18.0.0) with JetifyTransform
Transforming firebase-installations-18.0.0.aar (com.google.firebase:firebase-installations:18.0.0) with ExtractAarTransform
Transforming firebase-installations-18.0.0.aar (com.google.firebase:firebase-installations:18.0.0) with AarTransform
Transforming firebase-common-ktx-21.0.0.aar (com.google.firebase:firebase-common-ktx:21.0.0) with JetifyTransform
Transforming firebase-common-ktx-21.0.0.aar (com.google.firebase:firebase-common-ktx:21.0.0) with JetifyTransform
Transforming firebase-common-ktx-21.0.0.aar (com.google.firebase:firebase-common-ktx:21.0.0) with ExtractAarTransform
Transforming firebase-common-ktx-21.0.0.aar (com.google.firebase:firebase-common-ktx:21.0.0) with ExtractAarTransform
Transforming firebase-common-ktx-21.0.0.aar (com.google.firebase:firebase-common-ktx:21.0.0) with AarTransform
Transforming firebase-common-ktx-21.0.0.aar (com.google.firebase:firebase-common-ktx:21.0.0) with AarTransform
Transforming firebase-common-ktx-21.0.0.aar (com.google.firebase:firebase-common-ktx:21.0.0) with JetifyTransform
Transforming firebase-common-ktx-21.0.0.aar (com.google.firebase:firebase-common-ktx:21.0.0) with ExtractAarTransform
Transforming firebase-common-ktx-21.0.0.aar (com.google.firebase:firebase-common-ktx:21.0.0) with AarTransform
Transforming firebase-common-21.0.0.aar (com.google.firebase:firebase-common:21.0.0) with JetifyTransform
Transforming firebase-common-21.0.0.aar (com.google.firebase:firebase-common:21.0.0) with JetifyTransform
Transforming firebase-common-21.0.0.aar (com.google.firebase:firebase-common:21.0.0) with JetifyTransform
Transforming firebase-common-21.0.0.aar (com.google.firebase:firebase-common:21.0.0) with JetifyTransform
Transforming firebase-common-21.0.0.aar (com.google.firebase:firebase-common:21.0.0) with ExtractAarTransform
Transforming firebase-common-21.0.0.aar (com.google.firebase:firebase-common:21.0.0) with ExtractAarTransform
Transforming firebase-common-21.0.0.aar (com.google.firebase:firebase-common:21.0.0) with ExtractAarTransform
Transforming firebase-common-21.0.0.aar (com.google.firebase:firebase-common:21.0.0) with ExtractAarTransform
Transforming firebase-common-21.0.0.aar (com.google.firebase:firebase-common:21.0.0) with AarTransform
Transforming firebase-common-21.0.0.aar (com.google.firebase:firebase-common:21.0.0) with AarTransform
Transforming firebase-common-21.0.0.aar (com.google.firebase:firebase-common:21.0.0) with AarTransform
Transforming firebase-common-21.0.0.aar (com.google.firebase:firebase-common:21.0.0) with AarTransform
Transforming play-services-measurement-base-20.1.2.aar (com.google.android.gms:play-services-measurement-base:20.1.2) with JetifyTransform
Transforming play-services-measurement-base-20.1.2.aar (com.google.android.gms:play-services-measurement-base:20.1.2) with ExtractAarTransform
Transforming play-services-measurement-base-20.1.2.aar (com.google.android.gms:play-services-measurement-base:20.1.2) with AarTransform
Transforming firebase-iid-interop-17.1.0.aar (com.google.firebase:firebase-iid-interop:17.1.0) with JetifyTransform
Transforming firebase-iid-interop-17.1.0.aar (com.google.firebase:firebase-iid-interop:17.1.0) with ExtractAarTransform
Transforming firebase-iid-interop-17.1.0.aar (com.google.firebase:firebase-iid-interop:17.1.0) with AarTransform
Transforming firebase-measurement-connector-19.0.0.aar (com.google.firebase:firebase-measurement-connector:19.0.0) with JetifyTransform
Transforming firebase-measurement-connector-19.0.0.aar (com.google.firebase:firebase-measurement-connector:19.0.0) with ExtractAarTransform
Transforming firebase-measurement-connector-19.0.0.aar (com.google.firebase:firebase-measurement-connector:19.0.0) with AarTransform
Transforming play-services-base-18.0.1.aar (com.google.android.gms:play-services-base:18.0.1) with JetifyTransform
Transforming play-services-base-18.0.1.aar (com.google.android.gms:play-services-base:18.0.1) with ExtractAarTransform
Transforming play-services-base-18.0.1.aar (com.google.android.gms:play-services-base:18.0.1) with AarTransform
Transforming play-services-cloud-messaging-17.2.0.aar (com.google.android.gms:play-services-cloud-messaging:17.2.0) with JetifyTransform
Transforming play-services-cloud-messaging-17.2.0.aar (com.google.android.gms:play-services-cloud-messaging:17.2.0) with ExtractAarTransform
Transforming play-services-cloud-messaging-17.2.0.aar (com.google.android.gms:play-services-cloud-messaging:17.2.0) with AarTransform
Transforming play-services-stats-17.0.2.aar (com.google.android.gms:play-services-stats:17.0.2) with JetifyTransform
Transforming play-services-stats-17.0.2.aar (com.google.android.gms:play-services-stats:17.0.2) with ExtractAarTransform
Transforming play-services-stats-17.0.2.aar (com.google.android.gms:play-services-stats:17.0.2) with AarTransform
Transforming firebase-installations-interop-17.1.1.aar (com.google.firebase:firebase-installations-interop:17.1.1) with JetifyTransform
Transforming firebase-installations-interop-17.1.1.aar (com.google.firebase:firebase-installations-interop:17.1.1) with JetifyTransform
Transforming firebase-installations-interop-17.1.1.aar (com.google.firebase:firebase-installations-interop:17.1.1) with ExtractAarTransform
Transforming firebase-installations-interop-17.1.1.aar (com.google.firebase:firebase-installations-interop:17.1.1) with ExtractAarTransform
Transforming firebase-installations-interop-17.1.1.aar (com.google.firebase:firebase-installations-interop:17.1.1) with AarTransform
Transforming firebase-installations-interop-17.1.1.aar (com.google.firebase:firebase-installations-interop:17.1.1) with AarTransform
Transforming work-runtime-2.7.0.aar (androidx.work:work-runtime:2.7.0) with JetifyTransform
Transforming work-runtime-2.7.0.aar (androidx.work:work-runtime:2.7.0) with ExtractAarTransform
Transforming work-runtime-2.7.0.aar (androidx.work:work-runtime:2.7.0) with AarTransform
Transforming legacy-support-core-utils-1.0.0.aar (androidx.legacy:legacy-support-core-utils:1.0.0) with JetifyTransform
Transforming legacy-support-core-utils-1.0.0.aar (androidx.legacy:legacy-support-core-utils:1.0.0) with ExtractAarTransform
Transforming legacy-support-core-utils-1.0.0.aar (androidx.legacy:legacy-support-core-utils:1.0.0) with AarTransform
Transforming loader-1.0.0.aar (androidx.loader:loader:1.0.0) with JetifyTransform
Transforming loader-1.0.0.aar (androidx.loader:loader:1.0.0) with JetifyTransform
Transforming loader-1.0.0.aar (androidx.loader:loader:1.0.0) with ExtractAarTransform
Transforming loader-1.0.0.aar (androidx.loader:loader:1.0.0) with ExtractAarTransform
Transforming loader-1.0.0.aar (androidx.loader:loader:1.0.0) with AarTransform
Transforming loader-1.0.0.aar (androidx.loader:loader:1.0.0) with AarTransform
Transforming savedstate-ktx-1.2.1.aar (androidx.savedstate:savedstate-ktx:1.2.1) with JetifyTransform
Transforming savedstate-ktx-1.2.1.aar (androidx.savedstate:savedstate-ktx:1.2.1) with ExtractAarTransform
Transforming savedstate-ktx-1.2.1.aar (androidx.savedstate:savedstate-ktx:1.2.1) with AarTransform
Transforming savedstate-1.2.1.aar (androidx.savedstate:savedstate:1.2.1) with JetifyTransform
Transforming savedstate-1.2.1.aar (androidx.savedstate:savedstate:1.2.1) with ExtractAarTransform
Transforming savedstate-1.2.1.aar (androidx.savedstate:savedstate:1.2.1) with AarTransform
Transforming emoji2-1.3.0.aar (androidx.emoji2:emoji2:1.3.0) with JetifyTransform
Transforming emoji2-1.3.0.aar (androidx.emoji2:emoji2:1.3.0) with ExtractAarTransform
Transforming emoji2-1.3.0.aar (androidx.emoji2:emoji2:1.3.0) with AarTransform
Transforming lifecycle-process-2.8.6.aar (androidx.lifecycle:lifecycle-process:2.8.6) with JetifyTransform
Transforming lifecycle-process-2.8.6.aar (androidx.lifecycle:lifecycle-process:2.8.6) with ExtractAarTransform
Transforming lifecycle-process-2.8.6.aar (androidx.lifecycle:lifecycle-process:2.8.6) with AarTransform
Transforming customview-1.0.0.aar (androidx.customview:customview:1.0.0) with JetifyTransform
Transforming customview-1.0.0.aar (androidx.customview:customview:1.0.0) with ExtractAarTransform
Transforming customview-1.0.0.aar (androidx.customview:customview:1.0.0) with AarTransform
Transforming autofill-1.0.0.aar (androidx.autofill:autofill:1.0.0) with JetifyTransform
Transforming autofill-1.0.0.aar (androidx.autofill:autofill:1.0.0) with ExtractAarTransform
Transforming autofill-1.0.0.aar (androidx.autofill:autofill:1.0.0) with AarTransform
Transforming lifecycle-runtime-compose-release.aar (androidx.lifecycle:lifecycle-runtime-compose-android:2.8.6) with JetifyTransform
Transforming lifecycle-runtime-compose-release.aar (androidx.lifecycle:lifecycle-runtime-compose-android:2.8.6) with ExtractAarTransform
Transforming lifecycle-runtime-compose-release.aar (androidx.lifecycle:lifecycle-runtime-compose-android:2.8.6) with AarTransform
Transforming viewpager-1.0.0.aar (androidx.viewpager:viewpager:1.0.0) with JetifyTransform
Transforming viewpager-1.0.0.aar (androidx.viewpager:viewpager:1.0.0) with ExtractAarTransform
Transforming viewpager-1.0.0.aar (androidx.viewpager:viewpager:1.0.0) with AarTransform
Transforming core-1.13.1.aar (androidx.core:core:1.13.1) with JetifyTransform
Transforming core-1.13.1.aar (androidx.core:core:1.13.1) with JetifyTransform
Transforming core-1.13.1.aar (androidx.core:core:1.13.1) with ExtractAarTransform
Transforming core-1.13.1.aar (androidx.core:core:1.13.1) with ExtractAarTransform
Transforming core-1.13.1.aar (androidx.core:core:1.13.1) with JetifyTransform
Transforming core-1.13.1.aar (androidx.core:core:1.13.1) with JetifyTransform
Transforming core-1.13.1.aar (androidx.core:core:1.13.1) with ExtractAarTransform
Transforming core-1.13.1.aar (androidx.core:core:1.13.1) with JetifyTransform
Transforming core-1.13.1.aar (androidx.core:core:1.13.1) with JetifyTransform
Transforming core-1.13.1.aar (androidx.core:core:1.13.1) with ExtractAarTransform
Transforming core-1.13.1.aar (androidx.core:core:1.13.1) with ExtractAarTransform
Transforming core-1.13.1.aar (androidx.core:core:1.13.1) with AarTransform
Transforming core-1.13.1.aar (androidx.core:core:1.13.1) with AarTransform
Transforming core-1.13.1.aar (androidx.core:core:1.13.1) with ExtractAarTransform
Transforming core-1.13.1.aar (androidx.core:core:1.13.1) with AarTransform
Transforming graphics-path-1.0.1.aar (androidx.graphics:graphics-path:1.0.1) with JetifyTransform
Transforming core-1.13.1.aar (androidx.core:core:1.13.1) with JetifyTransform
Transforming core-1.13.1.aar (androidx.core:core:1.13.1) with AarTransform
Transforming core-1.13.1.aar (androidx.core:core:1.13.1) with ExtractAarTransform
Transforming core-1.13.1.aar (androidx.core:core:1.13.1) with JetifyTransform
Transforming core-1.13.1.aar (androidx.core:core:1.13.1) with AarTransform
Transforming core-1.13.1.aar (androidx.core:core:1.13.1) with ExtractAarTransform
Transforming graphics-path-1.0.1.aar (androidx.graphics:graphics-path:1.0.1) with ExtractAarTransform
Transforming core-1.13.1.aar (androidx.core:core:1.13.1) with AarTransform
Transforming core-1.13.1.aar (androidx.core:core:1.13.1) with AarTransform
Transforming graphics-path-1.0.1.aar (androidx.graphics:graphics-path:1.0.1) with AarTransform
Transforming core-1.13.1.aar (androidx.core:core:1.13.1) with AarTransform
Transforming customview-poolingcontainer-1.0.0.aar (androidx.customview:customview-poolingcontainer:1.0.0) with JetifyTransform
Transforming customview-poolingcontainer-1.0.0.aar (androidx.customview:customview-poolingcontainer:1.0.0) with ExtractAarTransform
Transforming customview-poolingcontainer-1.0.0.aar (androidx.customview:customview-poolingcontainer:1.0.0) with AarTransform
Transforming core-ktx-1.13.1.aar (androidx.core:core-ktx:1.13.1) with JetifyTransform
Transforming core-ktx-1.13.1.aar (androidx.core:core-ktx:1.13.1) with ExtractAarTransform
Transforming core-ktx-1.13.1.aar (androidx.core:core-ktx:1.13.1) with AarTransform
Transforming core-1.13.1.aar (androidx.core:core:1.13.1) with JetifyTransform
Transforming core-1.13.1.aar (androidx.core:core:1.13.1) with ExtractAarTransform
Transforming core-1.13.1.aar (androidx.core:core:1.13.1) with AarTransform
Transforming lifecycle-livedata-2.8.6.aar (androidx.lifecycle:lifecycle-livedata:2.8.6) with JetifyTransform
Transforming lifecycle-livedata-2.8.6.aar (androidx.lifecycle:lifecycle-livedata:2.8.6) with ExtractAarTransform
Transforming lifecycle-livedata-2.8.6.aar (androidx.lifecycle:lifecycle-livedata:2.8.6) with AarTransform
Transforming play-services-tasks-18.1.0.aar (com.google.android.gms:play-services-tasks:18.1.0) with JetifyTransform
Transforming play-services-tasks-18.1.0.aar (com.google.android.gms:play-services-tasks:18.1.0) with JetifyTransform
Transforming play-services-tasks-18.1.0.aar (com.google.android.gms:play-services-tasks:18.1.0) with JetifyTransform
Transforming play-services-tasks-18.1.0.aar (com.google.android.gms:play-services-tasks:18.1.0) with ExtractAarTransform
Transforming play-services-tasks-18.1.0.aar (com.google.android.gms:play-services-tasks:18.1.0) with ExtractAarTransform
Transforming play-services-tasks-18.1.0.aar (com.google.android.gms:play-services-tasks:18.1.0) with AarTransform
Transforming play-services-tasks-18.1.0.aar (com.google.android.gms:play-services-tasks:18.1.0) with AarTransform
Transforming play-services-tasks-18.1.0.aar (com.google.android.gms:play-services-tasks:18.1.0) with ExtractAarTransform
Transforming lifecycle-livedata-2.8.6.aar (androidx.lifecycle:lifecycle-livedata:2.8.6) with JetifyTransform
Transforming play-services-tasks-18.1.0.aar (com.google.android.gms:play-services-tasks:18.1.0) with JetifyTransform
Transforming lifecycle-livedata-2.8.6.aar (androidx.lifecycle:lifecycle-livedata:2.8.6) with ExtractAarTransform
Transforming play-services-tasks-18.1.0.aar (com.google.android.gms:play-services-tasks:18.1.0) with AarTransform
Transforming lifecycle-livedata-2.8.6.aar (androidx.lifecycle:lifecycle-livedata:2.8.6) with AarTransform
Transforming play-services-tasks-18.1.0.aar (com.google.android.gms:play-services-tasks:18.1.0) with ExtractAarTransform
Transforming play-services-tasks-18.1.0.aar (com.google.android.gms:play-services-tasks:18.1.0) with AarTransform
Transforming runtime-release.aar (androidx.compose.runtime:runtime-android:1.7.4) with JetifyTransform
Transforming runtime-release.aar (androidx.compose.runtime:runtime-android:1.7.4) with ExtractAarTransform
Transforming runtime-release.aar (androidx.compose.runtime:runtime-android:1.7.4) with AarTransform
Transforming lifecycle-runtime-release.aar (androidx.lifecycle:lifecycle-runtime-android:2.8.6) with JetifyTransform
Transforming lifecycle-runtime-release.aar (androidx.lifecycle:lifecycle-runtime-android:2.8.6) with ExtractAarTransform
Transforming lifecycle-runtime-release.aar (androidx.lifecycle:lifecycle-runtime-android:2.8.6) with AarTransform
Transforming lifecycle-viewmodel-2.8.6.aar (androidx.lifecycle:lifecycle-viewmodel:2.8.6) with JetifyTransform
Transforming lifecycle-viewmodel-2.8.6.aar (androidx.lifecycle:lifecycle-viewmodel:2.8.6) with JetifyTransform
Transforming lifecycle-viewmodel-2.8.6.aar (androidx.lifecycle:lifecycle-viewmodel:2.8.6) with ExtractAarTransform
Transforming lifecycle-viewmodel-2.8.6.aar (androidx.lifecycle:lifecycle-viewmodel:2.8.6) with ExtractAarTransform
Transforming lifecycle-viewmodel-2.8.6.aar (androidx.lifecycle:lifecycle-viewmodel:2.8.6) with AarTransform
Transforming lifecycle-viewmodel-2.8.6.aar (androidx.lifecycle:lifecycle-viewmodel:2.8.6) with AarTransform
Transforming lifecycle-viewmodel-savedstate-2.8.6.aar (androidx.lifecycle:lifecycle-viewmodel-savedstate:2.8.6) with JetifyTransform
Transforming lifecycle-viewmodel-savedstate-2.8.6.aar (androidx.lifecycle:lifecycle-viewmodel-savedstate:2.8.6) with ExtractAarTransform
Transforming lifecycle-viewmodel-savedstate-2.8.6.aar (androidx.lifecycle:lifecycle-viewmodel-savedstate:2.8.6) with AarTransform
Transforming lifecycle-viewmodel-release.aar (androidx.lifecycle:lifecycle-viewmodel-android:2.8.6) with JetifyTransform
Transforming lifecycle-viewmodel-release.aar (androidx.lifecycle:lifecycle-viewmodel-android:2.8.6) with ExtractAarTransform
Transforming lifecycle-viewmodel-release.aar (androidx.lifecycle:lifecycle-viewmodel-android:2.8.6) with AarTransform
Transforming lifecycle-livedata-core-ktx-2.8.6.aar (androidx.lifecycle:lifecycle-livedata-core-ktx:2.8.6) with JetifyTransform
Transforming lifecycle-livedata-core-ktx-2.8.6.aar (androidx.lifecycle:lifecycle-livedata-core-ktx:2.8.6) with ExtractAarTransform
Transforming lifecycle-livedata-core-ktx-2.8.6.aar (androidx.lifecycle:lifecycle-livedata-core-ktx:2.8.6) with AarTransform
Transforming lifecycle-livedata-core-2.8.6.aar (androidx.lifecycle:lifecycle-livedata-core:2.8.6) with JetifyTransform
Transforming lifecycle-livedata-core-2.8.6.aar (androidx.lifecycle:lifecycle-livedata-core:2.8.6) with ExtractAarTransform
Transforming lifecycle-livedata-core-2.8.6.aar (androidx.lifecycle:lifecycle-livedata-core:2.8.6) with AarTransform
Transforming lifecycle-viewmodel-ktx-2.8.6.aar (androidx.lifecycle:lifecycle-viewmodel-ktx:2.8.6) with JetifyTransform
Transforming lifecycle-viewmodel-ktx-2.8.6.aar (androidx.lifecycle:lifecycle-viewmodel-ktx:2.8.6) with ExtractAarTransform
Transforming lifecycle-viewmodel-ktx-2.8.6.aar (androidx.lifecycle:lifecycle-viewmodel-ktx:2.8.6) with AarTransform
Transforming lifecycle-service-2.8.6.aar (androidx.lifecycle:lifecycle-service:2.8.6) with JetifyTransform
Transforming lifecycle-service-2.8.6.aar (androidx.lifecycle:lifecycle-service:2.8.6) with ExtractAarTransform
Transforming lifecycle-service-2.8.6.aar (androidx.lifecycle:lifecycle-service:2.8.6) with AarTransform
Transforming lifecycle-runtime-ktx-release.aar (androidx.lifecycle:lifecycle-runtime-ktx-android:2.8.6) with JetifyTransform
Transforming lifecycle-runtime-ktx-release.aar (androidx.lifecycle:lifecycle-runtime-ktx-android:2.8.6) with ExtractAarTransform
Transforming lifecycle-runtime-ktx-release.aar (androidx.lifecycle:lifecycle-runtime-ktx-android:2.8.6) with AarTransform
Transforming runtime-saveable-release.aar (androidx.compose.runtime:runtime-saveable-android:1.7.4) with JetifyTransform
Transforming runtime-saveable-release.aar (androidx.compose.runtime:runtime-saveable-android:1.7.4) with ExtractAarTransform
Transforming runtime-saveable-release.aar (androidx.compose.runtime:runtime-saveable-android:1.7.4) with AarTransform
Transforming play-services-basement-18.3.0.aar (com.google.android.gms:play-services-basement:18.3.0) with JetifyTransform
Transforming play-services-basement-18.3.0.aar (com.google.android.gms:play-services-basement:18.3.0) with JetifyTransform
Transforming play-services-basement-18.3.0.aar (com.google.android.gms:play-services-basement:18.3.0) with ExtractAarTransform
Transforming play-services-basement-18.3.0.aar (com.google.android.gms:play-services-basement:18.3.0) with JetifyTransform
Transforming play-services-basement-18.3.0.aar (com.google.android.gms:play-services-basement:18.3.0) with AarTransform
Transforming play-services-basement-18.3.0.aar (com.google.android.gms:play-services-basement:18.3.0) with JetifyTransform
Transforming play-services-basement-18.3.0.aar (com.google.android.gms:play-services-basement:18.3.0) with JetifyTransform
Transforming play-services-basement-18.3.0.aar (com.google.android.gms:play-services-basement:18.3.0) with JetifyTransform
Transforming play-services-basement-18.3.0.aar (com.google.android.gms:play-services-basement:18.3.0) with ExtractAarTransform
Transforming play-services-basement-18.3.0.aar (com.google.android.gms:play-services-basement:18.3.0) with JetifyTransform
Transforming play-services-basement-18.3.0.aar (com.google.android.gms:play-services-basement:18.3.0) with ExtractAarTransform
Transforming play-services-basement-18.3.0.aar (com.google.android.gms:play-services-basement:18.3.0) with ExtractAarTransform
Transforming play-services-basement-18.3.0.aar (com.google.android.gms:play-services-basement:18.3.0) with AarTransform
Transforming play-services-basement-18.3.0.aar (com.google.android.gms:play-services-basement:18.3.0) with AarTransform
Transforming play-services-basement-18.3.0.aar (com.google.android.gms:play-services-basement:18.3.0) with JetifyTransform
Transforming play-services-basement-18.3.0.aar (com.google.android.gms:play-services-basement:18.3.0) with JetifyTransform
Transforming play-services-basement-18.3.0.aar (com.google.android.gms:play-services-basement:18.3.0) with JetifyTransform
Transforming play-services-basement-18.3.0.aar (com.google.android.gms:play-services-basement:18.3.0) with ExtractAarTransform
Transforming play-services-basement-18.3.0.aar (com.google.android.gms:play-services-basement:18.3.0) with ExtractAarTransform
Transforming play-services-basement-18.3.0.aar (com.google.android.gms:play-services-basement:18.3.0) with JetifyTransform
Transforming play-services-basement-18.3.0.aar (com.google.android.gms:play-services-basement:18.3.0) with ExtractAarTransform
Transforming play-services-basement-18.3.0.aar (com.google.android.gms:play-services-basement:18.3.0) with JetifyTransform
Transforming play-services-basement-18.3.0.aar (com.google.android.gms:play-services-basement:18.3.0) with ExtractAarTransform
Transforming play-services-basement-18.3.0.aar (com.google.android.gms:play-services-basement:18.3.0) with JetifyTransform
Transforming play-services-basement-18.3.0.aar (com.google.android.gms:play-services-basement:18.3.0) with AarTransform
Transforming play-services-basement-18.3.0.aar (com.google.android.gms:play-services-basement:18.3.0) with ExtractAarTransform
Transforming play-services-basement-18.3.0.aar (com.google.android.gms:play-services-basement:18.3.0) with AarTransform
Transforming play-services-basement-18.3.0.aar (com.google.android.gms:play-services-basement:18.3.0) with ExtractAarTransform
Transforming play-services-basement-18.3.0.aar (com.google.android.gms:play-services-basement:18.3.0) with AarTransform
Transforming play-services-basement-18.3.0.aar (com.google.android.gms:play-services-basement:18.3.0) with AarTransform
Transforming play-services-basement-18.3.0.aar (com.google.android.gms:play-services-basement:18.3.0) with ExtractAarTransform
Transforming play-services-basement-18.3.0.aar (com.google.android.gms:play-services-basement:18.3.0) with AarTransform
Transforming play-services-basement-18.3.0.aar (com.google.android.gms:play-services-basement:18.3.0) with AarTransform
Transforming play-services-basement-18.3.0.aar (com.google.android.gms:play-services-basement:18.3.0) with ExtractAarTransform
Transforming play-services-basement-18.3.0.aar (com.google.android.gms:play-services-basement:18.3.0) with AarTransform
Transforming play-services-basement-18.3.0.aar (com.google.android.gms:play-services-basement:18.3.0) with AarTransform
Transforming play-services-basement-18.3.0.aar (com.google.android.gms:play-services-basement:18.3.0) with AarTransform
Transforming fragment-1.1.0.aar (androidx.fragment:fragment:1.1.0) with JetifyTransform
Transforming fragment-1.1.0.aar (androidx.fragment:fragment:1.1.0) with JetifyTransform
Transforming fragment-1.1.0.aar (androidx.fragment:fragment:1.1.0) with ExtractAarTransform
Transforming fragment-1.1.0.aar (androidx.fragment:fragment:1.1.0) with ExtractAarTransform
Transforming activity-1.9.2.aar (androidx.activity:activity:1.9.2) with JetifyTransform
Transforming play-services-basement-18.3.0.aar (com.google.android.gms:play-services-basement:18.3.0) with ExtractAarTransform
Transforming activity-1.9.2.aar (androidx.activity:activity:1.9.2) with ExtractAarTransform
Transforming play-services-basement-18.3.0.aar (com.google.android.gms:play-services-basement:18.3.0) with AarTransform
Transforming activity-1.9.2.aar (androidx.activity:activity:1.9.2) with AarTransform
Transforming fragment-1.1.0.aar (androidx.fragment:fragment:1.1.0) with AarTransform
Transforming fragment-1.1.0.aar (androidx.fragment:fragment:1.1.0) with AarTransform
Transforming activity-1.9.2.aar (androidx.activity:activity:1.9.2) with JetifyTransform
Transforming activity-1.9.2.aar (androidx.activity:activity:1.9.2) with ExtractAarTransform
Transforming activity-1.9.2.aar (androidx.activity:activity:1.9.2) with AarTransform
Transforming activity-ktx-1.9.2.aar (androidx.activity:activity-ktx:1.9.2) with JetifyTransform
Transforming activity-ktx-1.9.2.aar (androidx.activity:activity-ktx:1.9.2) with ExtractAarTransform
Transforming activity-ktx-1.9.2.aar (androidx.activity:activity-ktx:1.9.2) with AarTransform
Transforming activity-compose-1.9.2.aar (androidx.activity:activity-compose:1.9.2) with JetifyTransform
Transforming activity-compose-1.9.2.aar (androidx.activity:activity-compose:1.9.2) with ExtractAarTransform
Transforming activity-compose-1.9.2.aar (androidx.activity:activity-compose:1.9.2) with AarTransform
Transforming room-runtime-2.2.5.aar (androidx.room:room-runtime:2.2.5) with JetifyTransform
Transforming room-runtime-2.2.5.aar (androidx.room:room-runtime:2.2.5) with ExtractAarTransform
Transforming room-runtime-2.2.5.aar (androidx.room:room-runtime:2.2.5) with AarTransform
Transforming core-splashscreen-1.0.1.aar (androidx.core:core-splashscreen:1.0.1) with JetifyTransform
Transforming core-splashscreen-1.0.1.aar (androidx.core:core-splashscreen:1.0.1) with ExtractAarTransform
Transforming core-splashscreen-1.0.1.aar (androidx.core:core-splashscreen:1.0.1) with AarTransform
Transforming versionedparcelable-1.1.1.aar (androidx.versionedparcelable:versionedparcelable:1.1.1) with JetifyTransform
Transforming versionedparcelable-1.1.1.aar (androidx.versionedparcelable:versionedparcelable:1.1.1) with ExtractAarTransform
Transforming versionedparcelable-1.1.1.aar (androidx.versionedparcelable:versionedparcelable:1.1.1) with AarTransform
Transforming annotation-experimental-1.4.1.aar (androidx.annotation:annotation-experimental:1.4.1) with JetifyTransform
Transforming annotation-experimental-1.4.1.aar (androidx.annotation:annotation-experimental:1.4.1) with ExtractAarTransform
Transforming annotation-experimental-1.4.1.aar (androidx.annotation:annotation-experimental:1.4.1) with AarTransform
Transforming firebase-components-18.0.0.aar (com.google.firebase:firebase-components:18.0.0) with JetifyTransform
Transforming firebase-components-18.0.0.aar (com.google.firebase:firebase-components:18.0.0) with JetifyTransform
Transforming firebase-components-18.0.0.aar (com.google.firebase:firebase-components:18.0.0) with JetifyTransform
Transforming firebase-components-18.0.0.aar (com.google.firebase:firebase-components:18.0.0) with ExtractAarTransform
Transforming firebase-components-18.0.0.aar (com.google.firebase:firebase-components:18.0.0) with ExtractAarTransform
Transforming firebase-components-18.0.0.aar (com.google.firebase:firebase-components:18.0.0) with AarTransform
Transforming firebase-components-18.0.0.aar (com.google.firebase:firebase-components:18.0.0) with AarTransform
Transforming firebase-components-18.0.0.aar (com.google.firebase:firebase-components:18.0.0) with ExtractAarTransform
Transforming firebase-components-18.0.0.aar (com.google.firebase:firebase-components:18.0.0) with JetifyTransform
Transforming firebase-components-18.0.0.aar (com.google.firebase:firebase-components:18.0.0) with JetifyTransform
Transforming firebase-components-18.0.0.aar (com.google.firebase:firebase-components:18.0.0) with ExtractAarTransform
Transforming firebase-components-18.0.0.aar (com.google.firebase:firebase-components:18.0.0) with AarTransform
Transforming firebase-components-18.0.0.aar (com.google.firebase:firebase-components:18.0.0) with AarTransform
Transforming firebase-components-18.0.0.aar (com.google.firebase:firebase-components:18.0.0) with ExtractAarTransform
Transforming firebase-components-18.0.0.aar (com.google.firebase:firebase-components:18.0.0) with AarTransform
Transforming sqlite-framework-2.1.0.aar (androidx.sqlite:sqlite-framework:2.1.0) with JetifyTransform
Transforming sqlite-framework-2.1.0.aar (androidx.sqlite:sqlite-framework:2.1.0) with JetifyTransform
Transforming sqlite-framework-2.1.0.aar (androidx.sqlite:sqlite-framework:2.1.0) with ExtractAarTransform
Transforming sqlite-framework-2.1.0.aar (androidx.sqlite:sqlite-framework:2.1.0) with ExtractAarTransform
Transforming sqlite-framework-2.1.0.aar (androidx.sqlite:sqlite-framework:2.1.0) with AarTransform
Transforming sqlite-framework-2.1.0.aar (androidx.sqlite:sqlite-framework:2.1.0) with AarTransform
Transforming sqlite-2.1.0.aar (androidx.sqlite:sqlite:2.1.0) with JetifyTransform
Transforming sqlite-2.1.0.aar (androidx.sqlite:sqlite:2.1.0) with JetifyTransform
Transforming sqlite-2.1.0.aar (androidx.sqlite:sqlite:2.1.0) with JetifyTransform
Transforming sqlite-2.1.0.aar (androidx.sqlite:sqlite:2.1.0) with ExtractAarTransform
Transforming sqlite-2.1.0.aar (androidx.sqlite:sqlite:2.1.0) with ExtractAarTransform
Transforming sqlite-2.1.0.aar (androidx.sqlite:sqlite:2.1.0) with AarTransform
Transforming sqlite-2.1.0.aar (androidx.sqlite:sqlite:2.1.0) with AarTransform
Transforming sqlite-2.1.0.aar (androidx.sqlite:sqlite:2.1.0) with ExtractAarTransform
Transforming sqlite-2.1.0.aar (androidx.sqlite:sqlite:2.1.0) with AarTransform
Transforming profileinstaller-1.3.1.aar (androidx.profileinstaller:profileinstaller:1.3.1) with JetifyTransform
Transforming profileinstaller-1.3.1.aar (androidx.profileinstaller:profileinstaller:1.3.1) with ExtractAarTransform
Transforming profileinstaller-1.3.1.aar (androidx.profileinstaller:profileinstaller:1.3.1) with AarTransform
Transforming startup-runtime-1.1.1.aar (androidx.startup:startup-runtime:1.1.1) with JetifyTransform
Transforming startup-runtime-1.1.1.aar (androidx.startup:startup-runtime:1.1.1) with ExtractAarTransform
Transforming startup-runtime-1.1.1.aar (androidx.startup:startup-runtime:1.1.1) with AarTransform
Transforming tracing-1.0.0.aar (androidx.tracing:tracing:1.0.0) with JetifyTransform
Transforming tracing-1.0.0.aar (androidx.tracing:tracing:1.0.0) with ExtractAarTransform
Transforming tracing-1.0.0.aar (androidx.tracing:tracing:1.0.0) with AarTransform
Transforming firebase-datatransport-18.2.0.aar (com.google.firebase:firebase-datatransport:18.2.0) with JetifyTransform
Transforming firebase-datatransport-18.2.0.aar (com.google.firebase:firebase-datatransport:18.2.0) with ExtractAarTransform
Transforming firebase-datatransport-18.2.0.aar (com.google.firebase:firebase-datatransport:18.2.0) with AarTransform
Transforming transport-api-3.1.0.aar (com.google.android.datatransport:transport-api:3.1.0) with JetifyTransform
Transforming transport-api-3.1.0.aar (com.google.android.datatransport:transport-api:3.1.0) with JetifyTransform
Transforming transport-api-3.1.0.aar (com.google.android.datatransport:transport-api:3.1.0) with JetifyTransform
Transforming transport-api-3.1.0.aar (com.google.android.datatransport:transport-api:3.1.0) with ExtractAarTransform
Transforming transport-api-3.1.0.aar (com.google.android.datatransport:transport-api:3.1.0) with ExtractAarTransform
Transforming transport-api-3.1.0.aar (com.google.android.datatransport:transport-api:3.1.0) with AarTransform
Transforming transport-api-3.1.0.aar (com.google.android.datatransport:transport-api:3.1.0) with AarTransform
Transforming transport-api-3.1.0.aar (com.google.android.datatransport:transport-api:3.1.0) with JetifyTransform
Transforming transport-api-3.1.0.aar (com.google.android.datatransport:transport-api:3.1.0) with ExtractAarTransform
Transforming transport-api-3.1.0.aar (com.google.android.datatransport:transport-api:3.1.0) with ExtractAarTransform
Transforming transport-api-3.1.0.aar (com.google.android.datatransport:transport-api:3.1.0) with AarTransform
Transforming transport-api-3.1.0.aar (com.google.android.datatransport:transport-api:3.1.0) with AarTransform
Transforming transport-backend-cct-3.1.9.aar (com.google.android.datatransport:transport-backend-cct:3.1.9) with JetifyTransform
Transforming transport-backend-cct-3.1.9.aar (com.google.android.datatransport:transport-backend-cct:3.1.9) with JetifyTransform
Transforming transport-backend-cct-3.1.9.aar (com.google.android.datatransport:transport-backend-cct:3.1.9) with ExtractAarTransform
Transforming transport-backend-cct-3.1.9.aar (com.google.android.datatransport:transport-backend-cct:3.1.9) with ExtractAarTransform
Transforming transport-backend-cct-3.1.9.aar (com.google.android.datatransport:transport-backend-cct:3.1.9) with AarTransform
Transforming transport-backend-cct-3.1.9.aar (com.google.android.datatransport:transport-backend-cct:3.1.9) with AarTransform
Transforming firebase-encoders-json-18.0.0.aar (com.google.firebase:firebase-encoders-json:18.0.0) with JetifyTransform
Transforming firebase-encoders-json-18.0.0.aar (com.google.firebase:firebase-encoders-json:18.0.0) with JetifyTransform
Transforming firebase-encoders-json-18.0.0.aar (com.google.firebase:firebase-encoders-json:18.0.0) with ExtractAarTransform
Transforming firebase-encoders-json-18.0.0.aar (com.google.firebase:firebase-encoders-json:18.0.0) with ExtractAarTransform
Transforming firebase-encoders-json-18.0.0.aar (com.google.firebase:firebase-encoders-json:18.0.0) with AarTransform
Transforming firebase-encoders-json-18.0.0.aar (com.google.firebase:firebase-encoders-json:18.0.0) with AarTransform
Transforming transport-runtime-3.1.9.aar (com.google.android.datatransport:transport-runtime:3.1.9) with JetifyTransform
Transforming transport-runtime-3.1.9.aar (com.google.android.datatransport:transport-runtime:3.1.9) with JetifyTransform
Transforming transport-runtime-3.1.9.aar (com.google.android.datatransport:transport-runtime:3.1.9) with ExtractAarTransform
Transforming transport-runtime-3.1.9.aar (com.google.android.datatransport:transport-runtime:3.1.9) with JetifyTransform
Transforming transport-runtime-3.1.9.aar (com.google.android.datatransport:transport-runtime:3.1.9) with AarTransform
Transforming transport-runtime-3.1.9.aar (com.google.android.datatransport:transport-runtime:3.1.9) with ExtractAarTransform
Transforming transport-runtime-3.1.9.aar (com.google.android.datatransport:transport-runtime:3.1.9) with ExtractAarTransform
Transforming transport-runtime-3.1.9.aar (com.google.android.datatransport:transport-runtime:3.1.9) with AarTransform
Transforming transport-runtime-3.1.9.aar (com.google.android.datatransport:transport-runtime:3.1.9) with AarTransform
Transforming core-runtime-2.2.0.aar (androidx.arch.core:core-runtime:2.2.0) with JetifyTransform
Transforming core-runtime-2.2.0.aar (androidx.arch.core:core-runtime:2.2.0) with ExtractAarTransform
Transforming core-runtime-2.2.0.aar (androidx.arch.core:core-runtime:2.2.0) with JetifyTransform
Transforming core-runtime-2.2.0.aar (androidx.arch.core:core-runtime:2.2.0) with AarTransform
Transforming core-runtime-2.2.0.aar (androidx.arch.core:core-runtime:2.2.0) with ExtractAarTransform
Transforming core-runtime-2.2.0.aar (androidx.arch.core:core-runtime:2.2.0) with AarTransform
Transforming documentfile-1.0.0.aar (androidx.documentfile:documentfile:1.0.0) with JetifyTransform
Transforming documentfile-1.0.0.aar (androidx.documentfile:documentfile:1.0.0) with ExtractAarTransform
Transforming documentfile-1.0.0.aar (androidx.documentfile:documentfile:1.0.0) with AarTransform
Transforming localbroadcastmanager-1.0.0.aar (androidx.localbroadcastmanager:localbroadcastmanager:1.0.0) with JetifyTransform
Transforming localbroadcastmanager-1.0.0.aar (androidx.localbroadcastmanager:localbroadcastmanager:1.0.0) with ExtractAarTransform
Transforming localbroadcastmanager-1.0.0.aar (androidx.localbroadcastmanager:localbroadcastmanager:1.0.0) with AarTransform
Transforming print-1.0.0.aar (androidx.print:print:1.0.0) with JetifyTransform
Transforming print-1.0.0.aar (androidx.print:print:1.0.0) with ExtractAarTransform
Transforming print-1.0.0.aar (androidx.print:print:1.0.0) with AarTransform
Transforming interpolator-1.0.0.aar (androidx.interpolator:interpolator:1.0.0) with JetifyTransform
Transforming interpolator-1.0.0.aar (androidx.interpolator:interpolator:1.0.0) with ExtractAarTransform
Transforming interpolator-1.0.0.aar (androidx.interpolator:interpolator:1.0.0) with AarTransform
Caching disabled for task ':app:checkDebugAarMetadata' because:
  Build cache is disabled
  Caching has been disabled for the task
Skipping task ':app:checkDebugAarMetadata' as it is up-to-date.
Resolve mutations for :app:generateDebugResValues (Thread[#1329,Execution worker Thread 8,5,main]) started.
:app:generateDebugResValues (Thread[#1325,Execution worker Thread 4,5,main]) started.

> Task :app:generateDebugResValues UP-TO-DATE
Caching disabled for task ':app:generateDebugResValues' because:
  Build cache is disabled
Skipping task ':app:generateDebugResValues' as it is up-to-date.
Resolve mutations for :app:injectCrashlyticsMappingFileIdDebug (Thread[#1325,Execution worker Thread 4,5,main]) started.
:app:injectCrashlyticsMappingFileIdDebug (Thread[#1331,Execution worker Thread 9,5,main]) started.

> Task :app:injectCrashlyticsMappingFileIdDebug UP-TO-DATE
Caching disabled for task ':app:injectCrashlyticsMappingFileIdDebug' because:
  Build cache is disabled
  Caching has not been enabled for the task
Skipping task ':app:injectCrashlyticsMappingFileIdDebug' as it is up-to-date.
Resolve mutations for :app:processDebugGoogleServices (Thread[#1331,Execution worker Thread 9,5,main]) started.
:app:processDebugGoogleServices (Thread[#1333,Execution worker Thread 11,5,main]) started.

> Task :app:processDebugGoogleServices UP-TO-DATE
Caching disabled for task ':app:processDebugGoogleServices' because:
  Build cache is disabled
Skipping task ':app:processDebugGoogleServices' as it is up-to-date.
Resolve mutations for :app:mapDebugSourceSetPaths (Thread[#1333,Execution worker Thread 11,5,main]) started.
:app:mapDebugSourceSetPaths (Thread[#1332,Execution worker Thread 10,5,main]) started.

> Task :app:mapDebugSourceSetPaths UP-TO-DATE
Transforming material3-release.aar (androidx.compose.material3:material3-android:1.3.0) with JetifyTransform
Transforming material3-release.aar (androidx.compose.material3:material3-android:1.3.0) with ExtractAarTransform
Transforming material3-release.aar (androidx.compose.material3:material3-android:1.3.0) with AarTransform
Transforming material-release.aar (androidx.compose.material:material-android:1.7.4) with JetifyTransform
Transforming material-release.aar (androidx.compose.material:material-android:1.7.4) with ExtractAarTransform
Transforming material-release.aar (androidx.compose.material:material-android:1.7.4) with AarTransform
Transforming material-ripple-release.aar (androidx.compose.material:material-ripple-android:1.7.4) with JetifyTransform
Transforming material-ripple-release.aar (androidx.compose.material:material-ripple-android:1.7.4) with ExtractAarTransform
Transforming material-ripple-release.aar (androidx.compose.material:material-ripple-android:1.7.4) with AarTransform
Transforming foundation-release.aar (androidx.compose.foundation:foundation-android:1.7.4) with JetifyTransform
Transforming foundation-release.aar (androidx.compose.foundation:foundation-android:1.7.4) with ExtractAarTransform
Transforming foundation-release.aar (androidx.compose.foundation:foundation-android:1.7.4) with AarTransform
Transforming animation-release.aar (androidx.compose.animation:animation-android:1.7.4) with JetifyTransform
Transforming animation-release.aar (androidx.compose.animation:animation-android:1.7.4) with ExtractAarTransform
Transforming animation-release.aar (androidx.compose.animation:animation-android:1.7.4) with AarTransform
Transforming foundation-layout-release.aar (androidx.compose.foundation:foundation-layout-android:1.7.4) with JetifyTransform
Transforming foundation-layout-release.aar (androidx.compose.foundation:foundation-layout-android:1.7.4) with ExtractAarTransform
Transforming foundation-layout-release.aar (androidx.compose.foundation:foundation-layout-android:1.7.4) with AarTransform
Transforming animation-core-release.aar (androidx.compose.animation:animation-core-android:1.7.4) with JetifyTransform
Transforming animation-core-release.aar (androidx.compose.animation:animation-core-android:1.7.4) with ExtractAarTransform
Transforming animation-core-release.aar (androidx.compose.animation:animation-core-android:1.7.4) with AarTransform
Transforming ui-tooling-preview-release.aar (androidx.compose.ui:ui-tooling-preview-android:1.7.4) with JetifyTransform
Transforming ui-tooling-preview-release.aar (androidx.compose.ui:ui-tooling-preview-android:1.7.4) with ExtractAarTransform
Transforming ui-tooling-preview-release.aar (androidx.compose.ui:ui-tooling-preview-android:1.7.4) with AarTransform
Transforming ui-tooling-data-release.aar (androidx.compose.ui:ui-tooling-data-android:1.7.4) with JetifyTransform
Transforming ui-tooling-data-release.aar (androidx.compose.ui:ui-tooling-data-android:1.7.4) with ExtractAarTransform
Transforming ui-tooling-data-release.aar (androidx.compose.ui:ui-tooling-data-android:1.7.4) with AarTransform
Transforming ui-unit-release.aar (androidx.compose.ui:ui-unit-android:1.7.4) with JetifyTransform
Transforming ui-unit-release.aar (androidx.compose.ui:ui-unit-android:1.7.4) with ExtractAarTransform
Transforming ui-unit-release.aar (androidx.compose.ui:ui-unit-android:1.7.4) with AarTransform
Transforming ui-graphics-release.aar (androidx.compose.ui:ui-graphics-android:1.7.4) with JetifyTransform
Transforming ui-graphics-release.aar (androidx.compose.ui:ui-graphics-android:1.7.4) with ExtractAarTransform
Transforming ui-graphics-release.aar (androidx.compose.ui:ui-graphics-android:1.7.4) with AarTransform
Transforming ui-geometry-release.aar (androidx.compose.ui:ui-geometry-android:1.7.4) with JetifyTransform
Transforming ui-geometry-release.aar (androidx.compose.ui:ui-geometry-android:1.7.4) with ExtractAarTransform
Transforming ui-geometry-release.aar (androidx.compose.ui:ui-geometry-android:1.7.4) with AarTransform
Transforming ui-util-release.aar (androidx.compose.ui:ui-util-android:1.7.4) with JetifyTransform
Transforming ui-util-release.aar (androidx.compose.ui:ui-util-android:1.7.4) with ExtractAarTransform
Transforming ui-util-release.aar (androidx.compose.ui:ui-util-android:1.7.4) with AarTransform
Transforming ui-text-release.aar (androidx.compose.ui:ui-text-android:1.7.4) with JetifyTransform
Transforming ui-text-release.aar (androidx.compose.ui:ui-text-android:1.7.4) with ExtractAarTransform
Transforming ui-text-release.aar (androidx.compose.ui:ui-text-android:1.7.4) with AarTransform
Transforming ui-tooling-release.aar (androidx.compose.ui:ui-tooling-android:1.7.4) with JetifyTransform
Transforming ui-tooling-release.aar (androidx.compose.ui:ui-tooling-android:1.7.4) with ExtractAarTransform
Transforming ui-tooling-release.aar (androidx.compose.ui:ui-tooling-android:1.7.4) with AarTransform
Transforming ui-test-manifest-1.7.4.aar (androidx.compose.ui:ui-test-manifest:1.7.4) with JetifyTransform
Transforming ui-test-manifest-1.7.4.aar (androidx.compose.ui:ui-test-manifest:1.7.4) with ExtractAarTransform
Transforming ui-test-manifest-1.7.4.aar (androidx.compose.ui:ui-test-manifest:1.7.4) with AarTransform
Transforming material-icons-core-release.aar (androidx.compose.material:material-icons-core-android:1.7.4) with JetifyTransform
Transforming material-icons-core-release.aar (androidx.compose.material:material-icons-core-android:1.7.4) with ExtractAarTransform
Transforming material-icons-core-release.aar (androidx.compose.material:material-icons-core-android:1.7.4) with AarTransform
Transforming ui-release.aar (androidx.compose.ui:ui-android:1.7.4) with JetifyTransform
Transforming ui-release.aar (androidx.compose.ui:ui-android:1.7.4) with ExtractAarTransform
Transforming ui-release.aar (androidx.compose.ui:ui-android:1.7.4) with AarTransform
Transforming play-services-ads-lite-23.2.0.aar (com.google.android.gms:play-services-ads-lite:23.2.0) with JetifyTransform
Transforming play-services-ads-lite-23.2.0.aar (com.google.android.gms:play-services-ads-lite:23.2.0) with ExtractAarTransform
Transforming play-services-ads-lite-23.2.0.aar (com.google.android.gms:play-services-ads-lite:23.2.0) with AarTransform
Transforming play-services-ads-base-23.2.0.aar (com.google.android.gms:play-services-ads-base:23.2.0) with JetifyTransform
Transforming play-services-ads-base-23.2.0.aar (com.google.android.gms:play-services-ads-base:23.2.0) with ExtractAarTransform
Transforming play-services-ads-base-23.2.0.aar (com.google.android.gms:play-services-ads-base:23.2.0) with AarTransform
Transforming play-services-measurement-sdk-api-20.1.2.aar (com.google.android.gms:play-services-measurement-sdk-api:20.1.2) with JetifyTransform
Transforming play-services-measurement-sdk-api-20.1.2.aar (com.google.android.gms:play-services-measurement-sdk-api:20.1.2) with ExtractAarTransform
Transforming play-services-measurement-sdk-api-20.1.2.aar (com.google.android.gms:play-services-measurement-sdk-api:20.1.2) with AarTransform
Transforming user-messaging-platform-2.2.0.aar (com.google.android.ump:user-messaging-platform:2.2.0) with JetifyTransform
Transforming user-messaging-platform-2.2.0.aar (com.google.android.ump:user-messaging-platform:2.2.0) with ExtractAarTransform
Transforming user-messaging-platform-2.2.0.aar (com.google.android.ump:user-messaging-platform:2.2.0) with AarTransform
Transforming firebase-messaging-ktx-24.0.3.aar (com.google.firebase:firebase-messaging-ktx:24.0.3) with JetifyTransform
Transforming firebase-messaging-ktx-24.0.3.aar (com.google.firebase:firebase-messaging-ktx:24.0.3) with ExtractAarTransform
Transforming firebase-messaging-ktx-24.0.3.aar (com.google.firebase:firebase-messaging-ktx:24.0.3) with AarTransform
Transforming firebase-messaging-24.0.3.aar (com.google.firebase:firebase-messaging:24.0.3) with JetifyTransform
Transforming firebase-messaging-24.0.3.aar (com.google.firebase:firebase-messaging:24.0.3) with ExtractAarTransform
Transforming firebase-messaging-24.0.3.aar (com.google.firebase:firebase-messaging:24.0.3) with AarTransform
Transforming firebase-installations-18.0.0.aar (com.google.firebase:firebase-installations:18.0.0) with JetifyTransform
Transforming firebase-installations-18.0.0.aar (com.google.firebase:firebase-installations:18.0.0) with ExtractAarTransform
Transforming firebase-installations-18.0.0.aar (com.google.firebase:firebase-installations:18.0.0) with AarTransform
Transforming firebase-common-ktx-21.0.0.aar (com.google.firebase:firebase-common-ktx:21.0.0) with JetifyTransform
Transforming firebase-common-ktx-21.0.0.aar (com.google.firebase:firebase-common-ktx:21.0.0) with ExtractAarTransform
Transforming firebase-common-ktx-21.0.0.aar (com.google.firebase:firebase-common-ktx:21.0.0) with AarTransform
Transforming firebase-common-21.0.0.aar (com.google.firebase:firebase-common:21.0.0) with JetifyTransform
Transforming firebase-common-21.0.0.aar (com.google.firebase:firebase-common:21.0.0) with ExtractAarTransform
Transforming firebase-common-21.0.0.aar (com.google.firebase:firebase-common:21.0.0) with AarTransform
Transforming play-services-measurement-base-20.1.2.aar (com.google.android.gms:play-services-measurement-base:20.1.2) with JetifyTransform
Transforming play-services-measurement-base-20.1.2.aar (com.google.android.gms:play-services-measurement-base:20.1.2) with ExtractAarTransform
Transforming play-services-measurement-base-20.1.2.aar (com.google.android.gms:play-services-measurement-base:20.1.2) with AarTransform
Transforming firebase-iid-interop-17.1.0.aar (com.google.firebase:firebase-iid-interop:17.1.0) with JetifyTransform
Transforming firebase-iid-interop-17.1.0.aar (com.google.firebase:firebase-iid-interop:17.1.0) with ExtractAarTransform
Transforming firebase-iid-interop-17.1.0.aar (com.google.firebase:firebase-iid-interop:17.1.0) with AarTransform
Transforming firebase-measurement-connector-19.0.0.aar (com.google.firebase:firebase-measurement-connector:19.0.0) with JetifyTransform
Transforming firebase-measurement-connector-19.0.0.aar (com.google.firebase:firebase-measurement-connector:19.0.0) with ExtractAarTransform
Transforming firebase-measurement-connector-19.0.0.aar (com.google.firebase:firebase-measurement-connector:19.0.0) with AarTransform
Transforming play-services-base-18.0.1.aar (com.google.android.gms:play-services-base:18.0.1) with JetifyTransform
Transforming play-services-base-18.0.1.aar (com.google.android.gms:play-services-base:18.0.1) with ExtractAarTransform
Transforming play-services-base-18.0.1.aar (com.google.android.gms:play-services-base:18.0.1) with AarTransform
Transforming play-services-cloud-messaging-17.2.0.aar (com.google.android.gms:play-services-cloud-messaging:17.2.0) with JetifyTransform
Transforming play-services-cloud-messaging-17.2.0.aar (com.google.android.gms:play-services-cloud-messaging:17.2.0) with ExtractAarTransform
Transforming play-services-cloud-messaging-17.2.0.aar (com.google.android.gms:play-services-cloud-messaging:17.2.0) with AarTransform
Transforming play-services-stats-17.0.2.aar (com.google.android.gms:play-services-stats:17.0.2) with JetifyTransform
Transforming play-services-stats-17.0.2.aar (com.google.android.gms:play-services-stats:17.0.2) with ExtractAarTransform
Transforming play-services-stats-17.0.2.aar (com.google.android.gms:play-services-stats:17.0.2) with AarTransform
Transforming firebase-installations-interop-17.1.1.aar (com.google.firebase:firebase-installations-interop:17.1.1) with JetifyTransform
Transforming firebase-installations-interop-17.1.1.aar (com.google.firebase:firebase-installations-interop:17.1.1) with ExtractAarTransform
Transforming firebase-installations-interop-17.1.1.aar (com.google.firebase:firebase-installations-interop:17.1.1) with AarTransform
Transforming work-runtime-2.7.0.aar (androidx.work:work-runtime:2.7.0) with JetifyTransform
Transforming work-runtime-2.7.0.aar (androidx.work:work-runtime:2.7.0) with ExtractAarTransform
Transforming work-runtime-2.7.0.aar (androidx.work:work-runtime:2.7.0) with AarTransform
Transforming legacy-support-core-utils-1.0.0.aar (androidx.legacy:legacy-support-core-utils:1.0.0) with JetifyTransform
Transforming legacy-support-core-utils-1.0.0.aar (androidx.legacy:legacy-support-core-utils:1.0.0) with ExtractAarTransform
Transforming legacy-support-core-utils-1.0.0.aar (androidx.legacy:legacy-support-core-utils:1.0.0) with AarTransform
Transforming loader-1.0.0.aar (androidx.loader:loader:1.0.0) with JetifyTransform
Transforming loader-1.0.0.aar (androidx.loader:loader:1.0.0) with ExtractAarTransform
Transforming loader-1.0.0.aar (androidx.loader:loader:1.0.0) with AarTransform
Transforming savedstate-ktx-1.2.1.aar (androidx.savedstate:savedstate-ktx:1.2.1) with JetifyTransform
Transforming savedstate-ktx-1.2.1.aar (androidx.savedstate:savedstate-ktx:1.2.1) with ExtractAarTransform
Transforming savedstate-ktx-1.2.1.aar (androidx.savedstate:savedstate-ktx:1.2.1) with AarTransform
Transforming savedstate-1.2.1.aar (androidx.savedstate:savedstate:1.2.1) with JetifyTransform
Transforming savedstate-1.2.1.aar (androidx.savedstate:savedstate:1.2.1) with ExtractAarTransform
Transforming savedstate-1.2.1.aar (androidx.savedstate:savedstate:1.2.1) with AarTransform
Transforming emoji2-1.3.0.aar (androidx.emoji2:emoji2:1.3.0) with JetifyTransform
Transforming emoji2-1.3.0.aar (androidx.emoji2:emoji2:1.3.0) with ExtractAarTransform
Transforming emoji2-1.3.0.aar (androidx.emoji2:emoji2:1.3.0) with AarTransform
Transforming lifecycle-process-2.8.6.aar (androidx.lifecycle:lifecycle-process:2.8.6) with JetifyTransform
Transforming lifecycle-process-2.8.6.aar (androidx.lifecycle:lifecycle-process:2.8.6) with ExtractAarTransform
Transforming lifecycle-process-2.8.6.aar (androidx.lifecycle:lifecycle-process:2.8.6) with AarTransform
Transforming lifecycle-runtime-compose-release.aar (androidx.lifecycle:lifecycle-runtime-compose-android:2.8.6) with JetifyTransform
Transforming lifecycle-runtime-compose-release.aar (androidx.lifecycle:lifecycle-runtime-compose-android:2.8.6) with ExtractAarTransform
Transforming lifecycle-runtime-compose-release.aar (androidx.lifecycle:lifecycle-runtime-compose-android:2.8.6) with AarTransform
Transforming autofill-1.0.0.aar (androidx.autofill:autofill:1.0.0) with JetifyTransform
Transforming autofill-1.0.0.aar (androidx.autofill:autofill:1.0.0) with ExtractAarTransform
Transforming autofill-1.0.0.aar (androidx.autofill:autofill:1.0.0) with AarTransform
Transforming viewpager-1.0.0.aar (androidx.viewpager:viewpager:1.0.0) with JetifyTransform
Transforming viewpager-1.0.0.aar (androidx.viewpager:viewpager:1.0.0) with ExtractAarTransform
Transforming viewpager-1.0.0.aar (androidx.viewpager:viewpager:1.0.0) with AarTransform
Transforming customview-1.0.0.aar (androidx.customview:customview:1.0.0) with JetifyTransform
Transforming customview-1.0.0.aar (androidx.customview:customview:1.0.0) with ExtractAarTransform
Transforming customview-1.0.0.aar (androidx.customview:customview:1.0.0) with AarTransform
Transforming graphics-path-1.0.1.aar (androidx.graphics:graphics-path:1.0.1) with JetifyTransform
Transforming graphics-path-1.0.1.aar (androidx.graphics:graphics-path:1.0.1) with ExtractAarTransform
Transforming graphics-path-1.0.1.aar (androidx.graphics:graphics-path:1.0.1) with AarTransform
Transforming customview-poolingcontainer-1.0.0.aar (androidx.customview:customview-poolingcontainer:1.0.0) with JetifyTransform
Transforming customview-poolingcontainer-1.0.0.aar (androidx.customview:customview-poolingcontainer:1.0.0) with ExtractAarTransform
Transforming customview-poolingcontainer-1.0.0.aar (androidx.customview:customview-poolingcontainer:1.0.0) with AarTransform
Transforming core-ktx-1.13.1.aar (androidx.core:core-ktx:1.13.1) with JetifyTransform
Transforming core-ktx-1.13.1.aar (androidx.core:core-ktx:1.13.1) with ExtractAarTransform
Transforming core-ktx-1.13.1.aar (androidx.core:core-ktx:1.13.1) with AarTransform
Transforming core-1.13.1.aar (androidx.core:core:1.13.1) with JetifyTransform
Transforming core-1.13.1.aar (androidx.core:core:1.13.1) with ExtractAarTransform
Transforming core-1.13.1.aar (androidx.core:core:1.13.1) with AarTransform
Transforming core-1.13.1.aar (androidx.core:core:1.13.1) with JetifyTransform
Transforming core-1.13.1.aar (androidx.core:core:1.13.1) with ExtractAarTransform
Transforming core-1.13.1.aar (androidx.core:core:1.13.1) with AarTransform
Transforming lifecycle-runtime-release.aar (androidx.lifecycle:lifecycle-runtime-android:2.8.6) with JetifyTransform
Transforming lifecycle-runtime-release.aar (androidx.lifecycle:lifecycle-runtime-android:2.8.6) with ExtractAarTransform
Transforming lifecycle-runtime-release.aar (androidx.lifecycle:lifecycle-runtime-android:2.8.6) with AarTransform
Transforming lifecycle-viewmodel-2.8.6.aar (androidx.lifecycle:lifecycle-viewmodel:2.8.6) with JetifyTransform
Transforming lifecycle-viewmodel-2.8.6.aar (androidx.lifecycle:lifecycle-viewmodel:2.8.6) with ExtractAarTransform
Transforming lifecycle-viewmodel-2.8.6.aar (androidx.lifecycle:lifecycle-viewmodel:2.8.6) with AarTransform
Transforming lifecycle-viewmodel-release.aar (androidx.lifecycle:lifecycle-viewmodel-android:2.8.6) with JetifyTransform
Transforming lifecycle-viewmodel-release.aar (androidx.lifecycle:lifecycle-viewmodel-android:2.8.6) with ExtractAarTransform
Transforming lifecycle-viewmodel-release.aar (androidx.lifecycle:lifecycle-viewmodel-android:2.8.6) with AarTransform
Transforming lifecycle-livedata-core-ktx-2.8.6.aar (androidx.lifecycle:lifecycle-livedata-core-ktx:2.8.6) with JetifyTransform
Transforming lifecycle-livedata-core-ktx-2.8.6.aar (androidx.lifecycle:lifecycle-livedata-core-ktx:2.8.6) with ExtractAarTransform
Transforming lifecycle-livedata-core-ktx-2.8.6.aar (androidx.lifecycle:lifecycle-livedata-core-ktx:2.8.6) with AarTransform
Transforming lifecycle-livedata-core-2.8.6.aar (androidx.lifecycle:lifecycle-livedata-core:2.8.6) with JetifyTransform
Transforming lifecycle-livedata-core-2.8.6.aar (androidx.lifecycle:lifecycle-livedata-core:2.8.6) with ExtractAarTransform
Transforming lifecycle-livedata-core-2.8.6.aar (androidx.lifecycle:lifecycle-livedata-core:2.8.6) with AarTransform
Transforming lifecycle-viewmodel-savedstate-2.8.6.aar (androidx.lifecycle:lifecycle-viewmodel-savedstate:2.8.6) with JetifyTransform
Transforming lifecycle-viewmodel-savedstate-2.8.6.aar (androidx.lifecycle:lifecycle-viewmodel-savedstate:2.8.6) with ExtractAarTransform
Transforming lifecycle-viewmodel-savedstate-2.8.6.aar (androidx.lifecycle:lifecycle-viewmodel-savedstate:2.8.6) with AarTransform
Transforming lifecycle-viewmodel-ktx-2.8.6.aar (androidx.lifecycle:lifecycle-viewmodel-ktx:2.8.6) with JetifyTransform
Transforming lifecycle-viewmodel-ktx-2.8.6.aar (androidx.lifecycle:lifecycle-viewmodel-ktx:2.8.6) with ExtractAarTransform
Transforming lifecycle-viewmodel-ktx-2.8.6.aar (androidx.lifecycle:lifecycle-viewmodel-ktx:2.8.6) with AarTransform
Transforming lifecycle-service-2.8.6.aar (androidx.lifecycle:lifecycle-service:2.8.6) with JetifyTransform
Transforming lifecycle-service-2.8.6.aar (androidx.lifecycle:lifecycle-service:2.8.6) with ExtractAarTransform
Transforming lifecycle-service-2.8.6.aar (androidx.lifecycle:lifecycle-service:2.8.6) with AarTransform
Transforming lifecycle-livedata-2.8.6.aar (androidx.lifecycle:lifecycle-livedata:2.8.6) with JetifyTransform
Transforming lifecycle-livedata-2.8.6.aar (androidx.lifecycle:lifecycle-livedata:2.8.6) with ExtractAarTransform
Transforming lifecycle-livedata-2.8.6.aar (androidx.lifecycle:lifecycle-livedata:2.8.6) with AarTransform
Transforming lifecycle-livedata-2.8.6.aar (androidx.lifecycle:lifecycle-livedata:2.8.6) with JetifyTransform
Transforming lifecycle-livedata-2.8.6.aar (androidx.lifecycle:lifecycle-livedata:2.8.6) with ExtractAarTransform
Transforming lifecycle-livedata-2.8.6.aar (androidx.lifecycle:lifecycle-livedata:2.8.6) with AarTransform
Transforming lifecycle-runtime-ktx-release.aar (androidx.lifecycle:lifecycle-runtime-ktx-android:2.8.6) with JetifyTransform
Transforming lifecycle-runtime-ktx-release.aar (androidx.lifecycle:lifecycle-runtime-ktx-android:2.8.6) with ExtractAarTransform
Transforming lifecycle-runtime-ktx-release.aar (androidx.lifecycle:lifecycle-runtime-ktx-android:2.8.6) with AarTransform
Transforming runtime-saveable-release.aar (androidx.compose.runtime:runtime-saveable-android:1.7.4) with JetifyTransform
Transforming runtime-saveable-release.aar (androidx.compose.runtime:runtime-saveable-android:1.7.4) with ExtractAarTransform
Transforming runtime-saveable-release.aar (androidx.compose.runtime:runtime-saveable-android:1.7.4) with AarTransform
Transforming runtime-release.aar (androidx.compose.runtime:runtime-android:1.7.4) with JetifyTransform
Transforming runtime-release.aar (androidx.compose.runtime:runtime-android:1.7.4) with ExtractAarTransform
Transforming runtime-release.aar (androidx.compose.runtime:runtime-android:1.7.4) with AarTransform
Transforming play-services-tasks-18.1.0.aar (com.google.android.gms:play-services-tasks:18.1.0) with JetifyTransform
Transforming play-services-tasks-18.1.0.aar (com.google.android.gms:play-services-tasks:18.1.0) with ExtractAarTransform
Transforming play-services-tasks-18.1.0.aar (com.google.android.gms:play-services-tasks:18.1.0) with AarTransform
Transforming play-services-tasks-18.1.0.aar (com.google.android.gms:play-services-tasks:18.1.0) with JetifyTransform
Transforming play-services-tasks-18.1.0.aar (com.google.android.gms:play-services-tasks:18.1.0) with ExtractAarTransform
Transforming play-services-tasks-18.1.0.aar (com.google.android.gms:play-services-tasks:18.1.0) with AarTransform
Transforming play-services-basement-18.3.0.aar (com.google.android.gms:play-services-basement:18.3.0) with JetifyTransform
Transforming play-services-basement-18.3.0.aar (com.google.android.gms:play-services-basement:18.3.0) with ExtractAarTransform
Transforming play-services-basement-18.3.0.aar (com.google.android.gms:play-services-basement:18.3.0) with AarTransform
Transforming fragment-1.1.0.aar (androidx.fragment:fragment:1.1.0) with JetifyTransform
Transforming fragment-1.1.0.aar (androidx.fragment:fragment:1.1.0) with ExtractAarTransform
Transforming fragment-1.1.0.aar (androidx.fragment:fragment:1.1.0) with AarTransform
Transforming activity-1.9.2.aar (androidx.activity:activity:1.9.2) with JetifyTransform
Transforming activity-1.9.2.aar (androidx.activity:activity:1.9.2) with ExtractAarTransform
Transforming activity-1.9.2.aar (androidx.activity:activity:1.9.2) with AarTransform
Transforming activity-1.9.2.aar (androidx.activity:activity:1.9.2) with JetifyTransform
Transforming activity-1.9.2.aar (androidx.activity:activity:1.9.2) with ExtractAarTransform
Transforming activity-1.9.2.aar (androidx.activity:activity:1.9.2) with AarTransform
Transforming activity-ktx-1.9.2.aar (androidx.activity:activity-ktx:1.9.2) with JetifyTransform
Transforming activity-ktx-1.9.2.aar (androidx.activity:activity-ktx:1.9.2) with ExtractAarTransform
Transforming activity-ktx-1.9.2.aar (androidx.activity:activity-ktx:1.9.2) with AarTransform
Transforming activity-compose-1.9.2.aar (androidx.activity:activity-compose:1.9.2) with JetifyTransform
Transforming activity-compose-1.9.2.aar (androidx.activity:activity-compose:1.9.2) with ExtractAarTransform
Transforming activity-compose-1.9.2.aar (androidx.activity:activity-compose:1.9.2) with AarTransform
Transforming core-splashscreen-1.0.1.aar (androidx.core:core-splashscreen:1.0.1) with JetifyTransform
Transforming core-splashscreen-1.0.1.aar (androidx.core:core-splashscreen:1.0.1) with ExtractAarTransform
Transforming core-splashscreen-1.0.1.aar (androidx.core:core-splashscreen:1.0.1) with AarTransform
Transforming versionedparcelable-1.1.1.aar (androidx.versionedparcelable:versionedparcelable:1.1.1) with JetifyTransform
Transforming versionedparcelable-1.1.1.aar (androidx.versionedparcelable:versionedparcelable:1.1.1) with ExtractAarTransform
Transforming versionedparcelable-1.1.1.aar (androidx.versionedparcelable:versionedparcelable:1.1.1) with AarTransform
Transforming annotation-experimental-1.4.1.aar (androidx.annotation:annotation-experimental:1.4.1) with JetifyTransform
Transforming annotation-experimental-1.4.1.aar (androidx.annotation:annotation-experimental:1.4.1) with ExtractAarTransform
Transforming annotation-experimental-1.4.1.aar (androidx.annotation:annotation-experimental:1.4.1) with AarTransform
Transforming firebase-components-18.0.0.aar (com.google.firebase:firebase-components:18.0.0) with JetifyTransform
Transforming firebase-components-18.0.0.aar (com.google.firebase:firebase-components:18.0.0) with ExtractAarTransform
Transforming firebase-components-18.0.0.aar (com.google.firebase:firebase-components:18.0.0) with AarTransform
Transforming room-runtime-2.2.5.aar (androidx.room:room-runtime:2.2.5) with JetifyTransform
Transforming room-runtime-2.2.5.aar (androidx.room:room-runtime:2.2.5) with ExtractAarTransform
Transforming room-runtime-2.2.5.aar (androidx.room:room-runtime:2.2.5) with AarTransform
Transforming sqlite-framework-2.1.0.aar (androidx.sqlite:sqlite-framework:2.1.0) with JetifyTransform
Transforming sqlite-framework-2.1.0.aar (androidx.sqlite:sqlite-framework:2.1.0) with ExtractAarTransform
Transforming sqlite-framework-2.1.0.aar (androidx.sqlite:sqlite-framework:2.1.0) with AarTransform
Transforming sqlite-framework-2.1.0.aar (androidx.sqlite:sqlite-framework:2.1.0) with JetifyTransform
Transforming sqlite-framework-2.1.0.aar (androidx.sqlite:sqlite-framework:2.1.0) with ExtractAarTransform
Transforming sqlite-framework-2.1.0.aar (androidx.sqlite:sqlite-framework:2.1.0) with AarTransform
Transforming sqlite-2.1.0.aar (androidx.sqlite:sqlite:2.1.0) with JetifyTransform
Transforming sqlite-2.1.0.aar (androidx.sqlite:sqlite:2.1.0) with ExtractAarTransform
Transforming sqlite-2.1.0.aar (androidx.sqlite:sqlite:2.1.0) with AarTransform
Transforming sqlite-2.1.0.aar (androidx.sqlite:sqlite:2.1.0) with JetifyTransform
Transforming sqlite-2.1.0.aar (androidx.sqlite:sqlite:2.1.0) with ExtractAarTransform
Transforming sqlite-2.1.0.aar (androidx.sqlite:sqlite:2.1.0) with AarTransform
Transforming profileinstaller-1.3.1.aar (androidx.profileinstaller:profileinstaller:1.3.1) with JetifyTransform
Transforming profileinstaller-1.3.1.aar (androidx.profileinstaller:profileinstaller:1.3.1) with ExtractAarTransform
Transforming profileinstaller-1.3.1.aar (androidx.profileinstaller:profileinstaller:1.3.1) with AarTransform
Transforming startup-runtime-1.1.1.aar (androidx.startup:startup-runtime:1.1.1) with JetifyTransform
Transforming startup-runtime-1.1.1.aar (androidx.startup:startup-runtime:1.1.1) with ExtractAarTransform
Transforming startup-runtime-1.1.1.aar (androidx.startup:startup-runtime:1.1.1) with AarTransform
Transforming tracing-1.0.0.aar (androidx.tracing:tracing:1.0.0) with JetifyTransform
Transforming tracing-1.0.0.aar (androidx.tracing:tracing:1.0.0) with ExtractAarTransform
Transforming tracing-1.0.0.aar (androidx.tracing:tracing:1.0.0) with AarTransform
Transforming firebase-datatransport-18.2.0.aar (com.google.firebase:firebase-datatransport:18.2.0) with JetifyTransform
Transforming firebase-datatransport-18.2.0.aar (com.google.firebase:firebase-datatransport:18.2.0) with ExtractAarTransform
Transforming firebase-datatransport-18.2.0.aar (com.google.firebase:firebase-datatransport:18.2.0) with AarTransform
Transforming transport-backend-cct-3.1.9.aar (com.google.android.datatransport:transport-backend-cct:3.1.9) with JetifyTransform
Transforming transport-backend-cct-3.1.9.aar (com.google.android.datatransport:transport-backend-cct:3.1.9) with ExtractAarTransform
Transforming transport-backend-cct-3.1.9.aar (com.google.android.datatransport:transport-backend-cct:3.1.9) with AarTransform
Transforming firebase-encoders-json-18.0.0.aar (com.google.firebase:firebase-encoders-json:18.0.0) with JetifyTransform
Transforming firebase-encoders-json-18.0.0.aar (com.google.firebase:firebase-encoders-json:18.0.0) with ExtractAarTransform
Transforming firebase-encoders-json-18.0.0.aar (com.google.firebase:firebase-encoders-json:18.0.0) with AarTransform
Transforming transport-runtime-3.1.9.aar (com.google.android.datatransport:transport-runtime:3.1.9) with JetifyTransform
Transforming transport-runtime-3.1.9.aar (com.google.android.datatransport:transport-runtime:3.1.9) with ExtractAarTransform
Transforming transport-runtime-3.1.9.aar (com.google.android.datatransport:transport-runtime:3.1.9) with AarTransform
Transforming transport-api-3.1.0.aar (com.google.android.datatransport:transport-api:3.1.0) with JetifyTransform
Transforming transport-api-3.1.0.aar (com.google.android.datatransport:transport-api:3.1.0) with ExtractAarTransform
Transforming transport-api-3.1.0.aar (com.google.android.datatransport:transport-api:3.1.0) with AarTransform
Transforming core-runtime-2.2.0.aar (androidx.arch.core:core-runtime:2.2.0) with JetifyTransform
Transforming core-runtime-2.2.0.aar (androidx.arch.core:core-runtime:2.2.0) with ExtractAarTransform
Transforming core-runtime-2.2.0.aar (androidx.arch.core:core-runtime:2.2.0) with AarTransform
Transforming core-runtime-2.2.0.aar (androidx.arch.core:core-runtime:2.2.0) with JetifyTransform
Transforming core-runtime-2.2.0.aar (androidx.arch.core:core-runtime:2.2.0) with ExtractAarTransform
Transforming core-runtime-2.2.0.aar (androidx.arch.core:core-runtime:2.2.0) with AarTransform
Transforming documentfile-1.0.0.aar (androidx.documentfile:documentfile:1.0.0) with JetifyTransform
Transforming documentfile-1.0.0.aar (androidx.documentfile:documentfile:1.0.0) with ExtractAarTransform
Transforming documentfile-1.0.0.aar (androidx.documentfile:documentfile:1.0.0) with AarTransform
Transforming localbroadcastmanager-1.0.0.aar (androidx.localbroadcastmanager:localbroadcastmanager:1.0.0) with JetifyTransform
Transforming localbroadcastmanager-1.0.0.aar (androidx.localbroadcastmanager:localbroadcastmanager:1.0.0) with ExtractAarTransform
Transforming localbroadcastmanager-1.0.0.aar (androidx.localbroadcastmanager:localbroadcastmanager:1.0.0) with AarTransform
Transforming print-1.0.0.aar (androidx.print:print:1.0.0) with JetifyTransform
Transforming print-1.0.0.aar (androidx.print:print:1.0.0) with ExtractAarTransform
Transforming print-1.0.0.aar (androidx.print:print:1.0.0) with AarTransform
Transforming interpolator-1.0.0.aar (androidx.interpolator:interpolator:1.0.0) with JetifyTransform
Transforming interpolator-1.0.0.aar (androidx.interpolator:interpolator:1.0.0) with ExtractAarTransform
Transforming interpolator-1.0.0.aar (androidx.interpolator:interpolator:1.0.0) with AarTransform
Caching disabled for task ':app:mapDebugSourceSetPaths' because:
  Build cache is disabled
  Caching has been disabled for the task
Skipping task ':app:mapDebugSourceSetPaths' as it is up-to-date.
Resolve mutations for :app:generateDebugResources (Thread[#1332,Execution worker Thread 10,5,main]) started.
:app:generateDebugResources (Thread[#1332,Execution worker Thread 10,5,main]) started.

> Task :app:generateDebugResources UP-TO-DATE
Caching disabled for task ':app:generateDebugResources' because:
  Build cache is disabled
Skipping task ':app:generateDebugResources' as it is up-to-date.
Resolve mutations for :app:mergeDebugResources (Thread[#1332,Execution worker Thread 10,5,main]) started.
:app:mergeDebugResources (Thread[#1332,Execution worker Thread 10,5,main]) started.

> Task :app:mergeDebugResources UP-TO-DATE
Caching disabled for task ':app:mergeDebugResources' because:
  Build cache is disabled
Skipping task ':app:mergeDebugResources' as it is up-to-date.
Resolve mutations for :app:packageDebugResources (Thread[#1332,Execution worker Thread 10,5,main]) started.
:app:packageDebugResources (Thread[#1332,Execution worker Thread 10,5,main]) started.

> Task :app:packageDebugResources UP-TO-DATE
Caching disabled for task ':app:packageDebugResources' because:
  Build cache is disabled
Skipping task ':app:packageDebugResources' as it is up-to-date.
Resolve mutations for :app:parseDebugLocalResources (Thread[#1332,Execution worker Thread 10,5,main]) started.
:app:parseDebugLocalResources (Thread[#1332,Execution worker Thread 10,5,main]) started.

> Task :app:parseDebugLocalResources UP-TO-DATE
Transforming android.jar with PlatformAttrTransform
Transforming android.jar with PlatformAttrTransform
Caching disabled for task ':app:parseDebugLocalResources' because:
  Build cache is disabled
Skipping task ':app:parseDebugLocalResources' as it is up-to-date.
Resolve mutations for :app:createDebugCompatibleScreenManifests (Thread[#1332,Execution worker Thread 10,5,main]) started.
:app:createDebugCompatibleScreenManifests (Thread[#1332,Execution worker Thread 10,5,main]) started.

> Task :app:createDebugCompatibleScreenManifests UP-TO-DATE
Caching disabled for task ':app:createDebugCompatibleScreenManifests' because:
  Build cache is disabled
  Caching has been disabled for the task
Skipping task ':app:createDebugCompatibleScreenManifests' as it is up-to-date.
Resolve mutations for :app:extractDeepLinksDebug (Thread[#1332,Execution worker Thread 10,5,main]) started.
:app:extractDeepLinksDebug (Thread[#1327,Execution worker Thread 6,5,main]) started.

> Task :app:extractDeepLinksDebug UP-TO-DATE
Caching disabled for task ':app:extractDeepLinksDebug' because:
  Build cache is disabled
Skipping task ':app:extractDeepLinksDebug' as it is up-to-date.
Resolve mutations for :app:processDebugMainManifest (Thread[#1327,Execution worker Thread 6,5,main]) started.
:app:processDebugMainManifest (Thread[#1327,Execution worker Thread 6,5,main]) started.

> Task :app:processDebugMainManifest UP-TO-DATE
Transforming material3-release.aar (androidx.compose.material3:material3-android:1.3.0) with JetifyTransform
Transforming material3-release.aar (androidx.compose.material3:material3-android:1.3.0) with ExtractAarTransform
Transforming material3-release.aar (androidx.compose.material3:material3-android:1.3.0) with AarTransform
Transforming material-release.aar (androidx.compose.material:material-android:1.7.4) with JetifyTransform
Transforming material-release.aar (androidx.compose.material:material-android:1.7.4) with ExtractAarTransform
Transforming material-release.aar (androidx.compose.material:material-android:1.7.4) with AarTransform
Transforming material-ripple-release.aar (androidx.compose.material:material-ripple-android:1.7.4) with JetifyTransform
Transforming material-ripple-release.aar (androidx.compose.material:material-ripple-android:1.7.4) with ExtractAarTransform
Transforming material-ripple-release.aar (androidx.compose.material:material-ripple-android:1.7.4) with AarTransform
Transforming foundation-release.aar (androidx.compose.foundation:foundation-android:1.7.4) with JetifyTransform
Transforming foundation-release.aar (androidx.compose.foundation:foundation-android:1.7.4) with ExtractAarTransform
Transforming foundation-release.aar (androidx.compose.foundation:foundation-android:1.7.4) with AarTransform
Transforming animation-release.aar (androidx.compose.animation:animation-android:1.7.4) with JetifyTransform
Transforming animation-release.aar (androidx.compose.animation:animation-android:1.7.4) with ExtractAarTransform
Transforming animation-release.aar (androidx.compose.animation:animation-android:1.7.4) with AarTransform
Transforming foundation-layout-release.aar (androidx.compose.foundation:foundation-layout-android:1.7.4) with JetifyTransform
Transforming foundation-layout-release.aar (androidx.compose.foundation:foundation-layout-android:1.7.4) with ExtractAarTransform
Transforming foundation-layout-release.aar (androidx.compose.foundation:foundation-layout-android:1.7.4) with AarTransform
Transforming animation-core-release.aar (androidx.compose.animation:animation-core-android:1.7.4) with JetifyTransform
Transforming animation-core-release.aar (androidx.compose.animation:animation-core-android:1.7.4) with ExtractAarTransform
Transforming animation-core-release.aar (androidx.compose.animation:animation-core-android:1.7.4) with AarTransform
Transforming ui-tooling-preview-release.aar (androidx.compose.ui:ui-tooling-preview-android:1.7.4) with JetifyTransform
Transforming ui-tooling-preview-release.aar (androidx.compose.ui:ui-tooling-preview-android:1.7.4) with ExtractAarTransform
Transforming ui-tooling-preview-release.aar (androidx.compose.ui:ui-tooling-preview-android:1.7.4) with AarTransform
Transforming ui-tooling-data-release.aar (androidx.compose.ui:ui-tooling-data-android:1.7.4) with JetifyTransform
Transforming ui-tooling-data-release.aar (androidx.compose.ui:ui-tooling-data-android:1.7.4) with ExtractAarTransform
Transforming ui-tooling-data-release.aar (androidx.compose.ui:ui-tooling-data-android:1.7.4) with AarTransform
Transforming ui-unit-release.aar (androidx.compose.ui:ui-unit-android:1.7.4) with JetifyTransform
Transforming ui-unit-release.aar (androidx.compose.ui:ui-unit-android:1.7.4) with ExtractAarTransform
Transforming ui-unit-release.aar (androidx.compose.ui:ui-unit-android:1.7.4) with AarTransform
Transforming ui-graphics-release.aar (androidx.compose.ui:ui-graphics-android:1.7.4) with JetifyTransform
Transforming ui-graphics-release.aar (androidx.compose.ui:ui-graphics-android:1.7.4) with ExtractAarTransform
Transforming ui-graphics-release.aar (androidx.compose.ui:ui-graphics-android:1.7.4) with AarTransform
Transforming ui-geometry-release.aar (androidx.compose.ui:ui-geometry-android:1.7.4) with JetifyTransform
Transforming ui-geometry-release.aar (androidx.compose.ui:ui-geometry-android:1.7.4) with ExtractAarTransform
Transforming ui-geometry-release.aar (androidx.compose.ui:ui-geometry-android:1.7.4) with AarTransform
Transforming ui-util-release.aar (androidx.compose.ui:ui-util-android:1.7.4) with JetifyTransform
Transforming ui-util-release.aar (androidx.compose.ui:ui-util-android:1.7.4) with ExtractAarTransform
Transforming ui-util-release.aar (androidx.compose.ui:ui-util-android:1.7.4) with AarTransform
Transforming ui-text-release.aar (androidx.compose.ui:ui-text-android:1.7.4) with JetifyTransform
Transforming ui-text-release.aar (androidx.compose.ui:ui-text-android:1.7.4) with ExtractAarTransform
Transforming ui-text-release.aar (androidx.compose.ui:ui-text-android:1.7.4) with AarTransform
Transforming ui-tooling-release.aar (androidx.compose.ui:ui-tooling-android:1.7.4) with JetifyTransform
Transforming ui-tooling-release.aar (androidx.compose.ui:ui-tooling-android:1.7.4) with ExtractAarTransform
Transforming ui-tooling-release.aar (androidx.compose.ui:ui-tooling-android:1.7.4) with AarTransform
Transforming ui-test-manifest-1.7.4.aar (androidx.compose.ui:ui-test-manifest:1.7.4) with JetifyTransform
Transforming ui-test-manifest-1.7.4.aar (androidx.compose.ui:ui-test-manifest:1.7.4) with ExtractAarTransform
Transforming ui-test-manifest-1.7.4.aar (androidx.compose.ui:ui-test-manifest:1.7.4) with AarTransform
Transforming material-icons-core-release.aar (androidx.compose.material:material-icons-core-android:1.7.4) with JetifyTransform
Transforming material-icons-core-release.aar (androidx.compose.material:material-icons-core-android:1.7.4) with ExtractAarTransform
Transforming material-icons-core-release.aar (androidx.compose.material:material-icons-core-android:1.7.4) with AarTransform
Transforming ui-release.aar (androidx.compose.ui:ui-android:1.7.4) with JetifyTransform
Transforming ui-release.aar (androidx.compose.ui:ui-android:1.7.4) with ExtractAarTransform
Transforming ui-release.aar (androidx.compose.ui:ui-android:1.7.4) with AarTransform
Transforming play-services-ads-lite-23.2.0.aar (com.google.android.gms:play-services-ads-lite:23.2.0) with JetifyTransform
Transforming play-services-ads-lite-23.2.0.aar (com.google.android.gms:play-services-ads-lite:23.2.0) with ExtractAarTransform
Transforming play-services-ads-lite-23.2.0.aar (com.google.android.gms:play-services-ads-lite:23.2.0) with AarTransform
Transforming play-services-ads-base-23.2.0.aar (com.google.android.gms:play-services-ads-base:23.2.0) with JetifyTransform
Transforming play-services-ads-base-23.2.0.aar (com.google.android.gms:play-services-ads-base:23.2.0) with ExtractAarTransform
Transforming play-services-ads-base-23.2.0.aar (com.google.android.gms:play-services-ads-base:23.2.0) with AarTransform
Transforming play-services-measurement-sdk-api-20.1.2.aar (com.google.android.gms:play-services-measurement-sdk-api:20.1.2) with JetifyTransform
Transforming play-services-measurement-sdk-api-20.1.2.aar (com.google.android.gms:play-services-measurement-sdk-api:20.1.2) with ExtractAarTransform
Transforming play-services-measurement-sdk-api-20.1.2.aar (com.google.android.gms:play-services-measurement-sdk-api:20.1.2) with AarTransform
Transforming user-messaging-platform-2.2.0.aar (com.google.android.ump:user-messaging-platform:2.2.0) with JetifyTransform
Transforming user-messaging-platform-2.2.0.aar (com.google.android.ump:user-messaging-platform:2.2.0) with ExtractAarTransform
Transforming user-messaging-platform-2.2.0.aar (com.google.android.ump:user-messaging-platform:2.2.0) with AarTransform
Transforming firebase-messaging-ktx-24.0.3.aar (com.google.firebase:firebase-messaging-ktx:24.0.3) with JetifyTransform
Transforming firebase-messaging-ktx-24.0.3.aar (com.google.firebase:firebase-messaging-ktx:24.0.3) with ExtractAarTransform
Transforming firebase-messaging-ktx-24.0.3.aar (com.google.firebase:firebase-messaging-ktx:24.0.3) with AarTransform
Transforming firebase-messaging-24.0.3.aar (com.google.firebase:firebase-messaging:24.0.3) with JetifyTransform
Transforming firebase-messaging-24.0.3.aar (com.google.firebase:firebase-messaging:24.0.3) with ExtractAarTransform
Transforming firebase-messaging-24.0.3.aar (com.google.firebase:firebase-messaging:24.0.3) with AarTransform
Transforming firebase-installations-18.0.0.aar (com.google.firebase:firebase-installations:18.0.0) with JetifyTransform
Transforming firebase-installations-18.0.0.aar (com.google.firebase:firebase-installations:18.0.0) with ExtractAarTransform
Transforming firebase-installations-18.0.0.aar (com.google.firebase:firebase-installations:18.0.0) with AarTransform
Transforming firebase-common-ktx-21.0.0.aar (com.google.firebase:firebase-common-ktx:21.0.0) with JetifyTransform
Transforming firebase-common-ktx-21.0.0.aar (com.google.firebase:firebase-common-ktx:21.0.0) with ExtractAarTransform
Transforming firebase-common-ktx-21.0.0.aar (com.google.firebase:firebase-common-ktx:21.0.0) with AarTransform
Transforming firebase-common-21.0.0.aar (com.google.firebase:firebase-common:21.0.0) with JetifyTransform
Transforming firebase-common-21.0.0.aar (com.google.firebase:firebase-common:21.0.0) with ExtractAarTransform
Transforming firebase-common-21.0.0.aar (com.google.firebase:firebase-common:21.0.0) with AarTransform
Transforming play-services-measurement-base-20.1.2.aar (com.google.android.gms:play-services-measurement-base:20.1.2) with JetifyTransform
Transforming play-services-measurement-base-20.1.2.aar (com.google.android.gms:play-services-measurement-base:20.1.2) with ExtractAarTransform
Transforming play-services-measurement-base-20.1.2.aar (com.google.android.gms:play-services-measurement-base:20.1.2) with AarTransform
Transforming firebase-iid-interop-17.1.0.aar (com.google.firebase:firebase-iid-interop:17.1.0) with JetifyTransform
Transforming firebase-iid-interop-17.1.0.aar (com.google.firebase:firebase-iid-interop:17.1.0) with ExtractAarTransform
Transforming firebase-iid-interop-17.1.0.aar (com.google.firebase:firebase-iid-interop:17.1.0) with AarTransform
Transforming firebase-measurement-connector-19.0.0.aar (com.google.firebase:firebase-measurement-connector:19.0.0) with JetifyTransform
Transforming firebase-measurement-connector-19.0.0.aar (com.google.firebase:firebase-measurement-connector:19.0.0) with ExtractAarTransform
Transforming firebase-measurement-connector-19.0.0.aar (com.google.firebase:firebase-measurement-connector:19.0.0) with AarTransform
Transforming play-services-base-18.0.1.aar (com.google.android.gms:play-services-base:18.0.1) with JetifyTransform
Transforming play-services-base-18.0.1.aar (com.google.android.gms:play-services-base:18.0.1) with ExtractAarTransform
Transforming play-services-base-18.0.1.aar (com.google.android.gms:play-services-base:18.0.1) with AarTransform
Transforming play-services-cloud-messaging-17.2.0.aar (com.google.android.gms:play-services-cloud-messaging:17.2.0) with JetifyTransform
Transforming play-services-cloud-messaging-17.2.0.aar (com.google.android.gms:play-services-cloud-messaging:17.2.0) with ExtractAarTransform
Transforming play-services-cloud-messaging-17.2.0.aar (com.google.android.gms:play-services-cloud-messaging:17.2.0) with AarTransform
Transforming play-services-stats-17.0.2.aar (com.google.android.gms:play-services-stats:17.0.2) with JetifyTransform
Transforming play-services-stats-17.0.2.aar (com.google.android.gms:play-services-stats:17.0.2) with ExtractAarTransform
Transforming play-services-stats-17.0.2.aar (com.google.android.gms:play-services-stats:17.0.2) with AarTransform
Transforming firebase-installations-interop-17.1.1.aar (com.google.firebase:firebase-installations-interop:17.1.1) with JetifyTransform
Transforming firebase-installations-interop-17.1.1.aar (com.google.firebase:firebase-installations-interop:17.1.1) with ExtractAarTransform
Transforming firebase-installations-interop-17.1.1.aar (com.google.firebase:firebase-installations-interop:17.1.1) with AarTransform
Transforming work-runtime-2.7.0.aar (androidx.work:work-runtime:2.7.0) with JetifyTransform
Transforming work-runtime-2.7.0.aar (androidx.work:work-runtime:2.7.0) with ExtractAarTransform
Transforming work-runtime-2.7.0.aar (androidx.work:work-runtime:2.7.0) with AarTransform
Transforming legacy-support-core-utils-1.0.0.aar (androidx.legacy:legacy-support-core-utils:1.0.0) with JetifyTransform
Transforming legacy-support-core-utils-1.0.0.aar (androidx.legacy:legacy-support-core-utils:1.0.0) with ExtractAarTransform
Transforming legacy-support-core-utils-1.0.0.aar (androidx.legacy:legacy-support-core-utils:1.0.0) with AarTransform
Transforming loader-1.0.0.aar (androidx.loader:loader:1.0.0) with JetifyTransform
Transforming loader-1.0.0.aar (androidx.loader:loader:1.0.0) with ExtractAarTransform
Transforming loader-1.0.0.aar (androidx.loader:loader:1.0.0) with AarTransform
Transforming savedstate-ktx-1.2.1.aar (androidx.savedstate:savedstate-ktx:1.2.1) with JetifyTransform
Transforming savedstate-ktx-1.2.1.aar (androidx.savedstate:savedstate-ktx:1.2.1) with ExtractAarTransform
Transforming savedstate-ktx-1.2.1.aar (androidx.savedstate:savedstate-ktx:1.2.1) with AarTransform
Transforming savedstate-1.2.1.aar (androidx.savedstate:savedstate:1.2.1) with JetifyTransform
Transforming savedstate-1.2.1.aar (androidx.savedstate:savedstate:1.2.1) with ExtractAarTransform
Transforming savedstate-1.2.1.aar (androidx.savedstate:savedstate:1.2.1) with AarTransform
Transforming emoji2-1.3.0.aar (androidx.emoji2:emoji2:1.3.0) with JetifyTransform
Transforming emoji2-1.3.0.aar (androidx.emoji2:emoji2:1.3.0) with ExtractAarTransform
Transforming emoji2-1.3.0.aar (androidx.emoji2:emoji2:1.3.0) with AarTransform
Transforming lifecycle-process-2.8.6.aar (androidx.lifecycle:lifecycle-process:2.8.6) with JetifyTransform
Transforming lifecycle-process-2.8.6.aar (androidx.lifecycle:lifecycle-process:2.8.6) with ExtractAarTransform
Transforming lifecycle-process-2.8.6.aar (androidx.lifecycle:lifecycle-process:2.8.6) with AarTransform
Transforming lifecycle-runtime-compose-release.aar (androidx.lifecycle:lifecycle-runtime-compose-android:2.8.6) with JetifyTransform
Transforming lifecycle-runtime-compose-release.aar (androidx.lifecycle:lifecycle-runtime-compose-android:2.8.6) with ExtractAarTransform
Transforming lifecycle-runtime-compose-release.aar (androidx.lifecycle:lifecycle-runtime-compose-android:2.8.6) with AarTransform
Transforming autofill-1.0.0.aar (androidx.autofill:autofill:1.0.0) with JetifyTransform
Transforming autofill-1.0.0.aar (androidx.autofill:autofill:1.0.0) with ExtractAarTransform
Transforming autofill-1.0.0.aar (androidx.autofill:autofill:1.0.0) with AarTransform
Transforming viewpager-1.0.0.aar (androidx.viewpager:viewpager:1.0.0) with JetifyTransform
Transforming viewpager-1.0.0.aar (androidx.viewpager:viewpager:1.0.0) with ExtractAarTransform
Transforming viewpager-1.0.0.aar (androidx.viewpager:viewpager:1.0.0) with AarTransform
Transforming customview-1.0.0.aar (androidx.customview:customview:1.0.0) with JetifyTransform
Transforming customview-1.0.0.aar (androidx.customview:customview:1.0.0) with ExtractAarTransform
Transforming customview-1.0.0.aar (androidx.customview:customview:1.0.0) with AarTransform
Transforming graphics-path-1.0.1.aar (androidx.graphics:graphics-path:1.0.1) with JetifyTransform
Transforming graphics-path-1.0.1.aar (androidx.graphics:graphics-path:1.0.1) with ExtractAarTransform
Transforming graphics-path-1.0.1.aar (androidx.graphics:graphics-path:1.0.1) with AarTransform
Transforming customview-poolingcontainer-1.0.0.aar (androidx.customview:customview-poolingcontainer:1.0.0) with JetifyTransform
Transforming customview-poolingcontainer-1.0.0.aar (androidx.customview:customview-poolingcontainer:1.0.0) with ExtractAarTransform
Transforming customview-poolingcontainer-1.0.0.aar (androidx.customview:customview-poolingcontainer:1.0.0) with AarTransform
Transforming core-ktx-1.13.1.aar (androidx.core:core-ktx:1.13.1) with JetifyTransform
Transforming core-ktx-1.13.1.aar (androidx.core:core-ktx:1.13.1) with ExtractAarTransform
Transforming core-ktx-1.13.1.aar (androidx.core:core-ktx:1.13.1) with AarTransform
Transforming core-1.13.1.aar (androidx.core:core:1.13.1) with JetifyTransform
Transforming core-1.13.1.aar (androidx.core:core:1.13.1) with ExtractAarTransform
Transforming core-1.13.1.aar (androidx.core:core:1.13.1) with AarTransform
Transforming core-1.13.1.aar (androidx.core:core:1.13.1) with JetifyTransform
Transforming core-1.13.1.aar (androidx.core:core:1.13.1) with ExtractAarTransform
Transforming core-1.13.1.aar (androidx.core:core:1.13.1) with AarTransform
Transforming lifecycle-runtime-release.aar (androidx.lifecycle:lifecycle-runtime-android:2.8.6) with JetifyTransform
Transforming lifecycle-runtime-release.aar (androidx.lifecycle:lifecycle-runtime-android:2.8.6) with ExtractAarTransform
Transforming lifecycle-runtime-release.aar (androidx.lifecycle:lifecycle-runtime-android:2.8.6) with AarTransform
Transforming lifecycle-viewmodel-2.8.6.aar (androidx.lifecycle:lifecycle-viewmodel:2.8.6) with JetifyTransform
Transforming lifecycle-viewmodel-2.8.6.aar (androidx.lifecycle:lifecycle-viewmodel:2.8.6) with ExtractAarTransform
Transforming lifecycle-viewmodel-2.8.6.aar (androidx.lifecycle:lifecycle-viewmodel:2.8.6) with AarTransform
Transforming lifecycle-viewmodel-release.aar (androidx.lifecycle:lifecycle-viewmodel-android:2.8.6) with JetifyTransform
Transforming lifecycle-viewmodel-release.aar (androidx.lifecycle:lifecycle-viewmodel-android:2.8.6) with ExtractAarTransform
Transforming lifecycle-viewmodel-release.aar (androidx.lifecycle:lifecycle-viewmodel-android:2.8.6) with AarTransform
Transforming lifecycle-livedata-core-ktx-2.8.6.aar (androidx.lifecycle:lifecycle-livedata-core-ktx:2.8.6) with JetifyTransform
Transforming lifecycle-livedata-core-ktx-2.8.6.aar (androidx.lifecycle:lifecycle-livedata-core-ktx:2.8.6) with ExtractAarTransform
Transforming lifecycle-livedata-core-ktx-2.8.6.aar (androidx.lifecycle:lifecycle-livedata-core-ktx:2.8.6) with AarTransform
Transforming lifecycle-livedata-core-2.8.6.aar (androidx.lifecycle:lifecycle-livedata-core:2.8.6) with JetifyTransform
Transforming lifecycle-livedata-core-2.8.6.aar (androidx.lifecycle:lifecycle-livedata-core:2.8.6) with ExtractAarTransform
Transforming lifecycle-livedata-core-2.8.6.aar (androidx.lifecycle:lifecycle-livedata-core:2.8.6) with AarTransform
Transforming lifecycle-viewmodel-savedstate-2.8.6.aar (androidx.lifecycle:lifecycle-viewmodel-savedstate:2.8.6) with JetifyTransform
Transforming lifecycle-viewmodel-savedstate-2.8.6.aar (androidx.lifecycle:lifecycle-viewmodel-savedstate:2.8.6) with ExtractAarTransform
Transforming lifecycle-viewmodel-savedstate-2.8.6.aar (androidx.lifecycle:lifecycle-viewmodel-savedstate:2.8.6) with AarTransform
Transforming lifecycle-viewmodel-ktx-2.8.6.aar (androidx.lifecycle:lifecycle-viewmodel-ktx:2.8.6) with JetifyTransform
Transforming lifecycle-viewmodel-ktx-2.8.6.aar (androidx.lifecycle:lifecycle-viewmodel-ktx:2.8.6) with ExtractAarTransform
Transforming lifecycle-viewmodel-ktx-2.8.6.aar (androidx.lifecycle:lifecycle-viewmodel-ktx:2.8.6) with AarTransform
Transforming lifecycle-service-2.8.6.aar (androidx.lifecycle:lifecycle-service:2.8.6) with JetifyTransform
Transforming lifecycle-service-2.8.6.aar (androidx.lifecycle:lifecycle-service:2.8.6) with ExtractAarTransform
Transforming lifecycle-service-2.8.6.aar (androidx.lifecycle:lifecycle-service:2.8.6) with AarTransform
Transforming lifecycle-livedata-2.8.6.aar (androidx.lifecycle:lifecycle-livedata:2.8.6) with JetifyTransform
Transforming lifecycle-livedata-2.8.6.aar (androidx.lifecycle:lifecycle-livedata:2.8.6) with ExtractAarTransform
Transforming lifecycle-livedata-2.8.6.aar (androidx.lifecycle:lifecycle-livedata:2.8.6) with AarTransform
Transforming lifecycle-livedata-2.8.6.aar (androidx.lifecycle:lifecycle-livedata:2.8.6) with JetifyTransform
Transforming lifecycle-livedata-2.8.6.aar (androidx.lifecycle:lifecycle-livedata:2.8.6) with ExtractAarTransform
Transforming lifecycle-livedata-2.8.6.aar (androidx.lifecycle:lifecycle-livedata:2.8.6) with AarTransform
Transforming lifecycle-runtime-ktx-release.aar (androidx.lifecycle:lifecycle-runtime-ktx-android:2.8.6) with JetifyTransform
Transforming lifecycle-runtime-ktx-release.aar (androidx.lifecycle:lifecycle-runtime-ktx-android:2.8.6) with ExtractAarTransform
Transforming lifecycle-runtime-ktx-release.aar (androidx.lifecycle:lifecycle-runtime-ktx-android:2.8.6) with AarTransform
Transforming runtime-saveable-release.aar (androidx.compose.runtime:runtime-saveable-android:1.7.4) with JetifyTransform
Transforming runtime-saveable-release.aar (androidx.compose.runtime:runtime-saveable-android:1.7.4) with ExtractAarTransform
Transforming runtime-saveable-release.aar (androidx.compose.runtime:runtime-saveable-android:1.7.4) with AarTransform
Transforming runtime-release.aar (androidx.compose.runtime:runtime-android:1.7.4) with JetifyTransform
Transforming runtime-release.aar (androidx.compose.runtime:runtime-android:1.7.4) with ExtractAarTransform
Transforming runtime-release.aar (androidx.compose.runtime:runtime-android:1.7.4) with AarTransform
Transforming play-services-tasks-18.1.0.aar (com.google.android.gms:play-services-tasks:18.1.0) with JetifyTransform
Transforming play-services-tasks-18.1.0.aar (com.google.android.gms:play-services-tasks:18.1.0) with ExtractAarTransform
Transforming play-services-tasks-18.1.0.aar (com.google.android.gms:play-services-tasks:18.1.0) with AarTransform
Transforming play-services-tasks-18.1.0.aar (com.google.android.gms:play-services-tasks:18.1.0) with JetifyTransform
Transforming play-services-tasks-18.1.0.aar (com.google.android.gms:play-services-tasks:18.1.0) with ExtractAarTransform
Transforming play-services-tasks-18.1.0.aar (com.google.android.gms:play-services-tasks:18.1.0) with AarTransform
Transforming play-services-basement-18.3.0.aar (com.google.android.gms:play-services-basement:18.3.0) with JetifyTransform
Transforming play-services-basement-18.3.0.aar (com.google.android.gms:play-services-basement:18.3.0) with ExtractAarTransform
Transforming play-services-basement-18.3.0.aar (com.google.android.gms:play-services-basement:18.3.0) with AarTransform
Transforming fragment-1.1.0.aar (androidx.fragment:fragment:1.1.0) with JetifyTransform
Transforming fragment-1.1.0.aar (androidx.fragment:fragment:1.1.0) with ExtractAarTransform
Transforming fragment-1.1.0.aar (androidx.fragment:fragment:1.1.0) with AarTransform
Transforming activity-1.9.2.aar (androidx.activity:activity:1.9.2) with JetifyTransform
Transforming activity-1.9.2.aar (androidx.activity:activity:1.9.2) with ExtractAarTransform
Transforming activity-1.9.2.aar (androidx.activity:activity:1.9.2) with AarTransform
Transforming activity-1.9.2.aar (androidx.activity:activity:1.9.2) with JetifyTransform
Transforming activity-1.9.2.aar (androidx.activity:activity:1.9.2) with ExtractAarTransform
Transforming activity-1.9.2.aar (androidx.activity:activity:1.9.2) with AarTransform
Transforming activity-ktx-1.9.2.aar (androidx.activity:activity-ktx:1.9.2) with JetifyTransform
Transforming activity-ktx-1.9.2.aar (androidx.activity:activity-ktx:1.9.2) with ExtractAarTransform
Transforming activity-ktx-1.9.2.aar (androidx.activity:activity-ktx:1.9.2) with AarTransform
Transforming activity-compose-1.9.2.aar (androidx.activity:activity-compose:1.9.2) with JetifyTransform
Transforming activity-compose-1.9.2.aar (androidx.activity:activity-compose:1.9.2) with ExtractAarTransform
Transforming activity-compose-1.9.2.aar (androidx.activity:activity-compose:1.9.2) with AarTransform
Transforming core-splashscreen-1.0.1.aar (androidx.core:core-splashscreen:1.0.1) with JetifyTransform
Transforming core-splashscreen-1.0.1.aar (androidx.core:core-splashscreen:1.0.1) with ExtractAarTransform
Transforming core-splashscreen-1.0.1.aar (androidx.core:core-splashscreen:1.0.1) with AarTransform
Transforming versionedparcelable-1.1.1.aar (androidx.versionedparcelable:versionedparcelable:1.1.1) with JetifyTransform
Transforming versionedparcelable-1.1.1.aar (androidx.versionedparcelable:versionedparcelable:1.1.1) with ExtractAarTransform
Transforming versionedparcelable-1.1.1.aar (androidx.versionedparcelable:versionedparcelable:1.1.1) with AarTransform
Transforming annotation-experimental-1.4.1.aar (androidx.annotation:annotation-experimental:1.4.1) with JetifyTransform
Transforming annotation-experimental-1.4.1.aar (androidx.annotation:annotation-experimental:1.4.1) with ExtractAarTransform
Transforming annotation-experimental-1.4.1.aar (androidx.annotation:annotation-experimental:1.4.1) with AarTransform
Transforming firebase-components-18.0.0.aar (com.google.firebase:firebase-components:18.0.0) with JetifyTransform
Transforming firebase-components-18.0.0.aar (com.google.firebase:firebase-components:18.0.0) with ExtractAarTransform
Transforming firebase-components-18.0.0.aar (com.google.firebase:firebase-components:18.0.0) with AarTransform
Transforming room-runtime-2.2.5.aar (androidx.room:room-runtime:2.2.5) with JetifyTransform
Transforming room-runtime-2.2.5.aar (androidx.room:room-runtime:2.2.5) with ExtractAarTransform
Transforming room-runtime-2.2.5.aar (androidx.room:room-runtime:2.2.5) with AarTransform
Transforming sqlite-framework-2.1.0.aar (androidx.sqlite:sqlite-framework:2.1.0) with JetifyTransform
Transforming sqlite-framework-2.1.0.aar (androidx.sqlite:sqlite-framework:2.1.0) with ExtractAarTransform
Transforming sqlite-framework-2.1.0.aar (androidx.sqlite:sqlite-framework:2.1.0) with AarTransform
Transforming sqlite-framework-2.1.0.aar (androidx.sqlite:sqlite-framework:2.1.0) with JetifyTransform
Transforming sqlite-framework-2.1.0.aar (androidx.sqlite:sqlite-framework:2.1.0) with ExtractAarTransform
Transforming sqlite-framework-2.1.0.aar (androidx.sqlite:sqlite-framework:2.1.0) with AarTransform
Transforming sqlite-2.1.0.aar (androidx.sqlite:sqlite:2.1.0) with JetifyTransform
Transforming sqlite-2.1.0.aar (androidx.sqlite:sqlite:2.1.0) with ExtractAarTransform
Transforming sqlite-2.1.0.aar (androidx.sqlite:sqlite:2.1.0) with AarTransform
Transforming sqlite-2.1.0.aar (androidx.sqlite:sqlite:2.1.0) with JetifyTransform
Transforming sqlite-2.1.0.aar (androidx.sqlite:sqlite:2.1.0) with ExtractAarTransform
Transforming sqlite-2.1.0.aar (androidx.sqlite:sqlite:2.1.0) with AarTransform
Transforming profileinstaller-1.3.1.aar (androidx.profileinstaller:profileinstaller:1.3.1) with JetifyTransform
Transforming profileinstaller-1.3.1.aar (androidx.profileinstaller:profileinstaller:1.3.1) with ExtractAarTransform
Transforming profileinstaller-1.3.1.aar (androidx.profileinstaller:profileinstaller:1.3.1) with AarTransform
Transforming startup-runtime-1.1.1.aar (androidx.startup:startup-runtime:1.1.1) with JetifyTransform
Transforming startup-runtime-1.1.1.aar (androidx.startup:startup-runtime:1.1.1) with ExtractAarTransform
Transforming startup-runtime-1.1.1.aar (androidx.startup:startup-runtime:1.1.1) with AarTransform
Transforming tracing-1.0.0.aar (androidx.tracing:tracing:1.0.0) with JetifyTransform
Transforming tracing-1.0.0.aar (androidx.tracing:tracing:1.0.0) with ExtractAarTransform
Transforming tracing-1.0.0.aar (androidx.tracing:tracing:1.0.0) with AarTransform
Transforming firebase-datatransport-18.2.0.aar (com.google.firebase:firebase-datatransport:18.2.0) with JetifyTransform
Transforming firebase-datatransport-18.2.0.aar (com.google.firebase:firebase-datatransport:18.2.0) with ExtractAarTransform
Transforming firebase-datatransport-18.2.0.aar (com.google.firebase:firebase-datatransport:18.2.0) with AarTransform
Transforming transport-backend-cct-3.1.9.aar (com.google.android.datatransport:transport-backend-cct:3.1.9) with JetifyTransform
Transforming transport-backend-cct-3.1.9.aar (com.google.android.datatransport:transport-backend-cct:3.1.9) with ExtractAarTransform
Transforming transport-backend-cct-3.1.9.aar (com.google.android.datatransport:transport-backend-cct:3.1.9) with AarTransform
Transforming firebase-encoders-json-18.0.0.aar (com.google.firebase:firebase-encoders-json:18.0.0) with JetifyTransform
Transforming firebase-encoders-json-18.0.0.aar (com.google.firebase:firebase-encoders-json:18.0.0) with ExtractAarTransform
Transforming firebase-encoders-json-18.0.0.aar (com.google.firebase:firebase-encoders-json:18.0.0) with AarTransform
Transforming transport-runtime-3.1.9.aar (com.google.android.datatransport:transport-runtime:3.1.9) with JetifyTransform
Transforming transport-runtime-3.1.9.aar (com.google.android.datatransport:transport-runtime:3.1.9) with ExtractAarTransform
Transforming transport-runtime-3.1.9.aar (com.google.android.datatransport:transport-runtime:3.1.9) with AarTransform
Transforming transport-api-3.1.0.aar (com.google.android.datatransport:transport-api:3.1.0) with JetifyTransform
Transforming transport-api-3.1.0.aar (com.google.android.datatransport:transport-api:3.1.0) with ExtractAarTransform
Transforming transport-api-3.1.0.aar (com.google.android.datatransport:transport-api:3.1.0) with AarTransform
Transforming core-runtime-2.2.0.aar (androidx.arch.core:core-runtime:2.2.0) with JetifyTransform
Transforming core-runtime-2.2.0.aar (androidx.arch.core:core-runtime:2.2.0) with ExtractAarTransform
Transforming core-runtime-2.2.0.aar (androidx.arch.core:core-runtime:2.2.0) with AarTransform
Transforming core-runtime-2.2.0.aar (androidx.arch.core:core-runtime:2.2.0) with JetifyTransform
Transforming core-runtime-2.2.0.aar (androidx.arch.core:core-runtime:2.2.0) with ExtractAarTransform
Transforming core-runtime-2.2.0.aar (androidx.arch.core:core-runtime:2.2.0) with AarTransform
Transforming documentfile-1.0.0.aar (androidx.documentfile:documentfile:1.0.0) with JetifyTransform
Transforming documentfile-1.0.0.aar (androidx.documentfile:documentfile:1.0.0) with ExtractAarTransform
Transforming documentfile-1.0.0.aar (androidx.documentfile:documentfile:1.0.0) with AarTransform
Transforming localbroadcastmanager-1.0.0.aar (androidx.localbroadcastmanager:localbroadcastmanager:1.0.0) with JetifyTransform
Transforming localbroadcastmanager-1.0.0.aar (androidx.localbroadcastmanager:localbroadcastmanager:1.0.0) with ExtractAarTransform
Transforming localbroadcastmanager-1.0.0.aar (androidx.localbroadcastmanager:localbroadcastmanager:1.0.0) with AarTransform
Transforming print-1.0.0.aar (androidx.print:print:1.0.0) with JetifyTransform
Transforming print-1.0.0.aar (androidx.print:print:1.0.0) with ExtractAarTransform
Transforming print-1.0.0.aar (androidx.print:print:1.0.0) with AarTransform
Transforming interpolator-1.0.0.aar (androidx.interpolator:interpolator:1.0.0) with JetifyTransform
Transforming interpolator-1.0.0.aar (androidx.interpolator:interpolator:1.0.0) with ExtractAarTransform
Transforming interpolator-1.0.0.aar (androidx.interpolator:interpolator:1.0.0) with AarTransform
Transforming material3-release.aar (androidx.compose.material3:material3-android:1.3.0) with JetifyTransform
Transforming material3-release.aar (androidx.compose.material3:material3-android:1.3.0) with ExtractAarTransform
Transforming material3-release.aar (androidx.compose.material3:material3-android:1.3.0) with AarTransform
Transforming material-release.aar (androidx.compose.material:material-android:1.7.4) with JetifyTransform
Transforming material-release.aar (androidx.compose.material:material-android:1.7.4) with ExtractAarTransform
Transforming material-release.aar (androidx.compose.material:material-android:1.7.4) with AarTransform
Transforming material-ripple-release.aar (androidx.compose.material:material-ripple-android:1.7.4) with JetifyTransform
Transforming material-ripple-release.aar (androidx.compose.material:material-ripple-android:1.7.4) with ExtractAarTransform
Transforming material-ripple-release.aar (androidx.compose.material:material-ripple-android:1.7.4) with AarTransform
Transforming foundation-release.aar (androidx.compose.foundation:foundation-android:1.7.4) with JetifyTransform
Transforming foundation-release.aar (androidx.compose.foundation:foundation-android:1.7.4) with ExtractAarTransform
Transforming foundation-release.aar (androidx.compose.foundation:foundation-android:1.7.4) with AarTransform
Transforming animation-release.aar (androidx.compose.animation:animation-android:1.7.4) with JetifyTransform
Transforming animation-release.aar (androidx.compose.animation:animation-android:1.7.4) with ExtractAarTransform
Transforming animation-release.aar (androidx.compose.animation:animation-android:1.7.4) with AarTransform
Transforming foundation-layout-release.aar (androidx.compose.foundation:foundation-layout-android:1.7.4) with JetifyTransform
Transforming foundation-layout-release.aar (androidx.compose.foundation:foundation-layout-android:1.7.4) with ExtractAarTransform
Transforming foundation-layout-release.aar (androidx.compose.foundation:foundation-layout-android:1.7.4) with AarTransform
Transforming animation-core-release.aar (androidx.compose.animation:animation-core-android:1.7.4) with JetifyTransform
Transforming animation-core-release.aar (androidx.compose.animation:animation-core-android:1.7.4) with ExtractAarTransform
Transforming animation-core-release.aar (androidx.compose.animation:animation-core-android:1.7.4) with AarTransform
Transforming ui-tooling-preview-release.aar (androidx.compose.ui:ui-tooling-preview-android:1.7.4) with JetifyTransform
Transforming ui-tooling-preview-release.aar (androidx.compose.ui:ui-tooling-preview-android:1.7.4) with ExtractAarTransform
Transforming ui-tooling-preview-release.aar (androidx.compose.ui:ui-tooling-preview-android:1.7.4) with AarTransform
Transforming ui-tooling-data-release.aar (androidx.compose.ui:ui-tooling-data-android:1.7.4) with JetifyTransform
Transforming ui-tooling-data-release.aar (androidx.compose.ui:ui-tooling-data-android:1.7.4) with ExtractAarTransform
Transforming ui-tooling-data-release.aar (androidx.compose.ui:ui-tooling-data-android:1.7.4) with AarTransform
Transforming ui-unit-release.aar (androidx.compose.ui:ui-unit-android:1.7.4) with JetifyTransform
Transforming ui-unit-release.aar (androidx.compose.ui:ui-unit-android:1.7.4) with ExtractAarTransform
Transforming ui-unit-release.aar (androidx.compose.ui:ui-unit-android:1.7.4) with AarTransform
Transforming ui-graphics-release.aar (androidx.compose.ui:ui-graphics-android:1.7.4) with JetifyTransform
Transforming ui-graphics-release.aar (androidx.compose.ui:ui-graphics-android:1.7.4) with ExtractAarTransform
Transforming ui-graphics-release.aar (androidx.compose.ui:ui-graphics-android:1.7.4) with AarTransform
Transforming ui-geometry-release.aar (androidx.compose.ui:ui-geometry-android:1.7.4) with JetifyTransform
Transforming ui-geometry-release.aar (androidx.compose.ui:ui-geometry-android:1.7.4) with ExtractAarTransform
Transforming ui-geometry-release.aar (androidx.compose.ui:ui-geometry-android:1.7.4) with AarTransform
Transforming ui-util-release.aar (androidx.compose.ui:ui-util-android:1.7.4) with JetifyTransform
Transforming ui-util-release.aar (androidx.compose.ui:ui-util-android:1.7.4) with ExtractAarTransform
Transforming ui-util-release.aar (androidx.compose.ui:ui-util-android:1.7.4) with AarTransform
Transforming ui-text-release.aar (androidx.compose.ui:ui-text-android:1.7.4) with JetifyTransform
Transforming ui-text-release.aar (androidx.compose.ui:ui-text-android:1.7.4) with ExtractAarTransform
Transforming ui-text-release.aar (androidx.compose.ui:ui-text-android:1.7.4) with AarTransform
Transforming ui-tooling-release.aar (androidx.compose.ui:ui-tooling-android:1.7.4) with JetifyTransform
Transforming ui-tooling-release.aar (androidx.compose.ui:ui-tooling-android:1.7.4) with ExtractAarTransform
Transforming ui-tooling-release.aar (androidx.compose.ui:ui-tooling-android:1.7.4) with AarTransform
Transforming ui-test-manifest-1.7.4.aar (androidx.compose.ui:ui-test-manifest:1.7.4) with JetifyTransform
Transforming ui-test-manifest-1.7.4.aar (androidx.compose.ui:ui-test-manifest:1.7.4) with ExtractAarTransform
Transforming ui-test-manifest-1.7.4.aar (androidx.compose.ui:ui-test-manifest:1.7.4) with AarTransform
Transforming material-icons-core-release.aar (androidx.compose.material:material-icons-core-android:1.7.4) with JetifyTransform
Transforming material-icons-core-release.aar (androidx.compose.material:material-icons-core-android:1.7.4) with ExtractAarTransform
Transforming material-icons-core-release.aar (androidx.compose.material:material-icons-core-android:1.7.4) with AarTransform
Transforming ui-release.aar (androidx.compose.ui:ui-android:1.7.4) with JetifyTransform
Transforming ui-release.aar (androidx.compose.ui:ui-android:1.7.4) with ExtractAarTransform
Transforming ui-release.aar (androidx.compose.ui:ui-android:1.7.4) with AarTransform
Transforming play-services-ads-lite-23.2.0.aar (com.google.android.gms:play-services-ads-lite:23.2.0) with JetifyTransform
Transforming play-services-ads-lite-23.2.0.aar (com.google.android.gms:play-services-ads-lite:23.2.0) with ExtractAarTransform
Transforming play-services-ads-lite-23.2.0.aar (com.google.android.gms:play-services-ads-lite:23.2.0) with AarTransform
Transforming play-services-ads-base-23.2.0.aar (com.google.android.gms:play-services-ads-base:23.2.0) with JetifyTransform
Transforming play-services-ads-base-23.2.0.aar (com.google.android.gms:play-services-ads-base:23.2.0) with ExtractAarTransform
Transforming play-services-ads-base-23.2.0.aar (com.google.android.gms:play-services-ads-base:23.2.0) with AarTransform
Transforming play-services-measurement-sdk-api-20.1.2.aar (com.google.android.gms:play-services-measurement-sdk-api:20.1.2) with JetifyTransform
Transforming play-services-measurement-sdk-api-20.1.2.aar (com.google.android.gms:play-services-measurement-sdk-api:20.1.2) with ExtractAarTransform
Transforming play-services-measurement-sdk-api-20.1.2.aar (com.google.android.gms:play-services-measurement-sdk-api:20.1.2) with AarTransform
Transforming user-messaging-platform-2.2.0.aar (com.google.android.ump:user-messaging-platform:2.2.0) with JetifyTransform
Transforming user-messaging-platform-2.2.0.aar (com.google.android.ump:user-messaging-platform:2.2.0) with ExtractAarTransform
Transforming user-messaging-platform-2.2.0.aar (com.google.android.ump:user-messaging-platform:2.2.0) with AarTransform
Transforming firebase-messaging-ktx-24.0.3.aar (com.google.firebase:firebase-messaging-ktx:24.0.3) with JetifyTransform
Transforming firebase-messaging-ktx-24.0.3.aar (com.google.firebase:firebase-messaging-ktx:24.0.3) with ExtractAarTransform
Transforming firebase-messaging-ktx-24.0.3.aar (com.google.firebase:firebase-messaging-ktx:24.0.3) with AarTransform
Transforming firebase-messaging-24.0.3.aar (com.google.firebase:firebase-messaging:24.0.3) with JetifyTransform
Transforming firebase-messaging-24.0.3.aar (com.google.firebase:firebase-messaging:24.0.3) with ExtractAarTransform
Transforming firebase-messaging-24.0.3.aar (com.google.firebase:firebase-messaging:24.0.3) with AarTransform
Transforming firebase-installations-18.0.0.aar (com.google.firebase:firebase-installations:18.0.0) with JetifyTransform
Transforming firebase-installations-18.0.0.aar (com.google.firebase:firebase-installations:18.0.0) with ExtractAarTransform
Transforming firebase-installations-18.0.0.aar (com.google.firebase:firebase-installations:18.0.0) with AarTransform
Transforming firebase-common-ktx-21.0.0.aar (com.google.firebase:firebase-common-ktx:21.0.0) with JetifyTransform
Transforming firebase-common-ktx-21.0.0.aar (com.google.firebase:firebase-common-ktx:21.0.0) with ExtractAarTransform
Transforming firebase-common-ktx-21.0.0.aar (com.google.firebase:firebase-common-ktx:21.0.0) with AarTransform
Transforming firebase-common-21.0.0.aar (com.google.firebase:firebase-common:21.0.0) with JetifyTransform
Transforming firebase-common-21.0.0.aar (com.google.firebase:firebase-common:21.0.0) with ExtractAarTransform
Transforming firebase-common-21.0.0.aar (com.google.firebase:firebase-common:21.0.0) with AarTransform
Transforming play-services-measurement-base-20.1.2.aar (com.google.android.gms:play-services-measurement-base:20.1.2) with JetifyTransform
Transforming play-services-measurement-base-20.1.2.aar (com.google.android.gms:play-services-measurement-base:20.1.2) with ExtractAarTransform
Transforming play-services-measurement-base-20.1.2.aar (com.google.android.gms:play-services-measurement-base:20.1.2) with AarTransform
Transforming firebase-iid-interop-17.1.0.aar (com.google.firebase:firebase-iid-interop:17.1.0) with JetifyTransform
Transforming firebase-iid-interop-17.1.0.aar (com.google.firebase:firebase-iid-interop:17.1.0) with ExtractAarTransform
Transforming firebase-iid-interop-17.1.0.aar (com.google.firebase:firebase-iid-interop:17.1.0) with AarTransform
Transforming firebase-measurement-connector-19.0.0.aar (com.google.firebase:firebase-measurement-connector:19.0.0) with JetifyTransform
Transforming firebase-measurement-connector-19.0.0.aar (com.google.firebase:firebase-measurement-connector:19.0.0) with ExtractAarTransform
Transforming firebase-measurement-connector-19.0.0.aar (com.google.firebase:firebase-measurement-connector:19.0.0) with AarTransform
Transforming play-services-base-18.0.1.aar (com.google.android.gms:play-services-base:18.0.1) with JetifyTransform
Transforming play-services-base-18.0.1.aar (com.google.android.gms:play-services-base:18.0.1) with ExtractAarTransform
Transforming play-services-base-18.0.1.aar (com.google.android.gms:play-services-base:18.0.1) with AarTransform
Transforming play-services-cloud-messaging-17.2.0.aar (com.google.android.gms:play-services-cloud-messaging:17.2.0) with JetifyTransform
Transforming play-services-cloud-messaging-17.2.0.aar (com.google.android.gms:play-services-cloud-messaging:17.2.0) with ExtractAarTransform
Transforming play-services-cloud-messaging-17.2.0.aar (com.google.android.gms:play-services-cloud-messaging:17.2.0) with AarTransform
Transforming play-services-stats-17.0.2.aar (com.google.android.gms:play-services-stats:17.0.2) with JetifyTransform
Transforming play-services-stats-17.0.2.aar (com.google.android.gms:play-services-stats:17.0.2) with ExtractAarTransform
Transforming play-services-stats-17.0.2.aar (com.google.android.gms:play-services-stats:17.0.2) with AarTransform
Transforming firebase-installations-interop-17.1.1.aar (com.google.firebase:firebase-installations-interop:17.1.1) with JetifyTransform
Transforming firebase-installations-interop-17.1.1.aar (com.google.firebase:firebase-installations-interop:17.1.1) with ExtractAarTransform
Transforming firebase-installations-interop-17.1.1.aar (com.google.firebase:firebase-installations-interop:17.1.1) with AarTransform
Transforming work-runtime-2.7.0.aar (androidx.work:work-runtime:2.7.0) with JetifyTransform
Transforming work-runtime-2.7.0.aar (androidx.work:work-runtime:2.7.0) with ExtractAarTransform
Transforming work-runtime-2.7.0.aar (androidx.work:work-runtime:2.7.0) with AarTransform
Transforming legacy-support-core-utils-1.0.0.aar (androidx.legacy:legacy-support-core-utils:1.0.0) with JetifyTransform
Transforming legacy-support-core-utils-1.0.0.aar (androidx.legacy:legacy-support-core-utils:1.0.0) with ExtractAarTransform
Transforming legacy-support-core-utils-1.0.0.aar (androidx.legacy:legacy-support-core-utils:1.0.0) with AarTransform
Transforming loader-1.0.0.aar (androidx.loader:loader:1.0.0) with JetifyTransform
Transforming loader-1.0.0.aar (androidx.loader:loader:1.0.0) with ExtractAarTransform
Transforming loader-1.0.0.aar (androidx.loader:loader:1.0.0) with AarTransform
Transforming savedstate-ktx-1.2.1.aar (androidx.savedstate:savedstate-ktx:1.2.1) with JetifyTransform
Transforming savedstate-ktx-1.2.1.aar (androidx.savedstate:savedstate-ktx:1.2.1) with ExtractAarTransform
Transforming savedstate-ktx-1.2.1.aar (androidx.savedstate:savedstate-ktx:1.2.1) with AarTransform
Transforming savedstate-1.2.1.aar (androidx.savedstate:savedstate:1.2.1) with JetifyTransform
Transforming savedstate-1.2.1.aar (androidx.savedstate:savedstate:1.2.1) with ExtractAarTransform
Transforming savedstate-1.2.1.aar (androidx.savedstate:savedstate:1.2.1) with AarTransform
Transforming emoji2-1.3.0.aar (androidx.emoji2:emoji2:1.3.0) with JetifyTransform
Transforming emoji2-1.3.0.aar (androidx.emoji2:emoji2:1.3.0) with ExtractAarTransform
Transforming emoji2-1.3.0.aar (androidx.emoji2:emoji2:1.3.0) with AarTransform
Transforming lifecycle-process-2.8.6.aar (androidx.lifecycle:lifecycle-process:2.8.6) with JetifyTransform
Transforming lifecycle-process-2.8.6.aar (androidx.lifecycle:lifecycle-process:2.8.6) with ExtractAarTransform
Transforming lifecycle-process-2.8.6.aar (androidx.lifecycle:lifecycle-process:2.8.6) with AarTransform
Transforming lifecycle-runtime-compose-release.aar (androidx.lifecycle:lifecycle-runtime-compose-android:2.8.6) with JetifyTransform
Transforming lifecycle-runtime-compose-release.aar (androidx.lifecycle:lifecycle-runtime-compose-android:2.8.6) with ExtractAarTransform
Transforming lifecycle-runtime-compose-release.aar (androidx.lifecycle:lifecycle-runtime-compose-android:2.8.6) with AarTransform
Transforming autofill-1.0.0.aar (androidx.autofill:autofill:1.0.0) with JetifyTransform
Transforming autofill-1.0.0.aar (androidx.autofill:autofill:1.0.0) with ExtractAarTransform
Transforming autofill-1.0.0.aar (androidx.autofill:autofill:1.0.0) with AarTransform
Transforming viewpager-1.0.0.aar (androidx.viewpager:viewpager:1.0.0) with JetifyTransform
Transforming viewpager-1.0.0.aar (androidx.viewpager:viewpager:1.0.0) with ExtractAarTransform
Transforming viewpager-1.0.0.aar (androidx.viewpager:viewpager:1.0.0) with AarTransform
Transforming customview-1.0.0.aar (androidx.customview:customview:1.0.0) with JetifyTransform
Transforming customview-1.0.0.aar (androidx.customview:customview:1.0.0) with ExtractAarTransform
Transforming customview-1.0.0.aar (androidx.customview:customview:1.0.0) with AarTransform
Transforming graphics-path-1.0.1.aar (androidx.graphics:graphics-path:1.0.1) with JetifyTransform
Transforming graphics-path-1.0.1.aar (androidx.graphics:graphics-path:1.0.1) with ExtractAarTransform
Transforming graphics-path-1.0.1.aar (androidx.graphics:graphics-path:1.0.1) with AarTransform
Transforming customview-poolingcontainer-1.0.0.aar (androidx.customview:customview-poolingcontainer:1.0.0) with JetifyTransform
Transforming customview-poolingcontainer-1.0.0.aar (androidx.customview:customview-poolingcontainer:1.0.0) with ExtractAarTransform
Transforming customview-poolingcontainer-1.0.0.aar (androidx.customview:customview-poolingcontainer:1.0.0) with AarTransform
Transforming core-ktx-1.13.1.aar (androidx.core:core-ktx:1.13.1) with JetifyTransform
Transforming core-ktx-1.13.1.aar (androidx.core:core-ktx:1.13.1) with ExtractAarTransform
Transforming core-ktx-1.13.1.aar (androidx.core:core-ktx:1.13.1) with AarTransform
Transforming core-1.13.1.aar (androidx.core:core:1.13.1) with JetifyTransform
Transforming core-1.13.1.aar (androidx.core:core:1.13.1) with ExtractAarTransform
Transforming core-1.13.1.aar (androidx.core:core:1.13.1) with AarTransform
Transforming core-1.13.1.aar (androidx.core:core:1.13.1) with JetifyTransform
Transforming core-1.13.1.aar (androidx.core:core:1.13.1) with ExtractAarTransform
Transforming core-1.13.1.aar (androidx.core:core:1.13.1) with AarTransform
Transforming lifecycle-runtime-release.aar (androidx.lifecycle:lifecycle-runtime-android:2.8.6) with JetifyTransform
Transforming lifecycle-runtime-release.aar (androidx.lifecycle:lifecycle-runtime-android:2.8.6) with ExtractAarTransform
Transforming lifecycle-runtime-release.aar (androidx.lifecycle:lifecycle-runtime-android:2.8.6) with AarTransform
Transforming lifecycle-viewmodel-2.8.6.aar (androidx.lifecycle:lifecycle-viewmodel:2.8.6) with JetifyTransform
Transforming lifecycle-viewmodel-2.8.6.aar (androidx.lifecycle:lifecycle-viewmodel:2.8.6) with ExtractAarTransform
Transforming lifecycle-viewmodel-2.8.6.aar (androidx.lifecycle:lifecycle-viewmodel:2.8.6) with AarTransform
Transforming lifecycle-viewmodel-release.aar (androidx.lifecycle:lifecycle-viewmodel-android:2.8.6) with JetifyTransform
Transforming lifecycle-viewmodel-release.aar (androidx.lifecycle:lifecycle-viewmodel-android:2.8.6) with ExtractAarTransform
Transforming lifecycle-viewmodel-release.aar (androidx.lifecycle:lifecycle-viewmodel-android:2.8.6) with AarTransform
Transforming lifecycle-livedata-core-ktx-2.8.6.aar (androidx.lifecycle:lifecycle-livedata-core-ktx:2.8.6) with JetifyTransform
Transforming lifecycle-livedata-core-ktx-2.8.6.aar (androidx.lifecycle:lifecycle-livedata-core-ktx:2.8.6) with ExtractAarTransform
Transforming lifecycle-livedata-core-ktx-2.8.6.aar (androidx.lifecycle:lifecycle-livedata-core-ktx:2.8.6) with AarTransform
Transforming lifecycle-livedata-core-2.8.6.aar (androidx.lifecycle:lifecycle-livedata-core:2.8.6) with JetifyTransform
Transforming lifecycle-livedata-core-2.8.6.aar (androidx.lifecycle:lifecycle-livedata-core:2.8.6) with ExtractAarTransform
Transforming lifecycle-livedata-core-2.8.6.aar (androidx.lifecycle:lifecycle-livedata-core:2.8.6) with AarTransform
Transforming lifecycle-viewmodel-savedstate-2.8.6.aar (androidx.lifecycle:lifecycle-viewmodel-savedstate:2.8.6) with JetifyTransform
Transforming lifecycle-viewmodel-savedstate-2.8.6.aar (androidx.lifecycle:lifecycle-viewmodel-savedstate:2.8.6) with ExtractAarTransform
Transforming lifecycle-viewmodel-savedstate-2.8.6.aar (androidx.lifecycle:lifecycle-viewmodel-savedstate:2.8.6) with AarTransform
Transforming lifecycle-viewmodel-ktx-2.8.6.aar (androidx.lifecycle:lifecycle-viewmodel-ktx:2.8.6) with JetifyTransform
Transforming lifecycle-viewmodel-ktx-2.8.6.aar (androidx.lifecycle:lifecycle-viewmodel-ktx:2.8.6) with ExtractAarTransform
Transforming lifecycle-viewmodel-ktx-2.8.6.aar (androidx.lifecycle:lifecycle-viewmodel-ktx:2.8.6) with AarTransform
Transforming lifecycle-service-2.8.6.aar (androidx.lifecycle:lifecycle-service:2.8.6) with JetifyTransform
Transforming lifecycle-service-2.8.6.aar (androidx.lifecycle:lifecycle-service:2.8.6) with ExtractAarTransform
Transforming lifecycle-service-2.8.6.aar (androidx.lifecycle:lifecycle-service:2.8.6) with AarTransform
Transforming lifecycle-livedata-2.8.6.aar (androidx.lifecycle:lifecycle-livedata:2.8.6) with JetifyTransform
Transforming lifecycle-livedata-2.8.6.aar (androidx.lifecycle:lifecycle-livedata:2.8.6) with ExtractAarTransform
Transforming lifecycle-livedata-2.8.6.aar (androidx.lifecycle:lifecycle-livedata:2.8.6) with AarTransform
Transforming lifecycle-livedata-2.8.6.aar (androidx.lifecycle:lifecycle-livedata:2.8.6) with JetifyTransform
Transforming lifecycle-livedata-2.8.6.aar (androidx.lifecycle:lifecycle-livedata:2.8.6) with ExtractAarTransform
Transforming lifecycle-livedata-2.8.6.aar (androidx.lifecycle:lifecycle-livedata:2.8.6) with AarTransform
Transforming lifecycle-runtime-ktx-release.aar (androidx.lifecycle:lifecycle-runtime-ktx-android:2.8.6) with JetifyTransform
Transforming lifecycle-runtime-ktx-release.aar (androidx.lifecycle:lifecycle-runtime-ktx-android:2.8.6) with ExtractAarTransform
Transforming lifecycle-runtime-ktx-release.aar (androidx.lifecycle:lifecycle-runtime-ktx-android:2.8.6) with AarTransform
Transforming runtime-saveable-release.aar (androidx.compose.runtime:runtime-saveable-android:1.7.4) with JetifyTransform
Transforming runtime-saveable-release.aar (androidx.compose.runtime:runtime-saveable-android:1.7.4) with ExtractAarTransform
Transforming runtime-saveable-release.aar (androidx.compose.runtime:runtime-saveable-android:1.7.4) with AarTransform
Transforming runtime-release.aar (androidx.compose.runtime:runtime-android:1.7.4) with JetifyTransform
Transforming runtime-release.aar (androidx.compose.runtime:runtime-android:1.7.4) with ExtractAarTransform
Transforming runtime-release.aar (androidx.compose.runtime:runtime-android:1.7.4) with AarTransform
Transforming play-services-tasks-18.1.0.aar (com.google.android.gms:play-services-tasks:18.1.0) with JetifyTransform
Transforming play-services-tasks-18.1.0.aar (com.google.android.gms:play-services-tasks:18.1.0) with ExtractAarTransform
Transforming play-services-tasks-18.1.0.aar (com.google.android.gms:play-services-tasks:18.1.0) with AarTransform
Transforming play-services-tasks-18.1.0.aar (com.google.android.gms:play-services-tasks:18.1.0) with JetifyTransform
Transforming play-services-tasks-18.1.0.aar (com.google.android.gms:play-services-tasks:18.1.0) with ExtractAarTransform
Transforming play-services-tasks-18.1.0.aar (com.google.android.gms:play-services-tasks:18.1.0) with AarTransform
Transforming play-services-basement-18.3.0.aar (com.google.android.gms:play-services-basement:18.3.0) with JetifyTransform
Transforming play-services-basement-18.3.0.aar (com.google.android.gms:play-services-basement:18.3.0) with ExtractAarTransform
Transforming play-services-basement-18.3.0.aar (com.google.android.gms:play-services-basement:18.3.0) with AarTransform
Transforming fragment-1.1.0.aar (androidx.fragment:fragment:1.1.0) with JetifyTransform
Transforming fragment-1.1.0.aar (androidx.fragment:fragment:1.1.0) with ExtractAarTransform
Transforming fragment-1.1.0.aar (androidx.fragment:fragment:1.1.0) with AarTransform
Transforming activity-1.9.2.aar (androidx.activity:activity:1.9.2) with JetifyTransform
Transforming activity-1.9.2.aar (androidx.activity:activity:1.9.2) with ExtractAarTransform
Transforming activity-1.9.2.aar (androidx.activity:activity:1.9.2) with AarTransform
Transforming activity-1.9.2.aar (androidx.activity:activity:1.9.2) with JetifyTransform
Transforming activity-1.9.2.aar (androidx.activity:activity:1.9.2) with ExtractAarTransform
Transforming activity-1.9.2.aar (androidx.activity:activity:1.9.2) with AarTransform
Transforming activity-ktx-1.9.2.aar (androidx.activity:activity-ktx:1.9.2) with JetifyTransform
Transforming activity-ktx-1.9.2.aar (androidx.activity:activity-ktx:1.9.2) with ExtractAarTransform
Transforming activity-ktx-1.9.2.aar (androidx.activity:activity-ktx:1.9.2) with AarTransform
Transforming activity-compose-1.9.2.aar (androidx.activity:activity-compose:1.9.2) with JetifyTransform
Transforming activity-compose-1.9.2.aar (androidx.activity:activity-compose:1.9.2) with ExtractAarTransform
Transforming activity-compose-1.9.2.aar (androidx.activity:activity-compose:1.9.2) with AarTransform
Transforming core-splashscreen-1.0.1.aar (androidx.core:core-splashscreen:1.0.1) with JetifyTransform
Transforming core-splashscreen-1.0.1.aar (androidx.core:core-splashscreen:1.0.1) with ExtractAarTransform
Transforming core-splashscreen-1.0.1.aar (androidx.core:core-splashscreen:1.0.1) with AarTransform
Transforming versionedparcelable-1.1.1.aar (androidx.versionedparcelable:versionedparcelable:1.1.1) with JetifyTransform
Transforming versionedparcelable-1.1.1.aar (androidx.versionedparcelable:versionedparcelable:1.1.1) with ExtractAarTransform
Transforming versionedparcelable-1.1.1.aar (androidx.versionedparcelable:versionedparcelable:1.1.1) with AarTransform
Transforming annotation-experimental-1.4.1.aar (androidx.annotation:annotation-experimental:1.4.1) with JetifyTransform
Transforming annotation-experimental-1.4.1.aar (androidx.annotation:annotation-experimental:1.4.1) with ExtractAarTransform
Transforming annotation-experimental-1.4.1.aar (androidx.annotation:annotation-experimental:1.4.1) with AarTransform
Transforming firebase-components-18.0.0.aar (com.google.firebase:firebase-components:18.0.0) with JetifyTransform
Transforming firebase-components-18.0.0.aar (com.google.firebase:firebase-components:18.0.0) with ExtractAarTransform
Transforming firebase-components-18.0.0.aar (com.google.firebase:firebase-components:18.0.0) with AarTransform
Transforming room-runtime-2.2.5.aar (androidx.room:room-runtime:2.2.5) with JetifyTransform
Transforming room-runtime-2.2.5.aar (androidx.room:room-runtime:2.2.5) with ExtractAarTransform
Transforming room-runtime-2.2.5.aar (androidx.room:room-runtime:2.2.5) with AarTransform
Transforming sqlite-framework-2.1.0.aar (androidx.sqlite:sqlite-framework:2.1.0) with JetifyTransform
Transforming sqlite-framework-2.1.0.aar (androidx.sqlite:sqlite-framework:2.1.0) with ExtractAarTransform
Transforming sqlite-framework-2.1.0.aar (androidx.sqlite:sqlite-framework:2.1.0) with AarTransform
Transforming sqlite-framework-2.1.0.aar (androidx.sqlite:sqlite-framework:2.1.0) with JetifyTransform
Transforming sqlite-framework-2.1.0.aar (androidx.sqlite:sqlite-framework:2.1.0) with ExtractAarTransform
Transforming sqlite-framework-2.1.0.aar (androidx.sqlite:sqlite-framework:2.1.0) with AarTransform
Transforming sqlite-2.1.0.aar (androidx.sqlite:sqlite:2.1.0) with JetifyTransform
Transforming sqlite-2.1.0.aar (androidx.sqlite:sqlite:2.1.0) with ExtractAarTransform
Transforming sqlite-2.1.0.aar (androidx.sqlite:sqlite:2.1.0) with AarTransform
Transforming sqlite-2.1.0.aar (androidx.sqlite:sqlite:2.1.0) with JetifyTransform
Transforming sqlite-2.1.0.aar (androidx.sqlite:sqlite:2.1.0) with ExtractAarTransform
Transforming sqlite-2.1.0.aar (androidx.sqlite:sqlite:2.1.0) with AarTransform
Transforming profileinstaller-1.3.1.aar (androidx.profileinstaller:profileinstaller:1.3.1) with JetifyTransform
Transforming profileinstaller-1.3.1.aar (androidx.profileinstaller:profileinstaller:1.3.1) with ExtractAarTransform
Transforming profileinstaller-1.3.1.aar (androidx.profileinstaller:profileinstaller:1.3.1) with AarTransform
Transforming startup-runtime-1.1.1.aar (androidx.startup:startup-runtime:1.1.1) with JetifyTransform
Transforming startup-runtime-1.1.1.aar (androidx.startup:startup-runtime:1.1.1) with ExtractAarTransform
Transforming startup-runtime-1.1.1.aar (androidx.startup:startup-runtime:1.1.1) with AarTransform
Transforming tracing-1.0.0.aar (androidx.tracing:tracing:1.0.0) with JetifyTransform
Transforming tracing-1.0.0.aar (androidx.tracing:tracing:1.0.0) with ExtractAarTransform
Transforming tracing-1.0.0.aar (androidx.tracing:tracing:1.0.0) with AarTransform
Transforming firebase-datatransport-18.2.0.aar (com.google.firebase:firebase-datatransport:18.2.0) with JetifyTransform
Transforming firebase-datatransport-18.2.0.aar (com.google.firebase:firebase-datatransport:18.2.0) with ExtractAarTransform
Transforming firebase-datatransport-18.2.0.aar (com.google.firebase:firebase-datatransport:18.2.0) with AarTransform
Transforming transport-backend-cct-3.1.9.aar (com.google.android.datatransport:transport-backend-cct:3.1.9) with JetifyTransform
Transforming transport-backend-cct-3.1.9.aar (com.google.android.datatransport:transport-backend-cct:3.1.9) with ExtractAarTransform
Transforming transport-backend-cct-3.1.9.aar (com.google.android.datatransport:transport-backend-cct:3.1.9) with AarTransform
Transforming firebase-encoders-json-18.0.0.aar (com.google.firebase:firebase-encoders-json:18.0.0) with JetifyTransform
Transforming firebase-encoders-json-18.0.0.aar (com.google.firebase:firebase-encoders-json:18.0.0) with ExtractAarTransform
Transforming firebase-encoders-json-18.0.0.aar (com.google.firebase:firebase-encoders-json:18.0.0) with AarTransform
Transforming transport-runtime-3.1.9.aar (com.google.android.datatransport:transport-runtime:3.1.9) with JetifyTransform
Transforming transport-runtime-3.1.9.aar (com.google.android.datatransport:transport-runtime:3.1.9) with ExtractAarTransform
Transforming transport-runtime-3.1.9.aar (com.google.android.datatransport:transport-runtime:3.1.9) with AarTransform
Transforming transport-api-3.1.0.aar (com.google.android.datatransport:transport-api:3.1.0) with JetifyTransform
Transforming transport-api-3.1.0.aar (com.google.android.datatransport:transport-api:3.1.0) with ExtractAarTransform
Transforming transport-api-3.1.0.aar (com.google.android.datatransport:transport-api:3.1.0) with AarTransform
Transforming core-runtime-2.2.0.aar (androidx.arch.core:core-runtime:2.2.0) with JetifyTransform
Transforming core-runtime-2.2.0.aar (androidx.arch.core:core-runtime:2.2.0) with ExtractAarTransform
Transforming core-runtime-2.2.0.aar (androidx.arch.core:core-runtime:2.2.0) with AarTransform
Transforming core-runtime-2.2.0.aar (androidx.arch.core:core-runtime:2.2.0) with JetifyTransform
Transforming core-runtime-2.2.0.aar (androidx.arch.core:core-runtime:2.2.0) with ExtractAarTransform
Transforming core-runtime-2.2.0.aar (androidx.arch.core:core-runtime:2.2.0) with AarTransform
Transforming documentfile-1.0.0.aar (androidx.documentfile:documentfile:1.0.0) with JetifyTransform
Transforming documentfile-1.0.0.aar (androidx.documentfile:documentfile:1.0.0) with ExtractAarTransform
Transforming documentfile-1.0.0.aar (androidx.documentfile:documentfile:1.0.0) with AarTransform
Transforming localbroadcastmanager-1.0.0.aar (androidx.localbroadcastmanager:localbroadcastmanager:1.0.0) with JetifyTransform
Transforming localbroadcastmanager-1.0.0.aar (androidx.localbroadcastmanager:localbroadcastmanager:1.0.0) with ExtractAarTransform
Transforming localbroadcastmanager-1.0.0.aar (androidx.localbroadcastmanager:localbroadcastmanager:1.0.0) with AarTransform
Transforming print-1.0.0.aar (androidx.print:print:1.0.0) with JetifyTransform
Transforming print-1.0.0.aar (androidx.print:print:1.0.0) with ExtractAarTransform
Transforming print-1.0.0.aar (androidx.print:print:1.0.0) with AarTransform
Transforming interpolator-1.0.0.aar (androidx.interpolator:interpolator:1.0.0) with JetifyTransform
Transforming interpolator-1.0.0.aar (androidx.interpolator:interpolator:1.0.0) with ExtractAarTransform
Transforming interpolator-1.0.0.aar (androidx.interpolator:interpolator:1.0.0) with AarTransform
Caching disabled for task ':app:processDebugMainManifest' because:
  Build cache is disabled
Skipping task ':app:processDebugMainManifest' as it is up-to-date.
Resolve mutations for :app:processDebugManifest (Thread[#1327,Execution worker Thread 6,5,main]) started.
:app:processDebugManifest (Thread[#1327,Execution worker Thread 6,5,main]) started.

> Task :app:processDebugManifest UP-TO-DATE
Caching disabled for task ':app:processDebugManifest' because:
  Build cache is disabled
Skipping task ':app:processDebugManifest' as it is up-to-date.
Resolve mutations for :app:processDebugManifestForPackage (Thread[#1327,Execution worker Thread 6,5,main]) started.
:app:processDebugManifestForPackage (Thread[#1327,Execution worker Thread 6,5,main]) started.

> Task :app:processDebugManifestForPackage UP-TO-DATE
Custom actions are attached to task ':app:processDebugManifestForPackage'.
Caching disabled for task ':app:processDebugManifestForPackage' because:
  Build cache is disabled
Skipping task ':app:processDebugManifestForPackage' as it is up-to-date.
Resolve mutations for :app:processDebugResources (Thread[#1327,Execution worker Thread 6,5,main]) started.
:app:processDebugResources (Thread[#1327,Execution worker Thread 6,5,main]) started.

> Task :app:processDebugResources UP-TO-DATE
Transforming aapt2-8.5.2-11315950-windows.jar (com.android.tools.build:aapt2:8.5.2-11315950) with Aapt2Extractor
Transforming material3-release.aar (androidx.compose.material3:material3-android:1.3.0) with JetifyTransform
Transforming material3-release.aar (androidx.compose.material3:material3-android:1.3.0) with ExtractAarTransform
Transforming material3-release.aar (androidx.compose.material3:material3-android:1.3.0) with AarResourcesCompilerTransform
Transforming material-release.aar (androidx.compose.material:material-android:1.7.4) with JetifyTransform
Transforming material-release.aar (androidx.compose.material:material-android:1.7.4) with ExtractAarTransform
Transforming material-release.aar (androidx.compose.material:material-android:1.7.4) with AarResourcesCompilerTransform
Transforming material-ripple-release.aar (androidx.compose.material:material-ripple-android:1.7.4) with JetifyTransform
Transforming material-ripple-release.aar (androidx.compose.material:material-ripple-android:1.7.4) with ExtractAarTransform
Transforming material-ripple-release.aar (androidx.compose.material:material-ripple-android:1.7.4) with AarResourcesCompilerTransform
Transforming foundation-release.aar (androidx.compose.foundation:foundation-android:1.7.4) with JetifyTransform
Transforming foundation-release.aar (androidx.compose.foundation:foundation-android:1.7.4) with ExtractAarTransform
Transforming foundation-release.aar (androidx.compose.foundation:foundation-android:1.7.4) with AarResourcesCompilerTransform
Transforming animation-release.aar (androidx.compose.animation:animation-android:1.7.4) with JetifyTransform
Transforming animation-release.aar (androidx.compose.animation:animation-android:1.7.4) with ExtractAarTransform
Transforming animation-release.aar (androidx.compose.animation:animation-android:1.7.4) with AarResourcesCompilerTransform
Transforming foundation-layout-release.aar (androidx.compose.foundation:foundation-layout-android:1.7.4) with JetifyTransform
Transforming foundation-layout-release.aar (androidx.compose.foundation:foundation-layout-android:1.7.4) with ExtractAarTransform
Transforming foundation-layout-release.aar (androidx.compose.foundation:foundation-layout-android:1.7.4) with AarResourcesCompilerTransform
Transforming animation-core-release.aar (androidx.compose.animation:animation-core-android:1.7.4) with JetifyTransform
Transforming animation-core-release.aar (androidx.compose.animation:animation-core-android:1.7.4) with ExtractAarTransform
Transforming animation-core-release.aar (androidx.compose.animation:animation-core-android:1.7.4) with AarResourcesCompilerTransform
Transforming ui-tooling-preview-release.aar (androidx.compose.ui:ui-tooling-preview-android:1.7.4) with JetifyTransform
Transforming ui-tooling-preview-release.aar (androidx.compose.ui:ui-tooling-preview-android:1.7.4) with ExtractAarTransform
Transforming ui-tooling-preview-release.aar (androidx.compose.ui:ui-tooling-preview-android:1.7.4) with AarResourcesCompilerTransform
Transforming ui-tooling-data-release.aar (androidx.compose.ui:ui-tooling-data-android:1.7.4) with JetifyTransform
Transforming ui-tooling-data-release.aar (androidx.compose.ui:ui-tooling-data-android:1.7.4) with ExtractAarTransform
Transforming ui-tooling-data-release.aar (androidx.compose.ui:ui-tooling-data-android:1.7.4) with AarResourcesCompilerTransform
Transforming ui-unit-release.aar (androidx.compose.ui:ui-unit-android:1.7.4) with JetifyTransform
Transforming ui-unit-release.aar (androidx.compose.ui:ui-unit-android:1.7.4) with ExtractAarTransform
Transforming ui-unit-release.aar (androidx.compose.ui:ui-unit-android:1.7.4) with AarResourcesCompilerTransform
Transforming ui-graphics-release.aar (androidx.compose.ui:ui-graphics-android:1.7.4) with JetifyTransform
Transforming ui-graphics-release.aar (androidx.compose.ui:ui-graphics-android:1.7.4) with ExtractAarTransform
Transforming ui-graphics-release.aar (androidx.compose.ui:ui-graphics-android:1.7.4) with AarResourcesCompilerTransform
Transforming ui-geometry-release.aar (androidx.compose.ui:ui-geometry-android:1.7.4) with JetifyTransform
Transforming ui-geometry-release.aar (androidx.compose.ui:ui-geometry-android:1.7.4) with ExtractAarTransform
Transforming ui-geometry-release.aar (androidx.compose.ui:ui-geometry-android:1.7.4) with AarResourcesCompilerTransform
Transforming ui-util-release.aar (androidx.compose.ui:ui-util-android:1.7.4) with JetifyTransform
Transforming ui-util-release.aar (androidx.compose.ui:ui-util-android:1.7.4) with ExtractAarTransform
Transforming ui-util-release.aar (androidx.compose.ui:ui-util-android:1.7.4) with AarResourcesCompilerTransform
Transforming ui-text-release.aar (androidx.compose.ui:ui-text-android:1.7.4) with JetifyTransform
Transforming ui-text-release.aar (androidx.compose.ui:ui-text-android:1.7.4) with ExtractAarTransform
Transforming ui-text-release.aar (androidx.compose.ui:ui-text-android:1.7.4) with AarResourcesCompilerTransform
Transforming ui-tooling-release.aar (androidx.compose.ui:ui-tooling-android:1.7.4) with JetifyTransform
Transforming ui-tooling-release.aar (androidx.compose.ui:ui-tooling-android:1.7.4) with ExtractAarTransform
Transforming ui-tooling-release.aar (androidx.compose.ui:ui-tooling-android:1.7.4) with AarResourcesCompilerTransform
Transforming ui-test-manifest-1.7.4.aar (androidx.compose.ui:ui-test-manifest:1.7.4) with JetifyTransform
Transforming ui-test-manifest-1.7.4.aar (androidx.compose.ui:ui-test-manifest:1.7.4) with ExtractAarTransform
Transforming ui-test-manifest-1.7.4.aar (androidx.compose.ui:ui-test-manifest:1.7.4) with AarResourcesCompilerTransform
Transforming material-icons-core-release.aar (androidx.compose.material:material-icons-core-android:1.7.4) with JetifyTransform
Transforming material-icons-core-release.aar (androidx.compose.material:material-icons-core-android:1.7.4) with ExtractAarTransform
Transforming material-icons-core-release.aar (androidx.compose.material:material-icons-core-android:1.7.4) with AarResourcesCompilerTransform
Transforming ui-release.aar (androidx.compose.ui:ui-android:1.7.4) with JetifyTransform
Transforming ui-release.aar (androidx.compose.ui:ui-android:1.7.4) with ExtractAarTransform
Transforming ui-release.aar (androidx.compose.ui:ui-android:1.7.4) with AarResourcesCompilerTransform
Transforming play-services-ads-lite-23.2.0.aar (com.google.android.gms:play-services-ads-lite:23.2.0) with JetifyTransform
Transforming play-services-ads-lite-23.2.0.aar (com.google.android.gms:play-services-ads-lite:23.2.0) with ExtractAarTransform
Transforming play-services-ads-lite-23.2.0.aar (com.google.android.gms:play-services-ads-lite:23.2.0) with AarResourcesCompilerTransform
Transforming play-services-ads-base-23.2.0.aar (com.google.android.gms:play-services-ads-base:23.2.0) with JetifyTransform
Transforming play-services-ads-base-23.2.0.aar (com.google.android.gms:play-services-ads-base:23.2.0) with ExtractAarTransform
Transforming play-services-ads-base-23.2.0.aar (com.google.android.gms:play-services-ads-base:23.2.0) with AarResourcesCompilerTransform
Transforming play-services-measurement-sdk-api-20.1.2.aar (com.google.android.gms:play-services-measurement-sdk-api:20.1.2) with JetifyTransform
Transforming play-services-measurement-sdk-api-20.1.2.aar (com.google.android.gms:play-services-measurement-sdk-api:20.1.2) with ExtractAarTransform
Transforming play-services-measurement-sdk-api-20.1.2.aar (com.google.android.gms:play-services-measurement-sdk-api:20.1.2) with AarResourcesCompilerTransform
Transforming user-messaging-platform-2.2.0.aar (com.google.android.ump:user-messaging-platform:2.2.0) with JetifyTransform
Transforming user-messaging-platform-2.2.0.aar (com.google.android.ump:user-messaging-platform:2.2.0) with ExtractAarTransform
Transforming user-messaging-platform-2.2.0.aar (com.google.android.ump:user-messaging-platform:2.2.0) with AarResourcesCompilerTransform
Transforming firebase-messaging-ktx-24.0.3.aar (com.google.firebase:firebase-messaging-ktx:24.0.3) with JetifyTransform
Transforming firebase-messaging-ktx-24.0.3.aar (com.google.firebase:firebase-messaging-ktx:24.0.3) with ExtractAarTransform
Transforming firebase-messaging-ktx-24.0.3.aar (com.google.firebase:firebase-messaging-ktx:24.0.3) with AarResourcesCompilerTransform
Transforming firebase-messaging-24.0.3.aar (com.google.firebase:firebase-messaging:24.0.3) with JetifyTransform
Transforming firebase-messaging-24.0.3.aar (com.google.firebase:firebase-messaging:24.0.3) with ExtractAarTransform
Transforming firebase-messaging-24.0.3.aar (com.google.firebase:firebase-messaging:24.0.3) with AarResourcesCompilerTransform
Transforming firebase-installations-18.0.0.aar (com.google.firebase:firebase-installations:18.0.0) with JetifyTransform
Transforming firebase-installations-18.0.0.aar (com.google.firebase:firebase-installations:18.0.0) with ExtractAarTransform
Transforming firebase-installations-18.0.0.aar (com.google.firebase:firebase-installations:18.0.0) with AarResourcesCompilerTransform
Transforming firebase-common-ktx-21.0.0.aar (com.google.firebase:firebase-common-ktx:21.0.0) with JetifyTransform
Transforming firebase-common-ktx-21.0.0.aar (com.google.firebase:firebase-common-ktx:21.0.0) with ExtractAarTransform
Transforming firebase-common-ktx-21.0.0.aar (com.google.firebase:firebase-common-ktx:21.0.0) with AarResourcesCompilerTransform
Transforming firebase-common-21.0.0.aar (com.google.firebase:firebase-common:21.0.0) with JetifyTransform
Transforming firebase-common-21.0.0.aar (com.google.firebase:firebase-common:21.0.0) with ExtractAarTransform
Transforming firebase-common-21.0.0.aar (com.google.firebase:firebase-common:21.0.0) with AarResourcesCompilerTransform
Transforming play-services-measurement-base-20.1.2.aar (com.google.android.gms:play-services-measurement-base:20.1.2) with JetifyTransform
Transforming play-services-measurement-base-20.1.2.aar (com.google.android.gms:play-services-measurement-base:20.1.2) with ExtractAarTransform
Transforming play-services-measurement-base-20.1.2.aar (com.google.android.gms:play-services-measurement-base:20.1.2) with AarResourcesCompilerTransform
Transforming firebase-iid-interop-17.1.0.aar (com.google.firebase:firebase-iid-interop:17.1.0) with JetifyTransform
Transforming firebase-iid-interop-17.1.0.aar (com.google.firebase:firebase-iid-interop:17.1.0) with ExtractAarTransform
Transforming firebase-iid-interop-17.1.0.aar (com.google.firebase:firebase-iid-interop:17.1.0) with AarResourcesCompilerTransform
Transforming firebase-measurement-connector-19.0.0.aar (com.google.firebase:firebase-measurement-connector:19.0.0) with JetifyTransform
Transforming firebase-measurement-connector-19.0.0.aar (com.google.firebase:firebase-measurement-connector:19.0.0) with ExtractAarTransform
Transforming firebase-measurement-connector-19.0.0.aar (com.google.firebase:firebase-measurement-connector:19.0.0) with AarResourcesCompilerTransform
Transforming play-services-base-18.0.1.aar (com.google.android.gms:play-services-base:18.0.1) with JetifyTransform
Transforming play-services-base-18.0.1.aar (com.google.android.gms:play-services-base:18.0.1) with ExtractAarTransform
Transforming play-services-base-18.0.1.aar (com.google.android.gms:play-services-base:18.0.1) with AarResourcesCompilerTransform
Transforming play-services-cloud-messaging-17.2.0.aar (com.google.android.gms:play-services-cloud-messaging:17.2.0) with JetifyTransform
Transforming play-services-cloud-messaging-17.2.0.aar (com.google.android.gms:play-services-cloud-messaging:17.2.0) with ExtractAarTransform
Transforming play-services-cloud-messaging-17.2.0.aar (com.google.android.gms:play-services-cloud-messaging:17.2.0) with AarResourcesCompilerTransform
Transforming play-services-stats-17.0.2.aar (com.google.android.gms:play-services-stats:17.0.2) with JetifyTransform
Transforming play-services-stats-17.0.2.aar (com.google.android.gms:play-services-stats:17.0.2) with ExtractAarTransform
Transforming play-services-stats-17.0.2.aar (com.google.android.gms:play-services-stats:17.0.2) with AarResourcesCompilerTransform
Transforming firebase-installations-interop-17.1.1.aar (com.google.firebase:firebase-installations-interop:17.1.1) with JetifyTransform
Transforming firebase-installations-interop-17.1.1.aar (com.google.firebase:firebase-installations-interop:17.1.1) with ExtractAarTransform
Transforming firebase-installations-interop-17.1.1.aar (com.google.firebase:firebase-installations-interop:17.1.1) with AarResourcesCompilerTransform
Transforming work-runtime-2.7.0.aar (androidx.work:work-runtime:2.7.0) with JetifyTransform
Transforming work-runtime-2.7.0.aar (androidx.work:work-runtime:2.7.0) with ExtractAarTransform
Transforming work-runtime-2.7.0.aar (androidx.work:work-runtime:2.7.0) with AarResourcesCompilerTransform
Transforming legacy-support-core-utils-1.0.0.aar (androidx.legacy:legacy-support-core-utils:1.0.0) with JetifyTransform
Transforming legacy-support-core-utils-1.0.0.aar (androidx.legacy:legacy-support-core-utils:1.0.0) with ExtractAarTransform
Transforming legacy-support-core-utils-1.0.0.aar (androidx.legacy:legacy-support-core-utils:1.0.0) with AarResourcesCompilerTransform
Transforming loader-1.0.0.aar (androidx.loader:loader:1.0.0) with JetifyTransform
Transforming loader-1.0.0.aar (androidx.loader:loader:1.0.0) with ExtractAarTransform
Transforming loader-1.0.0.aar (androidx.loader:loader:1.0.0) with AarResourcesCompilerTransform
Transforming savedstate-ktx-1.2.1.aar (androidx.savedstate:savedstate-ktx:1.2.1) with JetifyTransform
Transforming savedstate-ktx-1.2.1.aar (androidx.savedstate:savedstate-ktx:1.2.1) with ExtractAarTransform
Transforming savedstate-ktx-1.2.1.aar (androidx.savedstate:savedstate-ktx:1.2.1) with AarResourcesCompilerTransform
Transforming savedstate-1.2.1.aar (androidx.savedstate:savedstate:1.2.1) with JetifyTransform
Transforming savedstate-1.2.1.aar (androidx.savedstate:savedstate:1.2.1) with ExtractAarTransform
Transforming savedstate-1.2.1.aar (androidx.savedstate:savedstate:1.2.1) with AarResourcesCompilerTransform
Transforming emoji2-1.3.0.aar (androidx.emoji2:emoji2:1.3.0) with JetifyTransform
Transforming emoji2-1.3.0.aar (androidx.emoji2:emoji2:1.3.0) with ExtractAarTransform
Transforming emoji2-1.3.0.aar (androidx.emoji2:emoji2:1.3.0) with AarResourcesCompilerTransform
Transforming lifecycle-process-2.8.6.aar (androidx.lifecycle:lifecycle-process:2.8.6) with JetifyTransform
Transforming lifecycle-process-2.8.6.aar (androidx.lifecycle:lifecycle-process:2.8.6) with ExtractAarTransform
Transforming lifecycle-process-2.8.6.aar (androidx.lifecycle:lifecycle-process:2.8.6) with AarResourcesCompilerTransform
Transforming lifecycle-runtime-compose-release.aar (androidx.lifecycle:lifecycle-runtime-compose-android:2.8.6) with JetifyTransform
Transforming lifecycle-runtime-compose-release.aar (androidx.lifecycle:lifecycle-runtime-compose-android:2.8.6) with ExtractAarTransform
Transforming lifecycle-runtime-compose-release.aar (androidx.lifecycle:lifecycle-runtime-compose-android:2.8.6) with AarResourcesCompilerTransform
Transforming autofill-1.0.0.aar (androidx.autofill:autofill:1.0.0) with JetifyTransform
Transforming autofill-1.0.0.aar (androidx.autofill:autofill:1.0.0) with ExtractAarTransform
Transforming autofill-1.0.0.aar (androidx.autofill:autofill:1.0.0) with AarResourcesCompilerTransform
Transforming viewpager-1.0.0.aar (androidx.viewpager:viewpager:1.0.0) with JetifyTransform
Transforming viewpager-1.0.0.aar (androidx.viewpager:viewpager:1.0.0) with ExtractAarTransform
Transforming viewpager-1.0.0.aar (androidx.viewpager:viewpager:1.0.0) with AarResourcesCompilerTransform
Transforming customview-1.0.0.aar (androidx.customview:customview:1.0.0) with JetifyTransform
Transforming customview-1.0.0.aar (androidx.customview:customview:1.0.0) with ExtractAarTransform
Transforming customview-1.0.0.aar (androidx.customview:customview:1.0.0) with AarResourcesCompilerTransform
Transforming graphics-path-1.0.1.aar (androidx.graphics:graphics-path:1.0.1) with JetifyTransform
Transforming graphics-path-1.0.1.aar (androidx.graphics:graphics-path:1.0.1) with ExtractAarTransform
Transforming graphics-path-1.0.1.aar (androidx.graphics:graphics-path:1.0.1) with AarResourcesCompilerTransform
Transforming customview-poolingcontainer-1.0.0.aar (androidx.customview:customview-poolingcontainer:1.0.0) with JetifyTransform
Transforming customview-poolingcontainer-1.0.0.aar (androidx.customview:customview-poolingcontainer:1.0.0) with ExtractAarTransform
Transforming customview-poolingcontainer-1.0.0.aar (androidx.customview:customview-poolingcontainer:1.0.0) with AarResourcesCompilerTransform
Transforming core-ktx-1.13.1.aar (androidx.core:core-ktx:1.13.1) with JetifyTransform
Transforming core-ktx-1.13.1.aar (androidx.core:core-ktx:1.13.1) with ExtractAarTransform
Transforming core-ktx-1.13.1.aar (androidx.core:core-ktx:1.13.1) with AarResourcesCompilerTransform
Transforming core-1.13.1.aar (androidx.core:core:1.13.1) with JetifyTransform
Transforming core-1.13.1.aar (androidx.core:core:1.13.1) with ExtractAarTransform
Transforming core-1.13.1.aar (androidx.core:core:1.13.1) with AarResourcesCompilerTransform
Transforming core-1.13.1.aar (androidx.core:core:1.13.1) with JetifyTransform
Transforming core-1.13.1.aar (androidx.core:core:1.13.1) with ExtractAarTransform
Transforming core-1.13.1.aar (androidx.core:core:1.13.1) with AarResourcesCompilerTransform
Transforming lifecycle-runtime-release.aar (androidx.lifecycle:lifecycle-runtime-android:2.8.6) with JetifyTransform
Transforming lifecycle-runtime-release.aar (androidx.lifecycle:lifecycle-runtime-android:2.8.6) with ExtractAarTransform
Transforming lifecycle-runtime-release.aar (androidx.lifecycle:lifecycle-runtime-android:2.8.6) with AarResourcesCompilerTransform
Transforming lifecycle-viewmodel-2.8.6.aar (androidx.lifecycle:lifecycle-viewmodel:2.8.6) with JetifyTransform
Transforming lifecycle-viewmodel-2.8.6.aar (androidx.lifecycle:lifecycle-viewmodel:2.8.6) with ExtractAarTransform
Transforming lifecycle-viewmodel-2.8.6.aar (androidx.lifecycle:lifecycle-viewmodel:2.8.6) with AarResourcesCompilerTransform
Transforming lifecycle-viewmodel-release.aar (androidx.lifecycle:lifecycle-viewmodel-android:2.8.6) with JetifyTransform
Transforming lifecycle-viewmodel-release.aar (androidx.lifecycle:lifecycle-viewmodel-android:2.8.6) with ExtractAarTransform
Transforming lifecycle-viewmodel-release.aar (androidx.lifecycle:lifecycle-viewmodel-android:2.8.6) with AarResourcesCompilerTransform
Transforming lifecycle-livedata-core-ktx-2.8.6.aar (androidx.lifecycle:lifecycle-livedata-core-ktx:2.8.6) with JetifyTransform
Transforming lifecycle-livedata-core-ktx-2.8.6.aar (androidx.lifecycle:lifecycle-livedata-core-ktx:2.8.6) with ExtractAarTransform
Transforming lifecycle-livedata-core-ktx-2.8.6.aar (androidx.lifecycle:lifecycle-livedata-core-ktx:2.8.6) with AarResourcesCompilerTransform
Transforming lifecycle-livedata-core-2.8.6.aar (androidx.lifecycle:lifecycle-livedata-core:2.8.6) with JetifyTransform
Transforming lifecycle-livedata-core-2.8.6.aar (androidx.lifecycle:lifecycle-livedata-core:2.8.6) with ExtractAarTransform
Transforming lifecycle-livedata-core-2.8.6.aar (androidx.lifecycle:lifecycle-livedata-core:2.8.6) with AarResourcesCompilerTransform
Transforming lifecycle-viewmodel-savedstate-2.8.6.aar (androidx.lifecycle:lifecycle-viewmodel-savedstate:2.8.6) with JetifyTransform
Transforming lifecycle-viewmodel-savedstate-2.8.6.aar (androidx.lifecycle:lifecycle-viewmodel-savedstate:2.8.6) with ExtractAarTransform
Transforming lifecycle-viewmodel-savedstate-2.8.6.aar (androidx.lifecycle:lifecycle-viewmodel-savedstate:2.8.6) with AarResourcesCompilerTransform
Transforming lifecycle-viewmodel-ktx-2.8.6.aar (androidx.lifecycle:lifecycle-viewmodel-ktx:2.8.6) with JetifyTransform
Transforming lifecycle-viewmodel-ktx-2.8.6.aar (androidx.lifecycle:lifecycle-viewmodel-ktx:2.8.6) with ExtractAarTransform
Transforming lifecycle-viewmodel-ktx-2.8.6.aar (androidx.lifecycle:lifecycle-viewmodel-ktx:2.8.6) with AarResourcesCompilerTransform
Transforming lifecycle-service-2.8.6.aar (androidx.lifecycle:lifecycle-service:2.8.6) with JetifyTransform
Transforming lifecycle-service-2.8.6.aar (androidx.lifecycle:lifecycle-service:2.8.6) with ExtractAarTransform
Transforming lifecycle-service-2.8.6.aar (androidx.lifecycle:lifecycle-service:2.8.6) with AarResourcesCompilerTransform
Transforming lifecycle-livedata-2.8.6.aar (androidx.lifecycle:lifecycle-livedata:2.8.6) with JetifyTransform
Transforming lifecycle-livedata-2.8.6.aar (androidx.lifecycle:lifecycle-livedata:2.8.6) with ExtractAarTransform
Transforming lifecycle-livedata-2.8.6.aar (androidx.lifecycle:lifecycle-livedata:2.8.6) with AarResourcesCompilerTransform
Transforming lifecycle-livedata-2.8.6.aar (androidx.lifecycle:lifecycle-livedata:2.8.6) with JetifyTransform
Transforming lifecycle-livedata-2.8.6.aar (androidx.lifecycle:lifecycle-livedata:2.8.6) with ExtractAarTransform
Transforming lifecycle-livedata-2.8.6.aar (androidx.lifecycle:lifecycle-livedata:2.8.6) with AarResourcesCompilerTransform
Transforming lifecycle-runtime-ktx-release.aar (androidx.lifecycle:lifecycle-runtime-ktx-android:2.8.6) with JetifyTransform
Transforming lifecycle-runtime-ktx-release.aar (androidx.lifecycle:lifecycle-runtime-ktx-android:2.8.6) with ExtractAarTransform
Transforming lifecycle-runtime-ktx-release.aar (androidx.lifecycle:lifecycle-runtime-ktx-android:2.8.6) with AarResourcesCompilerTransform
Transforming runtime-saveable-release.aar (androidx.compose.runtime:runtime-saveable-android:1.7.4) with JetifyTransform
Transforming runtime-saveable-release.aar (androidx.compose.runtime:runtime-saveable-android:1.7.4) with ExtractAarTransform
Transforming runtime-saveable-release.aar (androidx.compose.runtime:runtime-saveable-android:1.7.4) with AarResourcesCompilerTransform
Transforming runtime-release.aar (androidx.compose.runtime:runtime-android:1.7.4) with JetifyTransform
Transforming runtime-release.aar (androidx.compose.runtime:runtime-android:1.7.4) with ExtractAarTransform
Transforming runtime-release.aar (androidx.compose.runtime:runtime-android:1.7.4) with AarResourcesCompilerTransform
Transforming play-services-tasks-18.1.0.aar (com.google.android.gms:play-services-tasks:18.1.0) with JetifyTransform
Transforming play-services-tasks-18.1.0.aar (com.google.android.gms:play-services-tasks:18.1.0) with ExtractAarTransform
Transforming play-services-tasks-18.1.0.aar (com.google.android.gms:play-services-tasks:18.1.0) with AarResourcesCompilerTransform
Transforming play-services-tasks-18.1.0.aar (com.google.android.gms:play-services-tasks:18.1.0) with JetifyTransform
Transforming play-services-tasks-18.1.0.aar (com.google.android.gms:play-services-tasks:18.1.0) with ExtractAarTransform
Transforming play-services-tasks-18.1.0.aar (com.google.android.gms:play-services-tasks:18.1.0) with AarResourcesCompilerTransform
Transforming play-services-basement-18.3.0.aar (com.google.android.gms:play-services-basement:18.3.0) with JetifyTransform
Transforming play-services-basement-18.3.0.aar (com.google.android.gms:play-services-basement:18.3.0) with ExtractAarTransform
Transforming play-services-basement-18.3.0.aar (com.google.android.gms:play-services-basement:18.3.0) with AarResourcesCompilerTransform
Transforming fragment-1.1.0.aar (androidx.fragment:fragment:1.1.0) with JetifyTransform
Transforming fragment-1.1.0.aar (androidx.fragment:fragment:1.1.0) with ExtractAarTransform
Transforming fragment-1.1.0.aar (androidx.fragment:fragment:1.1.0) with AarResourcesCompilerTransform
Transforming activity-1.9.2.aar (androidx.activity:activity:1.9.2) with JetifyTransform
Transforming activity-1.9.2.aar (androidx.activity:activity:1.9.2) with ExtractAarTransform
Transforming activity-1.9.2.aar (androidx.activity:activity:1.9.2) with AarResourcesCompilerTransform
Transforming activity-1.9.2.aar (androidx.activity:activity:1.9.2) with JetifyTransform
Transforming activity-1.9.2.aar (androidx.activity:activity:1.9.2) with ExtractAarTransform
Transforming activity-1.9.2.aar (androidx.activity:activity:1.9.2) with AarResourcesCompilerTransform
Transforming activity-ktx-1.9.2.aar (androidx.activity:activity-ktx:1.9.2) with JetifyTransform
Transforming activity-ktx-1.9.2.aar (androidx.activity:activity-ktx:1.9.2) with ExtractAarTransform
Transforming activity-ktx-1.9.2.aar (androidx.activity:activity-ktx:1.9.2) with AarResourcesCompilerTransform
Transforming activity-compose-1.9.2.aar (androidx.activity:activity-compose:1.9.2) with JetifyTransform
Transforming activity-compose-1.9.2.aar (androidx.activity:activity-compose:1.9.2) with ExtractAarTransform
Transforming activity-compose-1.9.2.aar (androidx.activity:activity-compose:1.9.2) with AarResourcesCompilerTransform
Transforming core-splashscreen-1.0.1.aar (androidx.core:core-splashscreen:1.0.1) with JetifyTransform
Transforming core-splashscreen-1.0.1.aar (androidx.core:core-splashscreen:1.0.1) with ExtractAarTransform
Transforming core-splashscreen-1.0.1.aar (androidx.core:core-splashscreen:1.0.1) with AarResourcesCompilerTransform
Transforming versionedparcelable-1.1.1.aar (androidx.versionedparcelable:versionedparcelable:1.1.1) with JetifyTransform
Transforming versionedparcelable-1.1.1.aar (androidx.versionedparcelable:versionedparcelable:1.1.1) with ExtractAarTransform
Transforming versionedparcelable-1.1.1.aar (androidx.versionedparcelable:versionedparcelable:1.1.1) with AarResourcesCompilerTransform
Transforming annotation-experimental-1.4.1.aar (androidx.annotation:annotation-experimental:1.4.1) with JetifyTransform
Transforming annotation-experimental-1.4.1.aar (androidx.annotation:annotation-experimental:1.4.1) with ExtractAarTransform
Transforming annotation-experimental-1.4.1.aar (androidx.annotation:annotation-experimental:1.4.1) with AarResourcesCompilerTransform
Transforming firebase-components-18.0.0.aar (com.google.firebase:firebase-components:18.0.0) with JetifyTransform
Transforming firebase-components-18.0.0.aar (com.google.firebase:firebase-components:18.0.0) with ExtractAarTransform
Transforming firebase-components-18.0.0.aar (com.google.firebase:firebase-components:18.0.0) with AarResourcesCompilerTransform
Transforming room-runtime-2.2.5.aar (androidx.room:room-runtime:2.2.5) with JetifyTransform
Transforming room-runtime-2.2.5.aar (androidx.room:room-runtime:2.2.5) with ExtractAarTransform
Transforming room-runtime-2.2.5.aar (androidx.room:room-runtime:2.2.5) with AarResourcesCompilerTransform
Transforming sqlite-framework-2.1.0.aar (androidx.sqlite:sqlite-framework:2.1.0) with JetifyTransform
Transforming sqlite-framework-2.1.0.aar (androidx.sqlite:sqlite-framework:2.1.0) with ExtractAarTransform
Transforming sqlite-framework-2.1.0.aar (androidx.sqlite:sqlite-framework:2.1.0) with AarResourcesCompilerTransform
Transforming sqlite-framework-2.1.0.aar (androidx.sqlite:sqlite-framework:2.1.0) with JetifyTransform
Transforming sqlite-framework-2.1.0.aar (androidx.sqlite:sqlite-framework:2.1.0) with ExtractAarTransform
Transforming sqlite-framework-2.1.0.aar (androidx.sqlite:sqlite-framework:2.1.0) with AarResourcesCompilerTransform
Transforming sqlite-2.1.0.aar (androidx.sqlite:sqlite:2.1.0) with JetifyTransform
Transforming sqlite-2.1.0.aar (androidx.sqlite:sqlite:2.1.0) with ExtractAarTransform
Transforming sqlite-2.1.0.aar (androidx.sqlite:sqlite:2.1.0) with AarResourcesCompilerTransform
Transforming sqlite-2.1.0.aar (androidx.sqlite:sqlite:2.1.0) with JetifyTransform
Transforming sqlite-2.1.0.aar (androidx.sqlite:sqlite:2.1.0) with ExtractAarTransform
Transforming sqlite-2.1.0.aar (androidx.sqlite:sqlite:2.1.0) with AarResourcesCompilerTransform
Transforming profileinstaller-1.3.1.aar (androidx.profileinstaller:profileinstaller:1.3.1) with JetifyTransform
Transforming profileinstaller-1.3.1.aar (androidx.profileinstaller:profileinstaller:1.3.1) with ExtractAarTransform
Transforming profileinstaller-1.3.1.aar (androidx.profileinstaller:profileinstaller:1.3.1) with AarResourcesCompilerTransform
Transforming startup-runtime-1.1.1.aar (androidx.startup:startup-runtime:1.1.1) with JetifyTransform
Transforming startup-runtime-1.1.1.aar (androidx.startup:startup-runtime:1.1.1) with ExtractAarTransform
Transforming startup-runtime-1.1.1.aar (androidx.startup:startup-runtime:1.1.1) with AarResourcesCompilerTransform
Transforming tracing-1.0.0.aar (androidx.tracing:tracing:1.0.0) with JetifyTransform
Transforming tracing-1.0.0.aar (androidx.tracing:tracing:1.0.0) with ExtractAarTransform
Transforming tracing-1.0.0.aar (androidx.tracing:tracing:1.0.0) with AarResourcesCompilerTransform
Transforming firebase-datatransport-18.2.0.aar (com.google.firebase:firebase-datatransport:18.2.0) with JetifyTransform
Transforming firebase-datatransport-18.2.0.aar (com.google.firebase:firebase-datatransport:18.2.0) with ExtractAarTransform
Transforming firebase-datatransport-18.2.0.aar (com.google.firebase:firebase-datatransport:18.2.0) with AarResourcesCompilerTransform
Transforming transport-backend-cct-3.1.9.aar (com.google.android.datatransport:transport-backend-cct:3.1.9) with JetifyTransform
Transforming transport-backend-cct-3.1.9.aar (com.google.android.datatransport:transport-backend-cct:3.1.9) with ExtractAarTransform
Transforming transport-backend-cct-3.1.9.aar (com.google.android.datatransport:transport-backend-cct:3.1.9) with AarResourcesCompilerTransform
Transforming firebase-encoders-json-18.0.0.aar (com.google.firebase:firebase-encoders-json:18.0.0) with JetifyTransform
Transforming firebase-encoders-json-18.0.0.aar (com.google.firebase:firebase-encoders-json:18.0.0) with ExtractAarTransform
Transforming firebase-encoders-json-18.0.0.aar (com.google.firebase:firebase-encoders-json:18.0.0) with AarResourcesCompilerTransform
Transforming transport-runtime-3.1.9.aar (com.google.android.datatransport:transport-runtime:3.1.9) with JetifyTransform
Transforming transport-runtime-3.1.9.aar (com.google.android.datatransport:transport-runtime:3.1.9) with ExtractAarTransform
Transforming transport-runtime-3.1.9.aar (com.google.android.datatransport:transport-runtime:3.1.9) with AarResourcesCompilerTransform
Transforming transport-api-3.1.0.aar (com.google.android.datatransport:transport-api:3.1.0) with JetifyTransform
Transforming transport-api-3.1.0.aar (com.google.android.datatransport:transport-api:3.1.0) with ExtractAarTransform
Transforming transport-api-3.1.0.aar (com.google.android.datatransport:transport-api:3.1.0) with AarResourcesCompilerTransform
Transforming core-runtime-2.2.0.aar (androidx.arch.core:core-runtime:2.2.0) with JetifyTransform
Transforming core-runtime-2.2.0.aar (androidx.arch.core:core-runtime:2.2.0) with ExtractAarTransform
Transforming core-runtime-2.2.0.aar (androidx.arch.core:core-runtime:2.2.0) with AarResourcesCompilerTransform
Transforming core-runtime-2.2.0.aar (androidx.arch.core:core-runtime:2.2.0) with JetifyTransform
Transforming core-runtime-2.2.0.aar (androidx.arch.core:core-runtime:2.2.0) with ExtractAarTransform
Transforming core-runtime-2.2.0.aar (androidx.arch.core:core-runtime:2.2.0) with AarResourcesCompilerTransform
Transforming documentfile-1.0.0.aar (androidx.documentfile:documentfile:1.0.0) with JetifyTransform
Transforming documentfile-1.0.0.aar (androidx.documentfile:documentfile:1.0.0) with ExtractAarTransform
Transforming documentfile-1.0.0.aar (androidx.documentfile:documentfile:1.0.0) with AarResourcesCompilerTransform
Transforming localbroadcastmanager-1.0.0.aar (androidx.localbroadcastmanager:localbroadcastmanager:1.0.0) with JetifyTransform
Transforming localbroadcastmanager-1.0.0.aar (androidx.localbroadcastmanager:localbroadcastmanager:1.0.0) with ExtractAarTransform
Transforming localbroadcastmanager-1.0.0.aar (androidx.localbroadcastmanager:localbroadcastmanager:1.0.0) with AarResourcesCompilerTransform
Transforming print-1.0.0.aar (androidx.print:print:1.0.0) with JetifyTransform
Transforming print-1.0.0.aar (androidx.print:print:1.0.0) with ExtractAarTransform
Transforming print-1.0.0.aar (androidx.print:print:1.0.0) with AarResourcesCompilerTransform
Transforming interpolator-1.0.0.aar (androidx.interpolator:interpolator:1.0.0) with JetifyTransform
Transforming interpolator-1.0.0.aar (androidx.interpolator:interpolator:1.0.0) with ExtractAarTransform
Transforming interpolator-1.0.0.aar (androidx.interpolator:interpolator:1.0.0) with AarResourcesCompilerTransform
Transforming material3-release.aar (androidx.compose.material3:material3-android:1.3.0) with JetifyTransform
Transforming material3-release.aar (androidx.compose.material3:material3-android:1.3.0) with ExtractAarTransform
Transforming material3-release.aar (androidx.compose.material3:material3-android:1.3.0) with LibrarySymbolTableTransform
Transforming material-release.aar (androidx.compose.material:material-android:1.7.4) with JetifyTransform
Transforming material-release.aar (androidx.compose.material:material-android:1.7.4) with ExtractAarTransform
Transforming material-release.aar (androidx.compose.material:material-android:1.7.4) with LibrarySymbolTableTransform
Transforming material-ripple-release.aar (androidx.compose.material:material-ripple-android:1.7.4) with JetifyTransform
Transforming material-ripple-release.aar (androidx.compose.material:material-ripple-android:1.7.4) with ExtractAarTransform
Transforming material-ripple-release.aar (androidx.compose.material:material-ripple-android:1.7.4) with LibrarySymbolTableTransform
Transforming foundation-release.aar (androidx.compose.foundation:foundation-android:1.7.4) with JetifyTransform
Transforming foundation-release.aar (androidx.compose.foundation:foundation-android:1.7.4) with ExtractAarTransform
Transforming foundation-release.aar (androidx.compose.foundation:foundation-android:1.7.4) with LibrarySymbolTableTransform
Transforming animation-release.aar (androidx.compose.animation:animation-android:1.7.4) with JetifyTransform
Transforming animation-release.aar (androidx.compose.animation:animation-android:1.7.4) with ExtractAarTransform
Transforming animation-release.aar (androidx.compose.animation:animation-android:1.7.4) with LibrarySymbolTableTransform
Transforming foundation-layout-release.aar (androidx.compose.foundation:foundation-layout-android:1.7.4) with JetifyTransform
Transforming foundation-layout-release.aar (androidx.compose.foundation:foundation-layout-android:1.7.4) with ExtractAarTransform
Transforming foundation-layout-release.aar (androidx.compose.foundation:foundation-layout-android:1.7.4) with LibrarySymbolTableTransform
Transforming animation-core-release.aar (androidx.compose.animation:animation-core-android:1.7.4) with JetifyTransform
Transforming animation-core-release.aar (androidx.compose.animation:animation-core-android:1.7.4) with ExtractAarTransform
Transforming animation-core-release.aar (androidx.compose.animation:animation-core-android:1.7.4) with LibrarySymbolTableTransform
Transforming ui-tooling-preview-release.aar (androidx.compose.ui:ui-tooling-preview-android:1.7.4) with JetifyTransform
Transforming ui-tooling-preview-release.aar (androidx.compose.ui:ui-tooling-preview-android:1.7.4) with ExtractAarTransform
Transforming ui-tooling-preview-release.aar (androidx.compose.ui:ui-tooling-preview-android:1.7.4) with LibrarySymbolTableTransform
Transforming ui-tooling-data-release.aar (androidx.compose.ui:ui-tooling-data-android:1.7.4) with JetifyTransform
Transforming ui-tooling-data-release.aar (androidx.compose.ui:ui-tooling-data-android:1.7.4) with ExtractAarTransform
Transforming ui-tooling-data-release.aar (androidx.compose.ui:ui-tooling-data-android:1.7.4) with LibrarySymbolTableTransform
Transforming ui-unit-release.aar (androidx.compose.ui:ui-unit-android:1.7.4) with JetifyTransform
Transforming ui-unit-release.aar (androidx.compose.ui:ui-unit-android:1.7.4) with ExtractAarTransform
Transforming ui-unit-release.aar (androidx.compose.ui:ui-unit-android:1.7.4) with LibrarySymbolTableTransform
Transforming ui-graphics-release.aar (androidx.compose.ui:ui-graphics-android:1.7.4) with JetifyTransform
Transforming ui-graphics-release.aar (androidx.compose.ui:ui-graphics-android:1.7.4) with ExtractAarTransform
Transforming ui-graphics-release.aar (androidx.compose.ui:ui-graphics-android:1.7.4) with LibrarySymbolTableTransform
Transforming ui-geometry-release.aar (androidx.compose.ui:ui-geometry-android:1.7.4) with JetifyTransform
Transforming ui-geometry-release.aar (androidx.compose.ui:ui-geometry-android:1.7.4) with ExtractAarTransform
Transforming ui-geometry-release.aar (androidx.compose.ui:ui-geometry-android:1.7.4) with LibrarySymbolTableTransform
Transforming ui-util-release.aar (androidx.compose.ui:ui-util-android:1.7.4) with JetifyTransform
Transforming ui-util-release.aar (androidx.compose.ui:ui-util-android:1.7.4) with ExtractAarTransform
Transforming ui-util-release.aar (androidx.compose.ui:ui-util-android:1.7.4) with LibrarySymbolTableTransform
Transforming ui-text-release.aar (androidx.compose.ui:ui-text-android:1.7.4) with JetifyTransform
Transforming ui-text-release.aar (androidx.compose.ui:ui-text-android:1.7.4) with ExtractAarTransform
Transforming ui-text-release.aar (androidx.compose.ui:ui-text-android:1.7.4) with LibrarySymbolTableTransform
Transforming ui-tooling-release.aar (androidx.compose.ui:ui-tooling-android:1.7.4) with JetifyTransform
Transforming ui-tooling-release.aar (androidx.compose.ui:ui-tooling-android:1.7.4) with ExtractAarTransform
Transforming ui-tooling-release.aar (androidx.compose.ui:ui-tooling-android:1.7.4) with LibrarySymbolTableTransform
Transforming ui-test-manifest-1.7.4.aar (androidx.compose.ui:ui-test-manifest:1.7.4) with JetifyTransform
Transforming ui-test-manifest-1.7.4.aar (androidx.compose.ui:ui-test-manifest:1.7.4) with ExtractAarTransform
Transforming ui-test-manifest-1.7.4.aar (androidx.compose.ui:ui-test-manifest:1.7.4) with LibrarySymbolTableTransform
Transforming material-icons-core-release.aar (androidx.compose.material:material-icons-core-android:1.7.4) with JetifyTransform
Transforming material-icons-core-release.aar (androidx.compose.material:material-icons-core-android:1.7.4) with ExtractAarTransform
Transforming material-icons-core-release.aar (androidx.compose.material:material-icons-core-android:1.7.4) with LibrarySymbolTableTransform
Transforming ui-release.aar (androidx.compose.ui:ui-android:1.7.4) with JetifyTransform
Transforming ui-release.aar (androidx.compose.ui:ui-android:1.7.4) with ExtractAarTransform
Transforming ui-release.aar (androidx.compose.ui:ui-android:1.7.4) with LibrarySymbolTableTransform
Transforming play-services-ads-lite-23.2.0.aar (com.google.android.gms:play-services-ads-lite:23.2.0) with JetifyTransform
Transforming play-services-ads-lite-23.2.0.aar (com.google.android.gms:play-services-ads-lite:23.2.0) with ExtractAarTransform
Transforming play-services-ads-lite-23.2.0.aar (com.google.android.gms:play-services-ads-lite:23.2.0) with LibrarySymbolTableTransform
Transforming play-services-ads-base-23.2.0.aar (com.google.android.gms:play-services-ads-base:23.2.0) with JetifyTransform
Transforming play-services-ads-base-23.2.0.aar (com.google.android.gms:play-services-ads-base:23.2.0) with ExtractAarTransform
Transforming play-services-ads-base-23.2.0.aar (com.google.android.gms:play-services-ads-base:23.2.0) with LibrarySymbolTableTransform
Transforming play-services-measurement-sdk-api-20.1.2.aar (com.google.android.gms:play-services-measurement-sdk-api:20.1.2) with JetifyTransform
Transforming play-services-measurement-sdk-api-20.1.2.aar (com.google.android.gms:play-services-measurement-sdk-api:20.1.2) with ExtractAarTransform
Transforming play-services-measurement-sdk-api-20.1.2.aar (com.google.android.gms:play-services-measurement-sdk-api:20.1.2) with LibrarySymbolTableTransform
Transforming user-messaging-platform-2.2.0.aar (com.google.android.ump:user-messaging-platform:2.2.0) with JetifyTransform
Transforming user-messaging-platform-2.2.0.aar (com.google.android.ump:user-messaging-platform:2.2.0) with ExtractAarTransform
Transforming user-messaging-platform-2.2.0.aar (com.google.android.ump:user-messaging-platform:2.2.0) with LibrarySymbolTableTransform
Transforming firebase-messaging-ktx-24.0.3.aar (com.google.firebase:firebase-messaging-ktx:24.0.3) with JetifyTransform
Transforming firebase-messaging-ktx-24.0.3.aar (com.google.firebase:firebase-messaging-ktx:24.0.3) with ExtractAarTransform
Transforming firebase-messaging-ktx-24.0.3.aar (com.google.firebase:firebase-messaging-ktx:24.0.3) with LibrarySymbolTableTransform
Transforming firebase-messaging-24.0.3.aar (com.google.firebase:firebase-messaging:24.0.3) with JetifyTransform
Transforming firebase-messaging-24.0.3.aar (com.google.firebase:firebase-messaging:24.0.3) with ExtractAarTransform
Transforming firebase-messaging-24.0.3.aar (com.google.firebase:firebase-messaging:24.0.3) with LibrarySymbolTableTransform
Transforming firebase-installations-18.0.0.aar (com.google.firebase:firebase-installations:18.0.0) with JetifyTransform
Transforming firebase-installations-18.0.0.aar (com.google.firebase:firebase-installations:18.0.0) with ExtractAarTransform
Transforming firebase-installations-18.0.0.aar (com.google.firebase:firebase-installations:18.0.0) with LibrarySymbolTableTransform
Transforming firebase-common-ktx-21.0.0.aar (com.google.firebase:firebase-common-ktx:21.0.0) with JetifyTransform
Transforming firebase-common-ktx-21.0.0.aar (com.google.firebase:firebase-common-ktx:21.0.0) with ExtractAarTransform
Transforming firebase-common-ktx-21.0.0.aar (com.google.firebase:firebase-common-ktx:21.0.0) with LibrarySymbolTableTransform
Transforming firebase-common-21.0.0.aar (com.google.firebase:firebase-common:21.0.0) with JetifyTransform
Transforming firebase-common-21.0.0.aar (com.google.firebase:firebase-common:21.0.0) with ExtractAarTransform
Transforming firebase-common-21.0.0.aar (com.google.firebase:firebase-common:21.0.0) with LibrarySymbolTableTransform
Transforming play-services-measurement-base-20.1.2.aar (com.google.android.gms:play-services-measurement-base:20.1.2) with JetifyTransform
Transforming play-services-measurement-base-20.1.2.aar (com.google.android.gms:play-services-measurement-base:20.1.2) with ExtractAarTransform
Transforming play-services-measurement-base-20.1.2.aar (com.google.android.gms:play-services-measurement-base:20.1.2) with LibrarySymbolTableTransform
Transforming firebase-iid-interop-17.1.0.aar (com.google.firebase:firebase-iid-interop:17.1.0) with JetifyTransform
Transforming firebase-iid-interop-17.1.0.aar (com.google.firebase:firebase-iid-interop:17.1.0) with ExtractAarTransform
Transforming firebase-iid-interop-17.1.0.aar (com.google.firebase:firebase-iid-interop:17.1.0) with LibrarySymbolTableTransform
Transforming firebase-measurement-connector-19.0.0.aar (com.google.firebase:firebase-measurement-connector:19.0.0) with JetifyTransform
Transforming firebase-measurement-connector-19.0.0.aar (com.google.firebase:firebase-measurement-connector:19.0.0) with ExtractAarTransform
Transforming firebase-measurement-connector-19.0.0.aar (com.google.firebase:firebase-measurement-connector:19.0.0) with LibrarySymbolTableTransform
Transforming play-services-base-18.0.1.aar (com.google.android.gms:play-services-base:18.0.1) with JetifyTransform
Transforming play-services-base-18.0.1.aar (com.google.android.gms:play-services-base:18.0.1) with ExtractAarTransform
Transforming play-services-base-18.0.1.aar (com.google.android.gms:play-services-base:18.0.1) with LibrarySymbolTableTransform
Transforming play-services-cloud-messaging-17.2.0.aar (com.google.android.gms:play-services-cloud-messaging:17.2.0) with JetifyTransform
Transforming play-services-cloud-messaging-17.2.0.aar (com.google.android.gms:play-services-cloud-messaging:17.2.0) with ExtractAarTransform
Transforming play-services-cloud-messaging-17.2.0.aar (com.google.android.gms:play-services-cloud-messaging:17.2.0) with LibrarySymbolTableTransform
Transforming play-services-stats-17.0.2.aar (com.google.android.gms:play-services-stats:17.0.2) with JetifyTransform
Transforming play-services-stats-17.0.2.aar (com.google.android.gms:play-services-stats:17.0.2) with ExtractAarTransform
Transforming play-services-stats-17.0.2.aar (com.google.android.gms:play-services-stats:17.0.2) with LibrarySymbolTableTransform
Transforming firebase-installations-interop-17.1.1.aar (com.google.firebase:firebase-installations-interop:17.1.1) with JetifyTransform
Transforming firebase-installations-interop-17.1.1.aar (com.google.firebase:firebase-installations-interop:17.1.1) with ExtractAarTransform
Transforming firebase-installations-interop-17.1.1.aar (com.google.firebase:firebase-installations-interop:17.1.1) with LibrarySymbolTableTransform
Transforming work-runtime-2.7.0.aar (androidx.work:work-runtime:2.7.0) with JetifyTransform
Transforming work-runtime-2.7.0.aar (androidx.work:work-runtime:2.7.0) with ExtractAarTransform
Transforming work-runtime-2.7.0.aar (androidx.work:work-runtime:2.7.0) with LibrarySymbolTableTransform
Transforming legacy-support-core-utils-1.0.0.aar (androidx.legacy:legacy-support-core-utils:1.0.0) with JetifyTransform
Transforming legacy-support-core-utils-1.0.0.aar (androidx.legacy:legacy-support-core-utils:1.0.0) with ExtractAarTransform
Transforming legacy-support-core-utils-1.0.0.aar (androidx.legacy:legacy-support-core-utils:1.0.0) with LibrarySymbolTableTransform
Transforming loader-1.0.0.aar (androidx.loader:loader:1.0.0) with JetifyTransform
Transforming loader-1.0.0.aar (androidx.loader:loader:1.0.0) with ExtractAarTransform
Transforming loader-1.0.0.aar (androidx.loader:loader:1.0.0) with LibrarySymbolTableTransform
Transforming savedstate-ktx-1.2.1.aar (androidx.savedstate:savedstate-ktx:1.2.1) with JetifyTransform
Transforming savedstate-ktx-1.2.1.aar (androidx.savedstate:savedstate-ktx:1.2.1) with ExtractAarTransform
Transforming savedstate-ktx-1.2.1.aar (androidx.savedstate:savedstate-ktx:1.2.1) with LibrarySymbolTableTransform
Transforming savedstate-1.2.1.aar (androidx.savedstate:savedstate:1.2.1) with JetifyTransform
Transforming savedstate-1.2.1.aar (androidx.savedstate:savedstate:1.2.1) with ExtractAarTransform
Transforming savedstate-1.2.1.aar (androidx.savedstate:savedstate:1.2.1) with LibrarySymbolTableTransform
Transforming emoji2-1.3.0.aar (androidx.emoji2:emoji2:1.3.0) with JetifyTransform
Transforming emoji2-1.3.0.aar (androidx.emoji2:emoji2:1.3.0) with ExtractAarTransform
Transforming emoji2-1.3.0.aar (androidx.emoji2:emoji2:1.3.0) with LibrarySymbolTableTransform
Transforming lifecycle-process-2.8.6.aar (androidx.lifecycle:lifecycle-process:2.8.6) with JetifyTransform
Transforming lifecycle-process-2.8.6.aar (androidx.lifecycle:lifecycle-process:2.8.6) with ExtractAarTransform
Transforming lifecycle-process-2.8.6.aar (androidx.lifecycle:lifecycle-process:2.8.6) with LibrarySymbolTableTransform
Transforming lifecycle-runtime-compose-release.aar (androidx.lifecycle:lifecycle-runtime-compose-android:2.8.6) with JetifyTransform
Transforming lifecycle-runtime-compose-release.aar (androidx.lifecycle:lifecycle-runtime-compose-android:2.8.6) with ExtractAarTransform
Transforming lifecycle-runtime-compose-release.aar (androidx.lifecycle:lifecycle-runtime-compose-android:2.8.6) with LibrarySymbolTableTransform
Transforming autofill-1.0.0.aar (androidx.autofill:autofill:1.0.0) with JetifyTransform
Transforming autofill-1.0.0.aar (androidx.autofill:autofill:1.0.0) with ExtractAarTransform
Transforming autofill-1.0.0.aar (androidx.autofill:autofill:1.0.0) with LibrarySymbolTableTransform
Transforming viewpager-1.0.0.aar (androidx.viewpager:viewpager:1.0.0) with JetifyTransform
Transforming viewpager-1.0.0.aar (androidx.viewpager:viewpager:1.0.0) with ExtractAarTransform
Transforming viewpager-1.0.0.aar (androidx.viewpager:viewpager:1.0.0) with LibrarySymbolTableTransform
Transforming customview-1.0.0.aar (androidx.customview:customview:1.0.0) with JetifyTransform
Transforming customview-1.0.0.aar (androidx.customview:customview:1.0.0) with ExtractAarTransform
Transforming customview-1.0.0.aar (androidx.customview:customview:1.0.0) with LibrarySymbolTableTransform
Transforming graphics-path-1.0.1.aar (androidx.graphics:graphics-path:1.0.1) with JetifyTransform
Transforming graphics-path-1.0.1.aar (androidx.graphics:graphics-path:1.0.1) with ExtractAarTransform
Transforming graphics-path-1.0.1.aar (androidx.graphics:graphics-path:1.0.1) with LibrarySymbolTableTransform
Transforming customview-poolingcontainer-1.0.0.aar (androidx.customview:customview-poolingcontainer:1.0.0) with JetifyTransform
Transforming customview-poolingcontainer-1.0.0.aar (androidx.customview:customview-poolingcontainer:1.0.0) with ExtractAarTransform
Transforming customview-poolingcontainer-1.0.0.aar (androidx.customview:customview-poolingcontainer:1.0.0) with LibrarySymbolTableTransform
Transforming core-ktx-1.13.1.aar (androidx.core:core-ktx:1.13.1) with JetifyTransform
Transforming core-ktx-1.13.1.aar (androidx.core:core-ktx:1.13.1) with ExtractAarTransform
Transforming core-ktx-1.13.1.aar (androidx.core:core-ktx:1.13.1) with LibrarySymbolTableTransform
Transforming core-1.13.1.aar (androidx.core:core:1.13.1) with JetifyTransform
Transforming core-1.13.1.aar (androidx.core:core:1.13.1) with ExtractAarTransform
Transforming core-1.13.1.aar (androidx.core:core:1.13.1) with LibrarySymbolTableTransform
Transforming core-1.13.1.aar (androidx.core:core:1.13.1) with JetifyTransform
Transforming core-1.13.1.aar (androidx.core:core:1.13.1) with ExtractAarTransform
Transforming core-1.13.1.aar (androidx.core:core:1.13.1) with LibrarySymbolTableTransform
Transforming lifecycle-runtime-release.aar (androidx.lifecycle:lifecycle-runtime-android:2.8.6) with JetifyTransform
Transforming lifecycle-runtime-release.aar (androidx.lifecycle:lifecycle-runtime-android:2.8.6) with ExtractAarTransform
Transforming lifecycle-runtime-release.aar (androidx.lifecycle:lifecycle-runtime-android:2.8.6) with LibrarySymbolTableTransform
Transforming lifecycle-viewmodel-2.8.6.aar (androidx.lifecycle:lifecycle-viewmodel:2.8.6) with JetifyTransform
Transforming lifecycle-viewmodel-2.8.6.aar (androidx.lifecycle:lifecycle-viewmodel:2.8.6) with ExtractAarTransform
Transforming lifecycle-viewmodel-2.8.6.aar (androidx.lifecycle:lifecycle-viewmodel:2.8.6) with LibrarySymbolTableTransform
Transforming lifecycle-viewmodel-release.aar (androidx.lifecycle:lifecycle-viewmodel-android:2.8.6) with JetifyTransform
Transforming lifecycle-viewmodel-release.aar (androidx.lifecycle:lifecycle-viewmodel-android:2.8.6) with ExtractAarTransform
Transforming lifecycle-viewmodel-release.aar (androidx.lifecycle:lifecycle-viewmodel-android:2.8.6) with LibrarySymbolTableTransform
Transforming lifecycle-livedata-core-ktx-2.8.6.aar (androidx.lifecycle:lifecycle-livedata-core-ktx:2.8.6) with JetifyTransform
Transforming lifecycle-livedata-core-ktx-2.8.6.aar (androidx.lifecycle:lifecycle-livedata-core-ktx:2.8.6) with ExtractAarTransform
Transforming lifecycle-livedata-core-ktx-2.8.6.aar (androidx.lifecycle:lifecycle-livedata-core-ktx:2.8.6) with LibrarySymbolTableTransform
Transforming lifecycle-livedata-core-2.8.6.aar (androidx.lifecycle:lifecycle-livedata-core:2.8.6) with JetifyTransform
Transforming lifecycle-livedata-core-2.8.6.aar (androidx.lifecycle:lifecycle-livedata-core:2.8.6) with ExtractAarTransform
Transforming lifecycle-livedata-core-2.8.6.aar (androidx.lifecycle:lifecycle-livedata-core:2.8.6) with LibrarySymbolTableTransform
Transforming lifecycle-viewmodel-savedstate-2.8.6.aar (androidx.lifecycle:lifecycle-viewmodel-savedstate:2.8.6) with JetifyTransform
Transforming lifecycle-viewmodel-savedstate-2.8.6.aar (androidx.lifecycle:lifecycle-viewmodel-savedstate:2.8.6) with ExtractAarTransform
Transforming lifecycle-viewmodel-savedstate-2.8.6.aar (androidx.lifecycle:lifecycle-viewmodel-savedstate:2.8.6) with LibrarySymbolTableTransform
Transforming lifecycle-viewmodel-ktx-2.8.6.aar (androidx.lifecycle:lifecycle-viewmodel-ktx:2.8.6) with JetifyTransform
Transforming lifecycle-viewmodel-ktx-2.8.6.aar (androidx.lifecycle:lifecycle-viewmodel-ktx:2.8.6) with ExtractAarTransform
Transforming lifecycle-viewmodel-ktx-2.8.6.aar (androidx.lifecycle:lifecycle-viewmodel-ktx:2.8.6) with LibrarySymbolTableTransform
Transforming lifecycle-service-2.8.6.aar (androidx.lifecycle:lifecycle-service:2.8.6) with JetifyTransform
Transforming lifecycle-service-2.8.6.aar (androidx.lifecycle:lifecycle-service:2.8.6) with ExtractAarTransform
Transforming lifecycle-service-2.8.6.aar (androidx.lifecycle:lifecycle-service:2.8.6) with LibrarySymbolTableTransform
Transforming lifecycle-livedata-2.8.6.aar (androidx.lifecycle:lifecycle-livedata:2.8.6) with JetifyTransform
Transforming lifecycle-livedata-2.8.6.aar (androidx.lifecycle:lifecycle-livedata:2.8.6) with ExtractAarTransform
Transforming lifecycle-livedata-2.8.6.aar (androidx.lifecycle:lifecycle-livedata:2.8.6) with LibrarySymbolTableTransform
Transforming lifecycle-livedata-2.8.6.aar (androidx.lifecycle:lifecycle-livedata:2.8.6) with JetifyTransform
Transforming lifecycle-livedata-2.8.6.aar (androidx.lifecycle:lifecycle-livedata:2.8.6) with ExtractAarTransform
Transforming lifecycle-livedata-2.8.6.aar (androidx.lifecycle:lifecycle-livedata:2.8.6) with LibrarySymbolTableTransform
Transforming lifecycle-runtime-ktx-release.aar (androidx.lifecycle:lifecycle-runtime-ktx-android:2.8.6) with JetifyTransform
Transforming lifecycle-runtime-ktx-release.aar (androidx.lifecycle:lifecycle-runtime-ktx-android:2.8.6) with ExtractAarTransform
Transforming lifecycle-runtime-ktx-release.aar (androidx.lifecycle:lifecycle-runtime-ktx-android:2.8.6) with LibrarySymbolTableTransform
Transforming runtime-saveable-release.aar (androidx.compose.runtime:runtime-saveable-android:1.7.4) with JetifyTransform
Transforming runtime-saveable-release.aar (androidx.compose.runtime:runtime-saveable-android:1.7.4) with ExtractAarTransform
Transforming runtime-saveable-release.aar (androidx.compose.runtime:runtime-saveable-android:1.7.4) with LibrarySymbolTableTransform
Transforming runtime-release.aar (androidx.compose.runtime:runtime-android:1.7.4) with JetifyTransform
Transforming runtime-release.aar (androidx.compose.runtime:runtime-android:1.7.4) with ExtractAarTransform
Transforming runtime-release.aar (androidx.compose.runtime:runtime-android:1.7.4) with LibrarySymbolTableTransform
Transforming play-services-tasks-18.1.0.aar (com.google.android.gms:play-services-tasks:18.1.0) with JetifyTransform
Transforming play-services-tasks-18.1.0.aar (com.google.android.gms:play-services-tasks:18.1.0) with ExtractAarTransform
Transforming play-services-tasks-18.1.0.aar (com.google.android.gms:play-services-tasks:18.1.0) with LibrarySymbolTableTransform
Transforming play-services-tasks-18.1.0.aar (com.google.android.gms:play-services-tasks:18.1.0) with JetifyTransform
Transforming play-services-tasks-18.1.0.aar (com.google.android.gms:play-services-tasks:18.1.0) with ExtractAarTransform
Transforming play-services-tasks-18.1.0.aar (com.google.android.gms:play-services-tasks:18.1.0) with LibrarySymbolTableTransform
Transforming play-services-basement-18.3.0.aar (com.google.android.gms:play-services-basement:18.3.0) with JetifyTransform
Transforming play-services-basement-18.3.0.aar (com.google.android.gms:play-services-basement:18.3.0) with ExtractAarTransform
Transforming play-services-basement-18.3.0.aar (com.google.android.gms:play-services-basement:18.3.0) with LibrarySymbolTableTransform
Transforming fragment-1.1.0.aar (androidx.fragment:fragment:1.1.0) with JetifyTransform
Transforming fragment-1.1.0.aar (androidx.fragment:fragment:1.1.0) with ExtractAarTransform
Transforming fragment-1.1.0.aar (androidx.fragment:fragment:1.1.0) with LibrarySymbolTableTransform
Transforming activity-1.9.2.aar (androidx.activity:activity:1.9.2) with JetifyTransform
Transforming activity-1.9.2.aar (androidx.activity:activity:1.9.2) with ExtractAarTransform
Transforming activity-1.9.2.aar (androidx.activity:activity:1.9.2) with LibrarySymbolTableTransform
Transforming activity-1.9.2.aar (androidx.activity:activity:1.9.2) with JetifyTransform
Transforming activity-1.9.2.aar (androidx.activity:activity:1.9.2) with ExtractAarTransform
Transforming activity-1.9.2.aar (androidx.activity:activity:1.9.2) with LibrarySymbolTableTransform
Transforming activity-ktx-1.9.2.aar (androidx.activity:activity-ktx:1.9.2) with JetifyTransform
Transforming activity-ktx-1.9.2.aar (androidx.activity:activity-ktx:1.9.2) with ExtractAarTransform
Transforming activity-ktx-1.9.2.aar (androidx.activity:activity-ktx:1.9.2) with LibrarySymbolTableTransform
Transforming activity-compose-1.9.2.aar (androidx.activity:activity-compose:1.9.2) with JetifyTransform
Transforming activity-compose-1.9.2.aar (androidx.activity:activity-compose:1.9.2) with ExtractAarTransform
Transforming activity-compose-1.9.2.aar (androidx.activity:activity-compose:1.9.2) with LibrarySymbolTableTransform
Transforming core-splashscreen-1.0.1.aar (androidx.core:core-splashscreen:1.0.1) with JetifyTransform
Transforming core-splashscreen-1.0.1.aar (androidx.core:core-splashscreen:1.0.1) with ExtractAarTransform
Transforming core-splashscreen-1.0.1.aar (androidx.core:core-splashscreen:1.0.1) with LibrarySymbolTableTransform
Transforming versionedparcelable-1.1.1.aar (androidx.versionedparcelable:versionedparcelable:1.1.1) with JetifyTransform
Transforming versionedparcelable-1.1.1.aar (androidx.versionedparcelable:versionedparcelable:1.1.1) with ExtractAarTransform
Transforming versionedparcelable-1.1.1.aar (androidx.versionedparcelable:versionedparcelable:1.1.1) with LibrarySymbolTableTransform
Transforming annotation-experimental-1.4.1.aar (androidx.annotation:annotation-experimental:1.4.1) with JetifyTransform
Transforming annotation-experimental-1.4.1.aar (androidx.annotation:annotation-experimental:1.4.1) with ExtractAarTransform
Transforming annotation-experimental-1.4.1.aar (androidx.annotation:annotation-experimental:1.4.1) with LibrarySymbolTableTransform
Transforming firebase-components-18.0.0.aar (com.google.firebase:firebase-components:18.0.0) with JetifyTransform
Transforming firebase-components-18.0.0.aar (com.google.firebase:firebase-components:18.0.0) with ExtractAarTransform
Transforming firebase-components-18.0.0.aar (com.google.firebase:firebase-components:18.0.0) with LibrarySymbolTableTransform
Transforming room-runtime-2.2.5.aar (androidx.room:room-runtime:2.2.5) with JetifyTransform
Transforming room-runtime-2.2.5.aar (androidx.room:room-runtime:2.2.5) with ExtractAarTransform
Transforming room-runtime-2.2.5.aar (androidx.room:room-runtime:2.2.5) with LibrarySymbolTableTransform
Transforming sqlite-framework-2.1.0.aar (androidx.sqlite:sqlite-framework:2.1.0) with JetifyTransform
Transforming sqlite-framework-2.1.0.aar (androidx.sqlite:sqlite-framework:2.1.0) with ExtractAarTransform
Transforming sqlite-framework-2.1.0.aar (androidx.sqlite:sqlite-framework:2.1.0) with LibrarySymbolTableTransform
Transforming sqlite-framework-2.1.0.aar (androidx.sqlite:sqlite-framework:2.1.0) with JetifyTransform
Transforming sqlite-framework-2.1.0.aar (androidx.sqlite:sqlite-framework:2.1.0) with ExtractAarTransform
Transforming sqlite-framework-2.1.0.aar (androidx.sqlite:sqlite-framework:2.1.0) with LibrarySymbolTableTransform
Transforming sqlite-2.1.0.aar (androidx.sqlite:sqlite:2.1.0) with JetifyTransform
Transforming sqlite-2.1.0.aar (androidx.sqlite:sqlite:2.1.0) with ExtractAarTransform
Transforming sqlite-2.1.0.aar (androidx.sqlite:sqlite:2.1.0) with LibrarySymbolTableTransform
Transforming sqlite-2.1.0.aar (androidx.sqlite:sqlite:2.1.0) with JetifyTransform
Transforming sqlite-2.1.0.aar (androidx.sqlite:sqlite:2.1.0) with ExtractAarTransform
Transforming sqlite-2.1.0.aar (androidx.sqlite:sqlite:2.1.0) with LibrarySymbolTableTransform
Transforming profileinstaller-1.3.1.aar (androidx.profileinstaller:profileinstaller:1.3.1) with JetifyTransform
Transforming profileinstaller-1.3.1.aar (androidx.profileinstaller:profileinstaller:1.3.1) with ExtractAarTransform
Transforming profileinstaller-1.3.1.aar (androidx.profileinstaller:profileinstaller:1.3.1) with LibrarySymbolTableTransform
Transforming startup-runtime-1.1.1.aar (androidx.startup:startup-runtime:1.1.1) with JetifyTransform
Transforming startup-runtime-1.1.1.aar (androidx.startup:startup-runtime:1.1.1) with ExtractAarTransform
Transforming startup-runtime-1.1.1.aar (androidx.startup:startup-runtime:1.1.1) with LibrarySymbolTableTransform
Transforming tracing-1.0.0.aar (androidx.tracing:tracing:1.0.0) with JetifyTransform
Transforming tracing-1.0.0.aar (androidx.tracing:tracing:1.0.0) with ExtractAarTransform
Transforming tracing-1.0.0.aar (androidx.tracing:tracing:1.0.0) with LibrarySymbolTableTransform
Transforming firebase-datatransport-18.2.0.aar (com.google.firebase:firebase-datatransport:18.2.0) with JetifyTransform
Transforming firebase-datatransport-18.2.0.aar (com.google.firebase:firebase-datatransport:18.2.0) with ExtractAarTransform
Transforming firebase-datatransport-18.2.0.aar (com.google.firebase:firebase-datatransport:18.2.0) with LibrarySymbolTableTransform
Transforming transport-backend-cct-3.1.9.aar (com.google.android.datatransport:transport-backend-cct:3.1.9) with JetifyTransform
Transforming transport-backend-cct-3.1.9.aar (com.google.android.datatransport:transport-backend-cct:3.1.9) with ExtractAarTransform
Transforming transport-backend-cct-3.1.9.aar (com.google.android.datatransport:transport-backend-cct:3.1.9) with LibrarySymbolTableTransform
Transforming firebase-encoders-json-18.0.0.aar (com.google.firebase:firebase-encoders-json:18.0.0) with JetifyTransform
Transforming firebase-encoders-json-18.0.0.aar (com.google.firebase:firebase-encoders-json:18.0.0) with ExtractAarTransform
Transforming firebase-encoders-json-18.0.0.aar (com.google.firebase:firebase-encoders-json:18.0.0) with LibrarySymbolTableTransform
Transforming transport-runtime-3.1.9.aar (com.google.android.datatransport:transport-runtime:3.1.9) with JetifyTransform
Transforming transport-runtime-3.1.9.aar (com.google.android.datatransport:transport-runtime:3.1.9) with ExtractAarTransform
Transforming transport-runtime-3.1.9.aar (com.google.android.datatransport:transport-runtime:3.1.9) with LibrarySymbolTableTransform
Transforming transport-api-3.1.0.aar (com.google.android.datatransport:transport-api:3.1.0) with JetifyTransform
Transforming transport-api-3.1.0.aar (com.google.android.datatransport:transport-api:3.1.0) with ExtractAarTransform
Transforming transport-api-3.1.0.aar (com.google.android.datatransport:transport-api:3.1.0) with LibrarySymbolTableTransform
Transforming core-runtime-2.2.0.aar (androidx.arch.core:core-runtime:2.2.0) with JetifyTransform
Transforming core-runtime-2.2.0.aar (androidx.arch.core:core-runtime:2.2.0) with ExtractAarTransform
Transforming core-runtime-2.2.0.aar (androidx.arch.core:core-runtime:2.2.0) with LibrarySymbolTableTransform
Transforming core-runtime-2.2.0.aar (androidx.arch.core:core-runtime:2.2.0) with JetifyTransform
Transforming core-runtime-2.2.0.aar (androidx.arch.core:core-runtime:2.2.0) with ExtractAarTransform
Transforming core-runtime-2.2.0.aar (androidx.arch.core:core-runtime:2.2.0) with LibrarySymbolTableTransform
Transforming documentfile-1.0.0.aar (androidx.documentfile:documentfile:1.0.0) with JetifyTransform
Transforming documentfile-1.0.0.aar (androidx.documentfile:documentfile:1.0.0) with ExtractAarTransform
Transforming documentfile-1.0.0.aar (androidx.documentfile:documentfile:1.0.0) with LibrarySymbolTableTransform
Transforming localbroadcastmanager-1.0.0.aar (androidx.localbroadcastmanager:localbroadcastmanager:1.0.0) with JetifyTransform
Transforming localbroadcastmanager-1.0.0.aar (androidx.localbroadcastmanager:localbroadcastmanager:1.0.0) with ExtractAarTransform
Transforming localbroadcastmanager-1.0.0.aar (androidx.localbroadcastmanager:localbroadcastmanager:1.0.0) with LibrarySymbolTableTransform
Transforming print-1.0.0.aar (androidx.print:print:1.0.0) with JetifyTransform
Transforming print-1.0.0.aar (androidx.print:print:1.0.0) with ExtractAarTransform
Transforming print-1.0.0.aar (androidx.print:print:1.0.0) with LibrarySymbolTableTransform
Transforming interpolator-1.0.0.aar (androidx.interpolator:interpolator:1.0.0) with JetifyTransform
Transforming interpolator-1.0.0.aar (androidx.interpolator:interpolator:1.0.0) with ExtractAarTransform
Transforming interpolator-1.0.0.aar (androidx.interpolator:interpolator:1.0.0) with LibrarySymbolTableTransform
Registered task dependencies: app:debugCompileClasspath
Skipping misunderstood TO dep string: androidx.compose.ui:ui-tooling
Skipping misunderstood TO dep string: androidx.compose.ui:ui-test-manifest
Skipping misunderstood TO dep string: androidx.compose.ui:ui
Skipping misunderstood TO dep string: androidx.compose.material3:material3
Skipping misunderstood TO dep string: com.google.firebase:firebase-messaging-ktx
Starting dependency analysis
Caching disabled for task ':app:processDebugResources' because:
  Build cache is disabled
Skipping task ':app:processDebugResources' as it is up-to-date.
Resolve mutations for :app:compileDebugKotlin (Thread[#1327,Execution worker Thread 6,5,main]) started.
:app:compileDebugKotlin (Thread[#1327,Execution worker Thread 6,5,main]) started.

> Task :app:compileDebugKotlin UP-TO-DATE
Transforming core-splashscreen-1.0.1.aar (androidx.core:core-splashscreen:1.0.1) with JetifyTransform
Transforming core-splashscreen-1.0.1.aar (androidx.core:core-splashscreen:1.0.1) with AarToClassTransform
Transforming activity-ktx-1.9.2.aar (androidx.activity:activity-ktx:1.9.2) with JetifyTransform
Transforming activity-ktx-1.9.2.aar (androidx.activity:activity-ktx:1.9.2) with AarToClassTransform
Transforming activity-compose-1.9.2.aar (androidx.activity:activity-compose:1.9.2) with JetifyTransform
Transforming activity-compose-1.9.2.aar (androidx.activity:activity-compose:1.9.2) with AarToClassTransform
Transforming material3-release.aar (androidx.compose.material3:material3-android:1.3.0) with JetifyTransform
Transforming material3-release.aar (androidx.compose.material3:material3-android:1.3.0) with AarToClassTransform
Transforming ui-util-release.aar (androidx.compose.ui:ui-util-android:1.7.4) with JetifyTransform
Transforming ui-util-release.aar (androidx.compose.ui:ui-util-android:1.7.4) with AarToClassTransform
Transforming ui-unit-release.aar (androidx.compose.ui:ui-unit-android:1.7.4) with JetifyTransform
Transforming ui-unit-release.aar (androidx.compose.ui:ui-unit-android:1.7.4) with AarToClassTransform
Transforming ui-text-release.aar (androidx.compose.ui:ui-text-android:1.7.4) with JetifyTransform
Transforming ui-text-release.aar (androidx.compose.ui:ui-text-android:1.7.4) with AarToClassTransform
Transforming ui-graphics-release.aar (androidx.compose.ui:ui-graphics-android:1.7.4) with JetifyTransform
Transforming ui-graphics-release.aar (androidx.compose.ui:ui-graphics-android:1.7.4) with AarToClassTransform
Transforming foundation-layout-release.aar (androidx.compose.foundation:foundation-layout-android:1.7.4) with JetifyTransform
Transforming foundation-layout-release.aar (androidx.compose.foundation:foundation-layout-android:1.7.4) with AarToClassTransform
Transforming material-ripple-release.aar (androidx.compose.material:material-ripple-android:1.7.4) with JetifyTransform
Transforming material-ripple-release.aar (androidx.compose.material:material-ripple-android:1.7.4) with AarToClassTransform
Transforming foundation-release.aar (androidx.compose.foundation:foundation-android:1.7.4) with JetifyTransform
Transforming foundation-release.aar (androidx.compose.foundation:foundation-android:1.7.4) with AarToClassTransform
Transforming animation-core-release.aar (androidx.compose.animation:animation-core-android:1.7.4) with JetifyTransform
Transforming animation-core-release.aar (androidx.compose.animation:animation-core-android:1.7.4) with AarToClassTransform
Transforming animation-release.aar (androidx.compose.animation:animation-android:1.7.4) with JetifyTransform
Transforming animation-release.aar (androidx.compose.animation:animation-android:1.7.4) with AarToClassTransform
Transforming ui-geometry-release.aar (androidx.compose.ui:ui-geometry-android:1.7.4) with JetifyTransform
Transforming ui-geometry-release.aar (androidx.compose.ui:ui-geometry-android:1.7.4) with AarToClassTransform
Transforming ui-tooling-preview-release.aar (androidx.compose.ui:ui-tooling-preview-android:1.7.4) with JetifyTransform
Transforming ui-tooling-preview-release.aar (androidx.compose.ui:ui-tooling-preview-android:1.7.4) with AarToClassTransform
Transforming ui-tooling-data-release.aar (androidx.compose.ui:ui-tooling-data-android:1.7.4) with JetifyTransform
Transforming ui-tooling-data-release.aar (androidx.compose.ui:ui-tooling-data-android:1.7.4) with AarToClassTransform
Transforming material-icons-core-release.aar (androidx.compose.material:material-icons-core-android:1.7.4) with JetifyTransform
Transforming material-icons-core-release.aar (androidx.compose.material:material-icons-core-android:1.7.4) with AarToClassTransform
Transforming ui-release.aar (androidx.compose.ui:ui-android:1.7.4) with JetifyTransform
Transforming ui-release.aar (androidx.compose.ui:ui-android:1.7.4) with AarToClassTransform
Transforming ui-tooling-release.aar (androidx.compose.ui:ui-tooling-android:1.7.4) with JetifyTransform
Transforming ui-tooling-release.aar (androidx.compose.ui:ui-tooling-android:1.7.4) with AarToClassTransform
Transforming ui-test-manifest-1.7.4.aar (androidx.compose.ui:ui-test-manifest:1.7.4) with JetifyTransform
Transforming ui-test-manifest-1.7.4.aar (androidx.compose.ui:ui-test-manifest:1.7.4) with AarToClassTransform
Transforming play-services-ads-lite-23.2.0.aar (com.google.android.gms:play-services-ads-lite:23.2.0) with JetifyTransform
Transforming play-services-ads-lite-23.2.0.aar (com.google.android.gms:play-services-ads-lite:23.2.0) with AarToClassTransform
Transforming play-services-ads-base-23.2.0.aar (com.google.android.gms:play-services-ads-base:23.2.0) with JetifyTransform
Transforming play-services-ads-base-23.2.0.aar (com.google.android.gms:play-services-ads-base:23.2.0) with AarToClassTransform
Transforming play-services-measurement-sdk-api-20.1.2.aar (com.google.android.gms:play-services-measurement-sdk-api:20.1.2) with JetifyTransform
Transforming play-services-measurement-sdk-api-20.1.2.aar (com.google.android.gms:play-services-measurement-sdk-api:20.1.2) with AarToClassTransform
Transforming user-messaging-platform-2.2.0.aar (com.google.android.ump:user-messaging-platform:2.2.0) with JetifyTransform
Transforming user-messaging-platform-2.2.0.aar (com.google.android.ump:user-messaging-platform:2.2.0) with AarToClassTransform
Transforming play-services-measurement-base-20.1.2.aar (com.google.android.gms:play-services-measurement-base:20.1.2) with JetifyTransform
Transforming play-services-measurement-base-20.1.2.aar (com.google.android.gms:play-services-measurement-base:20.1.2) with AarToClassTransform
Transforming firebase-messaging-ktx-24.0.3.aar (com.google.firebase:firebase-messaging-ktx:24.0.3) with JetifyTransform
Transforming firebase-messaging-ktx-24.0.3.aar (com.google.firebase:firebase-messaging-ktx:24.0.3) with AarToClassTransform
Transforming firebase-messaging-24.0.3.aar (com.google.firebase:firebase-messaging:24.0.3) with JetifyTransform
Transforming firebase-messaging-24.0.3.aar (com.google.firebase:firebase-messaging:24.0.3) with AarToClassTransform
Transforming firebase-iid-interop-17.1.0.aar (com.google.firebase:firebase-iid-interop:17.1.0) with JetifyTransform
Transforming firebase-iid-interop-17.1.0.aar (com.google.firebase:firebase-iid-interop:17.1.0) with AarToClassTransform
Transforming firebase-measurement-connector-19.0.0.aar (com.google.firebase:firebase-measurement-connector:19.0.0) with JetifyTransform
Transforming firebase-measurement-connector-19.0.0.aar (com.google.firebase:firebase-measurement-connector:19.0.0) with AarToClassTransform
Transforming firebase-installations-18.0.0.aar (com.google.firebase:firebase-installations:18.0.0) with JetifyTransform
Transforming firebase-installations-18.0.0.aar (com.google.firebase:firebase-installations:18.0.0) with AarToClassTransform
Transforming firebase-installations-interop-17.1.1.aar (com.google.firebase:firebase-installations-interop:17.1.1) with JetifyTransform
Transforming firebase-installations-interop-17.1.1.aar (com.google.firebase:firebase-installations-interop:17.1.1) with AarToClassTransform
Transforming firebase-common-ktx-21.0.0.aar (com.google.firebase:firebase-common-ktx:21.0.0) with JetifyTransform
Transforming firebase-common-ktx-21.0.0.aar (com.google.firebase:firebase-common-ktx:21.0.0) with AarToClassTransform
Transforming firebase-common-21.0.0.aar (com.google.firebase:firebase-common:21.0.0) with JetifyTransform
Transforming firebase-common-21.0.0.aar (com.google.firebase:firebase-common:21.0.0) with AarToClassTransform
Transforming work-runtime-2.7.0.aar (androidx.work:work-runtime:2.7.0) with JetifyTransform
Transforming work-runtime-2.7.0.aar (androidx.work:work-runtime:2.7.0) with AarToClassTransform
Transforming core-ktx-1.13.1.aar (androidx.core:core-ktx:1.13.1) with JetifyTransform
Transforming core-ktx-1.13.1.aar (androidx.core:core-ktx:1.13.1) with AarToClassTransform
Transforming viewpager-1.0.0.aar (androidx.viewpager:viewpager:1.0.0) with JetifyTransform
Transforming viewpager-1.0.0.aar (androidx.viewpager:viewpager:1.0.0) with AarToClassTransform
Transforming loader-1.0.0.aar (androidx.loader:loader:1.0.0) with JetifyTransform
Transforming loader-1.0.0.aar (androidx.loader:loader:1.0.0) with AarToClassTransform
Transforming customview-1.0.0.aar (androidx.customview:customview:1.0.0) with JetifyTransform
Transforming customview-1.0.0.aar (androidx.customview:customview:1.0.0) with AarToClassTransform
Transforming core-1.13.1.aar (androidx.core:core:1.13.1) with JetifyTransform
Transforming core-1.13.1.aar (androidx.core:core:1.13.1) with AarToClassTransform
Transforming core-1.13.1.aar (androidx.core:core:1.13.1) with JetifyTransform
Transforming core-1.13.1.aar (androidx.core:core:1.13.1) with AarToClassTransform
Transforming lifecycle-runtime-compose-release.aar (androidx.lifecycle:lifecycle-runtime-compose-android:2.8.6) with JetifyTransform
Transforming lifecycle-runtime-compose-release.aar (androidx.lifecycle:lifecycle-runtime-compose-android:2.8.6) with AarToClassTransform
Transforming lifecycle-runtime-release.aar (androidx.lifecycle:lifecycle-runtime-android:2.8.6) with JetifyTransform
Transforming lifecycle-runtime-release.aar (androidx.lifecycle:lifecycle-runtime-android:2.8.6) with AarToClassTransform
Transforming lifecycle-livedata-core-ktx-2.8.6.aar (androidx.lifecycle:lifecycle-livedata-core-ktx:2.8.6) with JetifyTransform
Transforming lifecycle-livedata-core-ktx-2.8.6.aar (androidx.lifecycle:lifecycle-livedata-core-ktx:2.8.6) with AarToClassTransform
Transforming lifecycle-livedata-core-2.8.6.aar (androidx.lifecycle:lifecycle-livedata-core:2.8.6) with JetifyTransform
Transforming lifecycle-livedata-core-2.8.6.aar (androidx.lifecycle:lifecycle-livedata-core:2.8.6) with AarToClassTransform
Transforming lifecycle-viewmodel-2.8.6.aar (androidx.lifecycle:lifecycle-viewmodel:2.8.6) with JetifyTransform
Transforming lifecycle-viewmodel-2.8.6.aar (androidx.lifecycle:lifecycle-viewmodel:2.8.6) with AarToClassTransform
Transforming lifecycle-viewmodel-release.aar (androidx.lifecycle:lifecycle-viewmodel-android:2.8.6) with JetifyTransform
Transforming lifecycle-viewmodel-release.aar (androidx.lifecycle:lifecycle-viewmodel-android:2.8.6) with AarToClassTransform
Transforming lifecycle-viewmodel-ktx-2.8.6.aar (androidx.lifecycle:lifecycle-viewmodel-ktx:2.8.6) with JetifyTransform
Transforming lifecycle-viewmodel-ktx-2.8.6.aar (androidx.lifecycle:lifecycle-viewmodel-ktx:2.8.6) with AarToClassTransform
Transforming lifecycle-viewmodel-savedstate-2.8.6.aar (androidx.lifecycle:lifecycle-viewmodel-savedstate:2.8.6) with JetifyTransform
Transforming lifecycle-viewmodel-savedstate-2.8.6.aar (androidx.lifecycle:lifecycle-viewmodel-savedstate:2.8.6) with AarToClassTransform
Transforming lifecycle-livedata-2.8.6.aar (androidx.lifecycle:lifecycle-livedata:2.8.6) with JetifyTransform
Transforming lifecycle-livedata-2.8.6.aar (androidx.lifecycle:lifecycle-livedata:2.8.6) with AarToClassTransform
Transforming lifecycle-livedata-2.8.6.aar (androidx.lifecycle:lifecycle-livedata:2.8.6) with JetifyTransform
Transforming lifecycle-livedata-2.8.6.aar (androidx.lifecycle:lifecycle-livedata:2.8.6) with AarToClassTransform
Transforming lifecycle-runtime-ktx-release.aar (androidx.lifecycle:lifecycle-runtime-ktx-android:2.8.6) with JetifyTransform
Transforming lifecycle-runtime-ktx-release.aar (androidx.lifecycle:lifecycle-runtime-ktx-android:2.8.6) with AarToClassTransform
Transforming runtime-saveable-release.aar (androidx.compose.runtime:runtime-saveable-android:1.7.4) with JetifyTransform
Transforming runtime-saveable-release.aar (androidx.compose.runtime:runtime-saveable-android:1.7.4) with AarToClassTransform
Transforming runtime-release.aar (androidx.compose.runtime:runtime-android:1.7.4) with JetifyTransform
Transforming runtime-release.aar (androidx.compose.runtime:runtime-android:1.7.4) with AarToClassTransform
Transforming lifecycle-common-jvm-2.8.6.jar (androidx.lifecycle:lifecycle-common-jvm:2.8.6) with JetifyTransform
Transforming lifecycle-common-jvm-2.8.6.jar (androidx.lifecycle:lifecycle-common-jvm:2.8.6) with IdentityTransform
Transforming play-services-tasks-18.1.0.aar (com.google.android.gms:play-services-tasks:18.1.0) with JetifyTransform
Transforming play-services-tasks-18.1.0.aar (com.google.android.gms:play-services-tasks:18.1.0) with AarToClassTransform
Transforming play-services-tasks-18.1.0.aar (com.google.android.gms:play-services-tasks:18.1.0) with JetifyTransform
Transforming play-services-tasks-18.1.0.aar (com.google.android.gms:play-services-tasks:18.1.0) with AarToClassTransform
Transforming play-services-basement-18.3.0.aar (com.google.android.gms:play-services-basement:18.3.0) with JetifyTransform
Transforming play-services-basement-18.3.0.aar (com.google.android.gms:play-services-basement:18.3.0) with AarToClassTransform
Transforming fragment-1.1.0.aar (androidx.fragment:fragment:1.1.0) with JetifyTransform
Transforming fragment-1.1.0.aar (androidx.fragment:fragment:1.1.0) with AarToClassTransform
Transforming activity-1.9.2.aar (androidx.activity:activity:1.9.2) with JetifyTransform
Transforming activity-1.9.2.aar (androidx.activity:activity:1.9.2) with AarToClassTransform
Transforming activity-1.9.2.aar (androidx.activity:activity:1.9.2) with JetifyTransform
Transforming activity-1.9.2.aar (androidx.activity:activity:1.9.2) with AarToClassTransform
Transforming annotation-experimental-1.4.1.aar (androidx.annotation:annotation-experimental:1.4.1) with JetifyTransform
Transforming annotation-experimental-1.4.1.aar (androidx.annotation:annotation-experimental:1.4.1) with AarToClassTransform
Transforming savedstate-ktx-1.2.1.aar (androidx.savedstate:savedstate-ktx:1.2.1) with JetifyTransform
Transforming savedstate-ktx-1.2.1.aar (androidx.savedstate:savedstate-ktx:1.2.1) with AarToClassTransform
Transforming savedstate-1.2.1.aar (androidx.savedstate:savedstate:1.2.1) with JetifyTransform
Transforming savedstate-1.2.1.aar (androidx.savedstate:savedstate:1.2.1) with AarToClassTransform
Transforming kotlinx-coroutines-core-jvm-1.7.3.jar (org.jetbrains.kotlinx:kotlinx-coroutines-core-jvm:1.7.3) with JetifyTransform
Transforming kotlinx-coroutines-core-jvm-1.7.3.jar (org.jetbrains.kotlinx:kotlinx-coroutines-core-jvm:1.7.3) with IdentityTransform
Transforming versionedparcelable-1.1.1.aar (androidx.versionedparcelable:versionedparcelable:1.1.1) with JetifyTransform
Transforming versionedparcelable-1.1.1.aar (androidx.versionedparcelable:versionedparcelable:1.1.1) with AarToClassTransform
Transforming firebase-datatransport-18.2.0.aar (com.google.firebase:firebase-datatransport:18.2.0) with JetifyTransform
Transforming firebase-datatransport-18.2.0.aar (com.google.firebase:firebase-datatransport:18.2.0) with AarToClassTransform
Transforming transport-backend-cct-3.1.9.aar (com.google.android.datatransport:transport-backend-cct:3.1.9) with JetifyTransform
Transforming transport-backend-cct-3.1.9.aar (com.google.android.datatransport:transport-backend-cct:3.1.9) with AarToClassTransform
Transforming firebase-encoders-json-18.0.0.aar (com.google.firebase:firebase-encoders-json:18.0.0) with JetifyTransform
Transforming firebase-encoders-json-18.0.0.aar (com.google.firebase:firebase-encoders-json:18.0.0) with AarToClassTransform
Transforming transport-runtime-3.1.9.aar (com.google.android.datatransport:transport-runtime:3.1.9) with JetifyTransform
Transforming transport-runtime-3.1.9.aar (com.google.android.datatransport:transport-runtime:3.1.9) with AarToClassTransform
Transforming kotlinx-coroutines-play-services-1.7.3.jar (org.jetbrains.kotlinx:kotlinx-coroutines-play-services:1.7.3) with JetifyTransform
Transforming kotlinx-coroutines-play-services-1.7.3.jar (org.jetbrains.kotlinx:kotlinx-coroutines-play-services:1.7.3) with IdentityTransform
Transforming core-runtime-2.2.0.aar (androidx.arch.core:core-runtime:2.2.0) with JetifyTransform
Transforming core-runtime-2.2.0.aar (androidx.arch.core:core-runtime:2.2.0) with AarToClassTransform
Transforming transport-api-3.1.0.aar (com.google.android.datatransport:transport-api:3.1.0) with JetifyTransform
Transforming transport-api-3.1.0.aar (com.google.android.datatransport:transport-api:3.1.0) with AarToClassTransform
Transforming kotlinx-coroutines-android-1.7.3.jar (org.jetbrains.kotlinx:kotlinx-coroutines-android:1.7.3) with JetifyTransform
Transforming kotlinx-coroutines-android-1.7.3.jar (org.jetbrains.kotlinx:kotlinx-coroutines-android:1.7.3) with IdentityTransform
Transforming kotlin-stdlib-jdk8-1.8.22.jar (org.jetbrains.kotlin:kotlin-stdlib-jdk8:1.8.22) with JetifyTransform
Transforming kotlin-stdlib-jdk8-1.8.22.jar (org.jetbrains.kotlin:kotlin-stdlib-jdk8:1.8.22) with IdentityTransform
Transforming startup-runtime-1.1.1.aar (androidx.startup:startup-runtime:1.1.1) with JetifyTransform
Transforming startup-runtime-1.1.1.aar (androidx.startup:startup-runtime:1.1.1) with AarToClassTransform
Transforming firebase-components-18.0.0.aar (com.google.firebase:firebase-components:18.0.0) with JetifyTransform
Transforming firebase-components-18.0.0.aar (com.google.firebase:firebase-components:18.0.0) with AarToClassTransform
Transforming kotlin-stdlib-jdk7-1.8.22.jar (org.jetbrains.kotlin:kotlin-stdlib-jdk7:1.8.22) with JetifyTransform
Transforming kotlin-stdlib-jdk7-1.8.22.jar (org.jetbrains.kotlin:kotlin-stdlib-jdk7:1.8.22) with IdentityTransform
Transforming collection-jvm-1.4.4.jar (androidx.collection:collection-jvm:1.4.4) with JetifyTransform
Transforming collection-jvm-1.4.4.jar (androidx.collection:collection-jvm:1.4.4) with IdentityTransform
Transforming firebase-encoders-17.0.0.jar (com.google.firebase:firebase-encoders:17.0.0) with JetifyTransform
Transforming firebase-encoders-17.0.0.jar (com.google.firebase:firebase-encoders:17.0.0) with IdentityTransform
Transforming firebase-encoders-proto-16.0.0.jar (com.google.firebase:firebase-encoders-proto:16.0.0) with JetifyTransform
Transforming firebase-encoders-proto-16.0.0.jar (com.google.firebase:firebase-encoders-proto:16.0.0) with IdentityTransform
Transforming annotation-jvm-1.8.1.jar (androidx.annotation:annotation-jvm:1.8.1) with JetifyTransform
Transforming annotation-jvm-1.8.1.jar (androidx.annotation:annotation-jvm:1.8.1) with IdentityTransform
Transforming core-common-2.2.0.jar (androidx.arch.core:core-common:2.2.0) with JetifyTransform
Transforming core-common-2.2.0.jar (androidx.arch.core:core-common:2.2.0) with IdentityTransform
Transforming kotlin-stdlib-1.9.25.jar (org.jetbrains.kotlin:kotlin-stdlib:1.9.25) with JetifyTransform
Transforming kotlin-stdlib-1.9.25.jar (org.jetbrains.kotlin:kotlin-stdlib:1.9.25) with IdentityTransform
Transforming listenablefuture-1.0.jar (com.google.guava:listenablefuture:1.0) with JetifyTransform
Transforming listenablefuture-1.0.jar (com.google.guava:listenablefuture:1.0) with IdentityTransform
Transforming annotations-23.0.0.jar (org.jetbrains:annotations:23.0.0) with JetifyTransform
Transforming annotations-23.0.0.jar (org.jetbrains:annotations:23.0.0) with IdentityTransform
Transforming firebase-annotations-16.2.0.jar (com.google.firebase:firebase-annotations:16.2.0) with JetifyTransform
Transforming firebase-annotations-16.2.0.jar (com.google.firebase:firebase-annotations:16.2.0) with IdentityTransform
Transforming javax.inject-1.jar (javax.inject:javax.inject:1) with JetifyTransform
Transforming javax.inject-1.jar (javax.inject:javax.inject:1) with IdentityTransform
Transforming R.jar with ClasspathEntrySnapshotTransform
Transforming jetified-core-splashscreen-1.0.1-api.jar with ClasspathEntrySnapshotTransform
Transforming jetified-activity-ktx-1.9.2-api.jar with ClasspathEntrySnapshotTransform
Transforming jetified-activity-compose-1.9.2-api.jar with ClasspathEntrySnapshotTransform
Transforming jetified-material3-release-api.jar with ClasspathEntrySnapshotTransform
Transforming jetified-ui-util-release-api.jar with ClasspathEntrySnapshotTransform
Transforming jetified-ui-unit-release-api.jar with ClasspathEntrySnapshotTransform
Transforming jetified-ui-text-release-api.jar with ClasspathEntrySnapshotTransform
Transforming jetified-ui-graphics-release-api.jar with ClasspathEntrySnapshotTransform
Transforming jetified-foundation-layout-release-api.jar with ClasspathEntrySnapshotTransform
Transforming jetified-material-ripple-release-api.jar with ClasspathEntrySnapshotTransform
Transforming jetified-foundation-release-api.jar with ClasspathEntrySnapshotTransform
Transforming jetified-animation-core-release-api.jar with ClasspathEntrySnapshotTransform
Transforming jetified-animation-release-api.jar with ClasspathEntrySnapshotTransform
Transforming jetified-ui-geometry-release-api.jar with ClasspathEntrySnapshotTransform
Transforming jetified-ui-tooling-preview-release-api.jar with ClasspathEntrySnapshotTransform
Transforming jetified-ui-tooling-data-release-api.jar with ClasspathEntrySnapshotTransform
Transforming jetified-material-icons-core-release-api.jar with ClasspathEntrySnapshotTransform
Transforming jetified-ui-release-api.jar with ClasspathEntrySnapshotTransform
Transforming jetified-ui-tooling-release-api.jar with ClasspathEntrySnapshotTransform
Transforming jetified-ui-test-manifest-1.7.4-api.jar with ClasspathEntrySnapshotTransform
Transforming jetified-play-services-ads-lite-23.2.0-api.jar with ClasspathEntrySnapshotTransform
Transforming jetified-play-services-ads-base-23.2.0-api.jar with ClasspathEntrySnapshotTransform
Transforming jetified-play-services-measurement-sdk-api-20.1.2-api.jar with ClasspathEntrySnapshotTransform
Transforming jetified-user-messaging-platform-2.2.0-api.jar with ClasspathEntrySnapshotTransform
Transforming jetified-play-services-measurement-base-20.1.2-api.jar with ClasspathEntrySnapshotTransform
Transforming jetified-firebase-messaging-ktx-24.0.3-api.jar with ClasspathEntrySnapshotTransform
Transforming jetified-firebase-messaging-24.0.3-api.jar with ClasspathEntrySnapshotTransform
Transforming jetified-firebase-iid-interop-17.1.0-api.jar with ClasspathEntrySnapshotTransform
Transforming jetified-firebase-measurement-connector-19.0.0-api.jar with ClasspathEntrySnapshotTransform
Transforming jetified-firebase-installations-18.0.0-api.jar with ClasspathEntrySnapshotTransform
Transforming jetified-firebase-installations-interop-17.1.1-api.jar with ClasspathEntrySnapshotTransform
Transforming jetified-firebase-common-ktx-21.0.0-api.jar with ClasspathEntrySnapshotTransform
Transforming jetified-firebase-common-21.0.0-api.jar with ClasspathEntrySnapshotTransform
Transforming work-runtime-2.7.0-api.jar with ClasspathEntrySnapshotTransform
Transforming jetified-core-ktx-1.13.1-api.jar with ClasspathEntrySnapshotTransform
Transforming viewpager-1.0.0-api.jar with ClasspathEntrySnapshotTransform
Transforming loader-1.0.0-api.jar with ClasspathEntrySnapshotTransform
Transforming customview-1.0.0-api.jar with ClasspathEntrySnapshotTransform
Transforming core-1.13.1-api.jar with ClasspathEntrySnapshotTransform
Transforming jetified-lifecycle-common-jvm-2.8.6.jar with ClasspathEntrySnapshotTransform
Transforming jetified-lifecycle-runtime-compose-release-api.jar with ClasspathEntrySnapshotTransform
Transforming jetified-lifecycle-runtime-release-api.jar with ClasspathEntrySnapshotTransform
Transforming jetified-lifecycle-livedata-core-ktx-2.8.6-api.jar with ClasspathEntrySnapshotTransform
Transforming lifecycle-livedata-core-2.8.6-api.jar with ClasspathEntrySnapshotTransform
Transforming lifecycle-viewmodel-2.8.6-api.jar with ClasspathEntrySnapshotTransform
Transforming jetified-lifecycle-viewmodel-release-api.jar with ClasspathEntrySnapshotTransform
Transforming jetified-lifecycle-viewmodel-ktx-2.8.6-api.jar with ClasspathEntrySnapshotTransform
Transforming jetified-lifecycle-viewmodel-savedstate-2.8.6-api.jar with ClasspathEntrySnapshotTransform
Transforming lifecycle-livedata-2.8.6-api.jar with ClasspathEntrySnapshotTransform
Transforming jetified-lifecycle-runtime-ktx-release-api.jar with ClasspathEntrySnapshotTransform
Transforming jetified-runtime-saveable-release-api.jar with ClasspathEntrySnapshotTransform
Transforming jetified-runtime-release-api.jar with ClasspathEntrySnapshotTransform
Transforming jetified-kotlinx-coroutines-android-1.7.3.jar with ClasspathEntrySnapshotTransform
Transforming jetified-kotlinx-coroutines-core-jvm-1.7.3.jar with ClasspathEntrySnapshotTransform
Transforming jetified-kotlinx-coroutines-play-services-1.7.3.jar with ClasspathEntrySnapshotTransform
Transforming jetified-play-services-tasks-18.1.0-api.jar with ClasspathEntrySnapshotTransform
Transforming jetified-play-services-basement-18.3.0-api.jar with ClasspathEntrySnapshotTransform
Transforming fragment-1.1.0-api.jar with ClasspathEntrySnapshotTransform
Transforming jetified-activity-1.9.2-api.jar with ClasspathEntrySnapshotTransform
Transforming jetified-kotlin-stdlib-jdk8-1.8.22.jar with ClasspathEntrySnapshotTransform
Transforming jetified-annotation-experimental-1.4.1-api.jar with ClasspathEntrySnapshotTransform
Transforming jetified-savedstate-ktx-1.2.1-api.jar with ClasspathEntrySnapshotTransform
Transforming jetified-savedstate-1.2.1-api.jar with ClasspathEntrySnapshotTransform
Transforming jetified-kotlin-stdlib-jdk7-1.8.22.jar with ClasspathEntrySnapshotTransform
Transforming versionedparcelable-1.1.1-api.jar with ClasspathEntrySnapshotTransform
Transforming jetified-collection-jvm-1.4.4.jar with ClasspathEntrySnapshotTransform
Transforming jetified-firebase-datatransport-18.2.0-api.jar with ClasspathEntrySnapshotTransform
Transforming jetified-transport-backend-cct-3.1.9-api.jar with ClasspathEntrySnapshotTransform
Transforming jetified-firebase-encoders-json-18.0.0-api.jar with ClasspathEntrySnapshotTransform
Transforming jetified-transport-runtime-3.1.9-api.jar with ClasspathEntrySnapshotTransform
Transforming jetified-firebase-encoders-proto-16.0.0.jar with ClasspathEntrySnapshotTransform
Transforming jetified-firebase-encoders-17.0.0.jar with ClasspathEntrySnapshotTransform
Transforming core-runtime-2.2.0-api.jar with ClasspathEntrySnapshotTransform
Transforming jetified-transport-api-3.1.0-api.jar with ClasspathEntrySnapshotTransform
Transforming core-common-2.2.0.jar with ClasspathEntrySnapshotTransform
Transforming jetified-annotation-jvm-1.8.1.jar with ClasspathEntrySnapshotTransform
Transforming jetified-kotlin-stdlib-1.9.25.jar with ClasspathEntrySnapshotTransform
Transforming jetified-annotations-23.0.0.jar with ClasspathEntrySnapshotTransform
Transforming jetified-listenablefuture-1.0.jar with ClasspathEntrySnapshotTransform
Transforming jetified-startup-runtime-1.1.1-api.jar with ClasspathEntrySnapshotTransform
Transforming jetified-firebase-components-18.0.0-api.jar with ClasspathEntrySnapshotTransform
Transforming jetified-firebase-annotations-16.2.0.jar with ClasspathEntrySnapshotTransform
Transforming jetified-javax.inject-1.jar with ClasspathEntrySnapshotTransform
Transforming android.jar with ClasspathEntrySnapshotTransform
Transforming core-lambda-stubs.jar with ClasspathEntrySnapshotTransform
Registered task dependencies: app:kotlinCompilerClasspath
Starting dependency analysis
Registered task dependencies: app:kotlinCompilerPluginClasspathDebug
Starting dependency analysis
Caching disabled for task ':app:compileDebugKotlin' because:
  Build cache is disabled
Skipping task ':app:compileDebugKotlin' as it is up-to-date.
Resolve mutations for :app:javaPreCompileDebug (Thread[#1327,Execution worker Thread 6,5,main]) started.
:app:javaPreCompileDebug (Thread[#1327,Execution worker Thread 6,5,main]) started.

> Task :app:javaPreCompileDebug UP-TO-DATE
Caching disabled for task ':app:javaPreCompileDebug' because:
  Build cache is disabled
Skipping task ':app:javaPreCompileDebug' as it is up-to-date.
Resolve mutations for :app:compileDebugJavaWithJavac (Thread[#1327,Execution worker Thread 6,5,main]) started.
:app:compileDebugJavaWithJavac (Thread[#1327,Execution worker Thread 6,5,main]) started.

> Task :app:compileDebugJavaWithJavac NO-SOURCE
Skipping task ':app:compileDebugJavaWithJavac' as it has no source files and no previous output files.
Resolve mutations for :app:bundleDebugClassesToCompileJar (Thread[#1327,Execution worker Thread 6,5,main]) started.
:app:bundleDebugClassesToCompileJar (Thread[#1331,Execution worker Thread 9,5,main]) started.
Resolve mutations for :app:preDebugAndroidTestBuild (Thread[#1327,Execution worker Thread 6,5,main]) started.
:app:preDebugAndroidTestBuild (Thread[#1335,Execution worker Thread 13,5,main]) started.

> Task :app:preDebugAndroidTestBuild SKIPPED
Skipping task ':app:preDebugAndroidTestBuild' as task onlyIf 'Task is enabled' is false.
Resolve mutations for :app:checkDebugAndroidTestAarMetadata (Thread[#1335,Execution worker Thread 13,5,main]) started.
:app:checkDebugAndroidTestAarMetadata (Thread[#1335,Execution worker Thread 13,5,main]) started.
Resolve mutations for :app:generateDebugAndroidTestResValues (Thread[#1325,Execution worker Thread 4,5,main]) started.
:app:generateDebugAndroidTestResValues (Thread[#1332,Execution worker Thread 10,5,main]) started.

> Task :app:checkDebugAndroidTestAarMetadata
Transforming ui-test-release.aar (androidx.compose.ui:ui-test-android:1.7.4) with JetifyTransform
Transforming ui-test-junit4-release.aar (androidx.compose.ui:ui-test-junit4-android:1.7.4) with JetifyTransform
Transforming junit-1.1.5.aar (androidx.test.ext:junit:1.1.5) with JetifyTransform
Transforming espresso-core-3.5.1.aar (androidx.test.espresso:espresso-core:3.5.1) with JetifyTransform
Transforming core-1.5.0.aar (androidx.test:core:1.5.0) with JetifyTransform
Transforming runner-1.5.2.aar (androidx.test:runner:1.5.2) with JetifyTransform
Transforming storage-1.4.2.aar (androidx.test.services:storage:1.4.2) with JetifyTransform
Transforming junit-1.1.5.aar (androidx.test.ext:junit:1.1.5) with ExtractAarTransform
Transforming ui-test-junit4-release.aar (androidx.compose.ui:ui-test-junit4-android:1.7.4) with ExtractAarTransform
Transforming espresso-core-3.5.1.aar (androidx.test.espresso:espresso-core:3.5.1) with ExtractAarTransform
Transforming core-1.5.0.aar (androidx.test:core:1.5.0) with ExtractAarTransform
Transforming ui-test-release.aar (androidx.compose.ui:ui-test-android:1.7.4) with ExtractAarTransform
Transforming runner-1.5.2.aar (androidx.test:runner:1.5.2) with ExtractAarTransform
Transforming monitor-1.6.1.aar (androidx.test:monitor:1.6.1) with JetifyTransform
Transforming ui-test-junit4-release.aar (androidx.compose.ui:ui-test-junit4-android:1.7.4) with AarTransform
Transforming annotation-1.0.1.aar (androidx.test:annotation:1.0.1) with JetifyTransform
Transforming junit-1.1.5.aar (androidx.test.ext:junit:1.1.5) with AarTransform
Transforming espresso-core-3.5.1.aar (androidx.test.espresso:espresso-core:3.5.1) with AarTransform
Transforming storage-1.4.2.aar (androidx.test.services:storage:1.4.2) with ExtractAarTransform
Transforming core-1.5.0.aar (androidx.test:core:1.5.0) with AarTransform
Transforming monitor-1.6.1.aar (androidx.test:monitor:1.6.1) with ExtractAarTransform
Transforming espresso-idling-resource-3.5.1.aar (androidx.test.espresso:espresso-idling-resource:3.5.1) with JetifyTransform
Transforming runner-1.5.2.aar (androidx.test:runner:1.5.2) with AarTransform
Transforming ui-test-release.aar (androidx.compose.ui:ui-test-android:1.7.4) with AarTransform
Transforming annotation-1.0.1.aar (androidx.test:annotation:1.0.1) with ExtractAarTransform
Transforming storage-1.4.2.aar (androidx.test.services:storage:1.4.2) with AarTransform
Transforming monitor-1.6.1.aar (androidx.test:monitor:1.6.1) with AarTransform
Transforming espresso-idling-resource-3.5.1.aar (androidx.test.espresso:espresso-idling-resource:3.5.1) with ExtractAarTransform
Transforming annotation-1.0.1.aar (androidx.test:annotation:1.0.1) with AarTransform
Transforming espresso-idling-resource-3.5.1.aar (androidx.test.espresso:espresso-idling-resource:3.5.1) with AarTransform
Caching disabled for task ':app:checkDebugAndroidTestAarMetadata' because:
  Build cache is disabled
  Caching has been disabled for the task
Task ':app:checkDebugAndroidTestAarMetadata' is not up-to-date because:
  Output property 'dummyOutputDirectory' file C:\Users\joaop\OneDrive\Documentos\Creates\Jogo infantil\app\build\intermediates\aar_metadata_check\debugAndroidTest\checkDebugAndroidTestAarMetadata has been removed.

> Task :app:generateDebugAndroidTestResValues
Caching disabled for task ':app:generateDebugAndroidTestResValues' because:
  Build cache is disabled
Task ':app:generateDebugAndroidTestResValues' is not up-to-date because:
  Output property 'outputDirectory' file C:\Users\joaop\OneDrive\Documentos\Creates\Jogo infantil\app\build\generated\res\resValues\androidTest\debug has been removed.
Resolve mutations for :app:mapDebugAndroidTestSourceSetPaths (Thread[#1332,Execution worker Thread 10,5,main]) started.
:app:mapDebugAndroidTestSourceSetPaths (Thread[#1332,Execution worker Thread 10,5,main]) started.

> Task :app:mapDebugAndroidTestSourceSetPaths
Transforming ui-test-junit4-release.aar (androidx.compose.ui:ui-test-junit4-android:1.7.4) with JetifyTransform
Transforming ui-test-junit4-release.aar (androidx.compose.ui:ui-test-junit4-android:1.7.4) with ExtractAarTransform
Transforming ui-test-junit4-release.aar (androidx.compose.ui:ui-test-junit4-android:1.7.4) with AarTransform
Transforming ui-test-release.aar (androidx.compose.ui:ui-test-android:1.7.4) with JetifyTransform
Transforming ui-test-release.aar (androidx.compose.ui:ui-test-android:1.7.4) with ExtractAarTransform
Transforming ui-test-release.aar (androidx.compose.ui:ui-test-android:1.7.4) with AarTransform
Transforming junit-1.1.5.aar (androidx.test.ext:junit:1.1.5) with JetifyTransform
Transforming junit-1.1.5.aar (androidx.test.ext:junit:1.1.5) with ExtractAarTransform
Transforming junit-1.1.5.aar (androidx.test.ext:junit:1.1.5) with AarTransform
Transforming espresso-core-3.5.1.aar (androidx.test.espresso:espresso-core:3.5.1) with JetifyTransform
Transforming espresso-core-3.5.1.aar (androidx.test.espresso:espresso-core:3.5.1) with ExtractAarTransform
Transforming espresso-core-3.5.1.aar (androidx.test.espresso:espresso-core:3.5.1) with AarTransform
Transforming core-1.5.0.aar (androidx.test:core:1.5.0) with JetifyTransform
Transforming core-1.5.0.aar (androidx.test:core:1.5.0) with ExtractAarTransform
Transforming core-1.5.0.aar (androidx.test:core:1.5.0) with AarTransform
Transforming runner-1.5.2.aar (androidx.test:runner:1.5.2) with JetifyTransform
Transforming runner-1.5.2.aar (androidx.test:runner:1.5.2) with ExtractAarTransform
Transforming runner-1.5.2.aar (androidx.test:runner:1.5.2) with AarTransform
Transforming storage-1.4.2.aar (androidx.test.services:storage:1.4.2) with JetifyTransform
Transforming storage-1.4.2.aar (androidx.test.services:storage:1.4.2) with ExtractAarTransform
Transforming storage-1.4.2.aar (androidx.test.services:storage:1.4.2) with AarTransform
Transforming monitor-1.6.1.aar (androidx.test:monitor:1.6.1) with JetifyTransform
Transforming monitor-1.6.1.aar (androidx.test:monitor:1.6.1) with ExtractAarTransform
Transforming monitor-1.6.1.aar (androidx.test:monitor:1.6.1) with AarTransform
Transforming annotation-1.0.1.aar (androidx.test:annotation:1.0.1) with JetifyTransform
Transforming annotation-1.0.1.aar (androidx.test:annotation:1.0.1) with ExtractAarTransform
Transforming annotation-1.0.1.aar (androidx.test:annotation:1.0.1) with AarTransform
Transforming espresso-idling-resource-3.5.1.aar (androidx.test.espresso:espresso-idling-resource:3.5.1) with JetifyTransform
Transforming espresso-idling-resource-3.5.1.aar (androidx.test.espresso:espresso-idling-resource:3.5.1) with ExtractAarTransform
Transforming espresso-idling-resource-3.5.1.aar (androidx.test.espresso:espresso-idling-resource:3.5.1) with AarTransform
Caching disabled for task ':app:mapDebugAndroidTestSourceSetPaths' because:
  Build cache is disabled
  Caching has been disabled for the task
Task ':app:mapDebugAndroidTestSourceSetPaths' is not up-to-date because:
  Output property 'filepathMappingFile' file C:\Users\joaop\OneDrive\Documentos\Creates\Jogo infantil\app\build\intermediates\source_set_path_map\debugAndroidTest\mapDebugAndroidTestSourceSetPaths\file-map.txt has been removed.
Resolve mutations for :app:generateDebugAndroidTestResources (Thread[#1332,Execution worker Thread 10,5,main]) started.
:app:generateDebugAndroidTestResources (Thread[#1332,Execution worker Thread 10,5,main]) started.

> Task :app:generateDebugAndroidTestResources
Caching disabled for task ':app:generateDebugAndroidTestResources' because:
  Build cache is disabled
Task ':app:generateDebugAndroidTestResources' is not up-to-date because:
  Output property 'validationReportFile' file C:\Users\joaop\OneDrive\Documentos\Creates\Jogo infantil\app\build\intermediates\nested_resources_validation_report\debugAndroidTest\generateDebugAndroidTestResources\nestedResourcesValidationReport.txt has been removed.
Resolve mutations for :app:mergeDebugAndroidTestResources (Thread[#1332,Execution worker Thread 10,5,main]) started.
:app:mergeDebugAndroidTestResources (Thread[#1332,Execution worker Thread 10,5,main]) started.

> Task :app:bundleDebugClassesToCompileJar
Caching disabled for task ':app:bundleDebugClassesToCompileJar' because:
  Build cache is disabled
  Caching has been disabled for the task
Task ':app:bundleDebugClassesToCompileJar' is not up-to-date because:
  Output property 'outputJar' file C:\Users\joaop\OneDrive\Documentos\Creates\Jogo infantil\app\build\intermediates\compile_app_classes_jar\debug\bundleDebugClassesToCompileJar\classes.jar has been removed.
file or directory 'C:\Users\joaop\OneDrive\Documentos\Creates\Jogo infantil\app\build\intermediates\javac\debug\compileDebugJavaWithJavac\classes', not found
work action resolve classes.jar (project :app) (Thread[#1325,Execution worker Thread 4,5,main]) started.
Resolve mutations for :app:processDebugAndroidTestManifest (Thread[#1325,Execution worker Thread 4,5,main]) started.
:app:processDebugAndroidTestManifest (Thread[#1334,Execution worker Thread 12,5,main]) started.

> Task :app:processDebugAndroidTestManifest
Transforming ui-test-junit4-release.aar (androidx.compose.ui:ui-test-junit4-android:1.7.4) with JetifyTransform
Transforming ui-test-junit4-release.aar (androidx.compose.ui:ui-test-junit4-android:1.7.4) with ExtractAarTransform
Transforming ui-test-junit4-release.aar (androidx.compose.ui:ui-test-junit4-android:1.7.4) with AarTransform
Transforming ui-test-release.aar (androidx.compose.ui:ui-test-android:1.7.4) with JetifyTransform
Transforming ui-test-release.aar (androidx.compose.ui:ui-test-android:1.7.4) with ExtractAarTransform
Transforming ui-test-release.aar (androidx.compose.ui:ui-test-android:1.7.4) with AarTransform
Transforming junit-1.1.5.aar (androidx.test.ext:junit:1.1.5) with JetifyTransform
Transforming junit-1.1.5.aar (androidx.test.ext:junit:1.1.5) with ExtractAarTransform
Transforming junit-1.1.5.aar (androidx.test.ext:junit:1.1.5) with AarTransform
Transforming espresso-core-3.5.1.aar (androidx.test.espresso:espresso-core:3.5.1) with JetifyTransform
Transforming espresso-core-3.5.1.aar (androidx.test.espresso:espresso-core:3.5.1) with ExtractAarTransform
Transforming espresso-core-3.5.1.aar (androidx.test.espresso:espresso-core:3.5.1) with AarTransform
Transforming core-1.5.0.aar (androidx.test:core:1.5.0) with JetifyTransform
Transforming core-1.5.0.aar (androidx.test:core:1.5.0) with ExtractAarTransform
Transforming core-1.5.0.aar (androidx.test:core:1.5.0) with AarTransform
Transforming runner-1.5.2.aar (androidx.test:runner:1.5.2) with JetifyTransform
Transforming runner-1.5.2.aar (androidx.test:runner:1.5.2) with ExtractAarTransform
Transforming runner-1.5.2.aar (androidx.test:runner:1.5.2) with AarTransform
Transforming storage-1.4.2.aar (androidx.test.services:storage:1.4.2) with JetifyTransform
Transforming storage-1.4.2.aar (androidx.test.services:storage:1.4.2) with ExtractAarTransform
Transforming storage-1.4.2.aar (androidx.test.services:storage:1.4.2) with AarTransform
Transforming monitor-1.6.1.aar (androidx.test:monitor:1.6.1) with JetifyTransform
Transforming monitor-1.6.1.aar (androidx.test:monitor:1.6.1) with ExtractAarTransform
Transforming monitor-1.6.1.aar (androidx.test:monitor:1.6.1) with AarTransform
Transforming annotation-1.0.1.aar (androidx.test:annotation:1.0.1) with JetifyTransform
Transforming annotation-1.0.1.aar (androidx.test:annotation:1.0.1) with ExtractAarTransform
Transforming annotation-1.0.1.aar (androidx.test:annotation:1.0.1) with AarTransform
Transforming espresso-idling-resource-3.5.1.aar (androidx.test.espresso:espresso-idling-resource:3.5.1) with JetifyTransform
Transforming espresso-idling-resource-3.5.1.aar (androidx.test.espresso:espresso-idling-resource:3.5.1) with ExtractAarTransform
Transforming espresso-idling-resource-3.5.1.aar (androidx.test.espresso:espresso-idling-resource:3.5.1) with AarTransform
Transforming ui-test-junit4-release.aar (androidx.compose.ui:ui-test-junit4-android:1.7.4) with JetifyTransform
Transforming ui-test-junit4-release.aar (androidx.compose.ui:ui-test-junit4-android:1.7.4) with ExtractAarTransform
Transforming ui-test-junit4-release.aar (androidx.compose.ui:ui-test-junit4-android:1.7.4) with AarTransform
Transforming ui-test-release.aar (androidx.compose.ui:ui-test-android:1.7.4) with JetifyTransform
Transforming ui-test-release.aar (androidx.compose.ui:ui-test-android:1.7.4) with ExtractAarTransform
Transforming ui-test-release.aar (androidx.compose.ui:ui-test-android:1.7.4) with AarTransform
Transforming junit-1.1.5.aar (androidx.test.ext:junit:1.1.5) with JetifyTransform
Transforming junit-1.1.5.aar (androidx.test.ext:junit:1.1.5) with ExtractAarTransform
Transforming junit-1.1.5.aar (androidx.test.ext:junit:1.1.5) with AarTransform
Transforming espresso-core-3.5.1.aar (androidx.test.espresso:espresso-core:3.5.1) with JetifyTransform
Transforming espresso-core-3.5.1.aar (androidx.test.espresso:espresso-core:3.5.1) with ExtractAarTransform
Transforming espresso-core-3.5.1.aar (androidx.test.espresso:espresso-core:3.5.1) with AarTransform
Transforming core-1.5.0.aar (androidx.test:core:1.5.0) with JetifyTransform
Transforming core-1.5.0.aar (androidx.test:core:1.5.0) with ExtractAarTransform
Transforming core-1.5.0.aar (androidx.test:core:1.5.0) with AarTransform
Transforming runner-1.5.2.aar (androidx.test:runner:1.5.2) with JetifyTransform
Transforming runner-1.5.2.aar (androidx.test:runner:1.5.2) with ExtractAarTransform
Transforming runner-1.5.2.aar (androidx.test:runner:1.5.2) with AarTransform
Transforming storage-1.4.2.aar (androidx.test.services:storage:1.4.2) with JetifyTransform
Transforming storage-1.4.2.aar (androidx.test.services:storage:1.4.2) with ExtractAarTransform
Transforming storage-1.4.2.aar (androidx.test.services:storage:1.4.2) with AarTransform
Transforming monitor-1.6.1.aar (androidx.test:monitor:1.6.1) with JetifyTransform
Transforming monitor-1.6.1.aar (androidx.test:monitor:1.6.1) with ExtractAarTransform
Transforming monitor-1.6.1.aar (androidx.test:monitor:1.6.1) with AarTransform
Transforming annotation-1.0.1.aar (androidx.test:annotation:1.0.1) with JetifyTransform
Transforming annotation-1.0.1.aar (androidx.test:annotation:1.0.1) with ExtractAarTransform
Transforming annotation-1.0.1.aar (androidx.test:annotation:1.0.1) with AarTransform
Transforming espresso-idling-resource-3.5.1.aar (androidx.test.espresso:espresso-idling-resource:3.5.1) with JetifyTransform
Transforming espresso-idling-resource-3.5.1.aar (androidx.test.espresso:espresso-idling-resource:3.5.1) with ExtractAarTransform
Transforming espresso-idling-resource-3.5.1.aar (androidx.test.espresso:espresso-idling-resource:3.5.1) with AarTransform
Caching disabled for task ':app:processDebugAndroidTestManifest' because:
  Build cache is disabled
  Caching has been disabled for the task
Task ':app:processDebugAndroidTestManifest' is not up-to-date because:
  Output property 'mergeBlameFile' file C:\Users\joaop\OneDrive\Documentos\Creates\Jogo infantil\app\build\intermediates\manifest_merge_blame_file\debugAndroidTest\processDebugAndroidTestManifest\manifest-merger-blame-debug-androidTest-report.txt has been removed.
  Output property 'packagedManifestOutputDirectory' file C:\Users\joaop\OneDrive\Documentos\Creates\Jogo infantil\app\build\intermediates\packaged_manifests\debugAndroidTest\processDebugAndroidTestManifest has been removed.
  Output property 'packagedManifestOutputDirectory' file C:\Users\joaop\OneDrive\Documentos\Creates\Jogo infantil\app\build\intermediates\packaged_manifests\debugAndroidTest\processDebugAndroidTestManifest\AndroidManifest.xml has been removed.
  and more...
Generating in C:\Users\joaop\OneDrive\Documentos\Creates\Jogo infantil\app\build\intermediates\tmp\manifest\androidTest\debug\tempFile1ProcessTestManifest14013339305468039139.xml
Loading library manifest C:\Users\joaop\.gradle\caches\8.10.2\transforms\1a4efe841c77fac239983ec38a406f04\transformed\jetified-ui-test-junit4-release\AndroidManifest.xml
Loading library manifest C:\Users\joaop\.gradle\caches\8.10.2\transforms\941434174bdcd9c258b1b88b0e3bf6f8\transformed\jetified-ui-test-release\AndroidManifest.xml
Loading library manifest C:\Users\joaop\.gradle\caches\8.10.2\transforms\280e19bcc964f3d88fa357f4d28044d3\transformed\jetified-junit-1.1.5\AndroidManifest.xml
Loading library manifest C:\Users\joaop\.gradle\caches\8.10.2\transforms\741a73acde6c3b9adcd9ffb568096f9d\transformed\espresso-core-3.5.1\AndroidManifest.xml
Loading library manifest C:\Users\joaop\.gradle\caches\8.10.2\transforms\7f10d094dad7d7534d5bad805c553466\transformed\jetified-core-1.5.0\AndroidManifest.xml
Loading library manifest C:\Users\joaop\.gradle\caches\8.10.2\transforms\135b83160bc625a640c9ab2c454573f5\transformed\runner-1.5.2\AndroidManifest.xml
Loading library manifest C:\Users\joaop\.gradle\caches\8.10.2\transforms\217330b2d8e5eab9392de536c447a5ec\transformed\jetified-storage-1.4.2\AndroidManifest.xml
Loading library manifest C:\Users\joaop\.gradle\caches\8.10.2\transforms\04a2936b4f0c2403421b21307f0c96b7\transformed\monitor-1.6.1\AndroidManifest.xml
Loading library manifest C:\Users\joaop\.gradle\caches\8.10.2\transforms\a28d0d031fe3c1758ed42a6f8deebb1c\transformed\jetified-annotation-1.0.1\AndroidManifest.xml
Loading library manifest C:\Users\joaop\.gradle\caches\8.10.2\transforms\1772a58acb1ba7948318375911a2b0b6\transformed\espresso-idling-resource-3.5.1\AndroidManifest.xml
Merging main manifest C:\Users\joaop\OneDrive\Documentos\Creates\Jogo infantil\app\build\intermediates\tmp\manifest\androidTest\debug\tempFile1ProcessTestManifest14013339305468039139.xml

Merging library manifest C:\Users\joaop\.gradle\caches\8.10.2\transforms\1a4efe841c77fac239983ec38a406f04\transformed\jetified-ui-test-junit4-release\AndroidManifest.xml
Merging manifest with lower [androidx.compose.ui:ui-test-junit4-android:1.7.4] AndroidManifest.xml:2:1-7:12
uses-sdk defined in both files...
Merging uses-sdk with lower [androidx.compose.ui:ui-test-junit4-android:1.7.4] AndroidManifest.xml:5:5-44
Merging library manifest C:\Users\joaop\.gradle\caches\8.10.2\transforms\941434174bdcd9c258b1b88b0e3bf6f8\transformed\jetified-ui-test-release\AndroidManifest.xml
Merging manifest with lower [androidx.compose.ui:ui-test-android:1.7.4] AndroidManifest.xml:2:1-7:12
uses-sdk defined in both files...
Merging uses-sdk with lower [androidx.compose.ui:ui-test-android:1.7.4] AndroidManifest.xml:5:5-44
Merging library manifest C:\Users\joaop\.gradle\caches\8.10.2\transforms\280e19bcc964f3d88fa357f4d28044d3\transformed\jetified-junit-1.1.5\AndroidManifest.xml
Merging manifest with lower [androidx.test.ext:junit:1.1.5] AndroidManifest.xml:17:1-24:12
uses-sdk defined in both files...
Merging uses-sdk with lower [androidx.test.ext:junit:1.1.5] AndroidManifest.xml:20:5-22:41
Merging library manifest C:\Users\joaop\.gradle\caches\8.10.2\transforms\741a73acde6c3b9adcd9ffb568096f9d\transformed\espresso-core-3.5.1\AndroidManifest.xml
Merging manifest with lower [androidx.test.espresso:espresso-core:3.5.1] AndroidManifest.xml:17:1-24:12
uses-sdk defined in both files...
Merging uses-sdk with lower [androidx.test.espresso:espresso-core:3.5.1] AndroidManifest.xml:20:5-22:41
Merging library manifest C:\Users\joaop\.gradle\caches\8.10.2\transforms\7f10d094dad7d7534d5bad805c553466\transformed\jetified-core-1.5.0\AndroidManifest.xml
Merging manifest with lower [androidx.test:core:1.5.0] AndroidManifest.xml:17:1-53:12
uses-sdk defined in both files...
Merging uses-sdk with lower [androidx.test:core:1.5.0] AndroidManifest.xml:20:5-22:41
Adopted [uses-permission: null]
application defined in both files...
Merging application with lower [androidx.test:core:1.5.0] AndroidManifest.xml:26:5-51:19
Adopted [activity: null]
Adopted [activity: null]
Adopted [activity: null]
Merging library manifest C:\Users\joaop\.gradle\caches\8.10.2\transforms\135b83160bc625a640c9ab2c454573f5\transformed\runner-1.5.2\AndroidManifest.xml
Merging manifest with lower [androidx.test:runner:1.5.2] AndroidManifest.xml:17:1-32:12
uses-sdk defined in both files...
Merging uses-sdk with lower [androidx.test:runner:1.5.2] AndroidManifest.xml:20:5-22:41
Adopted [queries: null]
application defined in both files...
Merging application with lower [androidx.test:runner:1.5.2] AndroidManifest.xml:30:5-20
Merging library manifest C:\Users\joaop\.gradle\caches\8.10.2\transforms\217330b2d8e5eab9392de536c447a5ec\transformed\jetified-storage-1.4.2\AndroidManifest.xml
Merging manifest with lower [androidx.test.services:storage:1.4.2] AndroidManifest.xml:17:1-24:12
uses-sdk defined in both files...
Merging uses-sdk with lower [androidx.test.services:storage:1.4.2] AndroidManifest.xml:20:5-22:41
Merging library manifest C:\Users\joaop\.gradle\caches\8.10.2\transforms\04a2936b4f0c2403421b21307f0c96b7\transformed\monitor-1.6.1\AndroidManifest.xml
Merging manifest with lower [androidx.test:monitor:1.6.1] AndroidManifest.xml:17:1-24:12
uses-sdk defined in both files...
Merging uses-sdk with lower [androidx.test:monitor:1.6.1] AndroidManifest.xml:20:5-22:41
Merging library manifest C:\Users\joaop\.gradle\caches\8.10.2\transforms\a28d0d031fe3c1758ed42a6f8deebb1c\transformed\jetified-annotation-1.0.1\AndroidManifest.xml
Merging manifest with lower [androidx.test:annotation:1.0.1] AndroidManifest.xml:17:1-24:12
uses-sdk defined in both files...
Merging uses-sdk with lower [androidx.test:annotation:1.0.1] AndroidManifest.xml:20:5-22:41
Merging library manifest C:\Users\joaop\.gradle\caches\8.10.2\transforms\1772a58acb1ba7948318375911a2b0b6\transformed\espresso-idling-resource-3.5.1\AndroidManifest.xml
Merging manifest with lower [androidx.test.espresso:espresso-idling-resource:3.5.1] AndroidManifest.xml:17:1-24:12
uses-sdk defined in both files...
Merging uses-sdk with lower [androidx.test.espresso:espresso-idling-resource:3.5.1] AndroidManifest.xml:20:5-22:41
1<?xml version="1.0" encoding="utf-8"?>
2<manifest xmlns:android="http://schemas.android.com/apk/res/android"
3    package="com.joaop.matematicadivertida.test" >
4
5    <uses-sdk
5-->C:\Users\joaop\OneDrive\Documentos\Creates\Jogo infantil\app\build\intermediates\tmp\manifest\androidTest\debug\tempFile1ProcessTestManifest14013339305468039139.xml:5:5-74
6        android:minSdkVersion="24"
6-->C:\Users\joaop\OneDrive\Documentos\Creates\Jogo infantil\app\build\intermediates\tmp\manifest\androidTest\debug\tempFile1ProcessTestManifest14013339305468039139.xml:5:15-41
7        android:targetSdkVersion="35" />
7-->C:\Users\joaop\OneDrive\Documentos\Creates\Jogo infantil\app\build\intermediates\tmp\manifest\androidTest\debug\tempFile1ProcessTestManifest14013339305468039139.xml:5:42-71
8
9    <instrumentation
9-->C:\Users\joaop\OneDrive\Documentos\Creates\Jogo infantil\app\build\intermediates\tmp\manifest\androidTest\debug\tempFile1ProcessTestManifest14013339305468039139.xml:11:5-15:79
10        android:name="android.test.InstrumentationTestRunner"
10-->C:\Users\joaop\OneDrive\Documentos\Creates\Jogo infantil\app\build\intermediates\tmp\manifest\androidTest\debug\tempFile1ProcessTestManifest14013339305468039139.xml:11:22-75
11        android:functionalTest="false"
11-->C:\Users\joaop\OneDrive\Documentos\Creates\Jogo infantil\app\build\intermediates\tmp\manifest\androidTest\debug\tempFile1ProcessTestManifest14013339305468039139.xml:14:22-52
12        android:handleProfiling="false"
12-->C:\Users\joaop\OneDrive\Documentos\Creates\Jogo infantil\app\build\intermediates\tmp\manifest\androidTest\debug\tempFile1ProcessTestManifest14013339305468039139.xml:13:22-53
13        android:label="Tests for com.joaop.matematicadivertida"
13-->C:\Users\joaop\OneDrive\Documentos\Creates\Jogo infantil\app\build\intermediates\tmp\manifest\androidTest\debug\tempFile1ProcessTestManifest14013339305468039139.xml:15:22-77
14        android:targetPackage="com.joaop.matematicadivertida" />
14-->C:\Users\joaop\OneDrive\Documentos\Creates\Jogo infantil\app\build\intermediates\tmp\manifest\androidTest\debug\tempFile1ProcessTestManifest14013339305468039139.xml:12:22-75
15
16    <uses-permission android:name="android.permission.REORDER_TASKS" />
16-->[androidx.test:core:1.5.0] C:\Users\joaop\.gradle\caches\8.10.2\transforms\7f10d094dad7d7534d5bad805c553466\transformed\jetified-core-1.5.0\AndroidManifest.xml:24:5-72
16-->[androidx.test:core:1.5.0] C:\Users\joaop\.gradle\caches\8.10.2\transforms\7f10d094dad7d7534d5bad805c553466\transformed\jetified-core-1.5.0\AndroidManifest.xml:24:22-69
17
18    <queries>
18-->[androidx.test:runner:1.5.2] C:\Users\joaop\.gradle\caches\8.10.2\transforms\135b83160bc625a640c9ab2c454573f5\transformed\runner-1.5.2\AndroidManifest.xml:24:5-28:15
19        <package android:name="androidx.test.orchestrator" />
19-->[androidx.test:runner:1.5.2] C:\Users\joaop\.gradle\caches\8.10.2\transforms\135b83160bc625a640c9ab2c454573f5\transformed\runner-1.5.2\AndroidManifest.xml:25:9-62
19-->[androidx.test:runner:1.5.2] C:\Users\joaop\.gradle\caches\8.10.2\transforms\135b83160bc625a640c9ab2c454573f5\transformed\runner-1.5.2\AndroidManifest.xml:25:18-59
20        <package android:name="androidx.test.services" />
20-->[androidx.test:runner:1.5.2] C:\Users\joaop\.gradle\caches\8.10.2\transforms\135b83160bc625a640c9ab2c454573f5\transformed\runner-1.5.2\AndroidManifest.xml:26:9-58
20-->[androidx.test:runner:1.5.2] C:\Users\joaop\.gradle\caches\8.10.2\transforms\135b83160bc625a640c9ab2c454573f5\transformed\runner-1.5.2\AndroidManifest.xml:26:18-55
21        <package android:name="com.google.android.apps.common.testing.services" />
21-->[androidx.test:runner:1.5.2] C:\Users\joaop\.gradle\caches\8.10.2\transforms\135b83160bc625a640c9ab2c454573f5\transformed\runner-1.5.2\AndroidManifest.xml:27:9-83
21-->[androidx.test:runner:1.5.2] C:\Users\joaop\.gradle\caches\8.10.2\transforms\135b83160bc625a640c9ab2c454573f5\transformed\runner-1.5.2\AndroidManifest.xml:27:18-80
22    </queries>
23
24    <application
24-->C:\Users\joaop\OneDrive\Documentos\Creates\Jogo infantil\app\build\intermediates\tmp\manifest\androidTest\debug\tempFile1ProcessTestManifest14013339305468039139.xml:7:5-9:19
25        android:debuggable="true"
26        android:extractNativeLibs="false" >
27        <uses-library android:name="android.test.runner" />
27-->C:\Users\joaop\OneDrive\Documentos\Creates\Jogo infantil\app\build\intermediates\tmp\manifest\androidTest\debug\tempFile1ProcessTestManifest14013339305468039139.xml:8:9-60
27-->C:\Users\joaop\OneDrive\Documentos\Creates\Jogo infantil\app\build\intermediates\tmp\manifest\androidTest\debug\tempFile1ProcessTestManifest14013339305468039139.xml:8:23-57
28
29        <activity
29-->[androidx.test:core:1.5.0] C:\Users\joaop\.gradle\caches\8.10.2\transforms\7f10d094dad7d7534d5bad805c553466\transformed\jetified-core-1.5.0\AndroidManifest.xml:27:9-34:20
30            android:name="androidx.test.core.app.InstrumentationActivityInvoker$BootstrapActivity"
30-->[androidx.test:core:1.5.0] C:\Users\joaop\.gradle\caches\8.10.2\transforms\7f10d094dad7d7534d5bad805c553466\transformed\jetified-core-1.5.0\AndroidManifest.xml:28:13-99
31            android:exported="true"
31-->[androidx.test:core:1.5.0] C:\Users\joaop\.gradle\caches\8.10.2\transforms\7f10d094dad7d7534d5bad805c553466\transformed\jetified-core-1.5.0\AndroidManifest.xml:29:13-36
32            android:theme="@style/WhiteBackgroundTheme" >
32-->[androidx.test:core:1.5.0] C:\Users\joaop\.gradle\caches\8.10.2\transforms\7f10d094dad7d7534d5bad805c553466\transformed\jetified-core-1.5.0\AndroidManifest.xml:30:13-56
33            <intent-filter android:priority="-100" >
33-->[androidx.test:core:1.5.0] C:\Users\joaop\.gradle\caches\8.10.2\transforms\7f10d094dad7d7534d5bad805c553466\transformed\jetified-core-1.5.0\AndroidManifest.xml:31:13-33:29
33-->[androidx.test:core:1.5.0] C:\Users\joaop\.gradle\caches\8.10.2\transforms\7f10d094dad7d7534d5bad805c553466\transformed\jetified-core-1.5.0\AndroidManifest.xml:31:28-51
34                <category android:name="android.intent.category.LAUNCHER" />
34-->[androidx.test:core:1.5.0] C:\Users\joaop\.gradle\caches\8.10.2\transforms\7f10d094dad7d7534d5bad805c553466\transformed\jetified-core-1.5.0\AndroidManifest.xml:32:17-77
34-->[androidx.test:core:1.5.0] C:\Users\joaop\.gradle\caches\8.10.2\transforms\7f10d094dad7d7534d5bad805c553466\transformed\jetified-core-1.5.0\AndroidManifest.xml:32:27-74
35            </intent-filter>
36        </activity>
37        <activity
37-->[androidx.test:core:1.5.0] C:\Users\joaop\.gradle\caches\8.10.2\transforms\7f10d094dad7d7534d5bad805c553466\transformed\jetified-core-1.5.0\AndroidManifest.xml:35:9-42:20
38            android:name="androidx.test.core.app.InstrumentationActivityInvoker$EmptyActivity"
38-->[androidx.test:core:1.5.0] C:\Users\joaop\.gradle\caches\8.10.2\transforms\7f10d094dad7d7534d5bad805c553466\transformed\jetified-core-1.5.0\AndroidManifest.xml:36:13-95
39            android:exported="true"
39-->[androidx.test:core:1.5.0] C:\Users\joaop\.gradle\caches\8.10.2\transforms\7f10d094dad7d7534d5bad805c553466\transformed\jetified-core-1.5.0\AndroidManifest.xml:37:13-36
40            android:theme="@style/WhiteBackgroundTheme" >
40-->[androidx.test:core:1.5.0] C:\Users\joaop\.gradle\caches\8.10.2\transforms\7f10d094dad7d7534d5bad805c553466\transformed\jetified-core-1.5.0\AndroidManifest.xml:38:13-56
41            <intent-filter android:priority="-100" >
41-->[androidx.test:core:1.5.0] C:\Users\joaop\.gradle\caches\8.10.2\transforms\7f10d094dad7d7534d5bad805c553466\transformed\jetified-core-1.5.0\AndroidManifest.xml:31:13-33:29
41-->[androidx.test:core:1.5.0] C:\Users\joaop\.gradle\caches\8.10.2\transforms\7f10d094dad7d7534d5bad805c553466\transformed\jetified-core-1.5.0\AndroidManifest.xml:31:28-51
42                <category android:name="android.intent.category.LAUNCHER" />
42-->[androidx.test:core:1.5.0] C:\Users\joaop\.gradle\caches\8.10.2\transforms\7f10d094dad7d7534d5bad805c553466\transformed\jetified-core-1.5.0\AndroidManifest.xml:32:17-77
42-->[androidx.test:core:1.5.0] C:\Users\joaop\.gradle\caches\8.10.2\transforms\7f10d094dad7d7534d5bad805c553466\transformed\jetified-core-1.5.0\AndroidManifest.xml:32:27-74
43            </intent-filter>
44        </activity>
45        <activity
45-->[androidx.test:core:1.5.0] C:\Users\joaop\.gradle\caches\8.10.2\transforms\7f10d094dad7d7534d5bad805c553466\transformed\jetified-core-1.5.0\AndroidManifest.xml:43:9-50:20
46            android:name="androidx.test.core.app.InstrumentationActivityInvoker$EmptyFloatingActivity"
46-->[androidx.test:core:1.5.0] C:\Users\joaop\.gradle\caches\8.10.2\transforms\7f10d094dad7d7534d5bad805c553466\transformed\jetified-core-1.5.0\AndroidManifest.xml:44:13-103
47            android:exported="true"
47-->[androidx.test:core:1.5.0] C:\Users\joaop\.gradle\caches\8.10.2\transforms\7f10d094dad7d7534d5bad805c553466\transformed\jetified-core-1.5.0\AndroidManifest.xml:45:13-36
48            android:theme="@style/WhiteBackgroundDialogTheme" >
48-->[androidx.test:core:1.5.0] C:\Users\joaop\.gradle\caches\8.10.2\transforms\7f10d094dad7d7534d5bad805c553466\transformed\jetified-core-1.5.0\AndroidManifest.xml:46:13-62
49            <intent-filter android:priority="-100" >
49-->[androidx.test:core:1.5.0] C:\Users\joaop\.gradle\caches\8.10.2\transforms\7f10d094dad7d7534d5bad805c553466\transformed\jetified-core-1.5.0\AndroidManifest.xml:31:13-33:29
49-->[androidx.test:core:1.5.0] C:\Users\joaop\.gradle\caches\8.10.2\transforms\7f10d094dad7d7534d5bad805c553466\transformed\jetified-core-1.5.0\AndroidManifest.xml:31:28-51
50                <category android:name="android.intent.category.LAUNCHER" />
50-->[androidx.test:core:1.5.0] C:\Users\joaop\.gradle\caches\8.10.2\transforms\7f10d094dad7d7534d5bad805c553466\transformed\jetified-core-1.5.0\AndroidManifest.xml:32:17-77
50-->[androidx.test:core:1.5.0] C:\Users\joaop\.gradle\caches\8.10.2\transforms\7f10d094dad7d7534d5bad805c553466\transformed\jetified-core-1.5.0\AndroidManifest.xml:32:27-74
51            </intent-filter>
52        </activity>
53    </application>
54
55</manifest>

Merged manifest saved to C:\Users\joaop\OneDrive\Documentos\Creates\Jogo infantil\app\build\intermediates\packaged_manifests\debugAndroidTest\processDebugAndroidTestManifest\AndroidManifest.xml
Resolve mutations for :app:javaPreCompileDebugAndroidTest (Thread[#1334,Execution worker Thread 12,5,main]) started.
:app:javaPreCompileDebugAndroidTest (Thread[#1334,Execution worker Thread 12,5,main]) started.
Resolve mutations for :app:mergeDebugShaders (Thread[#1321,included builds,5,main]) started.
:app:mergeDebugShaders (Thread[#1321,included builds,5,main]) started.

> Task :app:mergeDebugShaders UP-TO-DATE
Caching disabled for task ':app:mergeDebugShaders' because:
  Build cache is disabled
  Simple merging task
Skipping task ':app:mergeDebugShaders' as it is up-to-date.
Resolve mutations for :app:compileDebugShaders (Thread[#1321,included builds,5,main]) started.
:app:compileDebugShaders (Thread[#1331,Execution worker Thread 9,5,main]) started.

> Task :app:javaPreCompileDebugAndroidTest
Caching disabled for task ':app:javaPreCompileDebugAndroidTest' because:
  Build cache is disabled
Task ':app:javaPreCompileDebugAndroidTest' is not up-to-date because:
  Output property 'annotationProcessorListFile' file C:\Users\joaop\OneDrive\Documentos\Creates\Jogo infantil\app\build\intermediates\annotation_processor_list\debugAndroidTest\javaPreCompileDebugAndroidTest\annotationProcessors.json has been removed.

> Task :app:compileDebugShaders NO-SOURCE
Skipping task ':app:compileDebugShaders' as it has no source files and no previous output files.
Resolve mutations for :app:generateDebugAssets (Thread[#1331,Execution worker Thread 9,5,main]) started.
:app:generateDebugAssets (Thread[#1324,Execution worker Thread 3,5,main]) started.

> Task :app:generateDebugAssets UP-TO-DATE
Skipping task ':app:generateDebugAssets' as it has no actions.
Resolve mutations for :app:mergeDebugAssets (Thread[#1324,Execution worker Thread 3,5,main]) started.
:app:mergeDebugAssets (Thread[#1324,Execution worker Thread 3,5,main]) started.

> Task :app:mergeDebugAssets UP-TO-DATE
Transforming material3-release.aar (androidx.compose.material3:material3-android:1.3.0) with JetifyTransform
Transforming material3-release.aar (androidx.compose.material3:material3-android:1.3.0) with ExtractAarTransform
Transforming material3-release.aar (androidx.compose.material3:material3-android:1.3.0) with AarTransform
Transforming material-release.aar (androidx.compose.material:material-android:1.7.4) with JetifyTransform
Transforming material-release.aar (androidx.compose.material:material-android:1.7.4) with ExtractAarTransform
Transforming material-release.aar (androidx.compose.material:material-android:1.7.4) with AarTransform
Transforming material-ripple-release.aar (androidx.compose.material:material-ripple-android:1.7.4) with JetifyTransform
Transforming material-ripple-release.aar (androidx.compose.material:material-ripple-android:1.7.4) with ExtractAarTransform
Transforming material-ripple-release.aar (androidx.compose.material:material-ripple-android:1.7.4) with AarTransform
Transforming foundation-release.aar (androidx.compose.foundation:foundation-android:1.7.4) with JetifyTransform
Transforming foundation-release.aar (androidx.compose.foundation:foundation-android:1.7.4) with ExtractAarTransform
Transforming foundation-release.aar (androidx.compose.foundation:foundation-android:1.7.4) with AarTransform
Transforming animation-release.aar (androidx.compose.animation:animation-android:1.7.4) with JetifyTransform
Transforming animation-release.aar (androidx.compose.animation:animation-android:1.7.4) with ExtractAarTransform
Transforming animation-release.aar (androidx.compose.animation:animation-android:1.7.4) with AarTransform
Transforming foundation-layout-release.aar (androidx.compose.foundation:foundation-layout-android:1.7.4) with JetifyTransform
Transforming foundation-layout-release.aar (androidx.compose.foundation:foundation-layout-android:1.7.4) with ExtractAarTransform
Transforming foundation-layout-release.aar (androidx.compose.foundation:foundation-layout-android:1.7.4) with AarTransform
Transforming animation-core-release.aar (androidx.compose.animation:animation-core-android:1.7.4) with JetifyTransform
Transforming animation-core-release.aar (androidx.compose.animation:animation-core-android:1.7.4) with ExtractAarTransform
Transforming animation-core-release.aar (androidx.compose.animation:animation-core-android:1.7.4) with AarTransform
Transforming ui-tooling-preview-release.aar (androidx.compose.ui:ui-tooling-preview-android:1.7.4) with JetifyTransform
Transforming ui-tooling-preview-release.aar (androidx.compose.ui:ui-tooling-preview-android:1.7.4) with ExtractAarTransform
Transforming ui-tooling-preview-release.aar (androidx.compose.ui:ui-tooling-preview-android:1.7.4) with AarTransform
Transforming ui-tooling-data-release.aar (androidx.compose.ui:ui-tooling-data-android:1.7.4) with JetifyTransform
Transforming ui-tooling-data-release.aar (androidx.compose.ui:ui-tooling-data-android:1.7.4) with ExtractAarTransform
Transforming ui-tooling-data-release.aar (androidx.compose.ui:ui-tooling-data-android:1.7.4) with AarTransform
Transforming ui-unit-release.aar (androidx.compose.ui:ui-unit-android:1.7.4) with JetifyTransform
Transforming ui-unit-release.aar (androidx.compose.ui:ui-unit-android:1.7.4) with ExtractAarTransform
Transforming ui-unit-release.aar (androidx.compose.ui:ui-unit-android:1.7.4) with AarTransform
Transforming ui-graphics-release.aar (androidx.compose.ui:ui-graphics-android:1.7.4) with JetifyTransform
Transforming ui-graphics-release.aar (androidx.compose.ui:ui-graphics-android:1.7.4) with ExtractAarTransform
Transforming ui-graphics-release.aar (androidx.compose.ui:ui-graphics-android:1.7.4) with AarTransform
Transforming ui-geometry-release.aar (androidx.compose.ui:ui-geometry-android:1.7.4) with JetifyTransform
Transforming ui-geometry-release.aar (androidx.compose.ui:ui-geometry-android:1.7.4) with ExtractAarTransform
Transforming ui-geometry-release.aar (androidx.compose.ui:ui-geometry-android:1.7.4) with AarTransform
Transforming ui-util-release.aar (androidx.compose.ui:ui-util-android:1.7.4) with JetifyTransform
Transforming ui-util-release.aar (androidx.compose.ui:ui-util-android:1.7.4) with ExtractAarTransform
Transforming ui-util-release.aar (androidx.compose.ui:ui-util-android:1.7.4) with AarTransform
Transforming ui-text-release.aar (androidx.compose.ui:ui-text-android:1.7.4) with JetifyTransform
Transforming ui-text-release.aar (androidx.compose.ui:ui-text-android:1.7.4) with ExtractAarTransform
Transforming ui-text-release.aar (androidx.compose.ui:ui-text-android:1.7.4) with AarTransform
Transforming ui-tooling-release.aar (androidx.compose.ui:ui-tooling-android:1.7.4) with JetifyTransform
Transforming ui-tooling-release.aar (androidx.compose.ui:ui-tooling-android:1.7.4) with ExtractAarTransform
Transforming ui-tooling-release.aar (androidx.compose.ui:ui-tooling-android:1.7.4) with AarTransform
Transforming ui-test-manifest-1.7.4.aar (androidx.compose.ui:ui-test-manifest:1.7.4) with JetifyTransform
Transforming ui-test-manifest-1.7.4.aar (androidx.compose.ui:ui-test-manifest:1.7.4) with ExtractAarTransform
Transforming ui-test-manifest-1.7.4.aar (androidx.compose.ui:ui-test-manifest:1.7.4) with AarTransform
Transforming material-icons-core-release.aar (androidx.compose.material:material-icons-core-android:1.7.4) with JetifyTransform
Transforming material-icons-core-release.aar (androidx.compose.material:material-icons-core-android:1.7.4) with ExtractAarTransform
Transforming material-icons-core-release.aar (androidx.compose.material:material-icons-core-android:1.7.4) with AarTransform
Transforming ui-release.aar (androidx.compose.ui:ui-android:1.7.4) with JetifyTransform
Transforming ui-release.aar (androidx.compose.ui:ui-android:1.7.4) with ExtractAarTransform
Transforming ui-release.aar (androidx.compose.ui:ui-android:1.7.4) with AarTransform
Transforming play-services-ads-lite-23.2.0.aar (com.google.android.gms:play-services-ads-lite:23.2.0) with JetifyTransform
Transforming play-services-ads-lite-23.2.0.aar (com.google.android.gms:play-services-ads-lite:23.2.0) with ExtractAarTransform
Transforming play-services-ads-lite-23.2.0.aar (com.google.android.gms:play-services-ads-lite:23.2.0) with AarTransform
Transforming play-services-ads-base-23.2.0.aar (com.google.android.gms:play-services-ads-base:23.2.0) with JetifyTransform
Transforming play-services-ads-base-23.2.0.aar (com.google.android.gms:play-services-ads-base:23.2.0) with ExtractAarTransform
Transforming play-services-ads-base-23.2.0.aar (com.google.android.gms:play-services-ads-base:23.2.0) with AarTransform
Transforming play-services-measurement-sdk-api-20.1.2.aar (com.google.android.gms:play-services-measurement-sdk-api:20.1.2) with JetifyTransform
Transforming play-services-measurement-sdk-api-20.1.2.aar (com.google.android.gms:play-services-measurement-sdk-api:20.1.2) with ExtractAarTransform
Transforming play-services-measurement-sdk-api-20.1.2.aar (com.google.android.gms:play-services-measurement-sdk-api:20.1.2) with AarTransform
Transforming user-messaging-platform-2.2.0.aar (com.google.android.ump:user-messaging-platform:2.2.0) with JetifyTransform
Transforming user-messaging-platform-2.2.0.aar (com.google.android.ump:user-messaging-platform:2.2.0) with ExtractAarTransform
Transforming user-messaging-platform-2.2.0.aar (com.google.android.ump:user-messaging-platform:2.2.0) with AarTransform
Transforming firebase-messaging-ktx-24.0.3.aar (com.google.firebase:firebase-messaging-ktx:24.0.3) with JetifyTransform
Transforming firebase-messaging-ktx-24.0.3.aar (com.google.firebase:firebase-messaging-ktx:24.0.3) with ExtractAarTransform
Transforming firebase-messaging-ktx-24.0.3.aar (com.google.firebase:firebase-messaging-ktx:24.0.3) with AarTransform
Transforming firebase-messaging-24.0.3.aar (com.google.firebase:firebase-messaging:24.0.3) with JetifyTransform
Transforming firebase-messaging-24.0.3.aar (com.google.firebase:firebase-messaging:24.0.3) with ExtractAarTransform
Transforming firebase-messaging-24.0.3.aar (com.google.firebase:firebase-messaging:24.0.3) with AarTransform
Transforming firebase-installations-18.0.0.aar (com.google.firebase:firebase-installations:18.0.0) with JetifyTransform
Transforming firebase-installations-18.0.0.aar (com.google.firebase:firebase-installations:18.0.0) with ExtractAarTransform
Transforming firebase-installations-18.0.0.aar (com.google.firebase:firebase-installations:18.0.0) with AarTransform
Transforming firebase-common-ktx-21.0.0.aar (com.google.firebase:firebase-common-ktx:21.0.0) with JetifyTransform
Transforming firebase-common-ktx-21.0.0.aar (com.google.firebase:firebase-common-ktx:21.0.0) with ExtractAarTransform
Transforming firebase-common-ktx-21.0.0.aar (com.google.firebase:firebase-common-ktx:21.0.0) with AarTransform
Transforming firebase-common-21.0.0.aar (com.google.firebase:firebase-common:21.0.0) with JetifyTransform
Transforming firebase-common-21.0.0.aar (com.google.firebase:firebase-common:21.0.0) with ExtractAarTransform
Transforming firebase-common-21.0.0.aar (com.google.firebase:firebase-common:21.0.0) with AarTransform
Transforming play-services-measurement-base-20.1.2.aar (com.google.android.gms:play-services-measurement-base:20.1.2) with JetifyTransform
Transforming play-services-measurement-base-20.1.2.aar (com.google.android.gms:play-services-measurement-base:20.1.2) with ExtractAarTransform
Transforming play-services-measurement-base-20.1.2.aar (com.google.android.gms:play-services-measurement-base:20.1.2) with AarTransform
Transforming firebase-iid-interop-17.1.0.aar (com.google.firebase:firebase-iid-interop:17.1.0) with JetifyTransform
Transforming firebase-iid-interop-17.1.0.aar (com.google.firebase:firebase-iid-interop:17.1.0) with ExtractAarTransform
Transforming firebase-iid-interop-17.1.0.aar (com.google.firebase:firebase-iid-interop:17.1.0) with AarTransform
Transforming firebase-measurement-connector-19.0.0.aar (com.google.firebase:firebase-measurement-connector:19.0.0) with JetifyTransform
Transforming firebase-measurement-connector-19.0.0.aar (com.google.firebase:firebase-measurement-connector:19.0.0) with ExtractAarTransform
Transforming firebase-measurement-connector-19.0.0.aar (com.google.firebase:firebase-measurement-connector:19.0.0) with AarTransform
Transforming play-services-base-18.0.1.aar (com.google.android.gms:play-services-base:18.0.1) with JetifyTransform
Transforming play-services-base-18.0.1.aar (com.google.android.gms:play-services-base:18.0.1) with ExtractAarTransform
Transforming play-services-base-18.0.1.aar (com.google.android.gms:play-services-base:18.0.1) with AarTransform
Transforming play-services-cloud-messaging-17.2.0.aar (com.google.android.gms:play-services-cloud-messaging:17.2.0) with JetifyTransform
Transforming play-services-cloud-messaging-17.2.0.aar (com.google.android.gms:play-services-cloud-messaging:17.2.0) with ExtractAarTransform
Transforming play-services-cloud-messaging-17.2.0.aar (com.google.android.gms:play-services-cloud-messaging:17.2.0) with AarTransform
Transforming play-services-stats-17.0.2.aar (com.google.android.gms:play-services-stats:17.0.2) with JetifyTransform
Transforming play-services-stats-17.0.2.aar (com.google.android.gms:play-services-stats:17.0.2) with ExtractAarTransform
Transforming play-services-stats-17.0.2.aar (com.google.android.gms:play-services-stats:17.0.2) with AarTransform
Transforming firebase-installations-interop-17.1.1.aar (com.google.firebase:firebase-installations-interop:17.1.1) with JetifyTransform
Transforming firebase-installations-interop-17.1.1.aar (com.google.firebase:firebase-installations-interop:17.1.1) with ExtractAarTransform
Transforming firebase-installations-interop-17.1.1.aar (com.google.firebase:firebase-installations-interop:17.1.1) with AarTransform
Transforming work-runtime-2.7.0.aar (androidx.work:work-runtime:2.7.0) with JetifyTransform
Transforming work-runtime-2.7.0.aar (androidx.work:work-runtime:2.7.0) with ExtractAarTransform
Transforming work-runtime-2.7.0.aar (androidx.work:work-runtime:2.7.0) with AarTransform
Transforming legacy-support-core-utils-1.0.0.aar (androidx.legacy:legacy-support-core-utils:1.0.0) with JetifyTransform
Transforming legacy-support-core-utils-1.0.0.aar (androidx.legacy:legacy-support-core-utils:1.0.0) with ExtractAarTransform
Transforming legacy-support-core-utils-1.0.0.aar (androidx.legacy:legacy-support-core-utils:1.0.0) with AarTransform
Transforming loader-1.0.0.aar (androidx.loader:loader:1.0.0) with JetifyTransform
Transforming loader-1.0.0.aar (androidx.loader:loader:1.0.0) with ExtractAarTransform
Transforming loader-1.0.0.aar (androidx.loader:loader:1.0.0) with AarTransform
Transforming savedstate-ktx-1.2.1.aar (androidx.savedstate:savedstate-ktx:1.2.1) with JetifyTransform
Transforming savedstate-ktx-1.2.1.aar (androidx.savedstate:savedstate-ktx:1.2.1) with ExtractAarTransform
Transforming savedstate-ktx-1.2.1.aar (androidx.savedstate:savedstate-ktx:1.2.1) with AarTransform
Transforming savedstate-1.2.1.aar (androidx.savedstate:savedstate:1.2.1) with JetifyTransform
Transforming savedstate-1.2.1.aar (androidx.savedstate:savedstate:1.2.1) with ExtractAarTransform
Transforming savedstate-1.2.1.aar (androidx.savedstate:savedstate:1.2.1) with AarTransform
Transforming emoji2-1.3.0.aar (androidx.emoji2:emoji2:1.3.0) with JetifyTransform
Transforming emoji2-1.3.0.aar (androidx.emoji2:emoji2:1.3.0) with ExtractAarTransform
Transforming emoji2-1.3.0.aar (androidx.emoji2:emoji2:1.3.0) with AarTransform
Transforming lifecycle-process-2.8.6.aar (androidx.lifecycle:lifecycle-process:2.8.6) with JetifyTransform
Transforming lifecycle-process-2.8.6.aar (androidx.lifecycle:lifecycle-process:2.8.6) with ExtractAarTransform
Transforming lifecycle-process-2.8.6.aar (androidx.lifecycle:lifecycle-process:2.8.6) with AarTransform
Transforming lifecycle-runtime-compose-release.aar (androidx.lifecycle:lifecycle-runtime-compose-android:2.8.6) with JetifyTransform
Transforming lifecycle-runtime-compose-release.aar (androidx.lifecycle:lifecycle-runtime-compose-android:2.8.6) with ExtractAarTransform
Transforming lifecycle-runtime-compose-release.aar (androidx.lifecycle:lifecycle-runtime-compose-android:2.8.6) with AarTransform
Transforming autofill-1.0.0.aar (androidx.autofill:autofill:1.0.0) with JetifyTransform
Transforming autofill-1.0.0.aar (androidx.autofill:autofill:1.0.0) with ExtractAarTransform
Transforming autofill-1.0.0.aar (androidx.autofill:autofill:1.0.0) with AarTransform
Transforming viewpager-1.0.0.aar (androidx.viewpager:viewpager:1.0.0) with JetifyTransform
Transforming viewpager-1.0.0.aar (androidx.viewpager:viewpager:1.0.0) with ExtractAarTransform
Transforming viewpager-1.0.0.aar (androidx.viewpager:viewpager:1.0.0) with AarTransform
Transforming customview-1.0.0.aar (androidx.customview:customview:1.0.0) with JetifyTransform
Transforming customview-1.0.0.aar (androidx.customview:customview:1.0.0) with ExtractAarTransform
Transforming customview-1.0.0.aar (androidx.customview:customview:1.0.0) with AarTransform
Transforming graphics-path-1.0.1.aar (androidx.graphics:graphics-path:1.0.1) with JetifyTransform
Transforming graphics-path-1.0.1.aar (androidx.graphics:graphics-path:1.0.1) with ExtractAarTransform
Transforming graphics-path-1.0.1.aar (androidx.graphics:graphics-path:1.0.1) with AarTransform
Transforming customview-poolingcontainer-1.0.0.aar (androidx.customview:customview-poolingcontainer:1.0.0) with JetifyTransform
Transforming customview-poolingcontainer-1.0.0.aar (androidx.customview:customview-poolingcontainer:1.0.0) with ExtractAarTransform
Transforming customview-poolingcontainer-1.0.0.aar (androidx.customview:customview-poolingcontainer:1.0.0) with AarTransform
Transforming core-ktx-1.13.1.aar (androidx.core:core-ktx:1.13.1) with JetifyTransform
Transforming core-ktx-1.13.1.aar (androidx.core:core-ktx:1.13.1) with ExtractAarTransform
Transforming core-ktx-1.13.1.aar (androidx.core:core-ktx:1.13.1) with AarTransform
Transforming core-1.13.1.aar (androidx.core:core:1.13.1) with JetifyTransform
Transforming core-1.13.1.aar (androidx.core:core:1.13.1) with ExtractAarTransform
Transforming core-1.13.1.aar (androidx.core:core:1.13.1) with AarTransform
Transforming core-1.13.1.aar (androidx.core:core:1.13.1) with JetifyTransform
Transforming core-1.13.1.aar (androidx.core:core:1.13.1) with ExtractAarTransform
Transforming core-1.13.1.aar (androidx.core:core:1.13.1) with AarTransform
Transforming lifecycle-runtime-release.aar (androidx.lifecycle:lifecycle-runtime-android:2.8.6) with JetifyTransform
Transforming lifecycle-runtime-release.aar (androidx.lifecycle:lifecycle-runtime-android:2.8.6) with ExtractAarTransform
Transforming lifecycle-runtime-release.aar (androidx.lifecycle:lifecycle-runtime-android:2.8.6) with AarTransform
Transforming lifecycle-viewmodel-2.8.6.aar (androidx.lifecycle:lifecycle-viewmodel:2.8.6) with JetifyTransform
Transforming lifecycle-viewmodel-2.8.6.aar (androidx.lifecycle:lifecycle-viewmodel:2.8.6) with ExtractAarTransform
Transforming lifecycle-viewmodel-2.8.6.aar (androidx.lifecycle:lifecycle-viewmodel:2.8.6) with AarTransform
Transforming lifecycle-viewmodel-release.aar (androidx.lifecycle:lifecycle-viewmodel-android:2.8.6) with JetifyTransform
Transforming lifecycle-viewmodel-release.aar (androidx.lifecycle:lifecycle-viewmodel-android:2.8.6) with ExtractAarTransform
Transforming lifecycle-viewmodel-release.aar (androidx.lifecycle:lifecycle-viewmodel-android:2.8.6) with AarTransform
Transforming lifecycle-livedata-core-ktx-2.8.6.aar (androidx.lifecycle:lifecycle-livedata-core-ktx:2.8.6) with JetifyTransform
Transforming lifecycle-livedata-core-ktx-2.8.6.aar (androidx.lifecycle:lifecycle-livedata-core-ktx:2.8.6) with ExtractAarTransform
Transforming lifecycle-livedata-core-ktx-2.8.6.aar (androidx.lifecycle:lifecycle-livedata-core-ktx:2.8.6) with AarTransform
Transforming lifecycle-livedata-core-2.8.6.aar (androidx.lifecycle:lifecycle-livedata-core:2.8.6) with JetifyTransform
Transforming lifecycle-livedata-core-2.8.6.aar (androidx.lifecycle:lifecycle-livedata-core:2.8.6) with ExtractAarTransform
Transforming lifecycle-livedata-core-2.8.6.aar (androidx.lifecycle:lifecycle-livedata-core:2.8.6) with AarTransform
Transforming lifecycle-viewmodel-savedstate-2.8.6.aar (androidx.lifecycle:lifecycle-viewmodel-savedstate:2.8.6) with JetifyTransform
Transforming lifecycle-viewmodel-savedstate-2.8.6.aar (androidx.lifecycle:lifecycle-viewmodel-savedstate:2.8.6) with ExtractAarTransform
Transforming lifecycle-viewmodel-savedstate-2.8.6.aar (androidx.lifecycle:lifecycle-viewmodel-savedstate:2.8.6) with AarTransform
Transforming lifecycle-viewmodel-ktx-2.8.6.aar (androidx.lifecycle:lifecycle-viewmodel-ktx:2.8.6) with JetifyTransform
Transforming lifecycle-viewmodel-ktx-2.8.6.aar (androidx.lifecycle:lifecycle-viewmodel-ktx:2.8.6) with ExtractAarTransform
Transforming lifecycle-viewmodel-ktx-2.8.6.aar (androidx.lifecycle:lifecycle-viewmodel-ktx:2.8.6) with AarTransform
Transforming lifecycle-service-2.8.6.aar (androidx.lifecycle:lifecycle-service:2.8.6) with JetifyTransform
Transforming lifecycle-service-2.8.6.aar (androidx.lifecycle:lifecycle-service:2.8.6) with ExtractAarTransform
Transforming lifecycle-service-2.8.6.aar (androidx.lifecycle:lifecycle-service:2.8.6) with AarTransform
Transforming lifecycle-livedata-2.8.6.aar (androidx.lifecycle:lifecycle-livedata:2.8.6) with JetifyTransform
Transforming lifecycle-livedata-2.8.6.aar (androidx.lifecycle:lifecycle-livedata:2.8.6) with ExtractAarTransform
Transforming lifecycle-livedata-2.8.6.aar (androidx.lifecycle:lifecycle-livedata:2.8.6) with AarTransform
Transforming lifecycle-livedata-2.8.6.aar (androidx.lifecycle:lifecycle-livedata:2.8.6) with JetifyTransform
Transforming lifecycle-livedata-2.8.6.aar (androidx.lifecycle:lifecycle-livedata:2.8.6) with ExtractAarTransform
Transforming lifecycle-livedata-2.8.6.aar (androidx.lifecycle:lifecycle-livedata:2.8.6) with AarTransform
Transforming lifecycle-runtime-ktx-release.aar (androidx.lifecycle:lifecycle-runtime-ktx-android:2.8.6) with JetifyTransform
Transforming lifecycle-runtime-ktx-release.aar (androidx.lifecycle:lifecycle-runtime-ktx-android:2.8.6) with ExtractAarTransform
Transforming lifecycle-runtime-ktx-release.aar (androidx.lifecycle:lifecycle-runtime-ktx-android:2.8.6) with AarTransform
Transforming runtime-saveable-release.aar (androidx.compose.runtime:runtime-saveable-android:1.7.4) with JetifyTransform
Transforming runtime-saveable-release.aar (androidx.compose.runtime:runtime-saveable-android:1.7.4) with ExtractAarTransform
Transforming runtime-saveable-release.aar (androidx.compose.runtime:runtime-saveable-android:1.7.4) with AarTransform
Transforming runtime-release.aar (androidx.compose.runtime:runtime-android:1.7.4) with JetifyTransform
Transforming runtime-release.aar (androidx.compose.runtime:runtime-android:1.7.4) with ExtractAarTransform
Transforming runtime-release.aar (androidx.compose.runtime:runtime-android:1.7.4) with AarTransform
Transforming play-services-tasks-18.1.0.aar (com.google.android.gms:play-services-tasks:18.1.0) with JetifyTransform
Transforming play-services-tasks-18.1.0.aar (com.google.android.gms:play-services-tasks:18.1.0) with ExtractAarTransform
Transforming play-services-tasks-18.1.0.aar (com.google.android.gms:play-services-tasks:18.1.0) with AarTransform
Transforming play-services-tasks-18.1.0.aar (com.google.android.gms:play-services-tasks:18.1.0) with JetifyTransform
Transforming play-services-tasks-18.1.0.aar (com.google.android.gms:play-services-tasks:18.1.0) with ExtractAarTransform
Transforming play-services-tasks-18.1.0.aar (com.google.android.gms:play-services-tasks:18.1.0) with AarTransform
Transforming play-services-basement-18.3.0.aar (com.google.android.gms:play-services-basement:18.3.0) with JetifyTransform
Transforming play-services-basement-18.3.0.aar (com.google.android.gms:play-services-basement:18.3.0) with ExtractAarTransform
Transforming play-services-basement-18.3.0.aar (com.google.android.gms:play-services-basement:18.3.0) with AarTransform
Transforming fragment-1.1.0.aar (androidx.fragment:fragment:1.1.0) with JetifyTransform
Transforming fragment-1.1.0.aar (androidx.fragment:fragment:1.1.0) with ExtractAarTransform
Transforming fragment-1.1.0.aar (androidx.fragment:fragment:1.1.0) with AarTransform
Transforming activity-1.9.2.aar (androidx.activity:activity:1.9.2) with JetifyTransform
Transforming activity-1.9.2.aar (androidx.activity:activity:1.9.2) with ExtractAarTransform
Transforming activity-1.9.2.aar (androidx.activity:activity:1.9.2) with AarTransform
Transforming activity-1.9.2.aar (androidx.activity:activity:1.9.2) with JetifyTransform
Transforming activity-1.9.2.aar (androidx.activity:activity:1.9.2) with ExtractAarTransform
Transforming activity-1.9.2.aar (androidx.activity:activity:1.9.2) with AarTransform
Transforming activity-ktx-1.9.2.aar (androidx.activity:activity-ktx:1.9.2) with JetifyTransform
Transforming activity-ktx-1.9.2.aar (androidx.activity:activity-ktx:1.9.2) with ExtractAarTransform
Transforming activity-ktx-1.9.2.aar (androidx.activity:activity-ktx:1.9.2) with AarTransform
Transforming activity-compose-1.9.2.aar (androidx.activity:activity-compose:1.9.2) with JetifyTransform
Transforming activity-compose-1.9.2.aar (androidx.activity:activity-compose:1.9.2) with ExtractAarTransform
Transforming activity-compose-1.9.2.aar (androidx.activity:activity-compose:1.9.2) with AarTransform
Transforming core-splashscreen-1.0.1.aar (androidx.core:core-splashscreen:1.0.1) with JetifyTransform
Transforming core-splashscreen-1.0.1.aar (androidx.core:core-splashscreen:1.0.1) with ExtractAarTransform
Transforming core-splashscreen-1.0.1.aar (androidx.core:core-splashscreen:1.0.1) with AarTransform
Transforming versionedparcelable-1.1.1.aar (androidx.versionedparcelable:versionedparcelable:1.1.1) with JetifyTransform
Transforming versionedparcelable-1.1.1.aar (androidx.versionedparcelable:versionedparcelable:1.1.1) with ExtractAarTransform
Transforming versionedparcelable-1.1.1.aar (androidx.versionedparcelable:versionedparcelable:1.1.1) with AarTransform
Transforming annotation-experimental-1.4.1.aar (androidx.annotation:annotation-experimental:1.4.1) with JetifyTransform
Transforming annotation-experimental-1.4.1.aar (androidx.annotation:annotation-experimental:1.4.1) with ExtractAarTransform
Transforming annotation-experimental-1.4.1.aar (androidx.annotation:annotation-experimental:1.4.1) with AarTransform
Transforming firebase-components-18.0.0.aar (com.google.firebase:firebase-components:18.0.0) with JetifyTransform
Transforming firebase-components-18.0.0.aar (com.google.firebase:firebase-components:18.0.0) with ExtractAarTransform
Transforming firebase-components-18.0.0.aar (com.google.firebase:firebase-components:18.0.0) with AarTransform
Transforming room-runtime-2.2.5.aar (androidx.room:room-runtime:2.2.5) with JetifyTransform
Transforming room-runtime-2.2.5.aar (androidx.room:room-runtime:2.2.5) with ExtractAarTransform
Transforming room-runtime-2.2.5.aar (androidx.room:room-runtime:2.2.5) with AarTransform
Transforming sqlite-framework-2.1.0.aar (androidx.sqlite:sqlite-framework:2.1.0) with JetifyTransform
Transforming sqlite-framework-2.1.0.aar (androidx.sqlite:sqlite-framework:2.1.0) with ExtractAarTransform
Transforming sqlite-framework-2.1.0.aar (androidx.sqlite:sqlite-framework:2.1.0) with AarTransform
Transforming sqlite-framework-2.1.0.aar (androidx.sqlite:sqlite-framework:2.1.0) with JetifyTransform
Transforming sqlite-framework-2.1.0.aar (androidx.sqlite:sqlite-framework:2.1.0) with ExtractAarTransform
Transforming sqlite-framework-2.1.0.aar (androidx.sqlite:sqlite-framework:2.1.0) with AarTransform
Transforming sqlite-2.1.0.aar (androidx.sqlite:sqlite:2.1.0) with JetifyTransform
Transforming sqlite-2.1.0.aar (androidx.sqlite:sqlite:2.1.0) with ExtractAarTransform
Transforming sqlite-2.1.0.aar (androidx.sqlite:sqlite:2.1.0) with AarTransform
Transforming sqlite-2.1.0.aar (androidx.sqlite:sqlite:2.1.0) with JetifyTransform
Transforming sqlite-2.1.0.aar (androidx.sqlite:sqlite:2.1.0) with ExtractAarTransform
Transforming sqlite-2.1.0.aar (androidx.sqlite:sqlite:2.1.0) with AarTransform
Transforming profileinstaller-1.3.1.aar (androidx.profileinstaller:profileinstaller:1.3.1) with JetifyTransform
Transforming profileinstaller-1.3.1.aar (androidx.profileinstaller:profileinstaller:1.3.1) with ExtractAarTransform
Transforming profileinstaller-1.3.1.aar (androidx.profileinstaller:profileinstaller:1.3.1) with AarTransform
Transforming startup-runtime-1.1.1.aar (androidx.startup:startup-runtime:1.1.1) with JetifyTransform
Transforming startup-runtime-1.1.1.aar (androidx.startup:startup-runtime:1.1.1) with ExtractAarTransform
Transforming startup-runtime-1.1.1.aar (androidx.startup:startup-runtime:1.1.1) with AarTransform
Transforming tracing-1.0.0.aar (androidx.tracing:tracing:1.0.0) with JetifyTransform
Transforming tracing-1.0.0.aar (androidx.tracing:tracing:1.0.0) with ExtractAarTransform
Transforming tracing-1.0.0.aar (androidx.tracing:tracing:1.0.0) with AarTransform
Transforming firebase-datatransport-18.2.0.aar (com.google.firebase:firebase-datatransport:18.2.0) with JetifyTransform
Transforming firebase-datatransport-18.2.0.aar (com.google.firebase:firebase-datatransport:18.2.0) with ExtractAarTransform
Transforming firebase-datatransport-18.2.0.aar (com.google.firebase:firebase-datatransport:18.2.0) with AarTransform
Transforming transport-backend-cct-3.1.9.aar (com.google.android.datatransport:transport-backend-cct:3.1.9) with JetifyTransform
Transforming transport-backend-cct-3.1.9.aar (com.google.android.datatransport:transport-backend-cct:3.1.9) with ExtractAarTransform
Transforming transport-backend-cct-3.1.9.aar (com.google.android.datatransport:transport-backend-cct:3.1.9) with AarTransform
Transforming firebase-encoders-json-18.0.0.aar (com.google.firebase:firebase-encoders-json:18.0.0) with JetifyTransform
Transforming firebase-encoders-json-18.0.0.aar (com.google.firebase:firebase-encoders-json:18.0.0) with ExtractAarTransform
Transforming firebase-encoders-json-18.0.0.aar (com.google.firebase:firebase-encoders-json:18.0.0) with AarTransform
Transforming transport-runtime-3.1.9.aar (com.google.android.datatransport:transport-runtime:3.1.9) with JetifyTransform
Transforming transport-runtime-3.1.9.aar (com.google.android.datatransport:transport-runtime:3.1.9) with ExtractAarTransform
Transforming transport-runtime-3.1.9.aar (com.google.android.datatransport:transport-runtime:3.1.9) with AarTransform
Transforming transport-api-3.1.0.aar (com.google.android.datatransport:transport-api:3.1.0) with JetifyTransform
Transforming transport-api-3.1.0.aar (com.google.android.datatransport:transport-api:3.1.0) with ExtractAarTransform
Transforming transport-api-3.1.0.aar (com.google.android.datatransport:transport-api:3.1.0) with AarTransform
Transforming core-runtime-2.2.0.aar (androidx.arch.core:core-runtime:2.2.0) with JetifyTransform
Transforming core-runtime-2.2.0.aar (androidx.arch.core:core-runtime:2.2.0) with ExtractAarTransform
Transforming core-runtime-2.2.0.aar (androidx.arch.core:core-runtime:2.2.0) with AarTransform
Transforming core-runtime-2.2.0.aar (androidx.arch.core:core-runtime:2.2.0) with JetifyTransform
Transforming core-runtime-2.2.0.aar (androidx.arch.core:core-runtime:2.2.0) with ExtractAarTransform
Transforming core-runtime-2.2.0.aar (androidx.arch.core:core-runtime:2.2.0) with AarTransform
Transforming documentfile-1.0.0.aar (androidx.documentfile:documentfile:1.0.0) with JetifyTransform
Transforming documentfile-1.0.0.aar (androidx.documentfile:documentfile:1.0.0) with ExtractAarTransform
Transforming documentfile-1.0.0.aar (androidx.documentfile:documentfile:1.0.0) with AarTransform
Transforming localbroadcastmanager-1.0.0.aar (androidx.localbroadcastmanager:localbroadcastmanager:1.0.0) with JetifyTransform
Transforming localbroadcastmanager-1.0.0.aar (androidx.localbroadcastmanager:localbroadcastmanager:1.0.0) with ExtractAarTransform
Transforming localbroadcastmanager-1.0.0.aar (androidx.localbroadcastmanager:localbroadcastmanager:1.0.0) with AarTransform
Transforming print-1.0.0.aar (androidx.print:print:1.0.0) with JetifyTransform
Transforming print-1.0.0.aar (androidx.print:print:1.0.0) with ExtractAarTransform
Transforming print-1.0.0.aar (androidx.print:print:1.0.0) with AarTransform
Transforming interpolator-1.0.0.aar (androidx.interpolator:interpolator:1.0.0) with JetifyTransform
Transforming interpolator-1.0.0.aar (androidx.interpolator:interpolator:1.0.0) with ExtractAarTransform
Transforming interpolator-1.0.0.aar (androidx.interpolator:interpolator:1.0.0) with AarTransform
Caching disabled for task ':app:mergeDebugAssets' because:
  Build cache is disabled
  Simple merging task
Skipping task ':app:mergeDebugAssets' as it is up-to-date.
Resolve mutations for :app:compressDebugAssets (Thread[#1324,Execution worker Thread 3,5,main]) started.
:app:compressDebugAssets (Thread[#1324,Execution worker Thread 3,5,main]) started.

> Task :app:compressDebugAssets UP-TO-DATE
Caching disabled for task ':app:compressDebugAssets' because:
  Build cache is disabled
Skipping task ':app:compressDebugAssets' as it is up-to-date.
Resolve mutations for :app:desugarDebugFileDependencies (Thread[#1324,Execution worker Thread 3,5,main]) started.
:app:desugarDebugFileDependencies (Thread[#1323,Execution worker Thread 2,5,main]) started.

> Task :app:desugarDebugFileDependencies UP-TO-DATE
Caching disabled for task ':app:desugarDebugFileDependencies' because:
  Build cache is disabled
Skipping task ':app:desugarDebugFileDependencies' as it is up-to-date.
Resolve mutations for :app:dexBuilderDebug (Thread[#1323,Execution worker Thread 2,5,main]) started.
:app:dexBuilderDebug (Thread[#1323,Execution worker Thread 2,5,main]) started.

> Task :app:dexBuilderDebug UP-TO-DATE
Caching disabled for task ':app:dexBuilderDebug' because:
  Build cache is disabled
Skipping task ':app:dexBuilderDebug' as it is up-to-date.
Resolve mutations for :app:mergeDebugGlobalSynthetics (Thread[#1323,Execution worker Thread 2,5,main]) started.
:app:mergeDebugGlobalSynthetics (Thread[#1323,Execution worker Thread 2,5,main]) started.

> Task :app:mergeDebugAndroidTestResources
Caching disabled for task ':app:mergeDebugAndroidTestResources' because:
  Build cache is disabled
Task ':app:mergeDebugAndroidTestResources' is not up-to-date because:
  Output property 'blameLogOutputFolder' file C:\Users\joaop\OneDrive\Documentos\Creates\Jogo infantil\app\build\intermediates\merged_res_blame_folder\debugAndroidTest\mergeDebugAndroidTestResources\out has been removed.
  Output property 'blameLogOutputFolder' file C:\Users\joaop\OneDrive\Documentos\Creates\Jogo infantil\app\build\intermediates\merged_res_blame_folder\debugAndroidTest\mergeDebugAndroidTestResources\out\multi-v2 has been removed.
  Output property 'blameLogOutputFolder' file C:\Users\joaop\OneDrive\Documentos\Creates\Jogo infantil\app\build\intermediates\merged_res_blame_folder\debugAndroidTest\mergeDebugAndroidTestResources\out\multi-v2\mergeDebugAndroidTestResources.json has been removed.
  and more...
  and more...
  and more...
  and more...
  and more...
  and more...
  and more...
  and more...
  and more...
  and more...
  and more...
  and more...
  and more...
  and more...
  and more...
  and more...
  and more...
  and more...
  and more...
  and more...
  and more...
  and more...
  and more...
  and more...
  and more...
  and more...
  and more...
  and more...
  and more...
  and more...
  and more...
  and more...
  and more...
  and more...
  and more...
  and more...
  and more...
  and more...
  and more...
  and more...
  and more...
  and more...
  and more...
  and more...
  and more...
  and more...
  and more...
  and more...
  and more...
  and more...
  and more...
  and more...
  and more...
  and more...
  and more...
  and more...
  and more...
  and more...
  and more...
  and more...
  and more...
  and more...
  and more...
  and more...
  and more...
  and more...
  and more...
  and more...
  and more...
  and more...
  and more...
  and more...
  and more...
  and more...
  and more...
  and more...
  and more...
  and more...
  and more...
  and more...
  and more...
  and more...
  and more...
  and more...
  and more...
  and more...
  and more...
  and more...
  and more...
  and more...
The input changes require a full rebuild for incremental task ':app:mergeDebugAndroidTestResources'.
[MergeResources] Inputs are non-incremental full task action.
Compiling XML table C:\Users\joaop\OneDrive\Documentos\Creates\Jogo infantil\app\build\intermediates\incremental\debugAndroidTest\mergeDebugAndroidTestResources\merged.dir\values\values.xml to C:\Users\joaop\OneDrive\Documentos\Creates\Jogo infantil\app\build\intermediates\merged_res\debugAndroidTest\mergeDebugAndroidTestResources\values_values.arsc.flat
Compiling XML table C:\Users\joaop\OneDrive\Documentos\Creates\Jogo infantil\app\build\intermediates\incremental\debugAndroidTest\mergeDebugAndroidTestResources\merged.dir\values-hi\values-hi.xml to C:\Users\joaop\OneDrive\Documentos\Creates\Jogo infantil\app\build\intermediates\merged_res\debugAndroidTest\mergeDebugAndroidTestResources\values-hi_values-hi.arsc.flat
Compiling XML table C:\Users\joaop\OneDrive\Documentos\Creates\Jogo infantil\app\build\intermediates\incremental\debugAndroidTest\mergeDebugAndroidTestResources\merged.dir\values-de\values-de.xml to C:\Users\joaop\OneDrive\Documentos\Creates\Jogo infantil\app\build\intermediates\merged_res\debugAndroidTest\mergeDebugAndroidTestResources\values-de_values-de.arsc.flat
Compiling XML table C:\Users\joaop\OneDrive\Documentos\Creates\Jogo infantil\app\build\intermediates\incremental\debugAndroidTest\mergeDebugAndroidTestResources\merged.dir\values-lo\values-lo.xml to C:\Users\joaop\OneDrive\Documentos\Creates\Jogo infantil\app\build\intermediates\merged_res\debugAndroidTest\mergeDebugAndroidTestResources\values-lo_values-lo.arsc.flat
Compiling XML table C:\Users\joaop\OneDrive\Documentos\Creates\Jogo infantil\app\build\intermediates\incremental\debugAndroidTest\mergeDebugAndroidTestResources\merged.dir\values-pt\values-pt.xml to C:\Users\joaop\OneDrive\Documentos\Creates\Jogo infantil\app\build\intermediates\merged_res\debugAndroidTest\mergeDebugAndroidTestResources\values-pt_values-pt.arsc.flat
Compiling XML table C:\Users\joaop\OneDrive\Documentos\Creates\Jogo infantil\app\build\intermediates\incremental\debugAndroidTest\mergeDebugAndroidTestResources\merged.dir\values-uz\values-uz.xml to C:\Users\joaop\OneDrive\Documentos\Creates\Jogo infantil\app\build\intermediates\merged_res\debugAndroidTest\mergeDebugAndroidTestResources\values-uz_values-uz.arsc.flat
Compiling XML table C:\Users\joaop\OneDrive\Documentos\Creates\Jogo infantil\app\build\intermediates\incremental\debugAndroidTest\mergeDebugAndroidTestResources\merged.dir\values-mr\values-mr.xml to C:\Users\joaop\OneDrive\Documentos\Creates\Jogo infantil\app\build\intermediates\merged_res\debugAndroidTest\mergeDebugAndroidTestResources\values-mr_values-mr.arsc.flat
Compiling XML table C:\Users\joaop\OneDrive\Documentos\Creates\Jogo infantil\app\build\intermediates\incremental\debugAndroidTest\mergeDebugAndroidTestResources\merged.dir\values-af\values-af.xml to C:\Users\joaop\OneDrive\Documentos\Creates\Jogo infantil\app\build\intermediates\merged_res\debugAndroidTest\mergeDebugAndroidTestResources\values-af_values-af.arsc.flat
Compiling XML table C:\Users\joaop\OneDrive\Documentos\Creates\Jogo infantil\app\build\intermediates\incremental\debugAndroidTest\mergeDebugAndroidTestResources\merged.dir\values-lt\values-lt.xml to C:\Users\joaop\OneDrive\Documentos\Creates\Jogo infantil\app\build\intermediates\merged_res\debugAndroidTest\mergeDebugAndroidTestResources\values-lt_values-lt.arsc.flat
Compiling XML table C:\Users\joaop\OneDrive\Documentos\Creates\Jogo infantil\app\build\intermediates\incremental\debugAndroidTest\mergeDebugAndroidTestResources\merged.dir\values-hr\values-hr.xml to C:\Users\joaop\OneDrive\Documentos\Creates\Jogo infantil\app\build\intermediates\merged_res\debugAndroidTest\mergeDebugAndroidTestResources\values-hr_values-hr.arsc.flat
Compiling XML table C:\Users\joaop\OneDrive\Documentos\Creates\Jogo infantil\app\build\intermediates\incremental\debugAndroidTest\mergeDebugAndroidTestResources\merged.dir\values-fr-rCA\values-fr-rCA.xml to C:\Users\joaop\OneDrive\Documentos\Creates\Jogo infantil\app\build\intermediates\merged_res\debugAndroidTest\mergeDebugAndroidTestResources\values-fr-rCA_values-fr-rCA.arsc.flat
Compiling XML table C:\Users\joaop\OneDrive\Documentos\Creates\Jogo infantil\app\build\intermediates\incremental\debugAndroidTest\mergeDebugAndroidTestResources\merged.dir\values-lv\values-lv.xml to C:\Users\joaop\OneDrive\Documentos\Creates\Jogo infantil\app\build\intermediates\merged_res\debugAndroidTest\mergeDebugAndroidTestResources\values-lv_values-lv.arsc.flat
Compiling XML table C:\Users\joaop\OneDrive\Documentos\Creates\Jogo infantil\app\build\intermediates\incremental\debugAndroidTest\mergeDebugAndroidTestResources\merged.dir\values-eu\values-eu.xml to C:\Users\joaop\OneDrive\Documentos\Creates\Jogo infantil\app\build\intermediates\merged_res\debugAndroidTest\mergeDebugAndroidTestResources\values-eu_values-eu.arsc.flat
Compiling XML table C:\Users\joaop\OneDrive\Documentos\Creates\Jogo infantil\app\build\intermediates\incremental\debugAndroidTest\mergeDebugAndroidTestResources\merged.dir\values-ar\values-ar.xml to C:\Users\joaop\OneDrive\Documentos\Creates\Jogo infantil\app\build\intermediates\merged_res\debugAndroidTest\mergeDebugAndroidTestResources\values-ar_values-ar.arsc.flat
Compiling XML table C:\Users\joaop\OneDrive\Documentos\Creates\Jogo infantil\app\build\intermediates\incremental\debugAndroidTest\mergeDebugAndroidTestResources\merged.dir\values-hu\values-hu.xml to C:\Users\joaop\OneDrive\Documentos\Creates\Jogo infantil\app\build\intermediates\merged_res\debugAndroidTest\mergeDebugAndroidTestResources\values-hu_values-hu.arsc.flat
Compiling XML table C:\Users\joaop\OneDrive\Documentos\Creates\Jogo infantil\app\build\intermediates\incremental\debugAndroidTest\mergeDebugAndroidTestResources\merged.dir\values-et\values-et.xml to C:\Users\joaop\OneDrive\Documentos\Creates\Jogo infantil\app\build\intermediates\merged_res\debugAndroidTest\mergeDebugAndroidTestResources\values-et_values-et.arsc.flat
Compiling XML table C:\Users\joaop\OneDrive\Documentos\Creates\Jogo infantil\app\build\intermediates\incremental\debugAndroidTest\mergeDebugAndroidTestResources\merged.dir\values-in\values-in.xml to C:\Users\joaop\OneDrive\Documentos\Creates\Jogo infantil\app\build\intermediates\merged_res\debugAndroidTest\mergeDebugAndroidTestResources\values-in_values-in.arsc.flat
Compiling XML table C:\Users\joaop\OneDrive\Documentos\Creates\Jogo infantil\app\build\intermediates\incremental\debugAndroidTest\mergeDebugAndroidTestResources\merged.dir\values-en-rIN\values-en-rIN.xml to C:\Users\joaop\OneDrive\Documentos\Creates\Jogo infantil\app\build\intermediates\merged_res\debugAndroidTest\mergeDebugAndroidTestResources\values-en-rIN_values-en-rIN.arsc.flat
Compiling XML table C:\Users\joaop\OneDrive\Documentos\Creates\Jogo infantil\app\build\intermediates\incremental\debugAndroidTest\mergeDebugAndroidTestResources\merged.dir\values-ms\values-ms.xml to C:\Users\joaop\OneDrive\Documentos\Creates\Jogo infantil\app\build\intermediates\merged_res\debugAndroidTest\mergeDebugAndroidTestResources\values-ms_values-ms.arsc.flat
Compiling XML table C:\Users\joaop\OneDrive\Documentos\Creates\Jogo infantil\app\build\intermediates\incremental\debugAndroidTest\mergeDebugAndroidTestResources\merged.dir\values-el\values-el.xml to C:\Users\joaop\OneDrive\Documentos\Creates\Jogo infantil\app\build\intermediates\merged_res\debugAndroidTest\mergeDebugAndroidTestResources\values-el_values-el.arsc.flat
Compiling XML table C:\Users\joaop\OneDrive\Documentos\Creates\Jogo infantil\app\build\intermediates\incremental\debugAndroidTest\mergeDebugAndroidTestResources\merged.dir\values-zh-rCN\values-zh-rCN.xml to C:\Users\joaop\OneDrive\Documentos\Creates\Jogo infantil\app\build\intermediates\merged_res\debugAndroidTest\mergeDebugAndroidTestResources\values-zh-rCN_values-zh-rCN.arsc.flat
Compiling XML table C:\Users\joaop\OneDrive\Documentos\Creates\Jogo infantil\app\build\intermediates\incremental\debugAndroidTest\mergeDebugAndroidTestResources\merged.dir\values-hy\values-hy.xml to C:\Users\joaop\OneDrive\Documentos\Creates\Jogo infantil\app\build\intermediates\merged_res\debugAndroidTest\mergeDebugAndroidTestResources\values-hy_values-hy.arsc.flat
Compiling XML table C:\Users\joaop\OneDrive\Documentos\Creates\Jogo infantil\app\build\intermediates\incremental\debugAndroidTest\mergeDebugAndroidTestResources\merged.dir\values-as\values-as.xml to C:\Users\joaop\OneDrive\Documentos\Creates\Jogo infantil\app\build\intermediates\merged_res\debugAndroidTest\mergeDebugAndroidTestResources\values-as_values-as.arsc.flat
Compiling XML table C:\Users\joaop\OneDrive\Documentos\Creates\Jogo infantil\app\build\intermediates\incremental\debugAndroidTest\mergeDebugAndroidTestResources\merged.dir\values-be\values-be.xml to C:\Users\joaop\OneDrive\Documentos\Creates\Jogo infantil\app\build\intermediates\merged_res\debugAndroidTest\mergeDebugAndroidTestResources\values-be_values-be.arsc.flat
Compiling XML table C:\Users\joaop\OneDrive\Documentos\Creates\Jogo infantil\app\build\intermediates\incremental\debugAndroidTest\mergeDebugAndroidTestResources\merged.dir\values-uk\values-uk.xml to C:\Users\joaop\OneDrive\Documentos\Creates\Jogo infantil\app\build\intermediates\merged_res\debugAndroidTest\mergeDebugAndroidTestResources\values-uk_values-uk.arsc.flat
Compiling XML table C:\Users\joaop\OneDrive\Documentos\Creates\Jogo infantil\app\build\intermediates\incremental\debugAndroidTest\mergeDebugAndroidTestResources\merged.dir\values-zh-rHK\values-zh-rHK.xml to C:\Users\joaop\OneDrive\Documentos\Creates\Jogo infantil\app\build\intermediates\merged_res\debugAndroidTest\mergeDebugAndroidTestResources\values-zh-rHK_values-zh-rHK.arsc.flat
Compiling XML table C:\Users\joaop\OneDrive\Documentos\Creates\Jogo infantil\app\build\intermediates\incremental\debugAndroidTest\mergeDebugAndroidTestResources\merged.dir\values-ur\values-ur.xml to C:\Users\joaop\OneDrive\Documentos\Creates\Jogo infantil\app\build\intermediates\merged_res\debugAndroidTest\mergeDebugAndroidTestResources\values-ur_values-ur.arsc.flat
Compiling XML table C:\Users\joaop\OneDrive\Documentos\Creates\Jogo infantil\app\build\intermediates\incremental\debugAndroidTest\mergeDebugAndroidTestResources\merged.dir\values-nl\values-nl.xml to C:\Users\joaop\OneDrive\Documentos\Creates\Jogo infantil\app\build\intermediates\merged_res\debugAndroidTest\mergeDebugAndroidTestResources\values-nl_values-nl.arsc.flat
Compiling XML table C:\Users\joaop\OneDrive\Documentos\Creates\Jogo infantil\app\build\intermediates\incremental\debugAndroidTest\mergeDebugAndroidTestResources\merged.dir\values-v18\values-v18.xml to C:\Users\joaop\OneDrive\Documentos\Creates\Jogo infantil\app\build\intermediates\merged_res\debugAndroidTest\mergeDebugAndroidTestResources\values-v18_values-v18.arsc.flat
Compiling XML table C:\Users\joaop\OneDrive\Documentos\Creates\Jogo infantil\app\build\intermediates\incremental\debugAndroidTest\mergeDebugAndroidTestResources\merged.dir\values-vi\values-vi.xml to C:\Users\joaop\OneDrive\Documentos\Creates\Jogo infantil\app\build\intermediates\merged_res\debugAndroidTest\mergeDebugAndroidTestResources\values-vi_values-vi.arsc.flat
Compiling XML table C:\Users\joaop\OneDrive\Documentos\Creates\Jogo infantil\app\build\intermediates\incremental\debugAndroidTest\mergeDebugAndroidTestResources\merged.dir\values-v21\values-v21.xml to C:\Users\joaop\OneDrive\Documentos\Creates\Jogo infantil\app\build\intermediates\merged_res\debugAndroidTest\mergeDebugAndroidTestResources\values-v21_values-v21.arsc.flat
Compiling XML table C:\Users\joaop\OneDrive\Documentos\Creates\Jogo infantil\app\build\intermediates\incremental\debugAndroidTest\mergeDebugAndroidTestResources\merged.dir\values-mk\values-mk.xml to C:\Users\joaop\OneDrive\Documentos\Creates\Jogo infantil\app\build\intermediates\merged_res\debugAndroidTest\mergeDebugAndroidTestResources\values-mk_values-mk.arsc.flat
Compiling XML table C:\Users\joaop\OneDrive\Documentos\Creates\Jogo infantil\app\build\intermediates\incremental\debugAndroidTest\mergeDebugAndroidTestResources\merged.dir\values-ml\values-ml.xml to C:\Users\joaop\OneDrive\Documentos\Creates\Jogo infantil\app\build\intermediates\merged_res\debugAndroidTest\mergeDebugAndroidTestResources\values-ml_values-ml.arsc.flat
Compiling XML table C:\Users\joaop\OneDrive\Documentos\Creates\Jogo infantil\app\build\intermediates\incremental\debugAndroidTest\mergeDebugAndroidTestResources\merged.dir\values-nb\values-nb.xml to C:\Users\joaop\OneDrive\Documentos\Creates\Jogo infantil\app\build\intermediates\merged_res\debugAndroidTest\mergeDebugAndroidTestResources\values-nb_values-nb.arsc.flat
Compiling XML table C:\Users\joaop\OneDrive\Documentos\Creates\Jogo infantil\app\build\intermediates\incremental\debugAndroidTest\mergeDebugAndroidTestResources\merged.dir\values-ca\values-ca.xml to C:\Users\joaop\OneDrive\Documentos\Creates\Jogo infantil\app\build\intermediates\merged_res\debugAndroidTest\mergeDebugAndroidTestResources\values-ca_values-ca.arsc.flat
Compiling XML table C:\Users\joaop\OneDrive\Documentos\Creates\Jogo infantil\app\build\intermediates\incremental\debugAndroidTest\mergeDebugAndroidTestResources\merged.dir\values-zh-rTW\values-zh-rTW.xml to C:\Users\joaop\OneDrive\Documentos\Creates\Jogo infantil\app\build\intermediates\merged_res\debugAndroidTest\mergeDebugAndroidTestResources\values-zh-rTW_values-zh-rTW.arsc.flat
Compiling XML table C:\Users\joaop\OneDrive\Documentos\Creates\Jogo infantil\app\build\intermediates\incremental\debugAndroidTest\mergeDebugAndroidTestResources\merged.dir\values-fi\values-fi.xml to C:\Users\joaop\OneDrive\Documentos\Creates\Jogo infantil\app\build\intermediates\merged_res\debugAndroidTest\mergeDebugAndroidTestResources\values-fi_values-fi.arsc.flat
Compiling XML table C:\Users\joaop\OneDrive\Documentos\Creates\Jogo infantil\app\build\intermediates\incremental\debugAndroidTest\mergeDebugAndroidTestResources\merged.dir\values-sr\values-sr.xml to C:\Users\joaop\OneDrive\Documentos\Creates\Jogo infantil\app\build\intermediates\merged_res\debugAndroidTest\mergeDebugAndroidTestResources\values-sr_values-sr.arsc.flat
Compiling XML table C:\Users\joaop\OneDrive\Documentos\Creates\Jogo infantil\app\build\intermediates\incremental\debugAndroidTest\mergeDebugAndroidTestResources\merged.dir\values-is\values-is.xml to C:\Users\joaop\OneDrive\Documentos\Creates\Jogo infantil\app\build\intermediates\merged_res\debugAndroidTest\mergeDebugAndroidTestResources\values-is_values-is.arsc.flat
Compiling XML table C:\Users\joaop\OneDrive\Documentos\Creates\Jogo infantil\app\build\intermediates\incremental\debugAndroidTest\mergeDebugAndroidTestResources\merged.dir\values-es-rUS\values-es-rUS.xml to C:\Users\joaop\OneDrive\Documentos\Creates\Jogo infantil\app\build\intermediates\merged_res\debugAndroidTest\mergeDebugAndroidTestResources\values-es-rUS_values-es-rUS.arsc.flat
Compiling XML table C:\Users\joaop\OneDrive\Documentos\Creates\Jogo infantil\app\build\intermediates\incremental\debugAndroidTest\mergeDebugAndroidTestResources\merged.dir\values-mn\values-mn.xml to C:\Users\joaop\OneDrive\Documentos\Creates\Jogo infantil\app\build\intermediates\merged_res\debugAndroidTest\mergeDebugAndroidTestResources\values-mn_values-mn.arsc.flat
Compiling XML table C:\Users\joaop\OneDrive\Documentos\Creates\Jogo infantil\app\build\intermediates\incremental\debugAndroidTest\mergeDebugAndroidTestResources\merged.dir\values-sq\values-sq.xml to C:\Users\joaop\OneDrive\Documentos\Creates\Jogo infantil\app\build\intermediates\merged_res\debugAndroidTest\mergeDebugAndroidTestResources\values-sq_values-sq.arsc.flat
Compiling XML table C:\Users\joaop\OneDrive\Documentos\Creates\Jogo infantil\app\build\intermediates\incremental\debugAndroidTest\mergeDebugAndroidTestResources\merged.dir\values-am\values-am.xml to C:\Users\joaop\OneDrive\Documentos\Creates\Jogo infantil\app\build\intermediates\merged_res\debugAndroidTest\mergeDebugAndroidTestResources\values-am_values-am.arsc.flat
Compiling XML table C:\Users\joaop\OneDrive\Documentos\Creates\Jogo infantil\app\build\intermediates\incremental\debugAndroidTest\mergeDebugAndroidTestResources\merged.dir\values-ru\values-ru.xml to C:\Users\joaop\OneDrive\Documentos\Creates\Jogo infantil\app\build\intermediates\merged_res\debugAndroidTest\mergeDebugAndroidTestResources\values-ru_values-ru.arsc.flat
Compiling XML table C:\Users\joaop\OneDrive\Documentos\Creates\Jogo infantil\app\build\intermediates\incremental\debugAndroidTest\mergeDebugAndroidTestResources\merged.dir\values-b+sr+Latn\values-b+sr+Latn.xml to C:\Users\joaop\OneDrive\Documentos\Creates\Jogo infantil\app\build\intermediates\merged_res\debugAndroidTest\mergeDebugAndroidTestResources\values-b+sr+Latn_values-b+sr+Latn.arsc.flat
Compiling XML table C:\Users\joaop\OneDrive\Documentos\Creates\Jogo infantil\app\build\intermediates\incremental\debugAndroidTest\mergeDebugAndroidTestResources\merged.dir\values-iw\values-iw.xml to C:\Users\joaop\OneDrive\Documentos\Creates\Jogo infantil\app\build\intermediates\merged_res\debugAndroidTest\mergeDebugAndroidTestResources\values-iw_values-iw.arsc.flat
Compiling XML table C:\Users\joaop\OneDrive\Documentos\Creates\Jogo infantil\app\build\intermediates\incremental\debugAndroidTest\mergeDebugAndroidTestResources\merged.dir\values-bg\values-bg.xml to C:\Users\joaop\OneDrive\Documentos\Creates\Jogo infantil\app\build\intermediates\merged_res\debugAndroidTest\mergeDebugAndroidTestResources\values-bg_values-bg.arsc.flat
Compiling XML table C:\Users\joaop\OneDrive\Documentos\Creates\Jogo infantil\app\build\intermediates\incremental\debugAndroidTest\mergeDebugAndroidTestResources\merged.dir\values-it\values-it.xml to C:\Users\joaop\OneDrive\Documentos\Creates\Jogo infantil\app\build\intermediates\merged_res\debugAndroidTest\mergeDebugAndroidTestResources\values-it_values-it.arsc.flat
Compiling XML table C:\Users\joaop\OneDrive\Documentos\Creates\Jogo infantil\app\build\intermediates\incremental\debugAndroidTest\mergeDebugAndroidTestResources\merged.dir\values-en-rXC\values-en-rXC.xml to C:\Users\joaop\OneDrive\Documentos\Creates\Jogo infantil\app\build\intermediates\merged_res\debugAndroidTest\mergeDebugAndroidTestResources\values-en-rXC_values-en-rXC.arsc.flat
Compiling XML table C:\Users\joaop\OneDrive\Documentos\Creates\Jogo infantil\app\build\intermediates\incremental\debugAndroidTest\mergeDebugAndroidTestResources\merged.dir\values-my\values-my.xml to C:\Users\joaop\OneDrive\Documentos\Creates\Jogo infantil\app\build\intermediates\merged_res\debugAndroidTest\mergeDebugAndroidTestResources\values-my_values-my.arsc.flat
Compiling XML table C:\Users\joaop\OneDrive\Documentos\Creates\Jogo infantil\app\build\intermediates\incremental\debugAndroidTest\mergeDebugAndroidTestResources\merged.dir\values-pa\values-pa.xml to C:\Users\joaop\OneDrive\Documentos\Creates\Jogo infantil\app\build\intermediates\merged_res\debugAndroidTest\mergeDebugAndroidTestResources\values-pa_values-pa.arsc.flat
Compiling XML table C:\Users\joaop\OneDrive\Documentos\Creates\Jogo infantil\app\build\intermediates\incremental\debugAndroidTest\mergeDebugAndroidTestResources\merged.dir\values-kk\values-kk.xml to C:\Users\joaop\OneDrive\Documentos\Creates\Jogo infantil\app\build\intermediates\merged_res\debugAndroidTest\mergeDebugAndroidTestResources\values-kk_values-kk.arsc.flat
Compiling XML table C:\Users\joaop\OneDrive\Documentos\Creates\Jogo infantil\app\build\intermediates\incremental\debugAndroidTest\mergeDebugAndroidTestResources\merged.dir\values-th\values-th.xml to C:\Users\joaop\OneDrive\Documentos\Creates\Jogo infantil\app\build\intermediates\merged_res\debugAndroidTest\mergeDebugAndroidTestResources\values-th_values-th.arsc.flat
Compiling XML table C:\Users\joaop\OneDrive\Documentos\Creates\Jogo infantil\app\build\intermediates\incremental\debugAndroidTest\mergeDebugAndroidTestResources\merged.dir\values-fr\values-fr.xml to C:\Users\joaop\OneDrive\Documentos\Creates\Jogo infantil\app\build\intermediates\merged_res\debugAndroidTest\mergeDebugAndroidTestResources\values-fr_values-fr.arsc.flat
Compiling XML table C:\Users\joaop\OneDrive\Documentos\Creates\Jogo infantil\app\build\intermediates\incremental\debugAndroidTest\mergeDebugAndroidTestResources\merged.dir\values-ne\values-ne.xml to C:\Users\joaop\OneDrive\Documentos\Creates\Jogo infantil\app\build\intermediates\merged_res\debugAndroidTest\mergeDebugAndroidTestResources\values-ne_values-ne.arsc.flat
Compiling XML table C:\Users\joaop\OneDrive\Documentos\Creates\Jogo infantil\app\build\intermediates\incremental\debugAndroidTest\mergeDebugAndroidTestResources\merged.dir\values-ja\values-ja.xml to C:\Users\joaop\OneDrive\Documentos\Creates\Jogo infantil\app\build\intermediates\merged_res\debugAndroidTest\mergeDebugAndroidTestResources\values-ja_values-ja.arsc.flat
Compiling XML table C:\Users\joaop\OneDrive\Documentos\Creates\Jogo infantil\app\build\intermediates\incremental\debugAndroidTest\mergeDebugAndroidTestResources\merged.dir\values-es\values-es.xml to C:\Users\joaop\OneDrive\Documentos\Creates\Jogo infantil\app\build\intermediates\merged_res\debugAndroidTest\mergeDebugAndroidTestResources\values-es_values-es.arsc.flat
Compiling XML table C:\Users\joaop\OneDrive\Documentos\Creates\Jogo infantil\app\build\intermediates\incremental\debugAndroidTest\mergeDebugAndroidTestResources\merged.dir\values-te\values-te.xml to C:\Users\joaop\OneDrive\Documentos\Creates\Jogo infantil\app\build\intermediates\merged_res\debugAndroidTest\mergeDebugAndroidTestResources\values-te_values-te.arsc.flat
Compiling XML table C:\Users\joaop\OneDrive\Documentos\Creates\Jogo infantil\app\build\intermediates\incremental\debugAndroidTest\mergeDebugAndroidTestResources\merged.dir\values-zu\values-zu.xml to C:\Users\joaop\OneDrive\Documentos\Creates\Jogo infantil\app\build\intermediates\merged_res\debugAndroidTest\mergeDebugAndroidTestResources\values-zu_values-zu.arsc.flat
Compiling XML table C:\Users\joaop\OneDrive\Documentos\Creates\Jogo infantil\app\build\intermediates\incremental\debugAndroidTest\mergeDebugAndroidTestResources\merged.dir\values-ro\values-ro.xml to C:\Users\joaop\OneDrive\Documentos\Creates\Jogo infantil\app\build\intermediates\merged_res\debugAndroidTest\mergeDebugAndroidTestResources\values-ro_values-ro.arsc.flat
Compiling XML table C:\Users\joaop\OneDrive\Documentos\Creates\Jogo infantil\app\build\intermediates\incremental\debugAndroidTest\mergeDebugAndroidTestResources\merged.dir\values-km\values-km.xml to C:\Users\joaop\OneDrive\Documentos\Creates\Jogo infantil\app\build\intermediates\merged_res\debugAndroidTest\mergeDebugAndroidTestResources\values-km_values-km.arsc.flat
Compiling XML table C:\Users\joaop\OneDrive\Documentos\Creates\Jogo infantil\app\build\intermediates\incremental\debugAndroidTest\mergeDebugAndroidTestResources\merged.dir\values-fa\values-fa.xml to C:\Users\joaop\OneDrive\Documentos\Creates\Jogo infantil\app\build\intermediates\merged_res\debugAndroidTest\mergeDebugAndroidTestResources\values-fa_values-fa.arsc.flat
Compiling XML table C:\Users\joaop\OneDrive\Documentos\Creates\Jogo infantil\app\build\intermediates\incremental\debugAndroidTest\mergeDebugAndroidTestResources\merged.dir\values-az\values-az.xml to C:\Users\joaop\OneDrive\Documentos\Creates\Jogo infantil\app\build\intermediates\merged_res\debugAndroidTest\mergeDebugAndroidTestResources\values-az_values-az.arsc.flat
Compiling XML table C:\Users\joaop\OneDrive\Documentos\Creates\Jogo infantil\app\build\intermediates\incremental\debugAndroidTest\mergeDebugAndroidTestResources\merged.dir\values-sv\values-sv.xml to C:\Users\joaop\OneDrive\Documentos\Creates\Jogo infantil\app\build\intermediates\merged_res\debugAndroidTest\mergeDebugAndroidTestResources\values-sv_values-sv.arsc.flat
Compiling XML table C:\Users\joaop\OneDrive\Documentos\Creates\Jogo infantil\app\build\intermediates\incremental\debugAndroidTest\mergeDebugAndroidTestResources\merged.dir\values-kn\values-kn.xml to C:\Users\joaop\OneDrive\Documentos\Creates\Jogo infantil\app\build\intermediates\merged_res\debugAndroidTest\mergeDebugAndroidTestResources\values-kn_values-kn.arsc.flat
Compiling XML table C:\Users\joaop\OneDrive\Documentos\Creates\Jogo infantil\app\build\intermediates\incremental\debugAndroidTest\mergeDebugAndroidTestResources\merged.dir\values-pt-rPT\values-pt-rPT.xml to C:\Users\joaop\OneDrive\Documentos\Creates\Jogo infantil\app\build\intermediates\merged_res\debugAndroidTest\mergeDebugAndroidTestResources\values-pt-rPT_values-pt-rPT.arsc.flat
Compiling XML table C:\Users\joaop\OneDrive\Documentos\Creates\Jogo infantil\app\build\intermediates\incremental\debugAndroidTest\mergeDebugAndroidTestResources\merged.dir\values-tl\values-tl.xml to C:\Users\joaop\OneDrive\Documentos\Creates\Jogo infantil\app\build\intermediates\merged_res\debugAndroidTest\mergeDebugAndroidTestResources\values-tl_values-tl.arsc.flat
Compiling XML table C:\Users\joaop\OneDrive\Documentos\Creates\Jogo infantil\app\build\intermediates\incremental\debugAndroidTest\mergeDebugAndroidTestResources\merged.dir\values-bs\values-bs.xml to C:\Users\joaop\OneDrive\Documentos\Creates\Jogo infantil\app\build\intermediates\merged_res\debugAndroidTest\mergeDebugAndroidTestResources\values-bs_values-bs.arsc.flat
Compiling XML table C:\Users\joaop\OneDrive\Documentos\Creates\Jogo infantil\app\build\intermediates\incremental\debugAndroidTest\mergeDebugAndroidTestResources\merged.dir\values-bn\values-bn.xml to C:\Users\joaop\OneDrive\Documentos\Creates\Jogo infantil\app\build\intermediates\merged_res\debugAndroidTest\mergeDebugAndroidTestResources\values-bn_values-bn.arsc.flat
Compiling XML table C:\Users\joaop\OneDrive\Documentos\Creates\Jogo infantil\app\build\intermediates\incremental\debugAndroidTest\mergeDebugAndroidTestResources\merged.dir\values-or\values-or.xml to C:\Users\joaop\OneDrive\Documentos\Creates\Jogo infantil\app\build\intermediates\merged_res\debugAndroidTest\mergeDebugAndroidTestResources\values-or_values-or.arsc.flat
Compiling XML table C:\Users\joaop\OneDrive\Documentos\Creates\Jogo infantil\app\build\intermediates\incremental\debugAndroidTest\mergeDebugAndroidTestResources\merged.dir\values-ka\values-ka.xml to C:\Users\joaop\OneDrive\Documentos\Creates\Jogo infantil\app\build\intermediates\merged_res\debugAndroidTest\mergeDebugAndroidTestResources\values-ka_values-ka.arsc.flat
Compiling XML table C:\Users\joaop\OneDrive\Documentos\Creates\Jogo infantil\app\build\intermediates\incremental\debugAndroidTest\mergeDebugAndroidTestResources\merged.dir\values-v28\values-v28.xml to C:\Users\joaop\OneDrive\Documentos\Creates\Jogo infantil\app\build\intermediates\merged_res\debugAndroidTest\mergeDebugAndroidTestResources\values-v28_values-v28.arsc.flat
Compiling XML table C:\Users\joaop\OneDrive\Documentos\Creates\Jogo infantil\app\build\intermediates\incremental\debugAndroidTest\mergeDebugAndroidTestResources\merged.dir\values-pl\values-pl.xml to C:\Users\joaop\OneDrive\Documentos\Creates\Jogo infantil\app\build\intermediates\merged_res\debugAndroidTest\mergeDebugAndroidTestResources\values-pl_values-pl.arsc.flat
Compiling XML table C:\Users\joaop\OneDrive\Documentos\Creates\Jogo infantil\app\build\intermediates\incremental\debugAndroidTest\mergeDebugAndroidTestResources\merged.dir\values-si\values-si.xml to C:\Users\joaop\OneDrive\Documentos\Creates\Jogo infantil\app\build\intermediates\merged_res\debugAndroidTest\mergeDebugAndroidTestResources\values-si_values-si.arsc.flat
Compiling XML table C:\Users\joaop\OneDrive\Documentos\Creates\Jogo infantil\app\build\intermediates\incremental\debugAndroidTest\mergeDebugAndroidTestResources\merged.dir\values-da\values-da.xml to C:\Users\joaop\OneDrive\Documentos\Creates\Jogo infantil\app\build\intermediates\merged_res\debugAndroidTest\mergeDebugAndroidTestResources\values-da_values-da.arsc.flat
Compiling XML table C:\Users\joaop\OneDrive\Documentos\Creates\Jogo infantil\app\build\intermediates\incremental\debugAndroidTest\mergeDebugAndroidTestResources\merged.dir\values-en-rCA\values-en-rCA.xml to C:\Users\joaop\OneDrive\Documentos\Creates\Jogo infantil\app\build\intermediates\merged_res\debugAndroidTest\mergeDebugAndroidTestResources\values-en-rCA_values-en-rCA.arsc.flat
Compiling XML table C:\Users\joaop\OneDrive\Documentos\Creates\Jogo infantil\app\build\intermediates\incremental\debugAndroidTest\mergeDebugAndroidTestResources\merged.dir\values-tr\values-tr.xml to C:\Users\joaop\OneDrive\Documentos\Creates\Jogo infantil\app\build\intermediates\merged_res\debugAndroidTest\mergeDebugAndroidTestResources\values-tr_values-tr.arsc.flat
Compiling XML table C:\Users\joaop\OneDrive\Documentos\Creates\Jogo infantil\app\build\intermediates\incremental\debugAndroidTest\mergeDebugAndroidTestResources\merged.dir\values-sk\values-sk.xml to C:\Users\joaop\OneDrive\Documentos\Creates\Jogo infantil\app\build\intermediates\merged_res\debugAndroidTest\mergeDebugAndroidTestResources\values-sk_values-sk.arsc.flat
Compiling XML table C:\Users\joaop\OneDrive\Documentos\Creates\Jogo infantil\app\build\intermediates\incremental\debugAndroidTest\mergeDebugAndroidTestResources\merged.dir\values-en-rGB\values-en-rGB.xml to C:\Users\joaop\OneDrive\Documentos\Creates\Jogo infantil\app\build\intermediates\merged_res\debugAndroidTest\mergeDebugAndroidTestResources\values-en-rGB_values-en-rGB.arsc.flat
Compiling XML table C:\Users\joaop\OneDrive\Documentos\Creates\Jogo infantil\app\build\intermediates\incremental\debugAndroidTest\mergeDebugAndroidTestResources\merged.dir\values-sw\values-sw.xml to C:\Users\joaop\OneDrive\Documentos\Creates\Jogo infantil\app\build\intermediates\merged_res\debugAndroidTest\mergeDebugAndroidTestResources\values-sw_values-sw.arsc.flat
Compiling XML table C:\Users\joaop\OneDrive\Documentos\Creates\Jogo infantil\app\build\intermediates\incremental\debugAndroidTest\mergeDebugAndroidTestResources\merged.dir\values-en-rAU\values-en-rAU.xml to C:\Users\joaop\OneDrive\Documentos\Creates\Jogo infantil\app\build\intermediates\merged_res\debugAndroidTest\mergeDebugAndroidTestResources\values-en-rAU_values-en-rAU.arsc.flat
Compiling XML table C:\Users\joaop\OneDrive\Documentos\Creates\Jogo infantil\app\build\intermediates\incremental\debugAndroidTest\mergeDebugAndroidTestResources\merged.dir\values-ko\values-ko.xml to C:\Users\joaop\OneDrive\Documentos\Creates\Jogo infantil\app\build\intermediates\merged_res\debugAndroidTest\mergeDebugAndroidTestResources\values-ko_values-ko.arsc.flat
Compiling XML table C:\Users\joaop\OneDrive\Documentos\Creates\Jogo infantil\app\build\intermediates\incremental\debugAndroidTest\mergeDebugAndroidTestResources\merged.dir\values-sl\values-sl.xml to C:\Users\joaop\OneDrive\Documentos\Creates\Jogo infantil\app\build\intermediates\merged_res\debugAndroidTest\mergeDebugAndroidTestResources\values-sl_values-sl.arsc.flat
Compiling XML table C:\Users\joaop\OneDrive\Documentos\Creates\Jogo infantil\app\build\intermediates\incremental\debugAndroidTest\mergeDebugAndroidTestResources\merged.dir\values-ky\values-ky.xml to C:\Users\joaop\OneDrive\Documentos\Creates\Jogo infantil\app\build\intermediates\merged_res\debugAndroidTest\mergeDebugAndroidTestResources\values-ky_values-ky.arsc.flat
Compiling XML table C:\Users\joaop\OneDrive\Documentos\Creates\Jogo infantil\app\build\intermediates\incremental\debugAndroidTest\mergeDebugAndroidTestResources\merged.dir\values-gu\values-gu.xml to C:\Users\joaop\OneDrive\Documentos\Creates\Jogo infantil\app\build\intermediates\merged_res\debugAndroidTest\mergeDebugAndroidTestResources\values-gu_values-gu.arsc.flat
Compiling XML table C:\Users\joaop\OneDrive\Documentos\Creates\Jogo infantil\app\build\intermediates\incremental\debugAndroidTest\mergeDebugAndroidTestResources\merged.dir\values-gl\values-gl.xml to C:\Users\joaop\OneDrive\Documentos\Creates\Jogo infantil\app\build\intermediates\merged_res\debugAndroidTest\mergeDebugAndroidTestResources\values-gl_values-gl.arsc.flat
Compiling XML table C:\Users\joaop\OneDrive\Documentos\Creates\Jogo infantil\app\build\intermediates\incremental\debugAndroidTest\mergeDebugAndroidTestResources\merged.dir\values-pt-rBR\values-pt-rBR.xml to C:\Users\joaop\OneDrive\Documentos\Creates\Jogo infantil\app\build\intermediates\merged_res\debugAndroidTest\mergeDebugAndroidTestResources\values-pt-rBR_values-pt-rBR.arsc.flat
Compiling XML table C:\Users\joaop\OneDrive\Documentos\Creates\Jogo infantil\app\build\intermediates\incremental\debugAndroidTest\mergeDebugAndroidTestResources\merged.dir\values-ta\values-ta.xml to C:\Users\joaop\OneDrive\Documentos\Creates\Jogo infantil\app\build\intermediates\merged_res\debugAndroidTest\mergeDebugAndroidTestResources\values-ta_values-ta.arsc.flat
Compiling XML table C:\Users\joaop\OneDrive\Documentos\Creates\Jogo infantil\app\build\intermediates\incremental\debugAndroidTest\mergeDebugAndroidTestResources\merged.dir\values-cs\values-cs.xml to C:\Users\joaop\OneDrive\Documentos\Creates\Jogo infantil\app\build\intermediates\merged_res\debugAndroidTest\mergeDebugAndroidTestResources\values-cs_values-cs.arsc.flat

> Task :app:mergeDebugGlobalSynthetics UP-TO-DATE
Transforming material3-release.aar (androidx.compose.material3:material3-android:1.3.0) with JetifyTransform
Transforming material3-release.aar (androidx.compose.material3:material3-android:1.3.0) with AarToClassTransform
Transforming material3-release.aar (androidx.compose.material3:material3-android:1.3.0) with IdentityTransform
Transforming material3-release.aar (androidx.compose.material3:material3-android:1.3.0) with DexingNoClasspathTransform
Transforming material3-release.aar (androidx.compose.material3:material3-android:1.3.0) with DexingOutputSplitTransform
Transforming material-release.aar (androidx.compose.material:material-android:1.7.4) with JetifyTransform
Transforming material-release.aar (androidx.compose.material:material-android:1.7.4) with AarToClassTransform
Transforming material-release.aar (androidx.compose.material:material-android:1.7.4) with IdentityTransform
Transforming material-release.aar (androidx.compose.material:material-android:1.7.4) with DexingNoClasspathTransform
Transforming material-release.aar (androidx.compose.material:material-android:1.7.4) with DexingOutputSplitTransform
Transforming material-ripple-release.aar (androidx.compose.material:material-ripple-android:1.7.4) with JetifyTransform
Transforming material-ripple-release.aar (androidx.compose.material:material-ripple-android:1.7.4) with AarToClassTransform
Transforming material-ripple-release.aar (androidx.compose.material:material-ripple-android:1.7.4) with IdentityTransform
Transforming material-ripple-release.aar (androidx.compose.material:material-ripple-android:1.7.4) with DexingNoClasspathTransform
Transforming material-ripple-release.aar (androidx.compose.material:material-ripple-android:1.7.4) with DexingOutputSplitTransform
Transforming foundation-release.aar (androidx.compose.foundation:foundation-android:1.7.4) with JetifyTransform
Transforming foundation-release.aar (androidx.compose.foundation:foundation-android:1.7.4) with AarToClassTransform
Transforming foundation-release.aar (androidx.compose.foundation:foundation-android:1.7.4) with IdentityTransform
Transforming foundation-release.aar (androidx.compose.foundation:foundation-android:1.7.4) with DexingNoClasspathTransform
Transforming foundation-release.aar (androidx.compose.foundation:foundation-android:1.7.4) with DexingOutputSplitTransform
Transforming animation-release.aar (androidx.compose.animation:animation-android:1.7.4) with JetifyTransform
Transforming animation-release.aar (androidx.compose.animation:animation-android:1.7.4) with AarToClassTransform
Transforming animation-release.aar (androidx.compose.animation:animation-android:1.7.4) with IdentityTransform
Transforming animation-release.aar (androidx.compose.animation:animation-android:1.7.4) with DexingNoClasspathTransform
Transforming animation-release.aar (androidx.compose.animation:animation-android:1.7.4) with DexingOutputSplitTransform
Transforming foundation-layout-release.aar (androidx.compose.foundation:foundation-layout-android:1.7.4) with JetifyTransform
Transforming foundation-layout-release.aar (androidx.compose.foundation:foundation-layout-android:1.7.4) with AarToClassTransform
Transforming foundation-layout-release.aar (androidx.compose.foundation:foundation-layout-android:1.7.4) with IdentityTransform
Transforming foundation-layout-release.aar (androidx.compose.foundation:foundation-layout-android:1.7.4) with DexingNoClasspathTransform
Transforming foundation-layout-release.aar (androidx.compose.foundation:foundation-layout-android:1.7.4) with DexingOutputSplitTransform
Transforming animation-core-release.aar (androidx.compose.animation:animation-core-android:1.7.4) with JetifyTransform
Transforming animation-core-release.aar (androidx.compose.animation:animation-core-android:1.7.4) with AarToClassTransform
Transforming animation-core-release.aar (androidx.compose.animation:animation-core-android:1.7.4) with IdentityTransform
Transforming animation-core-release.aar (androidx.compose.animation:animation-core-android:1.7.4) with DexingNoClasspathTransform
Transforming animation-core-release.aar (androidx.compose.animation:animation-core-android:1.7.4) with DexingOutputSplitTransform
Transforming ui-tooling-preview-release.aar (androidx.compose.ui:ui-tooling-preview-android:1.7.4) with JetifyTransform
Transforming ui-tooling-preview-release.aar (androidx.compose.ui:ui-tooling-preview-android:1.7.4) with AarToClassTransform
Transforming ui-tooling-preview-release.aar (androidx.compose.ui:ui-tooling-preview-android:1.7.4) with IdentityTransform
Transforming ui-tooling-preview-release.aar (androidx.compose.ui:ui-tooling-preview-android:1.7.4) with DexingNoClasspathTransform
Transforming ui-tooling-preview-release.aar (androidx.compose.ui:ui-tooling-preview-android:1.7.4) with DexingOutputSplitTransform
Transforming ui-tooling-data-release.aar (androidx.compose.ui:ui-tooling-data-android:1.7.4) with JetifyTransform
Transforming ui-tooling-data-release.aar (androidx.compose.ui:ui-tooling-data-android:1.7.4) with AarToClassTransform
Transforming ui-tooling-data-release.aar (androidx.compose.ui:ui-tooling-data-android:1.7.4) with IdentityTransform
Transforming ui-tooling-data-release.aar (androidx.compose.ui:ui-tooling-data-android:1.7.4) with DexingNoClasspathTransform
Transforming ui-tooling-data-release.aar (androidx.compose.ui:ui-tooling-data-android:1.7.4) with DexingOutputSplitTransform
Transforming ui-unit-release.aar (androidx.compose.ui:ui-unit-android:1.7.4) with JetifyTransform
Transforming ui-unit-release.aar (androidx.compose.ui:ui-unit-android:1.7.4) with AarToClassTransform
Transforming ui-unit-release.aar (androidx.compose.ui:ui-unit-android:1.7.4) with IdentityTransform
Transforming ui-unit-release.aar (androidx.compose.ui:ui-unit-android:1.7.4) with DexingNoClasspathTransform
Transforming ui-unit-release.aar (androidx.compose.ui:ui-unit-android:1.7.4) with DexingOutputSplitTransform
Transforming ui-graphics-release.aar (androidx.compose.ui:ui-graphics-android:1.7.4) with JetifyTransform
Transforming ui-graphics-release.aar (androidx.compose.ui:ui-graphics-android:1.7.4) with AarToClassTransform
Transforming ui-graphics-release.aar (androidx.compose.ui:ui-graphics-android:1.7.4) with IdentityTransform
Transforming ui-graphics-release.aar (androidx.compose.ui:ui-graphics-android:1.7.4) with DexingNoClasspathTransform
Transforming ui-graphics-release.aar (androidx.compose.ui:ui-graphics-android:1.7.4) with DexingOutputSplitTransform
Transforming ui-geometry-release.aar (androidx.compose.ui:ui-geometry-android:1.7.4) with JetifyTransform
Transforming ui-geometry-release.aar (androidx.compose.ui:ui-geometry-android:1.7.4) with AarToClassTransform
Transforming ui-geometry-release.aar (androidx.compose.ui:ui-geometry-android:1.7.4) with IdentityTransform
Transforming ui-geometry-release.aar (androidx.compose.ui:ui-geometry-android:1.7.4) with DexingNoClasspathTransform
Transforming ui-geometry-release.aar (androidx.compose.ui:ui-geometry-android:1.7.4) with DexingOutputSplitTransform
Transforming ui-util-release.aar (androidx.compose.ui:ui-util-android:1.7.4) with JetifyTransform
Transforming ui-util-release.aar (androidx.compose.ui:ui-util-android:1.7.4) with AarToClassTransform
Transforming ui-util-release.aar (androidx.compose.ui:ui-util-android:1.7.4) with IdentityTransform
Transforming ui-util-release.aar (androidx.compose.ui:ui-util-android:1.7.4) with DexingNoClasspathTransform
Transforming ui-util-release.aar (androidx.compose.ui:ui-util-android:1.7.4) with DexingOutputSplitTransform
Transforming ui-text-release.aar (androidx.compose.ui:ui-text-android:1.7.4) with JetifyTransform
Transforming ui-text-release.aar (androidx.compose.ui:ui-text-android:1.7.4) with AarToClassTransform
Transforming ui-text-release.aar (androidx.compose.ui:ui-text-android:1.7.4) with IdentityTransform
Transforming ui-text-release.aar (androidx.compose.ui:ui-text-android:1.7.4) with DexingNoClasspathTransform
Transforming ui-text-release.aar (androidx.compose.ui:ui-text-android:1.7.4) with DexingOutputSplitTransform
Transforming ui-tooling-release.aar (androidx.compose.ui:ui-tooling-android:1.7.4) with JetifyTransform
Transforming ui-tooling-release.aar (androidx.compose.ui:ui-tooling-android:1.7.4) with AarToClassTransform
Transforming ui-tooling-release.aar (androidx.compose.ui:ui-tooling-android:1.7.4) with IdentityTransform
Transforming ui-tooling-release.aar (androidx.compose.ui:ui-tooling-android:1.7.4) with DexingNoClasspathTransform
Transforming ui-tooling-release.aar (androidx.compose.ui:ui-tooling-android:1.7.4) with DexingOutputSplitTransform
Transforming ui-test-manifest-1.7.4.aar (androidx.compose.ui:ui-test-manifest:1.7.4) with JetifyTransform
Transforming ui-test-manifest-1.7.4.aar (androidx.compose.ui:ui-test-manifest:1.7.4) with AarToClassTransform
Transforming ui-test-manifest-1.7.4.aar (androidx.compose.ui:ui-test-manifest:1.7.4) with IdentityTransform
Transforming ui-test-manifest-1.7.4.aar (androidx.compose.ui:ui-test-manifest:1.7.4) with DexingNoClasspathTransform
Transforming ui-test-manifest-1.7.4.aar (androidx.compose.ui:ui-test-manifest:1.7.4) with DexingOutputSplitTransform
Transforming material-icons-core-release.aar (androidx.compose.material:material-icons-core-android:1.7.4) with JetifyTransform
Transforming material-icons-core-release.aar (androidx.compose.material:material-icons-core-android:1.7.4) with AarToClassTransform
Transforming material-icons-core-release.aar (androidx.compose.material:material-icons-core-android:1.7.4) with IdentityTransform
Transforming material-icons-core-release.aar (androidx.compose.material:material-icons-core-android:1.7.4) with DexingNoClasspathTransform
Transforming material-icons-core-release.aar (androidx.compose.material:material-icons-core-android:1.7.4) with DexingOutputSplitTransform
Transforming ui-release.aar (androidx.compose.ui:ui-android:1.7.4) with JetifyTransform
Transforming ui-release.aar (androidx.compose.ui:ui-android:1.7.4) with AarToClassTransform
Transforming ui-release.aar (androidx.compose.ui:ui-android:1.7.4) with IdentityTransform
Transforming ui-release.aar (androidx.compose.ui:ui-android:1.7.4) with DexingNoClasspathTransform
Transforming ui-release.aar (androidx.compose.ui:ui-android:1.7.4) with DexingOutputSplitTransform
Transforming play-services-ads-lite-23.2.0.aar (com.google.android.gms:play-services-ads-lite:23.2.0) with JetifyTransform
Transforming play-services-ads-lite-23.2.0.aar (com.google.android.gms:play-services-ads-lite:23.2.0) with AarToClassTransform
Transforming play-services-ads-lite-23.2.0.aar (com.google.android.gms:play-services-ads-lite:23.2.0) with IdentityTransform
Transforming play-services-ads-lite-23.2.0.aar (com.google.android.gms:play-services-ads-lite:23.2.0) with DexingNoClasspathTransform
Transforming play-services-ads-lite-23.2.0.aar (com.google.android.gms:play-services-ads-lite:23.2.0) with DexingOutputSplitTransform
Transforming play-services-ads-base-23.2.0.aar (com.google.android.gms:play-services-ads-base:23.2.0) with JetifyTransform
Transforming play-services-ads-base-23.2.0.aar (com.google.android.gms:play-services-ads-base:23.2.0) with AarToClassTransform
Transforming play-services-ads-base-23.2.0.aar (com.google.android.gms:play-services-ads-base:23.2.0) with IdentityTransform
Transforming play-services-ads-base-23.2.0.aar (com.google.android.gms:play-services-ads-base:23.2.0) with DexingNoClasspathTransform
Transforming play-services-ads-base-23.2.0.aar (com.google.android.gms:play-services-ads-base:23.2.0) with DexingOutputSplitTransform
Transforming play-services-measurement-sdk-api-20.1.2.aar (com.google.android.gms:play-services-measurement-sdk-api:20.1.2) with JetifyTransform
Transforming play-services-measurement-sdk-api-20.1.2.aar (com.google.android.gms:play-services-measurement-sdk-api:20.1.2) with AarToClassTransform
Transforming play-services-measurement-sdk-api-20.1.2.aar (com.google.android.gms:play-services-measurement-sdk-api:20.1.2) with IdentityTransform
Transforming play-services-measurement-sdk-api-20.1.2.aar (com.google.android.gms:play-services-measurement-sdk-api:20.1.2) with DexingNoClasspathTransform
Transforming play-services-measurement-sdk-api-20.1.2.aar (com.google.android.gms:play-services-measurement-sdk-api:20.1.2) with DexingOutputSplitTransform
Transforming user-messaging-platform-2.2.0.aar (com.google.android.ump:user-messaging-platform:2.2.0) with JetifyTransform
Transforming user-messaging-platform-2.2.0.aar (com.google.android.ump:user-messaging-platform:2.2.0) with AarToClassTransform
Transforming user-messaging-platform-2.2.0.aar (com.google.android.ump:user-messaging-platform:2.2.0) with IdentityTransform
Transforming user-messaging-platform-2.2.0.aar (com.google.android.ump:user-messaging-platform:2.2.0) with DexingNoClasspathTransform
Transforming user-messaging-platform-2.2.0.aar (com.google.android.ump:user-messaging-platform:2.2.0) with DexingOutputSplitTransform
Transforming firebase-messaging-ktx-24.0.3.aar (com.google.firebase:firebase-messaging-ktx:24.0.3) with JetifyTransform
Transforming firebase-messaging-ktx-24.0.3.aar (com.google.firebase:firebase-messaging-ktx:24.0.3) with AarToClassTransform
Transforming firebase-messaging-ktx-24.0.3.aar (com.google.firebase:firebase-messaging-ktx:24.0.3) with IdentityTransform
Transforming firebase-messaging-ktx-24.0.3.aar (com.google.firebase:firebase-messaging-ktx:24.0.3) with DexingNoClasspathTransform
Transforming firebase-messaging-ktx-24.0.3.aar (com.google.firebase:firebase-messaging-ktx:24.0.3) with DexingOutputSplitTransform
Transforming firebase-messaging-24.0.3.aar (com.google.firebase:firebase-messaging:24.0.3) with JetifyTransform
Transforming firebase-messaging-24.0.3.aar (com.google.firebase:firebase-messaging:24.0.3) with AarToClassTransform
Transforming firebase-messaging-24.0.3.aar (com.google.firebase:firebase-messaging:24.0.3) with IdentityTransform
Transforming firebase-messaging-24.0.3.aar (com.google.firebase:firebase-messaging:24.0.3) with DexingNoClasspathTransform
Transforming firebase-messaging-24.0.3.aar (com.google.firebase:firebase-messaging:24.0.3) with DexingOutputSplitTransform
Transforming firebase-installations-18.0.0.aar (com.google.firebase:firebase-installations:18.0.0) with JetifyTransform
Transforming firebase-installations-18.0.0.aar (com.google.firebase:firebase-installations:18.0.0) with AarToClassTransform
Transforming firebase-installations-18.0.0.aar (com.google.firebase:firebase-installations:18.0.0) with IdentityTransform
Transforming firebase-installations-18.0.0.aar (com.google.firebase:firebase-installations:18.0.0) with DexingNoClasspathTransform
Transforming firebase-installations-18.0.0.aar (com.google.firebase:firebase-installations:18.0.0) with DexingOutputSplitTransform
Transforming firebase-common-ktx-21.0.0.aar (com.google.firebase:firebase-common-ktx:21.0.0) with JetifyTransform
Transforming firebase-common-ktx-21.0.0.aar (com.google.firebase:firebase-common-ktx:21.0.0) with AarToClassTransform
Transforming firebase-common-ktx-21.0.0.aar (com.google.firebase:firebase-common-ktx:21.0.0) with IdentityTransform
Transforming firebase-common-ktx-21.0.0.aar (com.google.firebase:firebase-common-ktx:21.0.0) with DexingNoClasspathTransform
Transforming firebase-common-ktx-21.0.0.aar (com.google.firebase:firebase-common-ktx:21.0.0) with DexingOutputSplitTransform
Transforming firebase-common-21.0.0.aar (com.google.firebase:firebase-common:21.0.0) with JetifyTransform
Transforming firebase-common-21.0.0.aar (com.google.firebase:firebase-common:21.0.0) with AarToClassTransform
Transforming firebase-common-21.0.0.aar (com.google.firebase:firebase-common:21.0.0) with IdentityTransform
Transforming firebase-common-21.0.0.aar (com.google.firebase:firebase-common:21.0.0) with DexingNoClasspathTransform
Transforming firebase-common-21.0.0.aar (com.google.firebase:firebase-common:21.0.0) with DexingOutputSplitTransform
Transforming play-services-measurement-base-20.1.2.aar (com.google.android.gms:play-services-measurement-base:20.1.2) with JetifyTransform
Transforming play-services-measurement-base-20.1.2.aar (com.google.android.gms:play-services-measurement-base:20.1.2) with AarToClassTransform
Transforming play-services-measurement-base-20.1.2.aar (com.google.android.gms:play-services-measurement-base:20.1.2) with IdentityTransform
Transforming play-services-measurement-base-20.1.2.aar (com.google.android.gms:play-services-measurement-base:20.1.2) with DexingNoClasspathTransform
Transforming play-services-measurement-base-20.1.2.aar (com.google.android.gms:play-services-measurement-base:20.1.2) with DexingOutputSplitTransform
Transforming firebase-iid-interop-17.1.0.aar (com.google.firebase:firebase-iid-interop:17.1.0) with JetifyTransform
Transforming firebase-iid-interop-17.1.0.aar (com.google.firebase:firebase-iid-interop:17.1.0) with AarToClassTransform
Transforming firebase-iid-interop-17.1.0.aar (com.google.firebase:firebase-iid-interop:17.1.0) with IdentityTransform
Transforming firebase-iid-interop-17.1.0.aar (com.google.firebase:firebase-iid-interop:17.1.0) with DexingNoClasspathTransform
Transforming firebase-iid-interop-17.1.0.aar (com.google.firebase:firebase-iid-interop:17.1.0) with DexingOutputSplitTransform
Transforming firebase-measurement-connector-19.0.0.aar (com.google.firebase:firebase-measurement-connector:19.0.0) with JetifyTransform
Transforming firebase-measurement-connector-19.0.0.aar (com.google.firebase:firebase-measurement-connector:19.0.0) with AarToClassTransform
Transforming firebase-measurement-connector-19.0.0.aar (com.google.firebase:firebase-measurement-connector:19.0.0) with IdentityTransform
Transforming firebase-measurement-connector-19.0.0.aar (com.google.firebase:firebase-measurement-connector:19.0.0) with DexingNoClasspathTransform
Transforming firebase-measurement-connector-19.0.0.aar (com.google.firebase:firebase-measurement-connector:19.0.0) with DexingOutputSplitTransform
Transforming play-services-base-18.0.1.aar (com.google.android.gms:play-services-base:18.0.1) with JetifyTransform
Transforming play-services-base-18.0.1.aar (com.google.android.gms:play-services-base:18.0.1) with AarToClassTransform
Transforming play-services-base-18.0.1.aar (com.google.android.gms:play-services-base:18.0.1) with IdentityTransform
Transforming play-services-base-18.0.1.aar (com.google.android.gms:play-services-base:18.0.1) with DexingNoClasspathTransform
Transforming play-services-base-18.0.1.aar (com.google.android.gms:play-services-base:18.0.1) with DexingOutputSplitTransform
Transforming play-services-cloud-messaging-17.2.0.aar (com.google.android.gms:play-services-cloud-messaging:17.2.0) with JetifyTransform
Transforming play-services-cloud-messaging-17.2.0.aar (com.google.android.gms:play-services-cloud-messaging:17.2.0) with AarToClassTransform
Transforming play-services-cloud-messaging-17.2.0.aar (com.google.android.gms:play-services-cloud-messaging:17.2.0) with IdentityTransform
Transforming play-services-cloud-messaging-17.2.0.aar (com.google.android.gms:play-services-cloud-messaging:17.2.0) with DexingNoClasspathTransform
Transforming play-services-cloud-messaging-17.2.0.aar (com.google.android.gms:play-services-cloud-messaging:17.2.0) with DexingOutputSplitTransform
Transforming play-services-stats-17.0.2.aar (com.google.android.gms:play-services-stats:17.0.2) with JetifyTransform
Transforming play-services-stats-17.0.2.aar (com.google.android.gms:play-services-stats:17.0.2) with AarToClassTransform
Transforming play-services-stats-17.0.2.aar (com.google.android.gms:play-services-stats:17.0.2) with IdentityTransform
Transforming play-services-stats-17.0.2.aar (com.google.android.gms:play-services-stats:17.0.2) with DexingNoClasspathTransform
Transforming play-services-stats-17.0.2.aar (com.google.android.gms:play-services-stats:17.0.2) with DexingOutputSplitTransform
Transforming firebase-installations-interop-17.1.1.aar (com.google.firebase:firebase-installations-interop:17.1.1) with JetifyTransform
Transforming firebase-installations-interop-17.1.1.aar (com.google.firebase:firebase-installations-interop:17.1.1) with AarToClassTransform
Transforming firebase-installations-interop-17.1.1.aar (com.google.firebase:firebase-installations-interop:17.1.1) with IdentityTransform
Transforming firebase-installations-interop-17.1.1.aar (com.google.firebase:firebase-installations-interop:17.1.1) with DexingNoClasspathTransform
Transforming firebase-installations-interop-17.1.1.aar (com.google.firebase:firebase-installations-interop:17.1.1) with DexingOutputSplitTransform
Transforming work-runtime-2.7.0.aar (androidx.work:work-runtime:2.7.0) with JetifyTransform
Transforming work-runtime-2.7.0.aar (androidx.work:work-runtime:2.7.0) with AarToClassTransform
Transforming work-runtime-2.7.0.aar (androidx.work:work-runtime:2.7.0) with IdentityTransform
Transforming work-runtime-2.7.0.aar (androidx.work:work-runtime:2.7.0) with DexingNoClasspathTransform
Transforming work-runtime-2.7.0.aar (androidx.work:work-runtime:2.7.0) with DexingOutputSplitTransform
Transforming legacy-support-core-utils-1.0.0.aar (androidx.legacy:legacy-support-core-utils:1.0.0) with JetifyTransform
Transforming legacy-support-core-utils-1.0.0.aar (androidx.legacy:legacy-support-core-utils:1.0.0) with AarToClassTransform
Transforming legacy-support-core-utils-1.0.0.aar (androidx.legacy:legacy-support-core-utils:1.0.0) with IdentityTransform
Transforming legacy-support-core-utils-1.0.0.aar (androidx.legacy:legacy-support-core-utils:1.0.0) with DexingNoClasspathTransform
Transforming legacy-support-core-utils-1.0.0.aar (androidx.legacy:legacy-support-core-utils:1.0.0) with DexingOutputSplitTransform
Transforming loader-1.0.0.aar (androidx.loader:loader:1.0.0) with JetifyTransform
Transforming loader-1.0.0.aar (androidx.loader:loader:1.0.0) with AarToClassTransform
Transforming loader-1.0.0.aar (androidx.loader:loader:1.0.0) with IdentityTransform
Transforming loader-1.0.0.aar (androidx.loader:loader:1.0.0) with DexingNoClasspathTransform
Transforming loader-1.0.0.aar (androidx.loader:loader:1.0.0) with DexingOutputSplitTransform
Transforming savedstate-ktx-1.2.1.aar (androidx.savedstate:savedstate-ktx:1.2.1) with JetifyTransform
Transforming savedstate-ktx-1.2.1.aar (androidx.savedstate:savedstate-ktx:1.2.1) with AarToClassTransform
Transforming savedstate-ktx-1.2.1.aar (androidx.savedstate:savedstate-ktx:1.2.1) with IdentityTransform
Transforming savedstate-ktx-1.2.1.aar (androidx.savedstate:savedstate-ktx:1.2.1) with DexingNoClasspathTransform
Transforming savedstate-ktx-1.2.1.aar (androidx.savedstate:savedstate-ktx:1.2.1) with DexingOutputSplitTransform
Transforming savedstate-1.2.1.aar (androidx.savedstate:savedstate:1.2.1) with JetifyTransform
Transforming savedstate-1.2.1.aar (androidx.savedstate:savedstate:1.2.1) with AarToClassTransform
Transforming savedstate-1.2.1.aar (androidx.savedstate:savedstate:1.2.1) with IdentityTransform
Transforming savedstate-1.2.1.aar (androidx.savedstate:savedstate:1.2.1) with DexingNoClasspathTransform
Transforming savedstate-1.2.1.aar (androidx.savedstate:savedstate:1.2.1) with DexingOutputSplitTransform
Transforming emoji2-1.3.0.aar (androidx.emoji2:emoji2:1.3.0) with JetifyTransform
Transforming emoji2-1.3.0.aar (androidx.emoji2:emoji2:1.3.0) with AarToClassTransform
Transforming emoji2-1.3.0.aar (androidx.emoji2:emoji2:1.3.0) with IdentityTransform
Transforming emoji2-1.3.0.aar (androidx.emoji2:emoji2:1.3.0) with DexingNoClasspathTransform
Transforming emoji2-1.3.0.aar (androidx.emoji2:emoji2:1.3.0) with DexingOutputSplitTransform
Transforming lifecycle-process-2.8.6.aar (androidx.lifecycle:lifecycle-process:2.8.6) with JetifyTransform
Transforming lifecycle-process-2.8.6.aar (androidx.lifecycle:lifecycle-process:2.8.6) with AarToClassTransform
Transforming lifecycle-process-2.8.6.aar (androidx.lifecycle:lifecycle-process:2.8.6) with IdentityTransform
Transforming lifecycle-process-2.8.6.aar (androidx.lifecycle:lifecycle-process:2.8.6) with DexingNoClasspathTransform
Transforming lifecycle-process-2.8.6.aar (androidx.lifecycle:lifecycle-process:2.8.6) with DexingOutputSplitTransform
Transforming lifecycle-common-jvm-2.8.6.jar (androidx.lifecycle:lifecycle-common-jvm:2.8.6) with JetifyTransform
Transforming lifecycle-common-jvm-2.8.6.jar (androidx.lifecycle:lifecycle-common-jvm:2.8.6) with IdentityTransform
Transforming lifecycle-common-jvm-2.8.6.jar (androidx.lifecycle:lifecycle-common-jvm:2.8.6) with IdentityTransform
Transforming lifecycle-common-jvm-2.8.6.jar (androidx.lifecycle:lifecycle-common-jvm:2.8.6) with DexingNoClasspathTransform
Transforming lifecycle-common-jvm-2.8.6.jar (androidx.lifecycle:lifecycle-common-jvm:2.8.6) with DexingOutputSplitTransform
Transforming lifecycle-runtime-compose-release.aar (androidx.lifecycle:lifecycle-runtime-compose-android:2.8.6) with JetifyTransform
Transforming lifecycle-runtime-compose-release.aar (androidx.lifecycle:lifecycle-runtime-compose-android:2.8.6) with AarToClassTransform
Transforming lifecycle-runtime-compose-release.aar (androidx.lifecycle:lifecycle-runtime-compose-android:2.8.6) with IdentityTransform
Transforming lifecycle-runtime-compose-release.aar (androidx.lifecycle:lifecycle-runtime-compose-android:2.8.6) with DexingNoClasspathTransform
Transforming lifecycle-runtime-compose-release.aar (androidx.lifecycle:lifecycle-runtime-compose-android:2.8.6) with DexingOutputSplitTransform
Transforming autofill-1.0.0.aar (androidx.autofill:autofill:1.0.0) with JetifyTransform
Transforming autofill-1.0.0.aar (androidx.autofill:autofill:1.0.0) with AarToClassTransform
Transforming autofill-1.0.0.aar (androidx.autofill:autofill:1.0.0) with IdentityTransform
Transforming autofill-1.0.0.aar (androidx.autofill:autofill:1.0.0) with DexingNoClasspathTransform
Transforming autofill-1.0.0.aar (androidx.autofill:autofill:1.0.0) with DexingOutputSplitTransform
Transforming viewpager-1.0.0.aar (androidx.viewpager:viewpager:1.0.0) with JetifyTransform
Transforming viewpager-1.0.0.aar (androidx.viewpager:viewpager:1.0.0) with AarToClassTransform
Transforming viewpager-1.0.0.aar (androidx.viewpager:viewpager:1.0.0) with IdentityTransform
Transforming viewpager-1.0.0.aar (androidx.viewpager:viewpager:1.0.0) with DexingNoClasspathTransform
Transforming viewpager-1.0.0.aar (androidx.viewpager:viewpager:1.0.0) with DexingOutputSplitTransform
Transforming customview-1.0.0.aar (androidx.customview:customview:1.0.0) with JetifyTransform
Transforming customview-1.0.0.aar (androidx.customview:customview:1.0.0) with AarToClassTransform
Transforming customview-1.0.0.aar (androidx.customview:customview:1.0.0) with IdentityTransform
Transforming customview-1.0.0.aar (androidx.customview:customview:1.0.0) with DexingNoClasspathTransform
Transforming customview-1.0.0.aar (androidx.customview:customview:1.0.0) with DexingOutputSplitTransform
Transforming graphics-path-1.0.1.aar (androidx.graphics:graphics-path:1.0.1) with JetifyTransform
Transforming graphics-path-1.0.1.aar (androidx.graphics:graphics-path:1.0.1) with AarToClassTransform
Transforming graphics-path-1.0.1.aar (androidx.graphics:graphics-path:1.0.1) with IdentityTransform
Transforming graphics-path-1.0.1.aar (androidx.graphics:graphics-path:1.0.1) with DexingNoClasspathTransform
Transforming graphics-path-1.0.1.aar (androidx.graphics:graphics-path:1.0.1) with DexingOutputSplitTransform
Transforming customview-poolingcontainer-1.0.0.aar (androidx.customview:customview-poolingcontainer:1.0.0) with JetifyTransform
Transforming customview-poolingcontainer-1.0.0.aar (androidx.customview:customview-poolingcontainer:1.0.0) with AarToClassTransform
Transforming customview-poolingcontainer-1.0.0.aar (androidx.customview:customview-poolingcontainer:1.0.0) with IdentityTransform
Transforming customview-poolingcontainer-1.0.0.aar (androidx.customview:customview-poolingcontainer:1.0.0) with DexingNoClasspathTransform
Transforming customview-poolingcontainer-1.0.0.aar (androidx.customview:customview-poolingcontainer:1.0.0) with DexingOutputSplitTransform
Transforming core-ktx-1.13.1.aar (androidx.core:core-ktx:1.13.1) with JetifyTransform
Transforming core-ktx-1.13.1.aar (androidx.core:core-ktx:1.13.1) with AarToClassTransform
Transforming core-ktx-1.13.1.aar (androidx.core:core-ktx:1.13.1) with IdentityTransform
Transforming core-ktx-1.13.1.aar (androidx.core:core-ktx:1.13.1) with DexingNoClasspathTransform
Transforming core-ktx-1.13.1.aar (androidx.core:core-ktx:1.13.1) with DexingOutputSplitTransform
Transforming core-1.13.1.aar (androidx.core:core:1.13.1) with JetifyTransform
Transforming core-1.13.1.aar (androidx.core:core:1.13.1) with AarToClassTransform
Transforming core-1.13.1.aar (androidx.core:core:1.13.1) with IdentityTransform
Transforming core-1.13.1.aar (androidx.core:core:1.13.1) with DexingNoClasspathTransform
Transforming core-1.13.1.aar (androidx.core:core:1.13.1) with DexingOutputSplitTransform
Transforming core-1.13.1.aar (androidx.core:core:1.13.1) with JetifyTransform
Transforming core-1.13.1.aar (androidx.core:core:1.13.1) with AarToClassTransform
Transforming core-1.13.1.aar (androidx.core:core:1.13.1) with IdentityTransform
Transforming core-1.13.1.aar (androidx.core:core:1.13.1) with DexingNoClasspathTransform
Transforming core-1.13.1.aar (androidx.core:core:1.13.1) with DexingOutputSplitTransform
Transforming lifecycle-runtime-release.aar (androidx.lifecycle:lifecycle-runtime-android:2.8.6) with JetifyTransform
Transforming lifecycle-runtime-release.aar (androidx.lifecycle:lifecycle-runtime-android:2.8.6) with AarToClassTransform
Transforming lifecycle-runtime-release.aar (androidx.lifecycle:lifecycle-runtime-android:2.8.6) with IdentityTransform
Transforming lifecycle-runtime-release.aar (androidx.lifecycle:lifecycle-runtime-android:2.8.6) with DexingNoClasspathTransform
Transforming lifecycle-runtime-release.aar (androidx.lifecycle:lifecycle-runtime-android:2.8.6) with DexingOutputSplitTransform
Transforming lifecycle-viewmodel-2.8.6.aar (androidx.lifecycle:lifecycle-viewmodel:2.8.6) with JetifyTransform
Transforming lifecycle-viewmodel-2.8.6.aar (androidx.lifecycle:lifecycle-viewmodel:2.8.6) with AarToClassTransform
Transforming lifecycle-viewmodel-2.8.6.aar (androidx.lifecycle:lifecycle-viewmodel:2.8.6) with IdentityTransform
Transforming lifecycle-viewmodel-2.8.6.aar (androidx.lifecycle:lifecycle-viewmodel:2.8.6) with DexingNoClasspathTransform
Transforming lifecycle-viewmodel-2.8.6.aar (androidx.lifecycle:lifecycle-viewmodel:2.8.6) with DexingOutputSplitTransform
Transforming lifecycle-viewmodel-release.aar (androidx.lifecycle:lifecycle-viewmodel-android:2.8.6) with JetifyTransform
Transforming lifecycle-viewmodel-release.aar (androidx.lifecycle:lifecycle-viewmodel-android:2.8.6) with AarToClassTransform
Transforming lifecycle-viewmodel-release.aar (androidx.lifecycle:lifecycle-viewmodel-android:2.8.6) with IdentityTransform
Transforming lifecycle-viewmodel-release.aar (androidx.lifecycle:lifecycle-viewmodel-android:2.8.6) with DexingNoClasspathTransform
Transforming lifecycle-viewmodel-release.aar (androidx.lifecycle:lifecycle-viewmodel-android:2.8.6) with DexingOutputSplitTransform
Transforming lifecycle-livedata-core-ktx-2.8.6.aar (androidx.lifecycle:lifecycle-livedata-core-ktx:2.8.6) with JetifyTransform
Transforming lifecycle-livedata-core-ktx-2.8.6.aar (androidx.lifecycle:lifecycle-livedata-core-ktx:2.8.6) with AarToClassTransform
Transforming lifecycle-livedata-core-ktx-2.8.6.aar (androidx.lifecycle:lifecycle-livedata-core-ktx:2.8.6) with IdentityTransform
Transforming lifecycle-livedata-core-ktx-2.8.6.aar (androidx.lifecycle:lifecycle-livedata-core-ktx:2.8.6) with DexingNoClasspathTransform
Transforming lifecycle-livedata-core-ktx-2.8.6.aar (androidx.lifecycle:lifecycle-livedata-core-ktx:2.8.6) with DexingOutputSplitTransform
Transforming lifecycle-livedata-core-2.8.6.aar (androidx.lifecycle:lifecycle-livedata-core:2.8.6) with JetifyTransform
Transforming lifecycle-livedata-core-2.8.6.aar (androidx.lifecycle:lifecycle-livedata-core:2.8.6) with AarToClassTransform
Transforming lifecycle-livedata-core-2.8.6.aar (androidx.lifecycle:lifecycle-livedata-core:2.8.6) with IdentityTransform
Transforming lifecycle-livedata-core-2.8.6.aar (androidx.lifecycle:lifecycle-livedata-core:2.8.6) with DexingNoClasspathTransform
Transforming lifecycle-livedata-core-2.8.6.aar (androidx.lifecycle:lifecycle-livedata-core:2.8.6) with DexingOutputSplitTransform
Transforming lifecycle-viewmodel-savedstate-2.8.6.aar (androidx.lifecycle:lifecycle-viewmodel-savedstate:2.8.6) with JetifyTransform
Transforming lifecycle-viewmodel-savedstate-2.8.6.aar (androidx.lifecycle:lifecycle-viewmodel-savedstate:2.8.6) with AarToClassTransform
Transforming lifecycle-viewmodel-savedstate-2.8.6.aar (androidx.lifecycle:lifecycle-viewmodel-savedstate:2.8.6) with IdentityTransform
Transforming lifecycle-viewmodel-savedstate-2.8.6.aar (androidx.lifecycle:lifecycle-viewmodel-savedstate:2.8.6) with DexingNoClasspathTransform
Transforming lifecycle-viewmodel-savedstate-2.8.6.aar (androidx.lifecycle:lifecycle-viewmodel-savedstate:2.8.6) with DexingOutputSplitTransform
Transforming lifecycle-viewmodel-ktx-2.8.6.aar (androidx.lifecycle:lifecycle-viewmodel-ktx:2.8.6) with JetifyTransform
Transforming lifecycle-viewmodel-ktx-2.8.6.aar (androidx.lifecycle:lifecycle-viewmodel-ktx:2.8.6) with AarToClassTransform
Transforming lifecycle-viewmodel-ktx-2.8.6.aar (androidx.lifecycle:lifecycle-viewmodel-ktx:2.8.6) with IdentityTransform
Transforming lifecycle-viewmodel-ktx-2.8.6.aar (androidx.lifecycle:lifecycle-viewmodel-ktx:2.8.6) with DexingNoClasspathTransform
Transforming lifecycle-viewmodel-ktx-2.8.6.aar (androidx.lifecycle:lifecycle-viewmodel-ktx:2.8.6) with DexingOutputSplitTransform
Transforming lifecycle-service-2.8.6.aar (androidx.lifecycle:lifecycle-service:2.8.6) with JetifyTransform
Transforming lifecycle-service-2.8.6.aar (androidx.lifecycle:lifecycle-service:2.8.6) with AarToClassTransform
Transforming lifecycle-service-2.8.6.aar (androidx.lifecycle:lifecycle-service:2.8.6) with IdentityTransform
Transforming lifecycle-service-2.8.6.aar (androidx.lifecycle:lifecycle-service:2.8.6) with DexingNoClasspathTransform
Transforming lifecycle-service-2.8.6.aar (androidx.lifecycle:lifecycle-service:2.8.6) with DexingOutputSplitTransform
Transforming lifecycle-livedata-2.8.6.aar (androidx.lifecycle:lifecycle-livedata:2.8.6) with JetifyTransform
Transforming lifecycle-common-java8-2.8.6.jar (androidx.lifecycle:lifecycle-common-java8:2.8.6) with JetifyTransform
Transforming lifecycle-livedata-2.8.6.aar (androidx.lifecycle:lifecycle-livedata:2.8.6) with AarToClassTransform
Transforming lifecycle-common-java8-2.8.6.jar (androidx.lifecycle:lifecycle-common-java8:2.8.6) with IdentityTransform
Transforming lifecycle-livedata-2.8.6.aar (androidx.lifecycle:lifecycle-livedata:2.8.6) with IdentityTransform
Transforming lifecycle-common-java8-2.8.6.jar (androidx.lifecycle:lifecycle-common-java8:2.8.6) with IdentityTransform
Transforming lifecycle-livedata-2.8.6.aar (androidx.lifecycle:lifecycle-livedata:2.8.6) with DexingNoClasspathTransform
Transforming lifecycle-common-java8-2.8.6.jar (androidx.lifecycle:lifecycle-common-java8:2.8.6) with DexingNoClasspathTransform
Transforming lifecycle-livedata-2.8.6.aar (androidx.lifecycle:lifecycle-livedata:2.8.6) with DexingOutputSplitTransform
Transforming lifecycle-common-java8-2.8.6.jar (androidx.lifecycle:lifecycle-common-java8:2.8.6) with DexingOutputSplitTransform
Transforming lifecycle-livedata-2.8.6.aar (androidx.lifecycle:lifecycle-livedata:2.8.6) with JetifyTransform
Transforming lifecycle-livedata-2.8.6.aar (androidx.lifecycle:lifecycle-livedata:2.8.6) with AarToClassTransform
Transforming lifecycle-livedata-2.8.6.aar (androidx.lifecycle:lifecycle-livedata:2.8.6) with IdentityTransform
Transforming lifecycle-livedata-2.8.6.aar (androidx.lifecycle:lifecycle-livedata:2.8.6) with DexingNoClasspathTransform
Transforming lifecycle-livedata-2.8.6.aar (androidx.lifecycle:lifecycle-livedata:2.8.6) with DexingOutputSplitTransform
Transforming lifecycle-runtime-ktx-release.aar (androidx.lifecycle:lifecycle-runtime-ktx-android:2.8.6) with JetifyTransform
Transforming lifecycle-runtime-ktx-release.aar (androidx.lifecycle:lifecycle-runtime-ktx-android:2.8.6) with AarToClassTransform
Transforming lifecycle-runtime-ktx-release.aar (androidx.lifecycle:lifecycle-runtime-ktx-android:2.8.6) with IdentityTransform
Transforming lifecycle-runtime-ktx-release.aar (androidx.lifecycle:lifecycle-runtime-ktx-android:2.8.6) with DexingNoClasspathTransform
Transforming lifecycle-runtime-ktx-release.aar (androidx.lifecycle:lifecycle-runtime-ktx-android:2.8.6) with DexingOutputSplitTransform
Transforming runtime-saveable-release.aar (androidx.compose.runtime:runtime-saveable-android:1.7.4) with JetifyTransform
Transforming runtime-saveable-release.aar (androidx.compose.runtime:runtime-saveable-android:1.7.4) with AarToClassTransform
Transforming runtime-saveable-release.aar (androidx.compose.runtime:runtime-saveable-android:1.7.4) with IdentityTransform
Transforming runtime-saveable-release.aar (androidx.compose.runtime:runtime-saveable-android:1.7.4) with DexingNoClasspathTransform
Transforming runtime-saveable-release.aar (androidx.compose.runtime:runtime-saveable-android:1.7.4) with DexingOutputSplitTransform
Transforming runtime-release.aar (androidx.compose.runtime:runtime-android:1.7.4) with JetifyTransform
Transforming runtime-release.aar (androidx.compose.runtime:runtime-android:1.7.4) with AarToClassTransform
Transforming runtime-release.aar (androidx.compose.runtime:runtime-android:1.7.4) with IdentityTransform
Transforming runtime-release.aar (androidx.compose.runtime:runtime-android:1.7.4) with DexingNoClasspathTransform
Transforming runtime-release.aar (androidx.compose.runtime:runtime-android:1.7.4) with DexingOutputSplitTransform
Transforming kotlinx-coroutines-android-1.7.3.jar (org.jetbrains.kotlinx:kotlinx-coroutines-android:1.7.3) with JetifyTransform
Transforming kotlinx-coroutines-android-1.7.3.jar (org.jetbrains.kotlinx:kotlinx-coroutines-android:1.7.3) with IdentityTransform
Transforming kotlinx-coroutines-android-1.7.3.jar (org.jetbrains.kotlinx:kotlinx-coroutines-android:1.7.3) with IdentityTransform
Transforming kotlinx-coroutines-android-1.7.3.jar (org.jetbrains.kotlinx:kotlinx-coroutines-android:1.7.3) with DexingNoClasspathTransform
Transforming kotlinx-coroutines-android-1.7.3.jar (org.jetbrains.kotlinx:kotlinx-coroutines-android:1.7.3) with DexingOutputSplitTransform
Transforming kotlinx-coroutines-core-jvm-1.7.3.jar (org.jetbrains.kotlinx:kotlinx-coroutines-core-jvm:1.7.3) with JetifyTransform
Transforming kotlinx-coroutines-core-jvm-1.7.3.jar (org.jetbrains.kotlinx:kotlinx-coroutines-core-jvm:1.7.3) with IdentityTransform
Transforming kotlinx-coroutines-core-jvm-1.7.3.jar (org.jetbrains.kotlinx:kotlinx-coroutines-core-jvm:1.7.3) with IdentityTransform
Transforming kotlinx-coroutines-core-jvm-1.7.3.jar (org.jetbrains.kotlinx:kotlinx-coroutines-core-jvm:1.7.3) with DexingNoClasspathTransform
Transforming kotlinx-coroutines-core-jvm-1.7.3.jar (org.jetbrains.kotlinx:kotlinx-coroutines-core-jvm:1.7.3) with DexingOutputSplitTransform
Transforming kotlinx-coroutines-play-services-1.7.3.jar (org.jetbrains.kotlinx:kotlinx-coroutines-play-services:1.7.3) with JetifyTransform
Transforming kotlinx-coroutines-play-services-1.7.3.jar (org.jetbrains.kotlinx:kotlinx-coroutines-play-services:1.7.3) with IdentityTransform
Transforming kotlinx-coroutines-play-services-1.7.3.jar (org.jetbrains.kotlinx:kotlinx-coroutines-play-services:1.7.3) with IdentityTransform
Transforming kotlinx-coroutines-play-services-1.7.3.jar (org.jetbrains.kotlinx:kotlinx-coroutines-play-services:1.7.3) with DexingNoClasspathTransform
Transforming kotlinx-coroutines-play-services-1.7.3.jar (org.jetbrains.kotlinx:kotlinx-coroutines-play-services:1.7.3) with DexingOutputSplitTransform
Transforming play-services-tasks-18.1.0.aar (com.google.android.gms:play-services-tasks:18.1.0) with JetifyTransform
Transforming play-services-tasks-18.1.0.aar (com.google.android.gms:play-services-tasks:18.1.0) with AarToClassTransform
Transforming play-services-tasks-18.1.0.aar (com.google.android.gms:play-services-tasks:18.1.0) with IdentityTransform
Transforming play-services-tasks-18.1.0.aar (com.google.android.gms:play-services-tasks:18.1.0) with DexingNoClasspathTransform
Transforming play-services-tasks-18.1.0.aar (com.google.android.gms:play-services-tasks:18.1.0) with DexingOutputSplitTransform
Transforming play-services-tasks-18.1.0.aar (com.google.android.gms:play-services-tasks:18.1.0) with JetifyTransform
Transforming play-services-tasks-18.1.0.aar (com.google.android.gms:play-services-tasks:18.1.0) with AarToClassTransform
Transforming play-services-tasks-18.1.0.aar (com.google.android.gms:play-services-tasks:18.1.0) with IdentityTransform
Transforming play-services-tasks-18.1.0.aar (com.google.android.gms:play-services-tasks:18.1.0) with DexingNoClasspathTransform
Transforming play-services-tasks-18.1.0.aar (com.google.android.gms:play-services-tasks:18.1.0) with DexingOutputSplitTransform
Transforming play-services-basement-18.3.0.aar (com.google.android.gms:play-services-basement:18.3.0) with JetifyTransform
Transforming play-services-basement-18.3.0.aar (com.google.android.gms:play-services-basement:18.3.0) with AarToClassTransform
Transforming play-services-basement-18.3.0.aar (com.google.android.gms:play-services-basement:18.3.0) with IdentityTransform
Transforming play-services-basement-18.3.0.aar (com.google.android.gms:play-services-basement:18.3.0) with DexingNoClasspathTransform
Transforming play-services-basement-18.3.0.aar (com.google.android.gms:play-services-basement:18.3.0) with DexingOutputSplitTransform
Transforming fragment-1.1.0.aar (androidx.fragment:fragment:1.1.0) with JetifyTransform
Transforming fragment-1.1.0.aar (androidx.fragment:fragment:1.1.0) with AarToClassTransform
Transforming fragment-1.1.0.aar (androidx.fragment:fragment:1.1.0) with IdentityTransform
Transforming fragment-1.1.0.aar (androidx.fragment:fragment:1.1.0) with DexingNoClasspathTransform
Transforming fragment-1.1.0.aar (androidx.fragment:fragment:1.1.0) with DexingOutputSplitTransform
Transforming activity-1.9.2.aar (androidx.activity:activity:1.9.2) with JetifyTransform
Transforming activity-1.9.2.aar (androidx.activity:activity:1.9.2) with AarToClassTransform
Transforming activity-1.9.2.aar (androidx.activity:activity:1.9.2) with IdentityTransform
Transforming activity-1.9.2.aar (androidx.activity:activity:1.9.2) with DexingNoClasspathTransform
Transforming activity-1.9.2.aar (androidx.activity:activity:1.9.2) with DexingOutputSplitTransform
Transforming activity-1.9.2.aar (androidx.activity:activity:1.9.2) with JetifyTransform
Transforming activity-1.9.2.aar (androidx.activity:activity:1.9.2) with AarToClassTransform
Transforming activity-1.9.2.aar (androidx.activity:activity:1.9.2) with IdentityTransform
Transforming activity-1.9.2.aar (androidx.activity:activity:1.9.2) with DexingNoClasspathTransform
Transforming activity-1.9.2.aar (androidx.activity:activity:1.9.2) with DexingOutputSplitTransform
Transforming activity-ktx-1.9.2.aar (androidx.activity:activity-ktx:1.9.2) with JetifyTransform
Transforming activity-ktx-1.9.2.aar (androidx.activity:activity-ktx:1.9.2) with AarToClassTransform
Transforming activity-ktx-1.9.2.aar (androidx.activity:activity-ktx:1.9.2) with IdentityTransform
Transforming activity-ktx-1.9.2.aar (androidx.activity:activity-ktx:1.9.2) with DexingNoClasspathTransform
Transforming activity-ktx-1.9.2.aar (androidx.activity:activity-ktx:1.9.2) with DexingOutputSplitTransform
Transforming activity-compose-1.9.2.aar (androidx.activity:activity-compose:1.9.2) with JetifyTransform
Transforming activity-compose-1.9.2.aar (androidx.activity:activity-compose:1.9.2) with AarToClassTransform
Transforming activity-compose-1.9.2.aar (androidx.activity:activity-compose:1.9.2) with IdentityTransform
Transforming activity-compose-1.9.2.aar (androidx.activity:activity-compose:1.9.2) with DexingNoClasspathTransform
Transforming activity-compose-1.9.2.aar (androidx.activity:activity-compose:1.9.2) with DexingOutputSplitTransform
Transforming core-splashscreen-1.0.1.aar (androidx.core:core-splashscreen:1.0.1) with JetifyTransform
Transforming core-splashscreen-1.0.1.aar (androidx.core:core-splashscreen:1.0.1) with AarToClassTransform
Transforming core-splashscreen-1.0.1.aar (androidx.core:core-splashscreen:1.0.1) with IdentityTransform
Transforming core-splashscreen-1.0.1.aar (androidx.core:core-splashscreen:1.0.1) with DexingNoClasspathTransform
Transforming core-splashscreen-1.0.1.aar (androidx.core:core-splashscreen:1.0.1) with DexingOutputSplitTransform
Transforming kotlin-stdlib-jdk8-1.8.22.jar (org.jetbrains.kotlin:kotlin-stdlib-jdk8:1.8.22) with JetifyTransform
Transforming kotlin-stdlib-jdk8-1.8.22.jar (org.jetbrains.kotlin:kotlin-stdlib-jdk8:1.8.22) with IdentityTransform
Transforming kotlin-stdlib-jdk8-1.8.22.jar (org.jetbrains.kotlin:kotlin-stdlib-jdk8:1.8.22) with IdentityTransform
Transforming kotlin-stdlib-jdk8-1.8.22.jar (org.jetbrains.kotlin:kotlin-stdlib-jdk8:1.8.22) with DexingNoClasspathTransform
Transforming kotlin-stdlib-jdk8-1.8.22.jar (org.jetbrains.kotlin:kotlin-stdlib-jdk8:1.8.22) with DexingOutputSplitTransform
Transforming kotlin-stdlib-jdk7-1.8.22.jar (org.jetbrains.kotlin:kotlin-stdlib-jdk7:1.8.22) with JetifyTransform
Transforming kotlin-stdlib-jdk7-1.8.22.jar (org.jetbrains.kotlin:kotlin-stdlib-jdk7:1.8.22) with IdentityTransform
Transforming kotlin-stdlib-jdk7-1.8.22.jar (org.jetbrains.kotlin:kotlin-stdlib-jdk7:1.8.22) with IdentityTransform
Transforming kotlin-stdlib-jdk7-1.8.22.jar (org.jetbrains.kotlin:kotlin-stdlib-jdk7:1.8.22) with DexingNoClasspathTransform
Transforming kotlin-stdlib-jdk7-1.8.22.jar (org.jetbrains.kotlin:kotlin-stdlib-jdk7:1.8.22) with DexingOutputSplitTransform
Transforming versionedparcelable-1.1.1.aar (androidx.versionedparcelable:versionedparcelable:1.1.1) with JetifyTransform
Transforming versionedparcelable-1.1.1.aar (androidx.versionedparcelable:versionedparcelable:1.1.1) with AarToClassTransform
Transforming versionedparcelable-1.1.1.aar (androidx.versionedparcelable:versionedparcelable:1.1.1) with IdentityTransform
Transforming versionedparcelable-1.1.1.aar (androidx.versionedparcelable:versionedparcelable:1.1.1) with DexingNoClasspathTransform
Transforming versionedparcelable-1.1.1.aar (androidx.versionedparcelable:versionedparcelable:1.1.1) with DexingOutputSplitTransform
Transforming collection-jvm-1.4.4.jar (androidx.collection:collection-jvm:1.4.4) with JetifyTransform
Transforming collection-jvm-1.4.4.jar (androidx.collection:collection-jvm:1.4.4) with IdentityTransform
Transforming collection-ktx-1.4.4.jar (androidx.collection:collection-ktx:1.4.4) with JetifyTransform
Transforming collection-jvm-1.4.4.jar (androidx.collection:collection-jvm:1.4.4) with IdentityTransform
Transforming collection-ktx-1.4.4.jar (androidx.collection:collection-ktx:1.4.4) with IdentityTransform
Transforming collection-jvm-1.4.4.jar (androidx.collection:collection-jvm:1.4.4) with DexingNoClasspathTransform
Transforming collection-ktx-1.4.4.jar (androidx.collection:collection-ktx:1.4.4) with IdentityTransform
Transforming collection-jvm-1.4.4.jar (androidx.collection:collection-jvm:1.4.4) with DexingOutputSplitTransform
Transforming collection-ktx-1.4.4.jar (androidx.collection:collection-ktx:1.4.4) with DexingNoClasspathTransform
Transforming annotation-experimental-1.4.1.aar (androidx.annotation:annotation-experimental:1.4.1) with JetifyTransform
Transforming collection-ktx-1.4.4.jar (androidx.collection:collection-ktx:1.4.4) with DexingOutputSplitTransform
Transforming annotation-experimental-1.4.1.aar (androidx.annotation:annotation-experimental:1.4.1) with AarToClassTransform
Transforming annotation-experimental-1.4.1.aar (androidx.annotation:annotation-experimental:1.4.1) with IdentityTransform
Transforming annotation-experimental-1.4.1.aar (androidx.annotation:annotation-experimental:1.4.1) with DexingNoClasspathTransform
Transforming annotation-experimental-1.4.1.aar (androidx.annotation:annotation-experimental:1.4.1) with DexingOutputSplitTransform
Transforming firebase-components-18.0.0.aar (com.google.firebase:firebase-components:18.0.0) with JetifyTransform
Transforming firebase-components-18.0.0.aar (com.google.firebase:firebase-components:18.0.0) with AarToClassTransform
Transforming firebase-components-18.0.0.aar (com.google.firebase:firebase-components:18.0.0) with IdentityTransform
Transforming firebase-components-18.0.0.aar (com.google.firebase:firebase-components:18.0.0) with DexingNoClasspathTransform
Transforming firebase-components-18.0.0.aar (com.google.firebase:firebase-components:18.0.0) with DexingOutputSplitTransform
Transforming room-runtime-2.2.5.aar (androidx.room:room-runtime:2.2.5) with JetifyTransform
Transforming room-runtime-2.2.5.aar (androidx.room:room-runtime:2.2.5) with AarToClassTransform
Transforming room-runtime-2.2.5.aar (androidx.room:room-runtime:2.2.5) with IdentityTransform
Transforming room-runtime-2.2.5.aar (androidx.room:room-runtime:2.2.5) with DexingNoClasspathTransform
Transforming room-runtime-2.2.5.aar (androidx.room:room-runtime:2.2.5) with DexingOutputSplitTransform
Transforming sqlite-framework-2.1.0.aar (androidx.sqlite:sqlite-framework:2.1.0) with JetifyTransform
Transforming sqlite-framework-2.1.0.aar (androidx.sqlite:sqlite-framework:2.1.0) with AarToClassTransform
Transforming sqlite-framework-2.1.0.aar (androidx.sqlite:sqlite-framework:2.1.0) with IdentityTransform
Transforming sqlite-framework-2.1.0.aar (androidx.sqlite:sqlite-framework:2.1.0) with DexingNoClasspathTransform
Transforming sqlite-framework-2.1.0.aar (androidx.sqlite:sqlite-framework:2.1.0) with DexingOutputSplitTransform
Transforming sqlite-framework-2.1.0.aar (androidx.sqlite:sqlite-framework:2.1.0) with JetifyTransform
Transforming sqlite-framework-2.1.0.aar (androidx.sqlite:sqlite-framework:2.1.0) with AarToClassTransform
Transforming sqlite-framework-2.1.0.aar (androidx.sqlite:sqlite-framework:2.1.0) with IdentityTransform
Transforming sqlite-framework-2.1.0.aar (androidx.sqlite:sqlite-framework:2.1.0) with DexingNoClasspathTransform
Transforming sqlite-framework-2.1.0.aar (androidx.sqlite:sqlite-framework:2.1.0) with DexingOutputSplitTransform
Transforming sqlite-2.1.0.aar (androidx.sqlite:sqlite:2.1.0) with JetifyTransform
Transforming sqlite-2.1.0.aar (androidx.sqlite:sqlite:2.1.0) with AarToClassTransform
Transforming sqlite-2.1.0.aar (androidx.sqlite:sqlite:2.1.0) with IdentityTransform
Transforming sqlite-2.1.0.aar (androidx.sqlite:sqlite:2.1.0) with DexingNoClasspathTransform
Transforming sqlite-2.1.0.aar (androidx.sqlite:sqlite:2.1.0) with DexingOutputSplitTransform
Transforming sqlite-2.1.0.aar (androidx.sqlite:sqlite:2.1.0) with JetifyTransform
Transforming sqlite-2.1.0.aar (androidx.sqlite:sqlite:2.1.0) with AarToClassTransform
Transforming sqlite-2.1.0.aar (androidx.sqlite:sqlite:2.1.0) with IdentityTransform
Transforming sqlite-2.1.0.aar (androidx.sqlite:sqlite:2.1.0) with DexingNoClasspathTransform
Transforming sqlite-2.1.0.aar (androidx.sqlite:sqlite:2.1.0) with DexingOutputSplitTransform
Transforming profileinstaller-1.3.1.aar (androidx.profileinstaller:profileinstaller:1.3.1) with JetifyTransform
Transforming profileinstaller-1.3.1.aar (androidx.profileinstaller:profileinstaller:1.3.1) with AarToClassTransform
Transforming profileinstaller-1.3.1.aar (androidx.profileinstaller:profileinstaller:1.3.1) with IdentityTransform
Transforming profileinstaller-1.3.1.aar (androidx.profileinstaller:profileinstaller:1.3.1) with DexingNoClasspathTransform
Transforming profileinstaller-1.3.1.aar (androidx.profileinstaller:profileinstaller:1.3.1) with DexingOutputSplitTransform
Transforming startup-runtime-1.1.1.aar (androidx.startup:startup-runtime:1.1.1) with JetifyTransform
Transforming startup-runtime-1.1.1.aar (androidx.startup:startup-runtime:1.1.1) with AarToClassTransform
Transforming startup-runtime-1.1.1.aar (androidx.startup:startup-runtime:1.1.1) with IdentityTransform
Transforming startup-runtime-1.1.1.aar (androidx.startup:startup-runtime:1.1.1) with DexingNoClasspathTransform
Transforming startup-runtime-1.1.1.aar (androidx.startup:startup-runtime:1.1.1) with DexingOutputSplitTransform
Transforming tracing-1.0.0.aar (androidx.tracing:tracing:1.0.0) with JetifyTransform
Transforming tracing-1.0.0.aar (androidx.tracing:tracing:1.0.0) with AarToClassTransform
Transforming tracing-1.0.0.aar (androidx.tracing:tracing:1.0.0) with IdentityTransform
Transforming tracing-1.0.0.aar (androidx.tracing:tracing:1.0.0) with DexingNoClasspathTransform
Transforming tracing-1.0.0.aar (androidx.tracing:tracing:1.0.0) with DexingOutputSplitTransform
Transforming firebase-datatransport-18.2.0.aar (com.google.firebase:firebase-datatransport:18.2.0) with JetifyTransform
Transforming firebase-datatransport-18.2.0.aar (com.google.firebase:firebase-datatransport:18.2.0) with AarToClassTransform
Transforming firebase-datatransport-18.2.0.aar (com.google.firebase:firebase-datatransport:18.2.0) with IdentityTransform
Transforming firebase-datatransport-18.2.0.aar (com.google.firebase:firebase-datatransport:18.2.0) with DexingNoClasspathTransform
Transforming firebase-datatransport-18.2.0.aar (com.google.firebase:firebase-datatransport:18.2.0) with DexingOutputSplitTransform
Transforming transport-backend-cct-3.1.9.aar (com.google.android.datatransport:transport-backend-cct:3.1.9) with JetifyTransform
Transforming transport-backend-cct-3.1.9.aar (com.google.android.datatransport:transport-backend-cct:3.1.9) with AarToClassTransform
Transforming transport-backend-cct-3.1.9.aar (com.google.android.datatransport:transport-backend-cct:3.1.9) with IdentityTransform
Transforming transport-backend-cct-3.1.9.aar (com.google.android.datatransport:transport-backend-cct:3.1.9) with DexingNoClasspathTransform
Transforming transport-backend-cct-3.1.9.aar (com.google.android.datatransport:transport-backend-cct:3.1.9) with DexingOutputSplitTransform
Transforming firebase-encoders-json-18.0.0.aar (com.google.firebase:firebase-encoders-json:18.0.0) with JetifyTransform
Transforming firebase-encoders-json-18.0.0.aar (com.google.firebase:firebase-encoders-json:18.0.0) with AarToClassTransform
Transforming firebase-encoders-json-18.0.0.aar (com.google.firebase:firebase-encoders-json:18.0.0) with IdentityTransform
Transforming firebase-encoders-json-18.0.0.aar (com.google.firebase:firebase-encoders-json:18.0.0) with DexingNoClasspathTransform
Transforming firebase-encoders-json-18.0.0.aar (com.google.firebase:firebase-encoders-json:18.0.0) with DexingOutputSplitTransform
Transforming transport-runtime-3.1.9.aar (com.google.android.datatransport:transport-runtime:3.1.9) with JetifyTransform
Transforming transport-runtime-3.1.9.aar (com.google.android.datatransport:transport-runtime:3.1.9) with AarToClassTransform
Transforming transport-runtime-3.1.9.aar (com.google.android.datatransport:transport-runtime:3.1.9) with IdentityTransform
Transforming transport-runtime-3.1.9.aar (com.google.android.datatransport:transport-runtime:3.1.9) with DexingNoClasspathTransform
Transforming transport-runtime-3.1.9.aar (com.google.android.datatransport:transport-runtime:3.1.9) with DexingOutputSplitTransform
Transforming firebase-encoders-proto-16.0.0.jar (com.google.firebase:firebase-encoders-proto:16.0.0) with JetifyTransform
Transforming firebase-encoders-proto-16.0.0.jar (com.google.firebase:firebase-encoders-proto:16.0.0) with IdentityTransform
Transforming firebase-encoders-proto-16.0.0.jar (com.google.firebase:firebase-encoders-proto:16.0.0) with IdentityTransform
Transforming firebase-encoders-proto-16.0.0.jar (com.google.firebase:firebase-encoders-proto:16.0.0) with DexingNoClasspathTransform
Transforming firebase-encoders-proto-16.0.0.jar (com.google.firebase:firebase-encoders-proto:16.0.0) with DexingOutputSplitTransform
Transforming transport-api-3.1.0.aar (com.google.android.datatransport:transport-api:3.1.0) with JetifyTransform
Transforming transport-api-3.1.0.aar (com.google.android.datatransport:transport-api:3.1.0) with AarToClassTransform
Transforming transport-api-3.1.0.aar (com.google.android.datatransport:transport-api:3.1.0) with IdentityTransform
Transforming transport-api-3.1.0.aar (com.google.android.datatransport:transport-api:3.1.0) with DexingNoClasspathTransform
Transforming transport-api-3.1.0.aar (com.google.android.datatransport:transport-api:3.1.0) with DexingOutputSplitTransform
Transforming firebase-encoders-17.0.0.jar (com.google.firebase:firebase-encoders:17.0.0) with JetifyTransform
Transforming firebase-encoders-17.0.0.jar (com.google.firebase:firebase-encoders:17.0.0) with IdentityTransform
Transforming firebase-encoders-17.0.0.jar (com.google.firebase:firebase-encoders:17.0.0) with IdentityTransform
Transforming firebase-encoders-17.0.0.jar (com.google.firebase:firebase-encoders:17.0.0) with DexingNoClasspathTransform
Transforming firebase-encoders-17.0.0.jar (com.google.firebase:firebase-encoders:17.0.0) with DexingOutputSplitTransform
Transforming core-runtime-2.2.0.aar (androidx.arch.core:core-runtime:2.2.0) with JetifyTransform
Transforming core-runtime-2.2.0.aar (androidx.arch.core:core-runtime:2.2.0) with AarToClassTransform
Transforming core-runtime-2.2.0.aar (androidx.arch.core:core-runtime:2.2.0) with IdentityTransform
Transforming core-runtime-2.2.0.aar (androidx.arch.core:core-runtime:2.2.0) with DexingNoClasspathTransform
Transforming core-runtime-2.2.0.aar (androidx.arch.core:core-runtime:2.2.0) with DexingOutputSplitTransform
Transforming core-runtime-2.2.0.aar (androidx.arch.core:core-runtime:2.2.0) with JetifyTransform
Transforming core-runtime-2.2.0.aar (androidx.arch.core:core-runtime:2.2.0) with AarToClassTransform
Transforming core-runtime-2.2.0.aar (androidx.arch.core:core-runtime:2.2.0) with IdentityTransform
Transforming concurrent-futures-1.1.0.jar (androidx.concurrent:concurrent-futures:1.1.0) with JetifyTransform
Transforming core-runtime-2.2.0.aar (androidx.arch.core:core-runtime:2.2.0) with DexingNoClasspathTransform
Transforming concurrent-futures-1.1.0.jar (androidx.concurrent:concurrent-futures:1.1.0) with IdentityTransform
Transforming room-common-2.2.5.jar (androidx.room:room-common:2.2.5) with JetifyTransform
Transforming core-runtime-2.2.0.aar (androidx.arch.core:core-runtime:2.2.0) with DexingOutputSplitTransform
Transforming room-common-2.2.5.jar (androidx.room:room-common:2.2.5) with IdentityTransform
Transforming core-common-2.2.0.jar (androidx.arch.core:core-common:2.2.0) with JetifyTransform
Transforming concurrent-futures-1.1.0.jar (androidx.concurrent:concurrent-futures:1.1.0) with IdentityTransform
Transforming room-common-2.2.5.jar (androidx.room:room-common:2.2.5) with IdentityTransform
Transforming core-common-2.2.0.jar (androidx.arch.core:core-common:2.2.0) with IdentityTransform
Transforming room-common-2.2.5.jar (androidx.room:room-common:2.2.5) with DexingNoClasspathTransform
Transforming core-common-2.2.0.jar (androidx.arch.core:core-common:2.2.0) with IdentityTransform
Transforming room-common-2.2.5.jar (androidx.room:room-common:2.2.5) with DexingOutputSplitTransform
Transforming core-common-2.2.0.jar (androidx.arch.core:core-common:2.2.0) with DexingNoClasspathTransform
Transforming concurrent-futures-1.1.0.jar (androidx.concurrent:concurrent-futures:1.1.0) with DexingNoClasspathTransform
Transforming core-common-2.2.0.jar (androidx.arch.core:core-common:2.2.0) with DexingOutputSplitTransform
Transforming concurrent-futures-1.1.0.jar (androidx.concurrent:concurrent-futures:1.1.0) with DexingOutputSplitTransform
Transforming documentfile-1.0.0.aar (androidx.documentfile:documentfile:1.0.0) with JetifyTransform
Transforming documentfile-1.0.0.aar (androidx.documentfile:documentfile:1.0.0) with AarToClassTransform
Transforming documentfile-1.0.0.aar (androidx.documentfile:documentfile:1.0.0) with IdentityTransform
Transforming documentfile-1.0.0.aar (androidx.documentfile:documentfile:1.0.0) with DexingNoClasspathTransform
Transforming documentfile-1.0.0.aar (androidx.documentfile:documentfile:1.0.0) with DexingOutputSplitTransform
Transforming localbroadcastmanager-1.0.0.aar (androidx.localbroadcastmanager:localbroadcastmanager:1.0.0) with JetifyTransform
Transforming localbroadcastmanager-1.0.0.aar (androidx.localbroadcastmanager:localbroadcastmanager:1.0.0) with AarToClassTransform
Transforming localbroadcastmanager-1.0.0.aar (androidx.localbroadcastmanager:localbroadcastmanager:1.0.0) with IdentityTransform
Transforming localbroadcastmanager-1.0.0.aar (androidx.localbroadcastmanager:localbroadcastmanager:1.0.0) with DexingNoClasspathTransform
Transforming localbroadcastmanager-1.0.0.aar (androidx.localbroadcastmanager:localbroadcastmanager:1.0.0) with DexingOutputSplitTransform
Transforming print-1.0.0.aar (androidx.print:print:1.0.0) with JetifyTransform
Transforming print-1.0.0.aar (androidx.print:print:1.0.0) with AarToClassTransform
Transforming print-1.0.0.aar (androidx.print:print:1.0.0) with IdentityTransform
Transforming print-1.0.0.aar (androidx.print:print:1.0.0) with DexingNoClasspathTransform
Transforming print-1.0.0.aar (androidx.print:print:1.0.0) with DexingOutputSplitTransform
Transforming interpolator-1.0.0.aar (androidx.interpolator:interpolator:1.0.0) with JetifyTransform
Transforming interpolator-1.0.0.aar (androidx.interpolator:interpolator:1.0.0) with AarToClassTransform
Transforming interpolator-1.0.0.aar (androidx.interpolator:interpolator:1.0.0) with IdentityTransform
Transforming interpolator-1.0.0.aar (androidx.interpolator:interpolator:1.0.0) with DexingNoClasspathTransform
Transforming interpolator-1.0.0.aar (androidx.interpolator:interpolator:1.0.0) with DexingOutputSplitTransform
Transforming annotation-jvm-1.8.1.jar (androidx.annotation:annotation-jvm:1.8.1) with JetifyTransform
Transforming annotation-jvm-1.8.1.jar (androidx.annotation:annotation-jvm:1.8.1) with IdentityTransform
Transforming annotation-jvm-1.8.1.jar (androidx.annotation:annotation-jvm:1.8.1) with IdentityTransform
Transforming annotation-jvm-1.8.1.jar (androidx.annotation:annotation-jvm:1.8.1) with DexingNoClasspathTransform
Transforming annotation-jvm-1.8.1.jar (androidx.annotation:annotation-jvm:1.8.1) with DexingOutputSplitTransform
Transforming kotlin-stdlib-1.9.25.jar (org.jetbrains.kotlin:kotlin-stdlib:1.9.25) with JetifyTransform
Transforming kotlin-stdlib-1.9.25.jar (org.jetbrains.kotlin:kotlin-stdlib:1.9.25) with IdentityTransform
Transforming kotlin-stdlib-1.9.25.jar (org.jetbrains.kotlin:kotlin-stdlib:1.9.25) with IdentityTransform
Transforming kotlin-stdlib-1.9.25.jar (org.jetbrains.kotlin:kotlin-stdlib:1.9.25) with DexingNoClasspathTransform
Transforming kotlin-stdlib-1.9.25.jar (org.jetbrains.kotlin:kotlin-stdlib:1.9.25) with DexingOutputSplitTransform
Transforming annotations-23.0.0.jar (org.jetbrains:annotations:23.0.0) with JetifyTransform
Transforming annotations-23.0.0.jar (org.jetbrains:annotations:23.0.0) with IdentityTransform
Transforming annotations-23.0.0.jar (org.jetbrains:annotations:23.0.0) with IdentityTransform
Transforming annotations-23.0.0.jar (org.jetbrains:annotations:23.0.0) with DexingNoClasspathTransform
Transforming annotations-23.0.0.jar (org.jetbrains:annotations:23.0.0) with DexingOutputSplitTransform
Transforming listenablefuture-1.0.jar (com.google.guava:listenablefuture:1.0) with JetifyTransform
Transforming listenablefuture-1.0.jar (com.google.guava:listenablefuture:1.0) with IdentityTransform
Transforming listenablefuture-1.0.jar (com.google.guava:listenablefuture:1.0) with IdentityTransform
Transforming listenablefuture-1.0.jar (com.google.guava:listenablefuture:1.0) with DexingNoClasspathTransform
Transforming listenablefuture-1.0.jar (com.google.guava:listenablefuture:1.0) with DexingOutputSplitTransform
Transforming firebase-annotations-16.2.0.jar (com.google.firebase:firebase-annotations:16.2.0) with JetifyTransform
Transforming firebase-annotations-16.2.0.jar (com.google.firebase:firebase-annotations:16.2.0) with IdentityTransform
Transforming firebase-annotations-16.2.0.jar (com.google.firebase:firebase-annotations:16.2.0) with IdentityTransform
Transforming firebase-annotations-16.2.0.jar (com.google.firebase:firebase-annotations:16.2.0) with DexingNoClasspathTransform
Transforming firebase-annotations-16.2.0.jar (com.google.firebase:firebase-annotations:16.2.0) with DexingOutputSplitTransform
Transforming javax.inject-1.jar (javax.inject:javax.inject:1) with JetifyTransform
Transforming javax.inject-1.jar (javax.inject:javax.inject:1) with IdentityTransform
Transforming javax.inject-1.jar (javax.inject:javax.inject:1) with IdentityTransform
Transforming javax.inject-1.jar (javax.inject:javax.inject:1) with DexingNoClasspathTransform
Transforming error_prone_annotations-2.26.0.jar (com.google.errorprone:error_prone_annotations:2.26.0) with JetifyTransform
Transforming javax.inject-1.jar (javax.inject:javax.inject:1) with DexingOutputSplitTransform
Transforming error_prone_annotations-2.26.0.jar (com.google.errorprone:error_prone_annotations:2.26.0) with IdentityTransform
Transforming error_prone_annotations-2.26.0.jar (com.google.errorprone:error_prone_annotations:2.26.0) with IdentityTransform
Transforming error_prone_annotations-2.26.0.jar (com.google.errorprone:error_prone_annotations:2.26.0) with DexingNoClasspathTransform
Transforming error_prone_annotations-2.26.0.jar (com.google.errorprone:error_prone_annotations:2.26.0) with DexingOutputSplitTransform
Caching disabled for task ':app:mergeDebugGlobalSynthetics' because:
  Build cache is disabled
Skipping task ':app:mergeDebugGlobalSynthetics' as it is up-to-date.
Resolve mutations for :app:processDebugAndroidTestResources (Thread[#1323,Execution worker Thread 2,5,main]) started.
:app:processDebugAndroidTestResources (Thread[#1323,Execution worker Thread 2,5,main]) started.
Resolve mutations for :app:processDebugJavaRes (Thread[#1337,Execution worker Thread 15,5,main]) started.
:app:processDebugJavaRes (Thread[#1325,Execution worker Thread 4,5,main]) started.

> Task :app:processDebugJavaRes UP-TO-DATE
file or directory 'C:\Users\joaop\OneDrive\Documentos\Creates\Jogo infantil\app\src\main\resources', not found
file or directory 'C:\Users\joaop\OneDrive\Documentos\Creates\Jogo infantil\app\src\debug\resources', not found
file or directory 'C:\Users\joaop\OneDrive\Documentos\Creates\Jogo infantil\app\src\main\resources', not found
file or directory 'C:\Users\joaop\OneDrive\Documentos\Creates\Jogo infantil\app\src\debug\resources', not found
Caching disabled for task ':app:processDebugJavaRes' because:
  Build cache is disabled
  Caching has been disabled for the task
Skipping task ':app:processDebugJavaRes' as it is up-to-date.
Resolve mutations for :app:mergeDebugJavaResource (Thread[#1325,Execution worker Thread 4,5,main]) started.
:app:mergeDebugJavaResource (Thread[#1331,Execution worker Thread 9,5,main]) started.

> Task :app:mergeDebugJavaResource UP-TO-DATE
Transforming material3-release.aar (androidx.compose.material3:material3-android:1.3.0) with JetifyTransform
Transforming material3-release.aar (androidx.compose.material3:material3-android:1.3.0) with ExtractAarTransform
Transforming material3-release.aar (androidx.compose.material3:material3-android:1.3.0) with AarTransform
Transforming material-release.aar (androidx.compose.material:material-android:1.7.4) with JetifyTransform
Transforming material-release.aar (androidx.compose.material:material-android:1.7.4) with ExtractAarTransform
Transforming material-release.aar (androidx.compose.material:material-android:1.7.4) with AarTransform
Transforming material-ripple-release.aar (androidx.compose.material:material-ripple-android:1.7.4) with JetifyTransform
Transforming material-ripple-release.aar (androidx.compose.material:material-ripple-android:1.7.4) with ExtractAarTransform
Transforming material-ripple-release.aar (androidx.compose.material:material-ripple-android:1.7.4) with AarTransform
Transforming foundation-release.aar (androidx.compose.foundation:foundation-android:1.7.4) with JetifyTransform
Transforming foundation-release.aar (androidx.compose.foundation:foundation-android:1.7.4) with ExtractAarTransform
Transforming foundation-release.aar (androidx.compose.foundation:foundation-android:1.7.4) with AarTransform
Transforming animation-release.aar (androidx.compose.animation:animation-android:1.7.4) with JetifyTransform
Transforming animation-release.aar (androidx.compose.animation:animation-android:1.7.4) with ExtractAarTransform
Transforming animation-release.aar (androidx.compose.animation:animation-android:1.7.4) with AarTransform
Transforming foundation-layout-release.aar (androidx.compose.foundation:foundation-layout-android:1.7.4) with JetifyTransform
Transforming foundation-layout-release.aar (androidx.compose.foundation:foundation-layout-android:1.7.4) with ExtractAarTransform
Transforming foundation-layout-release.aar (androidx.compose.foundation:foundation-layout-android:1.7.4) with AarTransform
Transforming animation-core-release.aar (androidx.compose.animation:animation-core-android:1.7.4) with JetifyTransform
Transforming animation-core-release.aar (androidx.compose.animation:animation-core-android:1.7.4) with ExtractAarTransform
Transforming animation-core-release.aar (androidx.compose.animation:animation-core-android:1.7.4) with AarTransform
Transforming ui-tooling-preview-release.aar (androidx.compose.ui:ui-tooling-preview-android:1.7.4) with JetifyTransform
Transforming ui-tooling-preview-release.aar (androidx.compose.ui:ui-tooling-preview-android:1.7.4) with ExtractAarTransform
Transforming ui-tooling-preview-release.aar (androidx.compose.ui:ui-tooling-preview-android:1.7.4) with AarTransform
Transforming ui-tooling-data-release.aar (androidx.compose.ui:ui-tooling-data-android:1.7.4) with JetifyTransform
Transforming ui-tooling-data-release.aar (androidx.compose.ui:ui-tooling-data-android:1.7.4) with ExtractAarTransform
Transforming ui-tooling-data-release.aar (androidx.compose.ui:ui-tooling-data-android:1.7.4) with AarTransform
Transforming ui-unit-release.aar (androidx.compose.ui:ui-unit-android:1.7.4) with JetifyTransform
Transforming ui-unit-release.aar (androidx.compose.ui:ui-unit-android:1.7.4) with ExtractAarTransform
Transforming ui-unit-release.aar (androidx.compose.ui:ui-unit-android:1.7.4) with AarTransform
Transforming ui-graphics-release.aar (androidx.compose.ui:ui-graphics-android:1.7.4) with JetifyTransform
Transforming ui-graphics-release.aar (androidx.compose.ui:ui-graphics-android:1.7.4) with ExtractAarTransform
Transforming ui-graphics-release.aar (androidx.compose.ui:ui-graphics-android:1.7.4) with AarTransform
Transforming ui-geometry-release.aar (androidx.compose.ui:ui-geometry-android:1.7.4) with JetifyTransform
Transforming ui-geometry-release.aar (androidx.compose.ui:ui-geometry-android:1.7.4) with ExtractAarTransform
Transforming ui-geometry-release.aar (androidx.compose.ui:ui-geometry-android:1.7.4) with AarTransform
Transforming ui-util-release.aar (androidx.compose.ui:ui-util-android:1.7.4) with JetifyTransform
Transforming ui-util-release.aar (androidx.compose.ui:ui-util-android:1.7.4) with ExtractAarTransform
Transforming ui-util-release.aar (androidx.compose.ui:ui-util-android:1.7.4) with AarTransform
Transforming ui-text-release.aar (androidx.compose.ui:ui-text-android:1.7.4) with JetifyTransform
Transforming ui-text-release.aar (androidx.compose.ui:ui-text-android:1.7.4) with ExtractAarTransform
Transforming ui-text-release.aar (androidx.compose.ui:ui-text-android:1.7.4) with AarTransform
Transforming ui-tooling-release.aar (androidx.compose.ui:ui-tooling-android:1.7.4) with JetifyTransform
Transforming ui-tooling-release.aar (androidx.compose.ui:ui-tooling-android:1.7.4) with ExtractAarTransform
Transforming ui-tooling-release.aar (androidx.compose.ui:ui-tooling-android:1.7.4) with AarTransform
Transforming ui-test-manifest-1.7.4.aar (androidx.compose.ui:ui-test-manifest:1.7.4) with JetifyTransform
Transforming ui-test-manifest-1.7.4.aar (androidx.compose.ui:ui-test-manifest:1.7.4) with ExtractAarTransform
Transforming ui-test-manifest-1.7.4.aar (androidx.compose.ui:ui-test-manifest:1.7.4) with AarTransform
Transforming material-icons-core-release.aar (androidx.compose.material:material-icons-core-android:1.7.4) with JetifyTransform
Transforming material-icons-core-release.aar (androidx.compose.material:material-icons-core-android:1.7.4) with ExtractAarTransform
Transforming material-icons-core-release.aar (androidx.compose.material:material-icons-core-android:1.7.4) with AarTransform
Transforming ui-release.aar (androidx.compose.ui:ui-android:1.7.4) with JetifyTransform
Transforming ui-release.aar (androidx.compose.ui:ui-android:1.7.4) with ExtractAarTransform
Transforming ui-release.aar (androidx.compose.ui:ui-android:1.7.4) with AarTransform
Transforming play-services-ads-lite-23.2.0.aar (com.google.android.gms:play-services-ads-lite:23.2.0) with JetifyTransform
Transforming play-services-ads-lite-23.2.0.aar (com.google.android.gms:play-services-ads-lite:23.2.0) with ExtractAarTransform
Transforming play-services-ads-lite-23.2.0.aar (com.google.android.gms:play-services-ads-lite:23.2.0) with AarTransform
Transforming play-services-ads-base-23.2.0.aar (com.google.android.gms:play-services-ads-base:23.2.0) with JetifyTransform
Transforming play-services-ads-base-23.2.0.aar (com.google.android.gms:play-services-ads-base:23.2.0) with ExtractAarTransform
Transforming play-services-ads-base-23.2.0.aar (com.google.android.gms:play-services-ads-base:23.2.0) with AarTransform
Transforming play-services-measurement-sdk-api-20.1.2.aar (com.google.android.gms:play-services-measurement-sdk-api:20.1.2) with JetifyTransform
Transforming play-services-measurement-sdk-api-20.1.2.aar (com.google.android.gms:play-services-measurement-sdk-api:20.1.2) with ExtractAarTransform
Transforming play-services-measurement-sdk-api-20.1.2.aar (com.google.android.gms:play-services-measurement-sdk-api:20.1.2) with AarTransform
Transforming user-messaging-platform-2.2.0.aar (com.google.android.ump:user-messaging-platform:2.2.0) with JetifyTransform
Transforming user-messaging-platform-2.2.0.aar (com.google.android.ump:user-messaging-platform:2.2.0) with ExtractAarTransform
Transforming user-messaging-platform-2.2.0.aar (com.google.android.ump:user-messaging-platform:2.2.0) with AarTransform
Transforming firebase-messaging-ktx-24.0.3.aar (com.google.firebase:firebase-messaging-ktx:24.0.3) with JetifyTransform
Transforming firebase-messaging-ktx-24.0.3.aar (com.google.firebase:firebase-messaging-ktx:24.0.3) with ExtractAarTransform
Transforming firebase-messaging-ktx-24.0.3.aar (com.google.firebase:firebase-messaging-ktx:24.0.3) with AarTransform
Transforming firebase-messaging-24.0.3.aar (com.google.firebase:firebase-messaging:24.0.3) with JetifyTransform
Transforming firebase-messaging-24.0.3.aar (com.google.firebase:firebase-messaging:24.0.3) with ExtractAarTransform
Transforming firebase-messaging-24.0.3.aar (com.google.firebase:firebase-messaging:24.0.3) with AarTransform
Transforming firebase-installations-18.0.0.aar (com.google.firebase:firebase-installations:18.0.0) with JetifyTransform
Transforming firebase-installations-18.0.0.aar (com.google.firebase:firebase-installations:18.0.0) with ExtractAarTransform
Transforming firebase-installations-18.0.0.aar (com.google.firebase:firebase-installations:18.0.0) with AarTransform
Transforming firebase-common-ktx-21.0.0.aar (com.google.firebase:firebase-common-ktx:21.0.0) with JetifyTransform
Transforming firebase-common-ktx-21.0.0.aar (com.google.firebase:firebase-common-ktx:21.0.0) with ExtractAarTransform
Transforming firebase-common-ktx-21.0.0.aar (com.google.firebase:firebase-common-ktx:21.0.0) with AarTransform
Transforming firebase-common-21.0.0.aar (com.google.firebase:firebase-common:21.0.0) with JetifyTransform
Transforming firebase-common-21.0.0.aar (com.google.firebase:firebase-common:21.0.0) with ExtractAarTransform
Transforming firebase-common-21.0.0.aar (com.google.firebase:firebase-common:21.0.0) with AarTransform
Transforming play-services-measurement-base-20.1.2.aar (com.google.android.gms:play-services-measurement-base:20.1.2) with JetifyTransform
Transforming play-services-measurement-base-20.1.2.aar (com.google.android.gms:play-services-measurement-base:20.1.2) with ExtractAarTransform
Transforming play-services-measurement-base-20.1.2.aar (com.google.android.gms:play-services-measurement-base:20.1.2) with AarTransform
Transforming firebase-iid-interop-17.1.0.aar (com.google.firebase:firebase-iid-interop:17.1.0) with JetifyTransform
Transforming firebase-iid-interop-17.1.0.aar (com.google.firebase:firebase-iid-interop:17.1.0) with ExtractAarTransform
Transforming firebase-iid-interop-17.1.0.aar (com.google.firebase:firebase-iid-interop:17.1.0) with AarTransform
Transforming firebase-measurement-connector-19.0.0.aar (com.google.firebase:firebase-measurement-connector:19.0.0) with JetifyTransform
Transforming firebase-measurement-connector-19.0.0.aar (com.google.firebase:firebase-measurement-connector:19.0.0) with ExtractAarTransform
Transforming firebase-measurement-connector-19.0.0.aar (com.google.firebase:firebase-measurement-connector:19.0.0) with AarTransform
Transforming play-services-base-18.0.1.aar (com.google.android.gms:play-services-base:18.0.1) with JetifyTransform
Transforming play-services-base-18.0.1.aar (com.google.android.gms:play-services-base:18.0.1) with ExtractAarTransform
Transforming play-services-base-18.0.1.aar (com.google.android.gms:play-services-base:18.0.1) with AarTransform
Transforming play-services-cloud-messaging-17.2.0.aar (com.google.android.gms:play-services-cloud-messaging:17.2.0) with JetifyTransform
Transforming play-services-cloud-messaging-17.2.0.aar (com.google.android.gms:play-services-cloud-messaging:17.2.0) with ExtractAarTransform
Transforming play-services-cloud-messaging-17.2.0.aar (com.google.android.gms:play-services-cloud-messaging:17.2.0) with AarTransform
Transforming play-services-stats-17.0.2.aar (com.google.android.gms:play-services-stats:17.0.2) with JetifyTransform
Transforming play-services-stats-17.0.2.aar (com.google.android.gms:play-services-stats:17.0.2) with ExtractAarTransform
Transforming play-services-stats-17.0.2.aar (com.google.android.gms:play-services-stats:17.0.2) with AarTransform
Transforming firebase-installations-interop-17.1.1.aar (com.google.firebase:firebase-installations-interop:17.1.1) with JetifyTransform
Transforming firebase-installations-interop-17.1.1.aar (com.google.firebase:firebase-installations-interop:17.1.1) with ExtractAarTransform
Transforming firebase-installations-interop-17.1.1.aar (com.google.firebase:firebase-installations-interop:17.1.1) with AarTransform
Transforming work-runtime-2.7.0.aar (androidx.work:work-runtime:2.7.0) with JetifyTransform
Transforming work-runtime-2.7.0.aar (androidx.work:work-runtime:2.7.0) with ExtractAarTransform
Transforming work-runtime-2.7.0.aar (androidx.work:work-runtime:2.7.0) with AarTransform
Transforming legacy-support-core-utils-1.0.0.aar (androidx.legacy:legacy-support-core-utils:1.0.0) with JetifyTransform
Transforming legacy-support-core-utils-1.0.0.aar (androidx.legacy:legacy-support-core-utils:1.0.0) with ExtractAarTransform
Transforming legacy-support-core-utils-1.0.0.aar (androidx.legacy:legacy-support-core-utils:1.0.0) with AarTransform
Transforming loader-1.0.0.aar (androidx.loader:loader:1.0.0) with JetifyTransform
Transforming loader-1.0.0.aar (androidx.loader:loader:1.0.0) with ExtractAarTransform
Transforming loader-1.0.0.aar (androidx.loader:loader:1.0.0) with AarTransform
Transforming savedstate-ktx-1.2.1.aar (androidx.savedstate:savedstate-ktx:1.2.1) with JetifyTransform
Transforming savedstate-ktx-1.2.1.aar (androidx.savedstate:savedstate-ktx:1.2.1) with ExtractAarTransform
Transforming savedstate-ktx-1.2.1.aar (androidx.savedstate:savedstate-ktx:1.2.1) with AarTransform
Transforming savedstate-1.2.1.aar (androidx.savedstate:savedstate:1.2.1) with JetifyTransform
Transforming savedstate-1.2.1.aar (androidx.savedstate:savedstate:1.2.1) with ExtractAarTransform
Transforming savedstate-1.2.1.aar (androidx.savedstate:savedstate:1.2.1) with AarTransform
Transforming emoji2-1.3.0.aar (androidx.emoji2:emoji2:1.3.0) with JetifyTransform
Transforming emoji2-1.3.0.aar (androidx.emoji2:emoji2:1.3.0) with ExtractAarTransform
Transforming emoji2-1.3.0.aar (androidx.emoji2:emoji2:1.3.0) with AarTransform
Transforming lifecycle-process-2.8.6.aar (androidx.lifecycle:lifecycle-process:2.8.6) with JetifyTransform
Transforming lifecycle-process-2.8.6.aar (androidx.lifecycle:lifecycle-process:2.8.6) with ExtractAarTransform
Transforming lifecycle-process-2.8.6.aar (androidx.lifecycle:lifecycle-process:2.8.6) with AarTransform
Transforming lifecycle-common-jvm-2.8.6.jar (androidx.lifecycle:lifecycle-common-jvm:2.8.6) with JetifyTransform
Transforming lifecycle-common-jvm-2.8.6.jar (androidx.lifecycle:lifecycle-common-jvm:2.8.6) with IdentityTransform
Transforming lifecycle-runtime-compose-release.aar (androidx.lifecycle:lifecycle-runtime-compose-android:2.8.6) with JetifyTransform
Transforming lifecycle-runtime-compose-release.aar (androidx.lifecycle:lifecycle-runtime-compose-android:2.8.6) with ExtractAarTransform
Transforming lifecycle-runtime-compose-release.aar (androidx.lifecycle:lifecycle-runtime-compose-android:2.8.6) with AarTransform
Transforming autofill-1.0.0.aar (androidx.autofill:autofill:1.0.0) with JetifyTransform
Transforming autofill-1.0.0.aar (androidx.autofill:autofill:1.0.0) with ExtractAarTransform
Transforming autofill-1.0.0.aar (androidx.autofill:autofill:1.0.0) with AarTransform
Transforming viewpager-1.0.0.aar (androidx.viewpager:viewpager:1.0.0) with JetifyTransform
Transforming viewpager-1.0.0.aar (androidx.viewpager:viewpager:1.0.0) with ExtractAarTransform
Transforming viewpager-1.0.0.aar (androidx.viewpager:viewpager:1.0.0) with AarTransform
Transforming customview-1.0.0.aar (androidx.customview:customview:1.0.0) with JetifyTransform
Transforming customview-1.0.0.aar (androidx.customview:customview:1.0.0) with ExtractAarTransform
Transforming customview-1.0.0.aar (androidx.customview:customview:1.0.0) with AarTransform
Transforming graphics-path-1.0.1.aar (androidx.graphics:graphics-path:1.0.1) with JetifyTransform
Transforming graphics-path-1.0.1.aar (androidx.graphics:graphics-path:1.0.1) with ExtractAarTransform
Transforming graphics-path-1.0.1.aar (androidx.graphics:graphics-path:1.0.1) with AarTransform
Transforming customview-poolingcontainer-1.0.0.aar (androidx.customview:customview-poolingcontainer:1.0.0) with JetifyTransform
Transforming customview-poolingcontainer-1.0.0.aar (androidx.customview:customview-poolingcontainer:1.0.0) with ExtractAarTransform
Transforming customview-poolingcontainer-1.0.0.aar (androidx.customview:customview-poolingcontainer:1.0.0) with AarTransform
Transforming core-ktx-1.13.1.aar (androidx.core:core-ktx:1.13.1) with JetifyTransform
Transforming core-ktx-1.13.1.aar (androidx.core:core-ktx:1.13.1) with ExtractAarTransform
Transforming core-ktx-1.13.1.aar (androidx.core:core-ktx:1.13.1) with AarTransform
Transforming core-1.13.1.aar (androidx.core:core:1.13.1) with JetifyTransform
Transforming core-1.13.1.aar (androidx.core:core:1.13.1) with ExtractAarTransform
Transforming core-1.13.1.aar (androidx.core:core:1.13.1) with AarTransform
Transforming core-1.13.1.aar (androidx.core:core:1.13.1) with JetifyTransform
Transforming core-1.13.1.aar (androidx.core:core:1.13.1) with ExtractAarTransform
Transforming core-1.13.1.aar (androidx.core:core:1.13.1) with AarTransform
Transforming lifecycle-runtime-release.aar (androidx.lifecycle:lifecycle-runtime-android:2.8.6) with JetifyTransform
Transforming lifecycle-runtime-release.aar (androidx.lifecycle:lifecycle-runtime-android:2.8.6) with ExtractAarTransform
Transforming lifecycle-runtime-release.aar (androidx.lifecycle:lifecycle-runtime-android:2.8.6) with AarTransform
Transforming lifecycle-viewmodel-2.8.6.aar (androidx.lifecycle:lifecycle-viewmodel:2.8.6) with JetifyTransform
Transforming lifecycle-viewmodel-2.8.6.aar (androidx.lifecycle:lifecycle-viewmodel:2.8.6) with ExtractAarTransform
Transforming lifecycle-viewmodel-2.8.6.aar (androidx.lifecycle:lifecycle-viewmodel:2.8.6) with AarTransform
Transforming lifecycle-viewmodel-release.aar (androidx.lifecycle:lifecycle-viewmodel-android:2.8.6) with JetifyTransform
Transforming lifecycle-viewmodel-release.aar (androidx.lifecycle:lifecycle-viewmodel-android:2.8.6) with ExtractAarTransform
Transforming lifecycle-viewmodel-release.aar (androidx.lifecycle:lifecycle-viewmodel-android:2.8.6) with AarTransform
Transforming lifecycle-livedata-core-ktx-2.8.6.aar (androidx.lifecycle:lifecycle-livedata-core-ktx:2.8.6) with JetifyTransform
Transforming lifecycle-livedata-core-ktx-2.8.6.aar (androidx.lifecycle:lifecycle-livedata-core-ktx:2.8.6) with ExtractAarTransform
Transforming lifecycle-livedata-core-ktx-2.8.6.aar (androidx.lifecycle:lifecycle-livedata-core-ktx:2.8.6) with AarTransform
Transforming lifecycle-livedata-core-2.8.6.aar (androidx.lifecycle:lifecycle-livedata-core:2.8.6) with JetifyTransform
Transforming lifecycle-livedata-core-2.8.6.aar (androidx.lifecycle:lifecycle-livedata-core:2.8.6) with ExtractAarTransform
Transforming lifecycle-livedata-core-2.8.6.aar (androidx.lifecycle:lifecycle-livedata-core:2.8.6) with AarTransform
Transforming lifecycle-viewmodel-savedstate-2.8.6.aar (androidx.lifecycle:lifecycle-viewmodel-savedstate:2.8.6) with JetifyTransform
Transforming lifecycle-viewmodel-savedstate-2.8.6.aar (androidx.lifecycle:lifecycle-viewmodel-savedstate:2.8.6) with ExtractAarTransform
Transforming lifecycle-viewmodel-savedstate-2.8.6.aar (androidx.lifecycle:lifecycle-viewmodel-savedstate:2.8.6) with AarTransform
Transforming lifecycle-common-java8-2.8.6.jar (androidx.lifecycle:lifecycle-common-java8:2.8.6) with JetifyTransform
Transforming lifecycle-common-java8-2.8.6.jar (androidx.lifecycle:lifecycle-common-java8:2.8.6) with IdentityTransform
Transforming lifecycle-viewmodel-ktx-2.8.6.aar (androidx.lifecycle:lifecycle-viewmodel-ktx:2.8.6) with JetifyTransform
Transforming lifecycle-viewmodel-ktx-2.8.6.aar (androidx.lifecycle:lifecycle-viewmodel-ktx:2.8.6) with ExtractAarTransform
Transforming lifecycle-viewmodel-ktx-2.8.6.aar (androidx.lifecycle:lifecycle-viewmodel-ktx:2.8.6) with AarTransform
Transforming lifecycle-service-2.8.6.aar (androidx.lifecycle:lifecycle-service:2.8.6) with JetifyTransform
Transforming lifecycle-service-2.8.6.aar (androidx.lifecycle:lifecycle-service:2.8.6) with ExtractAarTransform
Transforming lifecycle-service-2.8.6.aar (androidx.lifecycle:lifecycle-service:2.8.6) with AarTransform
Transforming lifecycle-livedata-2.8.6.aar (androidx.lifecycle:lifecycle-livedata:2.8.6) with JetifyTransform
Transforming lifecycle-livedata-2.8.6.aar (androidx.lifecycle:lifecycle-livedata:2.8.6) with ExtractAarTransform
Transforming lifecycle-livedata-2.8.6.aar (androidx.lifecycle:lifecycle-livedata:2.8.6) with AarTransform
Transforming lifecycle-livedata-2.8.6.aar (androidx.lifecycle:lifecycle-livedata:2.8.6) with JetifyTransform
Transforming lifecycle-livedata-2.8.6.aar (androidx.lifecycle:lifecycle-livedata:2.8.6) with ExtractAarTransform
Transforming lifecycle-livedata-2.8.6.aar (androidx.lifecycle:lifecycle-livedata:2.8.6) with AarTransform
Transforming lifecycle-runtime-ktx-release.aar (androidx.lifecycle:lifecycle-runtime-ktx-android:2.8.6) with JetifyTransform
Transforming lifecycle-runtime-ktx-release.aar (androidx.lifecycle:lifecycle-runtime-ktx-android:2.8.6) with ExtractAarTransform
Transforming lifecycle-runtime-ktx-release.aar (androidx.lifecycle:lifecycle-runtime-ktx-android:2.8.6) with AarTransform
Transforming runtime-saveable-release.aar (androidx.compose.runtime:runtime-saveable-android:1.7.4) with JetifyTransform
Transforming runtime-saveable-release.aar (androidx.compose.runtime:runtime-saveable-android:1.7.4) with ExtractAarTransform
Transforming runtime-saveable-release.aar (androidx.compose.runtime:runtime-saveable-android:1.7.4) with AarTransform
Transforming runtime-release.aar (androidx.compose.runtime:runtime-android:1.7.4) with JetifyTransform
Transforming runtime-release.aar (androidx.compose.runtime:runtime-android:1.7.4) with ExtractAarTransform
Transforming runtime-release.aar (androidx.compose.runtime:runtime-android:1.7.4) with AarTransform
Transforming kotlinx-coroutines-android-1.7.3.jar (org.jetbrains.kotlinx:kotlinx-coroutines-android:1.7.3) with JetifyTransform
Transforming kotlinx-coroutines-android-1.7.3.jar (org.jetbrains.kotlinx:kotlinx-coroutines-android:1.7.3) with IdentityTransform
Transforming kotlinx-coroutines-core-jvm-1.7.3.jar (org.jetbrains.kotlinx:kotlinx-coroutines-core-jvm:1.7.3) with JetifyTransform
Transforming kotlinx-coroutines-core-jvm-1.7.3.jar (org.jetbrains.kotlinx:kotlinx-coroutines-core-jvm:1.7.3) with IdentityTransform
Transforming kotlinx-coroutines-play-services-1.7.3.jar (org.jetbrains.kotlinx:kotlinx-coroutines-play-services:1.7.3) with JetifyTransform
Transforming kotlinx-coroutines-play-services-1.7.3.jar (org.jetbrains.kotlinx:kotlinx-coroutines-play-services:1.7.3) with IdentityTransform
Transforming play-services-tasks-18.1.0.aar (com.google.android.gms:play-services-tasks:18.1.0) with JetifyTransform
Transforming play-services-tasks-18.1.0.aar (com.google.android.gms:play-services-tasks:18.1.0) with ExtractAarTransform
Transforming play-services-tasks-18.1.0.aar (com.google.android.gms:play-services-tasks:18.1.0) with AarTransform
Transforming play-services-tasks-18.1.0.aar (com.google.android.gms:play-services-tasks:18.1.0) with JetifyTransform
Transforming play-services-tasks-18.1.0.aar (com.google.android.gms:play-services-tasks:18.1.0) with ExtractAarTransform
Transforming play-services-tasks-18.1.0.aar (com.google.android.gms:play-services-tasks:18.1.0) with AarTransform
Transforming play-services-basement-18.3.0.aar (com.google.android.gms:play-services-basement:18.3.0) with JetifyTransform
Transforming play-services-basement-18.3.0.aar (com.google.android.gms:play-services-basement:18.3.0) with ExtractAarTransform
Transforming play-services-basement-18.3.0.aar (com.google.android.gms:play-services-basement:18.3.0) with AarTransform
Transforming fragment-1.1.0.aar (androidx.fragment:fragment:1.1.0) with JetifyTransform
Transforming fragment-1.1.0.aar (androidx.fragment:fragment:1.1.0) with ExtractAarTransform
Transforming fragment-1.1.0.aar (androidx.fragment:fragment:1.1.0) with AarTransform
Transforming activity-1.9.2.aar (androidx.activity:activity:1.9.2) with JetifyTransform
Transforming activity-1.9.2.aar (androidx.activity:activity:1.9.2) with ExtractAarTransform
Transforming activity-1.9.2.aar (androidx.activity:activity:1.9.2) with AarTransform
Transforming activity-1.9.2.aar (androidx.activity:activity:1.9.2) with JetifyTransform
Transforming activity-1.9.2.aar (androidx.activity:activity:1.9.2) with ExtractAarTransform
Transforming activity-1.9.2.aar (androidx.activity:activity:1.9.2) with AarTransform
Transforming activity-ktx-1.9.2.aar (androidx.activity:activity-ktx:1.9.2) with JetifyTransform
Transforming activity-ktx-1.9.2.aar (androidx.activity:activity-ktx:1.9.2) with ExtractAarTransform
Transforming activity-ktx-1.9.2.aar (androidx.activity:activity-ktx:1.9.2) with AarTransform
Transforming activity-compose-1.9.2.aar (androidx.activity:activity-compose:1.9.2) with JetifyTransform
Transforming activity-compose-1.9.2.aar (androidx.activity:activity-compose:1.9.2) with ExtractAarTransform
Transforming activity-compose-1.9.2.aar (androidx.activity:activity-compose:1.9.2) with AarTransform
Transforming core-splashscreen-1.0.1.aar (androidx.core:core-splashscreen:1.0.1) with JetifyTransform
Transforming core-splashscreen-1.0.1.aar (androidx.core:core-splashscreen:1.0.1) with ExtractAarTransform
Transforming core-splashscreen-1.0.1.aar (androidx.core:core-splashscreen:1.0.1) with AarTransform
Transforming kotlin-stdlib-jdk8-1.8.22.jar (org.jetbrains.kotlin:kotlin-stdlib-jdk8:1.8.22) with JetifyTransform
Transforming kotlin-stdlib-jdk8-1.8.22.jar (org.jetbrains.kotlin:kotlin-stdlib-jdk8:1.8.22) with IdentityTransform
Transforming kotlin-stdlib-jdk7-1.8.22.jar (org.jetbrains.kotlin:kotlin-stdlib-jdk7:1.8.22) with JetifyTransform
Transforming kotlin-stdlib-jdk7-1.8.22.jar (org.jetbrains.kotlin:kotlin-stdlib-jdk7:1.8.22) with IdentityTransform
Transforming collection-ktx-1.4.4.jar (androidx.collection:collection-ktx:1.4.4) with JetifyTransform
Transforming collection-ktx-1.4.4.jar (androidx.collection:collection-ktx:1.4.4) with IdentityTransform
Transforming versionedparcelable-1.1.1.aar (androidx.versionedparcelable:versionedparcelable:1.1.1) with JetifyTransform
Transforming versionedparcelable-1.1.1.aar (androidx.versionedparcelable:versionedparcelable:1.1.1) with ExtractAarTransform
Transforming versionedparcelable-1.1.1.aar (androidx.versionedparcelable:versionedparcelable:1.1.1) with AarTransform
Transforming collection-jvm-1.4.4.jar (androidx.collection:collection-jvm:1.4.4) with JetifyTransform
Transforming collection-jvm-1.4.4.jar (androidx.collection:collection-jvm:1.4.4) with IdentityTransform
Transforming annotation-experimental-1.4.1.aar (androidx.annotation:annotation-experimental:1.4.1) with JetifyTransform
Transforming annotation-experimental-1.4.1.aar (androidx.annotation:annotation-experimental:1.4.1) with ExtractAarTransform
Transforming annotation-experimental-1.4.1.aar (androidx.annotation:annotation-experimental:1.4.1) with AarTransform
Transforming firebase-components-18.0.0.aar (com.google.firebase:firebase-components:18.0.0) with JetifyTransform
Transforming firebase-components-18.0.0.aar (com.google.firebase:firebase-components:18.0.0) with ExtractAarTransform
Transforming firebase-components-18.0.0.aar (com.google.firebase:firebase-components:18.0.0) with AarTransform
Transforming room-runtime-2.2.5.aar (androidx.room:room-runtime:2.2.5) with JetifyTransform
Transforming room-runtime-2.2.5.aar (androidx.room:room-runtime:2.2.5) with ExtractAarTransform
Transforming room-runtime-2.2.5.aar (androidx.room:room-runtime:2.2.5) with AarTransform
Transforming sqlite-framework-2.1.0.aar (androidx.sqlite:sqlite-framework:2.1.0) with JetifyTransform
Transforming sqlite-framework-2.1.0.aar (androidx.sqlite:sqlite-framework:2.1.0) with ExtractAarTransform
Transforming sqlite-framework-2.1.0.aar (androidx.sqlite:sqlite-framework:2.1.0) with AarTransform
Transforming sqlite-framework-2.1.0.aar (androidx.sqlite:sqlite-framework:2.1.0) with JetifyTransform
Transforming sqlite-framework-2.1.0.aar (androidx.sqlite:sqlite-framework:2.1.0) with ExtractAarTransform
Transforming sqlite-framework-2.1.0.aar (androidx.sqlite:sqlite-framework:2.1.0) with AarTransform
Transforming sqlite-2.1.0.aar (androidx.sqlite:sqlite:2.1.0) with JetifyTransform
Transforming sqlite-2.1.0.aar (androidx.sqlite:sqlite:2.1.0) with ExtractAarTransform
Transforming sqlite-2.1.0.aar (androidx.sqlite:sqlite:2.1.0) with AarTransform
Transforming sqlite-2.1.0.aar (androidx.sqlite:sqlite:2.1.0) with JetifyTransform
Transforming sqlite-2.1.0.aar (androidx.sqlite:sqlite:2.1.0) with ExtractAarTransform
Transforming sqlite-2.1.0.aar (androidx.sqlite:sqlite:2.1.0) with AarTransform
Transforming profileinstaller-1.3.1.aar (androidx.profileinstaller:profileinstaller:1.3.1) with JetifyTransform
Transforming profileinstaller-1.3.1.aar (androidx.profileinstaller:profileinstaller:1.3.1) with ExtractAarTransform
Transforming profileinstaller-1.3.1.aar (androidx.profileinstaller:profileinstaller:1.3.1) with AarTransform
Transforming startup-runtime-1.1.1.aar (androidx.startup:startup-runtime:1.1.1) with JetifyTransform
Transforming startup-runtime-1.1.1.aar (androidx.startup:startup-runtime:1.1.1) with ExtractAarTransform
Transforming startup-runtime-1.1.1.aar (androidx.startup:startup-runtime:1.1.1) with AarTransform
Transforming tracing-1.0.0.aar (androidx.tracing:tracing:1.0.0) with JetifyTransform
Transforming tracing-1.0.0.aar (androidx.tracing:tracing:1.0.0) with ExtractAarTransform
Transforming tracing-1.0.0.aar (androidx.tracing:tracing:1.0.0) with AarTransform
Transforming firebase-datatransport-18.2.0.aar (com.google.firebase:firebase-datatransport:18.2.0) with JetifyTransform
Transforming firebase-datatransport-18.2.0.aar (com.google.firebase:firebase-datatransport:18.2.0) with ExtractAarTransform
Transforming firebase-datatransport-18.2.0.aar (com.google.firebase:firebase-datatransport:18.2.0) with AarTransform
Transforming transport-backend-cct-3.1.9.aar (com.google.android.datatransport:transport-backend-cct:3.1.9) with JetifyTransform
Transforming transport-backend-cct-3.1.9.aar (com.google.android.datatransport:transport-backend-cct:3.1.9) with ExtractAarTransform
Transforming transport-backend-cct-3.1.9.aar (com.google.android.datatransport:transport-backend-cct:3.1.9) with AarTransform
Transforming firebase-encoders-json-18.0.0.aar (com.google.firebase:firebase-encoders-json:18.0.0) with JetifyTransform
Transforming firebase-encoders-json-18.0.0.aar (com.google.firebase:firebase-encoders-json:18.0.0) with ExtractAarTransform
Transforming firebase-encoders-json-18.0.0.aar (com.google.firebase:firebase-encoders-json:18.0.0) with AarTransform
Transforming transport-runtime-3.1.9.aar (com.google.android.datatransport:transport-runtime:3.1.9) with JetifyTransform
Transforming transport-runtime-3.1.9.aar (com.google.android.datatransport:transport-runtime:3.1.9) with ExtractAarTransform
Transforming transport-runtime-3.1.9.aar (com.google.android.datatransport:transport-runtime:3.1.9) with AarTransform
Transforming firebase-encoders-proto-16.0.0.jar (com.google.firebase:firebase-encoders-proto:16.0.0) with JetifyTransform
Transforming firebase-encoders-proto-16.0.0.jar (com.google.firebase:firebase-encoders-proto:16.0.0) with IdentityTransform
Transforming transport-api-3.1.0.aar (com.google.android.datatransport:transport-api:3.1.0) with JetifyTransform
Transforming transport-api-3.1.0.aar (com.google.android.datatransport:transport-api:3.1.0) with ExtractAarTransform
Transforming transport-api-3.1.0.aar (com.google.android.datatransport:transport-api:3.1.0) with AarTransform
Transforming firebase-encoders-17.0.0.jar (com.google.firebase:firebase-encoders:17.0.0) with JetifyTransform
Transforming firebase-encoders-17.0.0.jar (com.google.firebase:firebase-encoders:17.0.0) with IdentityTransform
Transforming concurrent-futures-1.1.0.jar (androidx.concurrent:concurrent-futures:1.1.0) with JetifyTransform
Transforming concurrent-futures-1.1.0.jar (androidx.concurrent:concurrent-futures:1.1.0) with IdentityTransform
Transforming room-common-2.2.5.jar (androidx.room:room-common:2.2.5) with JetifyTransform
Transforming room-common-2.2.5.jar (androidx.room:room-common:2.2.5) with IdentityTransform
Transforming core-runtime-2.2.0.aar (androidx.arch.core:core-runtime:2.2.0) with JetifyTransform
Transforming core-runtime-2.2.0.aar (androidx.arch.core:core-runtime:2.2.0) with ExtractAarTransform
Transforming core-runtime-2.2.0.aar (androidx.arch.core:core-runtime:2.2.0) with AarTransform
Transforming core-runtime-2.2.0.aar (androidx.arch.core:core-runtime:2.2.0) with JetifyTransform
Transforming core-runtime-2.2.0.aar (androidx.arch.core:core-runtime:2.2.0) with ExtractAarTransform
Transforming core-runtime-2.2.0.aar (androidx.arch.core:core-runtime:2.2.0) with AarTransform
Transforming core-common-2.2.0.jar (androidx.arch.core:core-common:2.2.0) with JetifyTransform
Transforming core-common-2.2.0.jar (androidx.arch.core:core-common:2.2.0) with IdentityTransform
Transforming documentfile-1.0.0.aar (androidx.documentfile:documentfile:1.0.0) with JetifyTransform
Transforming documentfile-1.0.0.aar (androidx.documentfile:documentfile:1.0.0) with ExtractAarTransform
Transforming documentfile-1.0.0.aar (androidx.documentfile:documentfile:1.0.0) with AarTransform
Transforming localbroadcastmanager-1.0.0.aar (androidx.localbroadcastmanager:localbroadcastmanager:1.0.0) with JetifyTransform
Transforming localbroadcastmanager-1.0.0.aar (androidx.localbroadcastmanager:localbroadcastmanager:1.0.0) with ExtractAarTransform
Transforming localbroadcastmanager-1.0.0.aar (androidx.localbroadcastmanager:localbroadcastmanager:1.0.0) with AarTransform
Transforming print-1.0.0.aar (androidx.print:print:1.0.0) with JetifyTransform
Transforming print-1.0.0.aar (androidx.print:print:1.0.0) with ExtractAarTransform
Transforming print-1.0.0.aar (androidx.print:print:1.0.0) with AarTransform
Transforming interpolator-1.0.0.aar (androidx.interpolator:interpolator:1.0.0) with JetifyTransform
Transforming interpolator-1.0.0.aar (androidx.interpolator:interpolator:1.0.0) with ExtractAarTransform
Transforming interpolator-1.0.0.aar (androidx.interpolator:interpolator:1.0.0) with AarTransform
Transforming annotation-jvm-1.8.1.jar (androidx.annotation:annotation-jvm:1.8.1) with JetifyTransform
Transforming annotation-jvm-1.8.1.jar (androidx.annotation:annotation-jvm:1.8.1) with IdentityTransform
Transforming kotlin-stdlib-1.9.25.jar (org.jetbrains.kotlin:kotlin-stdlib:1.9.25) with JetifyTransform
Transforming kotlin-stdlib-1.9.25.jar (org.jetbrains.kotlin:kotlin-stdlib:1.9.25) with IdentityTransform
Transforming annotations-23.0.0.jar (org.jetbrains:annotations:23.0.0) with JetifyTransform
Transforming annotations-23.0.0.jar (org.jetbrains:annotations:23.0.0) with IdentityTransform
Transforming listenablefuture-1.0.jar (com.google.guava:listenablefuture:1.0) with JetifyTransform
Transforming listenablefuture-1.0.jar (com.google.guava:listenablefuture:1.0) with IdentityTransform
Transforming firebase-annotations-16.2.0.jar (com.google.firebase:firebase-annotations:16.2.0) with JetifyTransform
Transforming firebase-annotations-16.2.0.jar (com.google.firebase:firebase-annotations:16.2.0) with IdentityTransform
Transforming error_prone_annotations-2.26.0.jar (com.google.errorprone:error_prone_annotations:2.26.0) with JetifyTransform
Transforming error_prone_annotations-2.26.0.jar (com.google.errorprone:error_prone_annotations:2.26.0) with IdentityTransform
Transforming javax.inject-1.jar (javax.inject:javax.inject:1) with JetifyTransform
Transforming javax.inject-1.jar (javax.inject:javax.inject:1) with IdentityTransform
Caching disabled for task ':app:mergeDebugJavaResource' because:
  Build cache is disabled
  Caching has been disabled for the task
Skipping task ':app:mergeDebugJavaResource' as it is up-to-date.
Resolve mutations for :app:checkDebugDuplicateClasses (Thread[#1331,Execution worker Thread 9,5,main]) started.
:app:checkDebugDuplicateClasses (Thread[#1331,Execution worker Thread 9,5,main]) started.

> Task :app:checkDebugDuplicateClasses UP-TO-DATE
Transforming material3-release.aar (androidx.compose.material3:material3-android:1.3.0) with JetifyTransform
Transforming material3-release.aar (androidx.compose.material3:material3-android:1.3.0) with AarToClassTransform
Transforming material3-release.aar (androidx.compose.material3:material3-android:1.3.0) with EnumerateClassesTransform
Transforming material-release.aar (androidx.compose.material:material-android:1.7.4) with JetifyTransform
Transforming material-release.aar (androidx.compose.material:material-android:1.7.4) with AarToClassTransform
Transforming material-release.aar (androidx.compose.material:material-android:1.7.4) with EnumerateClassesTransform
Transforming material-ripple-release.aar (androidx.compose.material:material-ripple-android:1.7.4) with JetifyTransform
Transforming material-ripple-release.aar (androidx.compose.material:material-ripple-android:1.7.4) with AarToClassTransform
Transforming material-ripple-release.aar (androidx.compose.material:material-ripple-android:1.7.4) with EnumerateClassesTransform
Transforming foundation-release.aar (androidx.compose.foundation:foundation-android:1.7.4) with JetifyTransform
Transforming foundation-release.aar (androidx.compose.foundation:foundation-android:1.7.4) with AarToClassTransform
Transforming foundation-release.aar (androidx.compose.foundation:foundation-android:1.7.4) with EnumerateClassesTransform
Transforming animation-release.aar (androidx.compose.animation:animation-android:1.7.4) with JetifyTransform
Transforming animation-release.aar (androidx.compose.animation:animation-android:1.7.4) with AarToClassTransform
Transforming animation-release.aar (androidx.compose.animation:animation-android:1.7.4) with EnumerateClassesTransform
Transforming foundation-layout-release.aar (androidx.compose.foundation:foundation-layout-android:1.7.4) with JetifyTransform
Transforming foundation-layout-release.aar (androidx.compose.foundation:foundation-layout-android:1.7.4) with AarToClassTransform
Transforming foundation-layout-release.aar (androidx.compose.foundation:foundation-layout-android:1.7.4) with EnumerateClassesTransform
Transforming animation-core-release.aar (androidx.compose.animation:animation-core-android:1.7.4) with JetifyTransform
Transforming animation-core-release.aar (androidx.compose.animation:animation-core-android:1.7.4) with AarToClassTransform
Transforming animation-core-release.aar (androidx.compose.animation:animation-core-android:1.7.4) with EnumerateClassesTransform
Transforming ui-tooling-preview-release.aar (androidx.compose.ui:ui-tooling-preview-android:1.7.4) with JetifyTransform
Transforming ui-tooling-preview-release.aar (androidx.compose.ui:ui-tooling-preview-android:1.7.4) with AarToClassTransform
Transforming ui-tooling-preview-release.aar (androidx.compose.ui:ui-tooling-preview-android:1.7.4) with EnumerateClassesTransform
Transforming ui-tooling-data-release.aar (androidx.compose.ui:ui-tooling-data-android:1.7.4) with JetifyTransform
Transforming ui-tooling-data-release.aar (androidx.compose.ui:ui-tooling-data-android:1.7.4) with AarToClassTransform
Transforming ui-tooling-data-release.aar (androidx.compose.ui:ui-tooling-data-android:1.7.4) with EnumerateClassesTransform
Transforming ui-unit-release.aar (androidx.compose.ui:ui-unit-android:1.7.4) with JetifyTransform
Transforming ui-unit-release.aar (androidx.compose.ui:ui-unit-android:1.7.4) with AarToClassTransform
Transforming ui-unit-release.aar (androidx.compose.ui:ui-unit-android:1.7.4) with EnumerateClassesTransform
Transforming ui-graphics-release.aar (androidx.compose.ui:ui-graphics-android:1.7.4) with JetifyTransform
Transforming ui-graphics-release.aar (androidx.compose.ui:ui-graphics-android:1.7.4) with AarToClassTransform
Transforming ui-graphics-release.aar (androidx.compose.ui:ui-graphics-android:1.7.4) with EnumerateClassesTransform
Transforming ui-geometry-release.aar (androidx.compose.ui:ui-geometry-android:1.7.4) with JetifyTransform
Transforming ui-geometry-release.aar (androidx.compose.ui:ui-geometry-android:1.7.4) with AarToClassTransform
Transforming ui-geometry-release.aar (androidx.compose.ui:ui-geometry-android:1.7.4) with EnumerateClassesTransform
Transforming ui-util-release.aar (androidx.compose.ui:ui-util-android:1.7.4) with JetifyTransform
Transforming ui-util-release.aar (androidx.compose.ui:ui-util-android:1.7.4) with AarToClassTransform
Transforming ui-util-release.aar (androidx.compose.ui:ui-util-android:1.7.4) with EnumerateClassesTransform
Transforming ui-text-release.aar (androidx.compose.ui:ui-text-android:1.7.4) with JetifyTransform
Transforming ui-text-release.aar (androidx.compose.ui:ui-text-android:1.7.4) with AarToClassTransform
Transforming ui-text-release.aar (androidx.compose.ui:ui-text-android:1.7.4) with EnumerateClassesTransform
Transforming ui-tooling-release.aar (androidx.compose.ui:ui-tooling-android:1.7.4) with JetifyTransform
Transforming ui-tooling-release.aar (androidx.compose.ui:ui-tooling-android:1.7.4) with AarToClassTransform
Transforming ui-tooling-release.aar (androidx.compose.ui:ui-tooling-android:1.7.4) with EnumerateClassesTransform
Transforming ui-test-manifest-1.7.4.aar (androidx.compose.ui:ui-test-manifest:1.7.4) with JetifyTransform
Transforming ui-test-manifest-1.7.4.aar (androidx.compose.ui:ui-test-manifest:1.7.4) with AarToClassTransform
Transforming ui-test-manifest-1.7.4.aar (androidx.compose.ui:ui-test-manifest:1.7.4) with EnumerateClassesTransform
Transforming material-icons-core-release.aar (androidx.compose.material:material-icons-core-android:1.7.4) with JetifyTransform
Transforming material-icons-core-release.aar (androidx.compose.material:material-icons-core-android:1.7.4) with AarToClassTransform
Transforming material-icons-core-release.aar (androidx.compose.material:material-icons-core-android:1.7.4) with EnumerateClassesTransform
Transforming ui-release.aar (androidx.compose.ui:ui-android:1.7.4) with JetifyTransform
Transforming ui-release.aar (androidx.compose.ui:ui-android:1.7.4) with AarToClassTransform
Transforming ui-release.aar (androidx.compose.ui:ui-android:1.7.4) with EnumerateClassesTransform
Transforming play-services-ads-lite-23.2.0.aar (com.google.android.gms:play-services-ads-lite:23.2.0) with JetifyTransform
Transforming play-services-ads-lite-23.2.0.aar (com.google.android.gms:play-services-ads-lite:23.2.0) with AarToClassTransform
Transforming play-services-ads-lite-23.2.0.aar (com.google.android.gms:play-services-ads-lite:23.2.0) with EnumerateClassesTransform
Transforming play-services-ads-base-23.2.0.aar (com.google.android.gms:play-services-ads-base:23.2.0) with JetifyTransform
Transforming play-services-ads-base-23.2.0.aar (com.google.android.gms:play-services-ads-base:23.2.0) with AarToClassTransform
Transforming play-services-ads-base-23.2.0.aar (com.google.android.gms:play-services-ads-base:23.2.0) with EnumerateClassesTransform
Transforming play-services-measurement-sdk-api-20.1.2.aar (com.google.android.gms:play-services-measurement-sdk-api:20.1.2) with JetifyTransform
Transforming play-services-measurement-sdk-api-20.1.2.aar (com.google.android.gms:play-services-measurement-sdk-api:20.1.2) with AarToClassTransform
Transforming play-services-measurement-sdk-api-20.1.2.aar (com.google.android.gms:play-services-measurement-sdk-api:20.1.2) with EnumerateClassesTransform
Transforming user-messaging-platform-2.2.0.aar (com.google.android.ump:user-messaging-platform:2.2.0) with JetifyTransform
Transforming user-messaging-platform-2.2.0.aar (com.google.android.ump:user-messaging-platform:2.2.0) with AarToClassTransform
Transforming user-messaging-platform-2.2.0.aar (com.google.android.ump:user-messaging-platform:2.2.0) with EnumerateClassesTransform
Transforming firebase-messaging-ktx-24.0.3.aar (com.google.firebase:firebase-messaging-ktx:24.0.3) with JetifyTransform
Transforming firebase-messaging-ktx-24.0.3.aar (com.google.firebase:firebase-messaging-ktx:24.0.3) with AarToClassTransform
Transforming firebase-messaging-ktx-24.0.3.aar (com.google.firebase:firebase-messaging-ktx:24.0.3) with EnumerateClassesTransform
Transforming firebase-messaging-24.0.3.aar (com.google.firebase:firebase-messaging:24.0.3) with JetifyTransform
Transforming firebase-messaging-24.0.3.aar (com.google.firebase:firebase-messaging:24.0.3) with AarToClassTransform
Transforming firebase-messaging-24.0.3.aar (com.google.firebase:firebase-messaging:24.0.3) with EnumerateClassesTransform
Transforming firebase-installations-18.0.0.aar (com.google.firebase:firebase-installations:18.0.0) with JetifyTransform
Transforming firebase-installations-18.0.0.aar (com.google.firebase:firebase-installations:18.0.0) with AarToClassTransform
Transforming firebase-installations-18.0.0.aar (com.google.firebase:firebase-installations:18.0.0) with EnumerateClassesTransform
Transforming firebase-common-ktx-21.0.0.aar (com.google.firebase:firebase-common-ktx:21.0.0) with JetifyTransform
Transforming firebase-common-ktx-21.0.0.aar (com.google.firebase:firebase-common-ktx:21.0.0) with AarToClassTransform
Transforming firebase-common-ktx-21.0.0.aar (com.google.firebase:firebase-common-ktx:21.0.0) with EnumerateClassesTransform
Transforming firebase-common-21.0.0.aar (com.google.firebase:firebase-common:21.0.0) with JetifyTransform
Transforming firebase-common-21.0.0.aar (com.google.firebase:firebase-common:21.0.0) with AarToClassTransform
Transforming firebase-common-21.0.0.aar (com.google.firebase:firebase-common:21.0.0) with EnumerateClassesTransform
Transforming play-services-measurement-base-20.1.2.aar (com.google.android.gms:play-services-measurement-base:20.1.2) with JetifyTransform
Transforming play-services-measurement-base-20.1.2.aar (com.google.android.gms:play-services-measurement-base:20.1.2) with AarToClassTransform
Transforming play-services-measurement-base-20.1.2.aar (com.google.android.gms:play-services-measurement-base:20.1.2) with EnumerateClassesTransform
Transforming firebase-iid-interop-17.1.0.aar (com.google.firebase:firebase-iid-interop:17.1.0) with JetifyTransform
Transforming firebase-iid-interop-17.1.0.aar (com.google.firebase:firebase-iid-interop:17.1.0) with AarToClassTransform
Transforming firebase-iid-interop-17.1.0.aar (com.google.firebase:firebase-iid-interop:17.1.0) with EnumerateClassesTransform
Transforming firebase-measurement-connector-19.0.0.aar (com.google.firebase:firebase-measurement-connector:19.0.0) with JetifyTransform
Transforming firebase-measurement-connector-19.0.0.aar (com.google.firebase:firebase-measurement-connector:19.0.0) with AarToClassTransform
Transforming firebase-measurement-connector-19.0.0.aar (com.google.firebase:firebase-measurement-connector:19.0.0) with EnumerateClassesTransform
Transforming play-services-base-18.0.1.aar (com.google.android.gms:play-services-base:18.0.1) with JetifyTransform
Transforming play-services-base-18.0.1.aar (com.google.android.gms:play-services-base:18.0.1) with AarToClassTransform
Transforming play-services-base-18.0.1.aar (com.google.android.gms:play-services-base:18.0.1) with EnumerateClassesTransform
Transforming play-services-cloud-messaging-17.2.0.aar (com.google.android.gms:play-services-cloud-messaging:17.2.0) with JetifyTransform
Transforming play-services-cloud-messaging-17.2.0.aar (com.google.android.gms:play-services-cloud-messaging:17.2.0) with AarToClassTransform
Transforming play-services-cloud-messaging-17.2.0.aar (com.google.android.gms:play-services-cloud-messaging:17.2.0) with EnumerateClassesTransform
Transforming play-services-stats-17.0.2.aar (com.google.android.gms:play-services-stats:17.0.2) with JetifyTransform
Transforming play-services-stats-17.0.2.aar (com.google.android.gms:play-services-stats:17.0.2) with AarToClassTransform
Transforming play-services-stats-17.0.2.aar (com.google.android.gms:play-services-stats:17.0.2) with EnumerateClassesTransform
Transforming firebase-installations-interop-17.1.1.aar (com.google.firebase:firebase-installations-interop:17.1.1) with JetifyTransform
Transforming firebase-installations-interop-17.1.1.aar (com.google.firebase:firebase-installations-interop:17.1.1) with AarToClassTransform
Transforming firebase-installations-interop-17.1.1.aar (com.google.firebase:firebase-installations-interop:17.1.1) with EnumerateClassesTransform
Transforming work-runtime-2.7.0.aar (androidx.work:work-runtime:2.7.0) with JetifyTransform
Transforming work-runtime-2.7.0.aar (androidx.work:work-runtime:2.7.0) with AarToClassTransform
Transforming work-runtime-2.7.0.aar (androidx.work:work-runtime:2.7.0) with EnumerateClassesTransform
Transforming legacy-support-core-utils-1.0.0.aar (androidx.legacy:legacy-support-core-utils:1.0.0) with JetifyTransform
Transforming legacy-support-core-utils-1.0.0.aar (androidx.legacy:legacy-support-core-utils:1.0.0) with AarToClassTransform
Transforming legacy-support-core-utils-1.0.0.aar (androidx.legacy:legacy-support-core-utils:1.0.0) with EnumerateClassesTransform
Transforming loader-1.0.0.aar (androidx.loader:loader:1.0.0) with JetifyTransform
Transforming loader-1.0.0.aar (androidx.loader:loader:1.0.0) with AarToClassTransform
Transforming loader-1.0.0.aar (androidx.loader:loader:1.0.0) with EnumerateClassesTransform
Transforming savedstate-ktx-1.2.1.aar (androidx.savedstate:savedstate-ktx:1.2.1) with JetifyTransform
Transforming savedstate-ktx-1.2.1.aar (androidx.savedstate:savedstate-ktx:1.2.1) with AarToClassTransform
Transforming savedstate-ktx-1.2.1.aar (androidx.savedstate:savedstate-ktx:1.2.1) with EnumerateClassesTransform
Transforming savedstate-1.2.1.aar (androidx.savedstate:savedstate:1.2.1) with JetifyTransform
Transforming savedstate-1.2.1.aar (androidx.savedstate:savedstate:1.2.1) with AarToClassTransform
Transforming savedstate-1.2.1.aar (androidx.savedstate:savedstate:1.2.1) with EnumerateClassesTransform
Transforming emoji2-1.3.0.aar (androidx.emoji2:emoji2:1.3.0) with JetifyTransform
Transforming emoji2-1.3.0.aar (androidx.emoji2:emoji2:1.3.0) with AarToClassTransform
Transforming emoji2-1.3.0.aar (androidx.emoji2:emoji2:1.3.0) with EnumerateClassesTransform
Transforming lifecycle-process-2.8.6.aar (androidx.lifecycle:lifecycle-process:2.8.6) with JetifyTransform
Transforming lifecycle-process-2.8.6.aar (androidx.lifecycle:lifecycle-process:2.8.6) with AarToClassTransform
Transforming lifecycle-process-2.8.6.aar (androidx.lifecycle:lifecycle-process:2.8.6) with EnumerateClassesTransform
Transforming lifecycle-common-jvm-2.8.6.jar (androidx.lifecycle:lifecycle-common-jvm:2.8.6) with JetifyTransform
Transforming lifecycle-common-jvm-2.8.6.jar (androidx.lifecycle:lifecycle-common-jvm:2.8.6) with IdentityTransform
Transforming lifecycle-common-jvm-2.8.6.jar (androidx.lifecycle:lifecycle-common-jvm:2.8.6) with EnumerateClassesTransform
Transforming lifecycle-runtime-compose-release.aar (androidx.lifecycle:lifecycle-runtime-compose-android:2.8.6) with JetifyTransform
Transforming lifecycle-runtime-compose-release.aar (androidx.lifecycle:lifecycle-runtime-compose-android:2.8.6) with AarToClassTransform
Transforming lifecycle-runtime-compose-release.aar (androidx.lifecycle:lifecycle-runtime-compose-android:2.8.6) with EnumerateClassesTransform
Transforming autofill-1.0.0.aar (androidx.autofill:autofill:1.0.0) with JetifyTransform
Transforming autofill-1.0.0.aar (androidx.autofill:autofill:1.0.0) with AarToClassTransform
Transforming autofill-1.0.0.aar (androidx.autofill:autofill:1.0.0) with EnumerateClassesTransform
Transforming viewpager-1.0.0.aar (androidx.viewpager:viewpager:1.0.0) with JetifyTransform
Transforming viewpager-1.0.0.aar (androidx.viewpager:viewpager:1.0.0) with AarToClassTransform
Transforming viewpager-1.0.0.aar (androidx.viewpager:viewpager:1.0.0) with EnumerateClassesTransform
Transforming customview-1.0.0.aar (androidx.customview:customview:1.0.0) with JetifyTransform
Transforming customview-1.0.0.aar (androidx.customview:customview:1.0.0) with AarToClassTransform
Transforming customview-1.0.0.aar (androidx.customview:customview:1.0.0) with EnumerateClassesTransform
Transforming graphics-path-1.0.1.aar (androidx.graphics:graphics-path:1.0.1) with JetifyTransform
Transforming graphics-path-1.0.1.aar (androidx.graphics:graphics-path:1.0.1) with AarToClassTransform
Transforming graphics-path-1.0.1.aar (androidx.graphics:graphics-path:1.0.1) with EnumerateClassesTransform
Transforming customview-poolingcontainer-1.0.0.aar (androidx.customview:customview-poolingcontainer:1.0.0) with JetifyTransform
Transforming customview-poolingcontainer-1.0.0.aar (androidx.customview:customview-poolingcontainer:1.0.0) with AarToClassTransform
Transforming customview-poolingcontainer-1.0.0.aar (androidx.customview:customview-poolingcontainer:1.0.0) with EnumerateClassesTransform
Transforming core-ktx-1.13.1.aar (androidx.core:core-ktx:1.13.1) with JetifyTransform
Transforming core-ktx-1.13.1.aar (androidx.core:core-ktx:1.13.1) with AarToClassTransform
Transforming core-ktx-1.13.1.aar (androidx.core:core-ktx:1.13.1) with EnumerateClassesTransform
Transforming core-1.13.1.aar (androidx.core:core:1.13.1) with JetifyTransform
Transforming core-1.13.1.aar (androidx.core:core:1.13.1) with AarToClassTransform
Transforming core-1.13.1.aar (androidx.core:core:1.13.1) with EnumerateClassesTransform
Transforming core-1.13.1.aar (androidx.core:core:1.13.1) with JetifyTransform
Transforming core-1.13.1.aar (androidx.core:core:1.13.1) with AarToClassTransform
Transforming core-1.13.1.aar (androidx.core:core:1.13.1) with EnumerateClassesTransform
Transforming lifecycle-runtime-release.aar (androidx.lifecycle:lifecycle-runtime-android:2.8.6) with JetifyTransform
Transforming lifecycle-runtime-release.aar (androidx.lifecycle:lifecycle-runtime-android:2.8.6) with AarToClassTransform
Transforming lifecycle-runtime-release.aar (androidx.lifecycle:lifecycle-runtime-android:2.8.6) with EnumerateClassesTransform
Transforming lifecycle-viewmodel-2.8.6.aar (androidx.lifecycle:lifecycle-viewmodel:2.8.6) with JetifyTransform
Transforming lifecycle-viewmodel-2.8.6.aar (androidx.lifecycle:lifecycle-viewmodel:2.8.6) with AarToClassTransform
Transforming lifecycle-viewmodel-2.8.6.aar (androidx.lifecycle:lifecycle-viewmodel:2.8.6) with EnumerateClassesTransform
Transforming lifecycle-viewmodel-release.aar (androidx.lifecycle:lifecycle-viewmodel-android:2.8.6) with JetifyTransform
Transforming lifecycle-viewmodel-release.aar (androidx.lifecycle:lifecycle-viewmodel-android:2.8.6) with AarToClassTransform
Transforming lifecycle-viewmodel-release.aar (androidx.lifecycle:lifecycle-viewmodel-android:2.8.6) with EnumerateClassesTransform
Transforming lifecycle-livedata-core-ktx-2.8.6.aar (androidx.lifecycle:lifecycle-livedata-core-ktx:2.8.6) with JetifyTransform
Transforming lifecycle-livedata-core-ktx-2.8.6.aar (androidx.lifecycle:lifecycle-livedata-core-ktx:2.8.6) with AarToClassTransform
Transforming lifecycle-livedata-core-ktx-2.8.6.aar (androidx.lifecycle:lifecycle-livedata-core-ktx:2.8.6) with EnumerateClassesTransform
Transforming lifecycle-livedata-core-2.8.6.aar (androidx.lifecycle:lifecycle-livedata-core:2.8.6) with JetifyTransform
Transforming lifecycle-livedata-core-2.8.6.aar (androidx.lifecycle:lifecycle-livedata-core:2.8.6) with AarToClassTransform
Transforming lifecycle-livedata-core-2.8.6.aar (androidx.lifecycle:lifecycle-livedata-core:2.8.6) with EnumerateClassesTransform
Transforming lifecycle-viewmodel-savedstate-2.8.6.aar (androidx.lifecycle:lifecycle-viewmodel-savedstate:2.8.6) with JetifyTransform
Transforming lifecycle-viewmodel-savedstate-2.8.6.aar (androidx.lifecycle:lifecycle-viewmodel-savedstate:2.8.6) with AarToClassTransform
Transforming lifecycle-viewmodel-savedstate-2.8.6.aar (androidx.lifecycle:lifecycle-viewmodel-savedstate:2.8.6) with EnumerateClassesTransform
Transforming lifecycle-common-java8-2.8.6.jar (androidx.lifecycle:lifecycle-common-java8:2.8.6) with JetifyTransform
Transforming lifecycle-common-java8-2.8.6.jar (androidx.lifecycle:lifecycle-common-java8:2.8.6) with IdentityTransform
Transforming lifecycle-common-java8-2.8.6.jar (androidx.lifecycle:lifecycle-common-java8:2.8.6) with EnumerateClassesTransform
Transforming lifecycle-viewmodel-ktx-2.8.6.aar (androidx.lifecycle:lifecycle-viewmodel-ktx:2.8.6) with JetifyTransform
Transforming lifecycle-viewmodel-ktx-2.8.6.aar (androidx.lifecycle:lifecycle-viewmodel-ktx:2.8.6) with AarToClassTransform
Transforming lifecycle-viewmodel-ktx-2.8.6.aar (androidx.lifecycle:lifecycle-viewmodel-ktx:2.8.6) with EnumerateClassesTransform
Transforming lifecycle-service-2.8.6.aar (androidx.lifecycle:lifecycle-service:2.8.6) with JetifyTransform
Transforming lifecycle-service-2.8.6.aar (androidx.lifecycle:lifecycle-service:2.8.6) with AarToClassTransform
Transforming lifecycle-service-2.8.6.aar (androidx.lifecycle:lifecycle-service:2.8.6) with EnumerateClassesTransform
Transforming lifecycle-livedata-2.8.6.aar (androidx.lifecycle:lifecycle-livedata:2.8.6) with JetifyTransform
Transforming lifecycle-livedata-2.8.6.aar (androidx.lifecycle:lifecycle-livedata:2.8.6) with AarToClassTransform
Transforming lifecycle-livedata-2.8.6.aar (androidx.lifecycle:lifecycle-livedata:2.8.6) with EnumerateClassesTransform
Transforming lifecycle-livedata-2.8.6.aar (androidx.lifecycle:lifecycle-livedata:2.8.6) with JetifyTransform
Transforming lifecycle-livedata-2.8.6.aar (androidx.lifecycle:lifecycle-livedata:2.8.6) with AarToClassTransform
Transforming lifecycle-livedata-2.8.6.aar (androidx.lifecycle:lifecycle-livedata:2.8.6) with EnumerateClassesTransform
Transforming lifecycle-runtime-ktx-release.aar (androidx.lifecycle:lifecycle-runtime-ktx-android:2.8.6) with JetifyTransform
Transforming lifecycle-runtime-ktx-release.aar (androidx.lifecycle:lifecycle-runtime-ktx-android:2.8.6) with AarToClassTransform
Transforming lifecycle-runtime-ktx-release.aar (androidx.lifecycle:lifecycle-runtime-ktx-android:2.8.6) with EnumerateClassesTransform
Transforming runtime-saveable-release.aar (androidx.compose.runtime:runtime-saveable-android:1.7.4) with JetifyTransform
Transforming runtime-saveable-release.aar (androidx.compose.runtime:runtime-saveable-android:1.7.4) with AarToClassTransform
Transforming runtime-saveable-release.aar (androidx.compose.runtime:runtime-saveable-android:1.7.4) with EnumerateClassesTransform
Transforming runtime-release.aar (androidx.compose.runtime:runtime-android:1.7.4) with JetifyTransform
Transforming runtime-release.aar (androidx.compose.runtime:runtime-android:1.7.4) with AarToClassTransform
Transforming runtime-release.aar (androidx.compose.runtime:runtime-android:1.7.4) with EnumerateClassesTransform
Transforming kotlinx-coroutines-android-1.7.3.jar (org.jetbrains.kotlinx:kotlinx-coroutines-android:1.7.3) with JetifyTransform
Transforming kotlinx-coroutines-android-1.7.3.jar (org.jetbrains.kotlinx:kotlinx-coroutines-android:1.7.3) with IdentityTransform
Transforming kotlinx-coroutines-android-1.7.3.jar (org.jetbrains.kotlinx:kotlinx-coroutines-android:1.7.3) with EnumerateClassesTransform
Transforming kotlinx-coroutines-core-jvm-1.7.3.jar (org.jetbrains.kotlinx:kotlinx-coroutines-core-jvm:1.7.3) with JetifyTransform
Transforming kotlinx-coroutines-core-jvm-1.7.3.jar (org.jetbrains.kotlinx:kotlinx-coroutines-core-jvm:1.7.3) with IdentityTransform
Transforming kotlinx-coroutines-core-jvm-1.7.3.jar (org.jetbrains.kotlinx:kotlinx-coroutines-core-jvm:1.7.3) with EnumerateClassesTransform
Transforming kotlinx-coroutines-play-services-1.7.3.jar (org.jetbrains.kotlinx:kotlinx-coroutines-play-services:1.7.3) with JetifyTransform
Transforming kotlinx-coroutines-play-services-1.7.3.jar (org.jetbrains.kotlinx:kotlinx-coroutines-play-services:1.7.3) with IdentityTransform
Transforming kotlinx-coroutines-play-services-1.7.3.jar (org.jetbrains.kotlinx:kotlinx-coroutines-play-services:1.7.3) with EnumerateClassesTransform
Transforming play-services-tasks-18.1.0.aar (com.google.android.gms:play-services-tasks:18.1.0) with JetifyTransform
Transforming play-services-tasks-18.1.0.aar (com.google.android.gms:play-services-tasks:18.1.0) with AarToClassTransform
Transforming play-services-tasks-18.1.0.aar (com.google.android.gms:play-services-tasks:18.1.0) with EnumerateClassesTransform
Transforming play-services-tasks-18.1.0.aar (com.google.android.gms:play-services-tasks:18.1.0) with JetifyTransform
Transforming play-services-tasks-18.1.0.aar (com.google.android.gms:play-services-tasks:18.1.0) with AarToClassTransform
Transforming play-services-tasks-18.1.0.aar (com.google.android.gms:play-services-tasks:18.1.0) with EnumerateClassesTransform
Transforming play-services-basement-18.3.0.aar (com.google.android.gms:play-services-basement:18.3.0) with JetifyTransform
Transforming play-services-basement-18.3.0.aar (com.google.android.gms:play-services-basement:18.3.0) with AarToClassTransform
Transforming play-services-basement-18.3.0.aar (com.google.android.gms:play-services-basement:18.3.0) with EnumerateClassesTransform
Transforming fragment-1.1.0.aar (androidx.fragment:fragment:1.1.0) with JetifyTransform
Transforming fragment-1.1.0.aar (androidx.fragment:fragment:1.1.0) with AarToClassTransform
Transforming fragment-1.1.0.aar (androidx.fragment:fragment:1.1.0) with EnumerateClassesTransform
Transforming activity-1.9.2.aar (androidx.activity:activity:1.9.2) with JetifyTransform
Transforming activity-1.9.2.aar (androidx.activity:activity:1.9.2) with AarToClassTransform
Transforming activity-1.9.2.aar (androidx.activity:activity:1.9.2) with EnumerateClassesTransform
Transforming activity-1.9.2.aar (androidx.activity:activity:1.9.2) with JetifyTransform
Transforming activity-1.9.2.aar (androidx.activity:activity:1.9.2) with AarToClassTransform
Transforming activity-1.9.2.aar (androidx.activity:activity:1.9.2) with EnumerateClassesTransform
Transforming activity-ktx-1.9.2.aar (androidx.activity:activity-ktx:1.9.2) with JetifyTransform
Transforming activity-ktx-1.9.2.aar (androidx.activity:activity-ktx:1.9.2) with AarToClassTransform
Transforming activity-ktx-1.9.2.aar (androidx.activity:activity-ktx:1.9.2) with EnumerateClassesTransform
Transforming activity-compose-1.9.2.aar (androidx.activity:activity-compose:1.9.2) with JetifyTransform
Transforming activity-compose-1.9.2.aar (androidx.activity:activity-compose:1.9.2) with AarToClassTransform
Transforming activity-compose-1.9.2.aar (androidx.activity:activity-compose:1.9.2) with EnumerateClassesTransform
Transforming core-splashscreen-1.0.1.aar (androidx.core:core-splashscreen:1.0.1) with JetifyTransform
Transforming core-splashscreen-1.0.1.aar (androidx.core:core-splashscreen:1.0.1) with AarToClassTransform
Transforming core-splashscreen-1.0.1.aar (androidx.core:core-splashscreen:1.0.1) with EnumerateClassesTransform
Transforming kotlin-stdlib-jdk8-1.8.22.jar (org.jetbrains.kotlin:kotlin-stdlib-jdk8:1.8.22) with JetifyTransform
Transforming kotlin-stdlib-jdk8-1.8.22.jar (org.jetbrains.kotlin:kotlin-stdlib-jdk8:1.8.22) with IdentityTransform
Transforming kotlin-stdlib-jdk8-1.8.22.jar (org.jetbrains.kotlin:kotlin-stdlib-jdk8:1.8.22) with EnumerateClassesTransform
Transforming kotlin-stdlib-jdk7-1.8.22.jar (org.jetbrains.kotlin:kotlin-stdlib-jdk7:1.8.22) with JetifyTransform
Transforming kotlin-stdlib-jdk7-1.8.22.jar (org.jetbrains.kotlin:kotlin-stdlib-jdk7:1.8.22) with IdentityTransform
Transforming kotlin-stdlib-jdk7-1.8.22.jar (org.jetbrains.kotlin:kotlin-stdlib-jdk7:1.8.22) with EnumerateClassesTransform
Transforming collection-ktx-1.4.4.jar (androidx.collection:collection-ktx:1.4.4) with JetifyTransform
Transforming collection-ktx-1.4.4.jar (androidx.collection:collection-ktx:1.4.4) with IdentityTransform
Transforming collection-ktx-1.4.4.jar (androidx.collection:collection-ktx:1.4.4) with EnumerateClassesTransform
Transforming versionedparcelable-1.1.1.aar (androidx.versionedparcelable:versionedparcelable:1.1.1) with JetifyTransform
Transforming versionedparcelable-1.1.1.aar (androidx.versionedparcelable:versionedparcelable:1.1.1) with AarToClassTransform
Transforming versionedparcelable-1.1.1.aar (androidx.versionedparcelable:versionedparcelable:1.1.1) with EnumerateClassesTransform
Transforming collection-jvm-1.4.4.jar (androidx.collection:collection-jvm:1.4.4) with JetifyTransform
Transforming collection-jvm-1.4.4.jar (androidx.collection:collection-jvm:1.4.4) with IdentityTransform
Transforming collection-jvm-1.4.4.jar (androidx.collection:collection-jvm:1.4.4) with EnumerateClassesTransform
Transforming annotation-experimental-1.4.1.aar (androidx.annotation:annotation-experimental:1.4.1) with JetifyTransform
Transforming annotation-experimental-1.4.1.aar (androidx.annotation:annotation-experimental:1.4.1) with AarToClassTransform
Transforming annotation-experimental-1.4.1.aar (androidx.annotation:annotation-experimental:1.4.1) with EnumerateClassesTransform
Transforming firebase-components-18.0.0.aar (com.google.firebase:firebase-components:18.0.0) with JetifyTransform
Transforming firebase-components-18.0.0.aar (com.google.firebase:firebase-components:18.0.0) with AarToClassTransform
Transforming firebase-components-18.0.0.aar (com.google.firebase:firebase-components:18.0.0) with EnumerateClassesTransform
Transforming room-runtime-2.2.5.aar (androidx.room:room-runtime:2.2.5) with JetifyTransform
Transforming room-runtime-2.2.5.aar (androidx.room:room-runtime:2.2.5) with AarToClassTransform
Transforming room-runtime-2.2.5.aar (androidx.room:room-runtime:2.2.5) with EnumerateClassesTransform
Transforming sqlite-framework-2.1.0.aar (androidx.sqlite:sqlite-framework:2.1.0) with JetifyTransform
Transforming sqlite-framework-2.1.0.aar (androidx.sqlite:sqlite-framework:2.1.0) with AarToClassTransform
Transforming sqlite-framework-2.1.0.aar (androidx.sqlite:sqlite-framework:2.1.0) with EnumerateClassesTransform
Transforming sqlite-framework-2.1.0.aar (androidx.sqlite:sqlite-framework:2.1.0) with JetifyTransform
Transforming sqlite-framework-2.1.0.aar (androidx.sqlite:sqlite-framework:2.1.0) with AarToClassTransform
Transforming sqlite-framework-2.1.0.aar (androidx.sqlite:sqlite-framework:2.1.0) with EnumerateClassesTransform
Transforming sqlite-2.1.0.aar (androidx.sqlite:sqlite:2.1.0) with JetifyTransform
Transforming sqlite-2.1.0.aar (androidx.sqlite:sqlite:2.1.0) with AarToClassTransform
Transforming sqlite-2.1.0.aar (androidx.sqlite:sqlite:2.1.0) with EnumerateClassesTransform
Transforming sqlite-2.1.0.aar (androidx.sqlite:sqlite:2.1.0) with JetifyTransform
Transforming sqlite-2.1.0.aar (androidx.sqlite:sqlite:2.1.0) with AarToClassTransform
Transforming sqlite-2.1.0.aar (androidx.sqlite:sqlite:2.1.0) with EnumerateClassesTransform
Transforming profileinstaller-1.3.1.aar (androidx.profileinstaller:profileinstaller:1.3.1) with JetifyTransform
Transforming profileinstaller-1.3.1.aar (androidx.profileinstaller:profileinstaller:1.3.1) with AarToClassTransform
Transforming profileinstaller-1.3.1.aar (androidx.profileinstaller:profileinstaller:1.3.1) with EnumerateClassesTransform
Transforming startup-runtime-1.1.1.aar (androidx.startup:startup-runtime:1.1.1) with JetifyTransform
Transforming startup-runtime-1.1.1.aar (androidx.startup:startup-runtime:1.1.1) with AarToClassTransform
Transforming startup-runtime-1.1.1.aar (androidx.startup:startup-runtime:1.1.1) with EnumerateClassesTransform
Transforming tracing-1.0.0.aar (androidx.tracing:tracing:1.0.0) with JetifyTransform
Transforming tracing-1.0.0.aar (androidx.tracing:tracing:1.0.0) with AarToClassTransform
Transforming tracing-1.0.0.aar (androidx.tracing:tracing:1.0.0) with EnumerateClassesTransform
Transforming firebase-datatransport-18.2.0.aar (com.google.firebase:firebase-datatransport:18.2.0) with JetifyTransform
Transforming firebase-datatransport-18.2.0.aar (com.google.firebase:firebase-datatransport:18.2.0) with AarToClassTransform
Transforming firebase-datatransport-18.2.0.aar (com.google.firebase:firebase-datatransport:18.2.0) with EnumerateClassesTransform
Transforming transport-backend-cct-3.1.9.aar (com.google.android.datatransport:transport-backend-cct:3.1.9) with JetifyTransform
Transforming transport-backend-cct-3.1.9.aar (com.google.android.datatransport:transport-backend-cct:3.1.9) with AarToClassTransform
Transforming transport-backend-cct-3.1.9.aar (com.google.android.datatransport:transport-backend-cct:3.1.9) with EnumerateClassesTransform
Transforming firebase-encoders-json-18.0.0.aar (com.google.firebase:firebase-encoders-json:18.0.0) with JetifyTransform
Transforming firebase-encoders-json-18.0.0.aar (com.google.firebase:firebase-encoders-json:18.0.0) with AarToClassTransform
Transforming firebase-encoders-json-18.0.0.aar (com.google.firebase:firebase-encoders-json:18.0.0) with EnumerateClassesTransform
Transforming transport-runtime-3.1.9.aar (com.google.android.datatransport:transport-runtime:3.1.9) with JetifyTransform
Transforming transport-runtime-3.1.9.aar (com.google.android.datatransport:transport-runtime:3.1.9) with AarToClassTransform
Transforming transport-runtime-3.1.9.aar (com.google.android.datatransport:transport-runtime:3.1.9) with EnumerateClassesTransform
Transforming firebase-encoders-proto-16.0.0.jar (com.google.firebase:firebase-encoders-proto:16.0.0) with JetifyTransform
Transforming firebase-encoders-proto-16.0.0.jar (com.google.firebase:firebase-encoders-proto:16.0.0) with IdentityTransform
Transforming firebase-encoders-proto-16.0.0.jar (com.google.firebase:firebase-encoders-proto:16.0.0) with EnumerateClassesTransform
Transforming transport-api-3.1.0.aar (com.google.android.datatransport:transport-api:3.1.0) with JetifyTransform
Transforming transport-api-3.1.0.aar (com.google.android.datatransport:transport-api:3.1.0) with AarToClassTransform
Transforming transport-api-3.1.0.aar (com.google.android.datatransport:transport-api:3.1.0) with EnumerateClassesTransform
Transforming firebase-encoders-17.0.0.jar (com.google.firebase:firebase-encoders:17.0.0) with JetifyTransform
Transforming firebase-encoders-17.0.0.jar (com.google.firebase:firebase-encoders:17.0.0) with IdentityTransform
Transforming firebase-encoders-17.0.0.jar (com.google.firebase:firebase-encoders:17.0.0) with EnumerateClassesTransform
Transforming concurrent-futures-1.1.0.jar (androidx.concurrent:concurrent-futures:1.1.0) with JetifyTransform
Transforming concurrent-futures-1.1.0.jar (androidx.concurrent:concurrent-futures:1.1.0) with IdentityTransform
Transforming concurrent-futures-1.1.0.jar (androidx.concurrent:concurrent-futures:1.1.0) with EnumerateClassesTransform
Transforming room-common-2.2.5.jar (androidx.room:room-common:2.2.5) with JetifyTransform
Transforming room-common-2.2.5.jar (androidx.room:room-common:2.2.5) with IdentityTransform
Transforming room-common-2.2.5.jar (androidx.room:room-common:2.2.5) with EnumerateClassesTransform
Transforming core-runtime-2.2.0.aar (androidx.arch.core:core-runtime:2.2.0) with JetifyTransform
Transforming core-runtime-2.2.0.aar (androidx.arch.core:core-runtime:2.2.0) with AarToClassTransform
Transforming core-runtime-2.2.0.aar (androidx.arch.core:core-runtime:2.2.0) with EnumerateClassesTransform
Transforming core-runtime-2.2.0.aar (androidx.arch.core:core-runtime:2.2.0) with JetifyTransform
Transforming core-runtime-2.2.0.aar (androidx.arch.core:core-runtime:2.2.0) with AarToClassTransform
Transforming core-runtime-2.2.0.aar (androidx.arch.core:core-runtime:2.2.0) with EnumerateClassesTransform
Transforming core-common-2.2.0.jar (androidx.arch.core:core-common:2.2.0) with JetifyTransform
Transforming core-common-2.2.0.jar (androidx.arch.core:core-common:2.2.0) with IdentityTransform
Transforming core-common-2.2.0.jar (androidx.arch.core:core-common:2.2.0) with EnumerateClassesTransform
Transforming documentfile-1.0.0.aar (androidx.documentfile:documentfile:1.0.0) with JetifyTransform
Transforming documentfile-1.0.0.aar (androidx.documentfile:documentfile:1.0.0) with AarToClassTransform
Transforming documentfile-1.0.0.aar (androidx.documentfile:documentfile:1.0.0) with EnumerateClassesTransform
Transforming localbroadcastmanager-1.0.0.aar (androidx.localbroadcastmanager:localbroadcastmanager:1.0.0) with JetifyTransform
Transforming localbroadcastmanager-1.0.0.aar (androidx.localbroadcastmanager:localbroadcastmanager:1.0.0) with AarToClassTransform
Transforming localbroadcastmanager-1.0.0.aar (androidx.localbroadcastmanager:localbroadcastmanager:1.0.0) with EnumerateClassesTransform
Transforming print-1.0.0.aar (androidx.print:print:1.0.0) with JetifyTransform
Transforming print-1.0.0.aar (androidx.print:print:1.0.0) with AarToClassTransform
Transforming print-1.0.0.aar (androidx.print:print:1.0.0) with EnumerateClassesTransform
Transforming interpolator-1.0.0.aar (androidx.interpolator:interpolator:1.0.0) with JetifyTransform
Transforming interpolator-1.0.0.aar (androidx.interpolator:interpolator:1.0.0) with AarToClassTransform
Transforming interpolator-1.0.0.aar (androidx.interpolator:interpolator:1.0.0) with EnumerateClassesTransform
Transforming annotation-jvm-1.8.1.jar (androidx.annotation:annotation-jvm:1.8.1) with JetifyTransform
Transforming annotation-jvm-1.8.1.jar (androidx.annotation:annotation-jvm:1.8.1) with IdentityTransform
Transforming annotation-jvm-1.8.1.jar (androidx.annotation:annotation-jvm:1.8.1) with EnumerateClassesTransform
Transforming kotlin-stdlib-1.9.25.jar (org.jetbrains.kotlin:kotlin-stdlib:1.9.25) with JetifyTransform
Transforming kotlin-stdlib-1.9.25.jar (org.jetbrains.kotlin:kotlin-stdlib:1.9.25) with IdentityTransform
Transforming kotlin-stdlib-1.9.25.jar (org.jetbrains.kotlin:kotlin-stdlib:1.9.25) with EnumerateClassesTransform
Transforming annotations-23.0.0.jar (org.jetbrains:annotations:23.0.0) with JetifyTransform
Transforming annotations-23.0.0.jar (org.jetbrains:annotations:23.0.0) with IdentityTransform
Transforming annotations-23.0.0.jar (org.jetbrains:annotations:23.0.0) with EnumerateClassesTransform
Transforming listenablefuture-1.0.jar (com.google.guava:listenablefuture:1.0) with JetifyTransform
Transforming listenablefuture-1.0.jar (com.google.guava:listenablefuture:1.0) with IdentityTransform
Transforming listenablefuture-1.0.jar (com.google.guava:listenablefuture:1.0) with EnumerateClassesTransform
Transforming firebase-annotations-16.2.0.jar (com.google.firebase:firebase-annotations:16.2.0) with JetifyTransform
Transforming firebase-annotations-16.2.0.jar (com.google.firebase:firebase-annotations:16.2.0) with IdentityTransform
Transforming firebase-annotations-16.2.0.jar (com.google.firebase:firebase-annotations:16.2.0) with EnumerateClassesTransform
Transforming error_prone_annotations-2.26.0.jar (com.google.errorprone:error_prone_annotations:2.26.0) with JetifyTransform
Transforming error_prone_annotations-2.26.0.jar (com.google.errorprone:error_prone_annotations:2.26.0) with IdentityTransform
Transforming error_prone_annotations-2.26.0.jar (com.google.errorprone:error_prone_annotations:2.26.0) with EnumerateClassesTransform
Transforming javax.inject-1.jar (javax.inject:javax.inject:1) with JetifyTransform
Transforming javax.inject-1.jar (javax.inject:javax.inject:1) with IdentityTransform
Transforming javax.inject-1.jar (javax.inject:javax.inject:1) with EnumerateClassesTransform
Caching disabled for task ':app:checkDebugDuplicateClasses' because:
  Build cache is disabled
  Caching has been disabled for the task
Skipping task ':app:checkDebugDuplicateClasses' as it is up-to-date.
Resolve mutations for :app:mergeDebugStartupProfile (Thread[#1331,Execution worker Thread 9,5,main]) started.
:app:mergeDebugStartupProfile (Thread[#1331,Execution worker Thread 9,5,main]) started.

> Task :app:mergeDebugStartupProfile UP-TO-DATE
Caching disabled for task ':app:mergeDebugStartupProfile' because:
  Build cache is disabled
  Simple merging task
Skipping task ':app:mergeDebugStartupProfile' as it is up-to-date.
Resolve mutations for :app:mergeExtDexDebug (Thread[#1331,Execution worker Thread 9,5,main]) started.
:app:mergeExtDexDebug (Thread[#1331,Execution worker Thread 9,5,main]) started.

> Task :app:mergeExtDexDebug UP-TO-DATE
Transforming material3-release.aar (androidx.compose.material3:material3-android:1.3.0) with JetifyTransform
Transforming material3-release.aar (androidx.compose.material3:material3-android:1.3.0) with AarToClassTransform
Transforming material3-release.aar (androidx.compose.material3:material3-android:1.3.0) with IdentityTransform
Transforming material3-release.aar (androidx.compose.material3:material3-android:1.3.0) with DexingNoClasspathTransform
Transforming material3-release.aar (androidx.compose.material3:material3-android:1.3.0) with DexingOutputSplitTransform
Transforming material-release.aar (androidx.compose.material:material-android:1.7.4) with JetifyTransform
Transforming material-release.aar (androidx.compose.material:material-android:1.7.4) with AarToClassTransform
Transforming material-release.aar (androidx.compose.material:material-android:1.7.4) with IdentityTransform
Transforming material-release.aar (androidx.compose.material:material-android:1.7.4) with DexingNoClasspathTransform
Transforming material-release.aar (androidx.compose.material:material-android:1.7.4) with DexingOutputSplitTransform
Transforming material-ripple-release.aar (androidx.compose.material:material-ripple-android:1.7.4) with JetifyTransform
Transforming material-ripple-release.aar (androidx.compose.material:material-ripple-android:1.7.4) with AarToClassTransform
Transforming material-ripple-release.aar (androidx.compose.material:material-ripple-android:1.7.4) with IdentityTransform
Transforming material-ripple-release.aar (androidx.compose.material:material-ripple-android:1.7.4) with DexingNoClasspathTransform
Transforming material-ripple-release.aar (androidx.compose.material:material-ripple-android:1.7.4) with DexingOutputSplitTransform
Transforming foundation-release.aar (androidx.compose.foundation:foundation-android:1.7.4) with JetifyTransform
Transforming foundation-release.aar (androidx.compose.foundation:foundation-android:1.7.4) with AarToClassTransform
Transforming foundation-release.aar (androidx.compose.foundation:foundation-android:1.7.4) with IdentityTransform
Transforming foundation-release.aar (androidx.compose.foundation:foundation-android:1.7.4) with DexingNoClasspathTransform
Transforming foundation-release.aar (androidx.compose.foundation:foundation-android:1.7.4) with DexingOutputSplitTransform
Transforming animation-release.aar (androidx.compose.animation:animation-android:1.7.4) with JetifyTransform
Transforming animation-release.aar (androidx.compose.animation:animation-android:1.7.4) with AarToClassTransform
Transforming animation-release.aar (androidx.compose.animation:animation-android:1.7.4) with IdentityTransform
Transforming animation-release.aar (androidx.compose.animation:animation-android:1.7.4) with DexingNoClasspathTransform
Transforming animation-release.aar (androidx.compose.animation:animation-android:1.7.4) with DexingOutputSplitTransform
Transforming foundation-layout-release.aar (androidx.compose.foundation:foundation-layout-android:1.7.4) with JetifyTransform
Transforming foundation-layout-release.aar (androidx.compose.foundation:foundation-layout-android:1.7.4) with AarToClassTransform
Transforming foundation-layout-release.aar (androidx.compose.foundation:foundation-layout-android:1.7.4) with IdentityTransform
Transforming foundation-layout-release.aar (androidx.compose.foundation:foundation-layout-android:1.7.4) with DexingNoClasspathTransform
Transforming foundation-layout-release.aar (androidx.compose.foundation:foundation-layout-android:1.7.4) with DexingOutputSplitTransform
Transforming animation-core-release.aar (androidx.compose.animation:animation-core-android:1.7.4) with JetifyTransform
Transforming animation-core-release.aar (androidx.compose.animation:animation-core-android:1.7.4) with AarToClassTransform
Transforming animation-core-release.aar (androidx.compose.animation:animation-core-android:1.7.4) with IdentityTransform
Transforming animation-core-release.aar (androidx.compose.animation:animation-core-android:1.7.4) with DexingNoClasspathTransform
Transforming animation-core-release.aar (androidx.compose.animation:animation-core-android:1.7.4) with DexingOutputSplitTransform
Transforming ui-tooling-preview-release.aar (androidx.compose.ui:ui-tooling-preview-android:1.7.4) with JetifyTransform
Transforming ui-tooling-preview-release.aar (androidx.compose.ui:ui-tooling-preview-android:1.7.4) with AarToClassTransform
Transforming ui-tooling-preview-release.aar (androidx.compose.ui:ui-tooling-preview-android:1.7.4) with IdentityTransform
Transforming ui-tooling-preview-release.aar (androidx.compose.ui:ui-tooling-preview-android:1.7.4) with DexingNoClasspathTransform
Transforming ui-tooling-preview-release.aar (androidx.compose.ui:ui-tooling-preview-android:1.7.4) with DexingOutputSplitTransform
Transforming ui-tooling-data-release.aar (androidx.compose.ui:ui-tooling-data-android:1.7.4) with JetifyTransform
Transforming ui-tooling-data-release.aar (androidx.compose.ui:ui-tooling-data-android:1.7.4) with AarToClassTransform
Transforming ui-tooling-data-release.aar (androidx.compose.ui:ui-tooling-data-android:1.7.4) with IdentityTransform
Transforming ui-tooling-data-release.aar (androidx.compose.ui:ui-tooling-data-android:1.7.4) with DexingNoClasspathTransform
Transforming ui-tooling-data-release.aar (androidx.compose.ui:ui-tooling-data-android:1.7.4) with DexingOutputSplitTransform
Transforming ui-unit-release.aar (androidx.compose.ui:ui-unit-android:1.7.4) with JetifyTransform
Transforming ui-unit-release.aar (androidx.compose.ui:ui-unit-android:1.7.4) with AarToClassTransform
Transforming ui-unit-release.aar (androidx.compose.ui:ui-unit-android:1.7.4) with IdentityTransform
Transforming ui-unit-release.aar (androidx.compose.ui:ui-unit-android:1.7.4) with DexingNoClasspathTransform
Transforming ui-unit-release.aar (androidx.compose.ui:ui-unit-android:1.7.4) with DexingOutputSplitTransform
Transforming ui-graphics-release.aar (androidx.compose.ui:ui-graphics-android:1.7.4) with JetifyTransform
Transforming ui-graphics-release.aar (androidx.compose.ui:ui-graphics-android:1.7.4) with AarToClassTransform
Transforming ui-graphics-release.aar (androidx.compose.ui:ui-graphics-android:1.7.4) with IdentityTransform
Transforming ui-graphics-release.aar (androidx.compose.ui:ui-graphics-android:1.7.4) with DexingNoClasspathTransform
Transforming ui-graphics-release.aar (androidx.compose.ui:ui-graphics-android:1.7.4) with DexingOutputSplitTransform
Transforming ui-geometry-release.aar (androidx.compose.ui:ui-geometry-android:1.7.4) with JetifyTransform
Transforming ui-geometry-release.aar (androidx.compose.ui:ui-geometry-android:1.7.4) with AarToClassTransform
Transforming ui-geometry-release.aar (androidx.compose.ui:ui-geometry-android:1.7.4) with IdentityTransform
Transforming ui-geometry-release.aar (androidx.compose.ui:ui-geometry-android:1.7.4) with DexingNoClasspathTransform
Transforming ui-geometry-release.aar (androidx.compose.ui:ui-geometry-android:1.7.4) with DexingOutputSplitTransform
Transforming ui-util-release.aar (androidx.compose.ui:ui-util-android:1.7.4) with JetifyTransform
Transforming ui-util-release.aar (androidx.compose.ui:ui-util-android:1.7.4) with AarToClassTransform
Transforming ui-util-release.aar (androidx.compose.ui:ui-util-android:1.7.4) with IdentityTransform
Transforming ui-util-release.aar (androidx.compose.ui:ui-util-android:1.7.4) with DexingNoClasspathTransform
Transforming ui-util-release.aar (androidx.compose.ui:ui-util-android:1.7.4) with DexingOutputSplitTransform
Transforming ui-text-release.aar (androidx.compose.ui:ui-text-android:1.7.4) with JetifyTransform
Transforming ui-text-release.aar (androidx.compose.ui:ui-text-android:1.7.4) with AarToClassTransform
Transforming ui-text-release.aar (androidx.compose.ui:ui-text-android:1.7.4) with IdentityTransform
Transforming ui-text-release.aar (androidx.compose.ui:ui-text-android:1.7.4) with DexingNoClasspathTransform
Transforming ui-text-release.aar (androidx.compose.ui:ui-text-android:1.7.4) with DexingOutputSplitTransform
Transforming ui-tooling-release.aar (androidx.compose.ui:ui-tooling-android:1.7.4) with JetifyTransform
Transforming ui-tooling-release.aar (androidx.compose.ui:ui-tooling-android:1.7.4) with AarToClassTransform
Transforming ui-tooling-release.aar (androidx.compose.ui:ui-tooling-android:1.7.4) with IdentityTransform
Transforming ui-tooling-release.aar (androidx.compose.ui:ui-tooling-android:1.7.4) with DexingNoClasspathTransform
Transforming ui-tooling-release.aar (androidx.compose.ui:ui-tooling-android:1.7.4) with DexingOutputSplitTransform
Transforming ui-test-manifest-1.7.4.aar (androidx.compose.ui:ui-test-manifest:1.7.4) with JetifyTransform
Transforming ui-test-manifest-1.7.4.aar (androidx.compose.ui:ui-test-manifest:1.7.4) with AarToClassTransform
Transforming ui-test-manifest-1.7.4.aar (androidx.compose.ui:ui-test-manifest:1.7.4) with IdentityTransform
Transforming ui-test-manifest-1.7.4.aar (androidx.compose.ui:ui-test-manifest:1.7.4) with DexingNoClasspathTransform
Transforming ui-test-manifest-1.7.4.aar (androidx.compose.ui:ui-test-manifest:1.7.4) with DexingOutputSplitTransform
Transforming material-icons-core-release.aar (androidx.compose.material:material-icons-core-android:1.7.4) with JetifyTransform
Transforming material-icons-core-release.aar (androidx.compose.material:material-icons-core-android:1.7.4) with AarToClassTransform
Transforming material-icons-core-release.aar (androidx.compose.material:material-icons-core-android:1.7.4) with IdentityTransform
Transforming material-icons-core-release.aar (androidx.compose.material:material-icons-core-android:1.7.4) with DexingNoClasspathTransform
Transforming material-icons-core-release.aar (androidx.compose.material:material-icons-core-android:1.7.4) with DexingOutputSplitTransform
Transforming ui-release.aar (androidx.compose.ui:ui-android:1.7.4) with JetifyTransform
Transforming ui-release.aar (androidx.compose.ui:ui-android:1.7.4) with AarToClassTransform
Transforming ui-release.aar (androidx.compose.ui:ui-android:1.7.4) with IdentityTransform
Transforming ui-release.aar (androidx.compose.ui:ui-android:1.7.4) with DexingNoClasspathTransform
Transforming ui-release.aar (androidx.compose.ui:ui-android:1.7.4) with DexingOutputSplitTransform
Transforming play-services-ads-lite-23.2.0.aar (com.google.android.gms:play-services-ads-lite:23.2.0) with JetifyTransform
Transforming play-services-ads-lite-23.2.0.aar (com.google.android.gms:play-services-ads-lite:23.2.0) with AarToClassTransform
Transforming play-services-ads-lite-23.2.0.aar (com.google.android.gms:play-services-ads-lite:23.2.0) with IdentityTransform
Transforming play-services-ads-lite-23.2.0.aar (com.google.android.gms:play-services-ads-lite:23.2.0) with DexingNoClasspathTransform
Transforming play-services-ads-lite-23.2.0.aar (com.google.android.gms:play-services-ads-lite:23.2.0) with DexingOutputSplitTransform
Transforming play-services-ads-base-23.2.0.aar (com.google.android.gms:play-services-ads-base:23.2.0) with JetifyTransform
Transforming play-services-ads-base-23.2.0.aar (com.google.android.gms:play-services-ads-base:23.2.0) with AarToClassTransform
Transforming play-services-ads-base-23.2.0.aar (com.google.android.gms:play-services-ads-base:23.2.0) with IdentityTransform
Transforming play-services-ads-base-23.2.0.aar (com.google.android.gms:play-services-ads-base:23.2.0) with DexingNoClasspathTransform
Transforming play-services-ads-base-23.2.0.aar (com.google.android.gms:play-services-ads-base:23.2.0) with DexingOutputSplitTransform
Transforming play-services-measurement-sdk-api-20.1.2.aar (com.google.android.gms:play-services-measurement-sdk-api:20.1.2) with JetifyTransform
Transforming play-services-measurement-sdk-api-20.1.2.aar (com.google.android.gms:play-services-measurement-sdk-api:20.1.2) with AarToClassTransform
Transforming play-services-measurement-sdk-api-20.1.2.aar (com.google.android.gms:play-services-measurement-sdk-api:20.1.2) with IdentityTransform
Transforming play-services-measurement-sdk-api-20.1.2.aar (com.google.android.gms:play-services-measurement-sdk-api:20.1.2) with DexingNoClasspathTransform
Transforming play-services-measurement-sdk-api-20.1.2.aar (com.google.android.gms:play-services-measurement-sdk-api:20.1.2) with DexingOutputSplitTransform
Transforming user-messaging-platform-2.2.0.aar (com.google.android.ump:user-messaging-platform:2.2.0) with JetifyTransform
Transforming user-messaging-platform-2.2.0.aar (com.google.android.ump:user-messaging-platform:2.2.0) with AarToClassTransform
Transforming user-messaging-platform-2.2.0.aar (com.google.android.ump:user-messaging-platform:2.2.0) with IdentityTransform
Transforming user-messaging-platform-2.2.0.aar (com.google.android.ump:user-messaging-platform:2.2.0) with DexingNoClasspathTransform
Transforming user-messaging-platform-2.2.0.aar (com.google.android.ump:user-messaging-platform:2.2.0) with DexingOutputSplitTransform
Transforming firebase-messaging-ktx-24.0.3.aar (com.google.firebase:firebase-messaging-ktx:24.0.3) with JetifyTransform
Transforming firebase-messaging-ktx-24.0.3.aar (com.google.firebase:firebase-messaging-ktx:24.0.3) with AarToClassTransform
Transforming firebase-messaging-ktx-24.0.3.aar (com.google.firebase:firebase-messaging-ktx:24.0.3) with IdentityTransform
Transforming firebase-messaging-ktx-24.0.3.aar (com.google.firebase:firebase-messaging-ktx:24.0.3) with DexingNoClasspathTransform
Transforming firebase-messaging-ktx-24.0.3.aar (com.google.firebase:firebase-messaging-ktx:24.0.3) with DexingOutputSplitTransform
Transforming firebase-messaging-24.0.3.aar (com.google.firebase:firebase-messaging:24.0.3) with JetifyTransform
Transforming firebase-messaging-24.0.3.aar (com.google.firebase:firebase-messaging:24.0.3) with AarToClassTransform
Transforming firebase-messaging-24.0.3.aar (com.google.firebase:firebase-messaging:24.0.3) with IdentityTransform
Transforming firebase-messaging-24.0.3.aar (com.google.firebase:firebase-messaging:24.0.3) with DexingNoClasspathTransform
Transforming firebase-messaging-24.0.3.aar (com.google.firebase:firebase-messaging:24.0.3) with DexingOutputSplitTransform
Transforming firebase-installations-18.0.0.aar (com.google.firebase:firebase-installations:18.0.0) with JetifyTransform
Transforming firebase-installations-18.0.0.aar (com.google.firebase:firebase-installations:18.0.0) with AarToClassTransform
Transforming firebase-installations-18.0.0.aar (com.google.firebase:firebase-installations:18.0.0) with IdentityTransform
Transforming firebase-installations-18.0.0.aar (com.google.firebase:firebase-installations:18.0.0) with DexingNoClasspathTransform
Transforming firebase-installations-18.0.0.aar (com.google.firebase:firebase-installations:18.0.0) with DexingOutputSplitTransform
Transforming firebase-common-ktx-21.0.0.aar (com.google.firebase:firebase-common-ktx:21.0.0) with JetifyTransform
Transforming firebase-common-ktx-21.0.0.aar (com.google.firebase:firebase-common-ktx:21.0.0) with AarToClassTransform
Transforming firebase-common-ktx-21.0.0.aar (com.google.firebase:firebase-common-ktx:21.0.0) with IdentityTransform
Transforming firebase-common-ktx-21.0.0.aar (com.google.firebase:firebase-common-ktx:21.0.0) with DexingNoClasspathTransform
Transforming firebase-common-ktx-21.0.0.aar (com.google.firebase:firebase-common-ktx:21.0.0) with DexingOutputSplitTransform
Transforming firebase-common-21.0.0.aar (com.google.firebase:firebase-common:21.0.0) with JetifyTransform
Transforming firebase-common-21.0.0.aar (com.google.firebase:firebase-common:21.0.0) with AarToClassTransform
Transforming firebase-common-21.0.0.aar (com.google.firebase:firebase-common:21.0.0) with IdentityTransform
Transforming firebase-common-21.0.0.aar (com.google.firebase:firebase-common:21.0.0) with DexingNoClasspathTransform
Transforming firebase-common-21.0.0.aar (com.google.firebase:firebase-common:21.0.0) with DexingOutputSplitTransform
Transforming play-services-measurement-base-20.1.2.aar (com.google.android.gms:play-services-measurement-base:20.1.2) with JetifyTransform
Transforming play-services-measurement-base-20.1.2.aar (com.google.android.gms:play-services-measurement-base:20.1.2) with AarToClassTransform
Transforming play-services-measurement-base-20.1.2.aar (com.google.android.gms:play-services-measurement-base:20.1.2) with IdentityTransform
Transforming play-services-measurement-base-20.1.2.aar (com.google.android.gms:play-services-measurement-base:20.1.2) with DexingNoClasspathTransform
Transforming play-services-measurement-base-20.1.2.aar (com.google.android.gms:play-services-measurement-base:20.1.2) with DexingOutputSplitTransform
Transforming firebase-iid-interop-17.1.0.aar (com.google.firebase:firebase-iid-interop:17.1.0) with JetifyTransform
Transforming firebase-iid-interop-17.1.0.aar (com.google.firebase:firebase-iid-interop:17.1.0) with AarToClassTransform
Transforming firebase-iid-interop-17.1.0.aar (com.google.firebase:firebase-iid-interop:17.1.0) with IdentityTransform
Transforming firebase-iid-interop-17.1.0.aar (com.google.firebase:firebase-iid-interop:17.1.0) with DexingNoClasspathTransform
Transforming firebase-iid-interop-17.1.0.aar (com.google.firebase:firebase-iid-interop:17.1.0) with DexingOutputSplitTransform
Transforming firebase-measurement-connector-19.0.0.aar (com.google.firebase:firebase-measurement-connector:19.0.0) with JetifyTransform
Transforming firebase-measurement-connector-19.0.0.aar (com.google.firebase:firebase-measurement-connector:19.0.0) with AarToClassTransform
Transforming firebase-measurement-connector-19.0.0.aar (com.google.firebase:firebase-measurement-connector:19.0.0) with IdentityTransform
Transforming firebase-measurement-connector-19.0.0.aar (com.google.firebase:firebase-measurement-connector:19.0.0) with DexingNoClasspathTransform
Transforming firebase-measurement-connector-19.0.0.aar (com.google.firebase:firebase-measurement-connector:19.0.0) with DexingOutputSplitTransform
Transforming play-services-base-18.0.1.aar (com.google.android.gms:play-services-base:18.0.1) with JetifyTransform
Transforming play-services-base-18.0.1.aar (com.google.android.gms:play-services-base:18.0.1) with AarToClassTransform
Transforming play-services-base-18.0.1.aar (com.google.android.gms:play-services-base:18.0.1) with IdentityTransform
Transforming play-services-base-18.0.1.aar (com.google.android.gms:play-services-base:18.0.1) with DexingNoClasspathTransform
Transforming play-services-base-18.0.1.aar (com.google.android.gms:play-services-base:18.0.1) with DexingOutputSplitTransform
Transforming play-services-cloud-messaging-17.2.0.aar (com.google.android.gms:play-services-cloud-messaging:17.2.0) with JetifyTransform
Transforming play-services-cloud-messaging-17.2.0.aar (com.google.android.gms:play-services-cloud-messaging:17.2.0) with AarToClassTransform
Transforming play-services-cloud-messaging-17.2.0.aar (com.google.android.gms:play-services-cloud-messaging:17.2.0) with IdentityTransform
Transforming play-services-cloud-messaging-17.2.0.aar (com.google.android.gms:play-services-cloud-messaging:17.2.0) with DexingNoClasspathTransform
Transforming play-services-cloud-messaging-17.2.0.aar (com.google.android.gms:play-services-cloud-messaging:17.2.0) with DexingOutputSplitTransform
Transforming play-services-stats-17.0.2.aar (com.google.android.gms:play-services-stats:17.0.2) with JetifyTransform
Transforming play-services-stats-17.0.2.aar (com.google.android.gms:play-services-stats:17.0.2) with AarToClassTransform
Transforming play-services-stats-17.0.2.aar (com.google.android.gms:play-services-stats:17.0.2) with IdentityTransform
Transforming play-services-stats-17.0.2.aar (com.google.android.gms:play-services-stats:17.0.2) with DexingNoClasspathTransform
Transforming play-services-stats-17.0.2.aar (com.google.android.gms:play-services-stats:17.0.2) with DexingOutputSplitTransform
Transforming firebase-installations-interop-17.1.1.aar (com.google.firebase:firebase-installations-interop:17.1.1) with JetifyTransform
Transforming firebase-installations-interop-17.1.1.aar (com.google.firebase:firebase-installations-interop:17.1.1) with AarToClassTransform
Transforming firebase-installations-interop-17.1.1.aar (com.google.firebase:firebase-installations-interop:17.1.1) with IdentityTransform
Transforming firebase-installations-interop-17.1.1.aar (com.google.firebase:firebase-installations-interop:17.1.1) with DexingNoClasspathTransform
Transforming firebase-installations-interop-17.1.1.aar (com.google.firebase:firebase-installations-interop:17.1.1) with DexingOutputSplitTransform
Transforming work-runtime-2.7.0.aar (androidx.work:work-runtime:2.7.0) with JetifyTransform
Transforming work-runtime-2.7.0.aar (androidx.work:work-runtime:2.7.0) with AarToClassTransform
Transforming work-runtime-2.7.0.aar (androidx.work:work-runtime:2.7.0) with IdentityTransform
Transforming work-runtime-2.7.0.aar (androidx.work:work-runtime:2.7.0) with DexingNoClasspathTransform
Transforming work-runtime-2.7.0.aar (androidx.work:work-runtime:2.7.0) with DexingOutputSplitTransform
Transforming legacy-support-core-utils-1.0.0.aar (androidx.legacy:legacy-support-core-utils:1.0.0) with JetifyTransform
Transforming legacy-support-core-utils-1.0.0.aar (androidx.legacy:legacy-support-core-utils:1.0.0) with AarToClassTransform
Transforming legacy-support-core-utils-1.0.0.aar (androidx.legacy:legacy-support-core-utils:1.0.0) with IdentityTransform
Transforming legacy-support-core-utils-1.0.0.aar (androidx.legacy:legacy-support-core-utils:1.0.0) with DexingNoClasspathTransform
Transforming legacy-support-core-utils-1.0.0.aar (androidx.legacy:legacy-support-core-utils:1.0.0) with DexingOutputSplitTransform
Transforming loader-1.0.0.aar (androidx.loader:loader:1.0.0) with JetifyTransform
Transforming loader-1.0.0.aar (androidx.loader:loader:1.0.0) with AarToClassTransform
Transforming loader-1.0.0.aar (androidx.loader:loader:1.0.0) with IdentityTransform
Transforming loader-1.0.0.aar (androidx.loader:loader:1.0.0) with DexingNoClasspathTransform
Transforming loader-1.0.0.aar (androidx.loader:loader:1.0.0) with DexingOutputSplitTransform
Transforming savedstate-ktx-1.2.1.aar (androidx.savedstate:savedstate-ktx:1.2.1) with JetifyTransform
Transforming savedstate-ktx-1.2.1.aar (androidx.savedstate:savedstate-ktx:1.2.1) with AarToClassTransform
Transforming savedstate-ktx-1.2.1.aar (androidx.savedstate:savedstate-ktx:1.2.1) with IdentityTransform
Transforming savedstate-ktx-1.2.1.aar (androidx.savedstate:savedstate-ktx:1.2.1) with DexingNoClasspathTransform
Transforming savedstate-ktx-1.2.1.aar (androidx.savedstate:savedstate-ktx:1.2.1) with DexingOutputSplitTransform
Transforming savedstate-1.2.1.aar (androidx.savedstate:savedstate:1.2.1) with JetifyTransform
Transforming savedstate-1.2.1.aar (androidx.savedstate:savedstate:1.2.1) with AarToClassTransform
Transforming savedstate-1.2.1.aar (androidx.savedstate:savedstate:1.2.1) with IdentityTransform
Transforming savedstate-1.2.1.aar (androidx.savedstate:savedstate:1.2.1) with DexingNoClasspathTransform
Transforming savedstate-1.2.1.aar (androidx.savedstate:savedstate:1.2.1) with DexingOutputSplitTransform
Transforming emoji2-1.3.0.aar (androidx.emoji2:emoji2:1.3.0) with JetifyTransform
Transforming emoji2-1.3.0.aar (androidx.emoji2:emoji2:1.3.0) with AarToClassTransform
Transforming emoji2-1.3.0.aar (androidx.emoji2:emoji2:1.3.0) with IdentityTransform
Transforming emoji2-1.3.0.aar (androidx.emoji2:emoji2:1.3.0) with DexingNoClasspathTransform
Transforming emoji2-1.3.0.aar (androidx.emoji2:emoji2:1.3.0) with DexingOutputSplitTransform
Transforming lifecycle-process-2.8.6.aar (androidx.lifecycle:lifecycle-process:2.8.6) with JetifyTransform
Transforming lifecycle-process-2.8.6.aar (androidx.lifecycle:lifecycle-process:2.8.6) with AarToClassTransform
Transforming lifecycle-process-2.8.6.aar (androidx.lifecycle:lifecycle-process:2.8.6) with IdentityTransform
Transforming lifecycle-process-2.8.6.aar (androidx.lifecycle:lifecycle-process:2.8.6) with DexingNoClasspathTransform
Transforming lifecycle-process-2.8.6.aar (androidx.lifecycle:lifecycle-process:2.8.6) with DexingOutputSplitTransform
Transforming lifecycle-common-jvm-2.8.6.jar (androidx.lifecycle:lifecycle-common-jvm:2.8.6) with JetifyTransform
Transforming lifecycle-common-jvm-2.8.6.jar (androidx.lifecycle:lifecycle-common-jvm:2.8.6) with IdentityTransform
Transforming lifecycle-common-jvm-2.8.6.jar (androidx.lifecycle:lifecycle-common-jvm:2.8.6) with IdentityTransform
Transforming lifecycle-common-jvm-2.8.6.jar (androidx.lifecycle:lifecycle-common-jvm:2.8.6) with DexingNoClasspathTransform
Transforming lifecycle-common-jvm-2.8.6.jar (androidx.lifecycle:lifecycle-common-jvm:2.8.6) with DexingOutputSplitTransform
Transforming lifecycle-runtime-compose-release.aar (androidx.lifecycle:lifecycle-runtime-compose-android:2.8.6) with JetifyTransform
Transforming lifecycle-runtime-compose-release.aar (androidx.lifecycle:lifecycle-runtime-compose-android:2.8.6) with AarToClassTransform
Transforming lifecycle-runtime-compose-release.aar (androidx.lifecycle:lifecycle-runtime-compose-android:2.8.6) with IdentityTransform
Transforming lifecycle-runtime-compose-release.aar (androidx.lifecycle:lifecycle-runtime-compose-android:2.8.6) with DexingNoClasspathTransform
Transforming lifecycle-runtime-compose-release.aar (androidx.lifecycle:lifecycle-runtime-compose-android:2.8.6) with DexingOutputSplitTransform
Transforming autofill-1.0.0.aar (androidx.autofill:autofill:1.0.0) with JetifyTransform
Transforming autofill-1.0.0.aar (androidx.autofill:autofill:1.0.0) with AarToClassTransform
Transforming autofill-1.0.0.aar (androidx.autofill:autofill:1.0.0) with IdentityTransform
Transforming autofill-1.0.0.aar (androidx.autofill:autofill:1.0.0) with DexingNoClasspathTransform
Transforming autofill-1.0.0.aar (androidx.autofill:autofill:1.0.0) with DexingOutputSplitTransform
Transforming viewpager-1.0.0.aar (androidx.viewpager:viewpager:1.0.0) with JetifyTransform
Transforming viewpager-1.0.0.aar (androidx.viewpager:viewpager:1.0.0) with AarToClassTransform
Transforming viewpager-1.0.0.aar (androidx.viewpager:viewpager:1.0.0) with IdentityTransform
Transforming viewpager-1.0.0.aar (androidx.viewpager:viewpager:1.0.0) with DexingNoClasspathTransform
Transforming viewpager-1.0.0.aar (androidx.viewpager:viewpager:1.0.0) with DexingOutputSplitTransform
Transforming customview-1.0.0.aar (androidx.customview:customview:1.0.0) with JetifyTransform
Transforming customview-1.0.0.aar (androidx.customview:customview:1.0.0) with AarToClassTransform
Transforming customview-1.0.0.aar (androidx.customview:customview:1.0.0) with IdentityTransform
Transforming customview-1.0.0.aar (androidx.customview:customview:1.0.0) with DexingNoClasspathTransform
Transforming customview-1.0.0.aar (androidx.customview:customview:1.0.0) with DexingOutputSplitTransform
Transforming graphics-path-1.0.1.aar (androidx.graphics:graphics-path:1.0.1) with JetifyTransform
Transforming graphics-path-1.0.1.aar (androidx.graphics:graphics-path:1.0.1) with AarToClassTransform
Transforming graphics-path-1.0.1.aar (androidx.graphics:graphics-path:1.0.1) with IdentityTransform
Transforming graphics-path-1.0.1.aar (androidx.graphics:graphics-path:1.0.1) with DexingNoClasspathTransform
Transforming graphics-path-1.0.1.aar (androidx.graphics:graphics-path:1.0.1) with DexingOutputSplitTransform
Transforming customview-poolingcontainer-1.0.0.aar (androidx.customview:customview-poolingcontainer:1.0.0) with JetifyTransform
Transforming customview-poolingcontainer-1.0.0.aar (androidx.customview:customview-poolingcontainer:1.0.0) with AarToClassTransform
Transforming customview-poolingcontainer-1.0.0.aar (androidx.customview:customview-poolingcontainer:1.0.0) with IdentityTransform
Transforming customview-poolingcontainer-1.0.0.aar (androidx.customview:customview-poolingcontainer:1.0.0) with DexingNoClasspathTransform
Transforming customview-poolingcontainer-1.0.0.aar (androidx.customview:customview-poolingcontainer:1.0.0) with DexingOutputSplitTransform
Transforming core-ktx-1.13.1.aar (androidx.core:core-ktx:1.13.1) with JetifyTransform
Transforming core-ktx-1.13.1.aar (androidx.core:core-ktx:1.13.1) with AarToClassTransform
Transforming core-ktx-1.13.1.aar (androidx.core:core-ktx:1.13.1) with IdentityTransform
Transforming core-ktx-1.13.1.aar (androidx.core:core-ktx:1.13.1) with DexingNoClasspathTransform
Transforming core-ktx-1.13.1.aar (androidx.core:core-ktx:1.13.1) with DexingOutputSplitTransform
Transforming core-1.13.1.aar (androidx.core:core:1.13.1) with JetifyTransform
Transforming core-1.13.1.aar (androidx.core:core:1.13.1) with AarToClassTransform
Transforming core-1.13.1.aar (androidx.core:core:1.13.1) with IdentityTransform
Transforming core-1.13.1.aar (androidx.core:core:1.13.1) with DexingNoClasspathTransform
Transforming core-1.13.1.aar (androidx.core:core:1.13.1) with DexingOutputSplitTransform
Transforming core-1.13.1.aar (androidx.core:core:1.13.1) with JetifyTransform
Transforming core-1.13.1.aar (androidx.core:core:1.13.1) with AarToClassTransform
Transforming core-1.13.1.aar (androidx.core:core:1.13.1) with IdentityTransform
Transforming core-1.13.1.aar (androidx.core:core:1.13.1) with DexingNoClasspathTransform
Transforming core-1.13.1.aar (androidx.core:core:1.13.1) with DexingOutputSplitTransform
Transforming lifecycle-runtime-release.aar (androidx.lifecycle:lifecycle-runtime-android:2.8.6) with JetifyTransform
Transforming lifecycle-runtime-release.aar (androidx.lifecycle:lifecycle-runtime-android:2.8.6) with AarToClassTransform
Transforming lifecycle-runtime-release.aar (androidx.lifecycle:lifecycle-runtime-android:2.8.6) with IdentityTransform
Transforming lifecycle-runtime-release.aar (androidx.lifecycle:lifecycle-runtime-android:2.8.6) with DexingNoClasspathTransform
Transforming lifecycle-runtime-release.aar (androidx.lifecycle:lifecycle-runtime-android:2.8.6) with DexingOutputSplitTransform
Transforming lifecycle-viewmodel-2.8.6.aar (androidx.lifecycle:lifecycle-viewmodel:2.8.6) with JetifyTransform
Transforming lifecycle-viewmodel-2.8.6.aar (androidx.lifecycle:lifecycle-viewmodel:2.8.6) with AarToClassTransform
Transforming lifecycle-viewmodel-2.8.6.aar (androidx.lifecycle:lifecycle-viewmodel:2.8.6) with IdentityTransform
Transforming lifecycle-viewmodel-2.8.6.aar (androidx.lifecycle:lifecycle-viewmodel:2.8.6) with DexingNoClasspathTransform
Transforming lifecycle-viewmodel-2.8.6.aar (androidx.lifecycle:lifecycle-viewmodel:2.8.6) with DexingOutputSplitTransform
Transforming lifecycle-viewmodel-release.aar (androidx.lifecycle:lifecycle-viewmodel-android:2.8.6) with JetifyTransform
Transforming lifecycle-viewmodel-release.aar (androidx.lifecycle:lifecycle-viewmodel-android:2.8.6) with AarToClassTransform
Transforming lifecycle-viewmodel-release.aar (androidx.lifecycle:lifecycle-viewmodel-android:2.8.6) with IdentityTransform
Transforming lifecycle-viewmodel-release.aar (androidx.lifecycle:lifecycle-viewmodel-android:2.8.6) with DexingNoClasspathTransform
Transforming lifecycle-viewmodel-release.aar (androidx.lifecycle:lifecycle-viewmodel-android:2.8.6) with DexingOutputSplitTransform
Transforming lifecycle-livedata-core-ktx-2.8.6.aar (androidx.lifecycle:lifecycle-livedata-core-ktx:2.8.6) with JetifyTransform
Transforming lifecycle-livedata-core-ktx-2.8.6.aar (androidx.lifecycle:lifecycle-livedata-core-ktx:2.8.6) with AarToClassTransform
Transforming lifecycle-livedata-core-ktx-2.8.6.aar (androidx.lifecycle:lifecycle-livedata-core-ktx:2.8.6) with IdentityTransform
Transforming lifecycle-livedata-core-ktx-2.8.6.aar (androidx.lifecycle:lifecycle-livedata-core-ktx:2.8.6) with DexingNoClasspathTransform
Transforming lifecycle-livedata-core-ktx-2.8.6.aar (androidx.lifecycle:lifecycle-livedata-core-ktx:2.8.6) with DexingOutputSplitTransform
Transforming lifecycle-livedata-core-2.8.6.aar (androidx.lifecycle:lifecycle-livedata-core:2.8.6) with JetifyTransform
Transforming lifecycle-livedata-core-2.8.6.aar (androidx.lifecycle:lifecycle-livedata-core:2.8.6) with AarToClassTransform
Transforming lifecycle-livedata-core-2.8.6.aar (androidx.lifecycle:lifecycle-livedata-core:2.8.6) with IdentityTransform
Transforming lifecycle-livedata-core-2.8.6.aar (androidx.lifecycle:lifecycle-livedata-core:2.8.6) with DexingNoClasspathTransform
Transforming lifecycle-livedata-core-2.8.6.aar (androidx.lifecycle:lifecycle-livedata-core:2.8.6) with DexingOutputSplitTransform
Transforming lifecycle-viewmodel-savedstate-2.8.6.aar (androidx.lifecycle:lifecycle-viewmodel-savedstate:2.8.6) with JetifyTransform
Transforming lifecycle-viewmodel-savedstate-2.8.6.aar (androidx.lifecycle:lifecycle-viewmodel-savedstate:2.8.6) with AarToClassTransform
Transforming lifecycle-viewmodel-savedstate-2.8.6.aar (androidx.lifecycle:lifecycle-viewmodel-savedstate:2.8.6) with IdentityTransform
Transforming lifecycle-viewmodel-savedstate-2.8.6.aar (androidx.lifecycle:lifecycle-viewmodel-savedstate:2.8.6) with DexingNoClasspathTransform
Transforming lifecycle-viewmodel-savedstate-2.8.6.aar (androidx.lifecycle:lifecycle-viewmodel-savedstate:2.8.6) with DexingOutputSplitTransform
Transforming lifecycle-common-java8-2.8.6.jar (androidx.lifecycle:lifecycle-common-java8:2.8.6) with JetifyTransform
Transforming lifecycle-common-java8-2.8.6.jar (androidx.lifecycle:lifecycle-common-java8:2.8.6) with IdentityTransform
Transforming lifecycle-common-java8-2.8.6.jar (androidx.lifecycle:lifecycle-common-java8:2.8.6) with IdentityTransform
Transforming lifecycle-common-java8-2.8.6.jar (androidx.lifecycle:lifecycle-common-java8:2.8.6) with DexingNoClasspathTransform
Transforming lifecycle-common-java8-2.8.6.jar (androidx.lifecycle:lifecycle-common-java8:2.8.6) with DexingOutputSplitTransform
Transforming lifecycle-viewmodel-ktx-2.8.6.aar (androidx.lifecycle:lifecycle-viewmodel-ktx:2.8.6) with JetifyTransform
Transforming lifecycle-viewmodel-ktx-2.8.6.aar (androidx.lifecycle:lifecycle-viewmodel-ktx:2.8.6) with AarToClassTransform
Transforming lifecycle-viewmodel-ktx-2.8.6.aar (androidx.lifecycle:lifecycle-viewmodel-ktx:2.8.6) with IdentityTransform
Transforming lifecycle-viewmodel-ktx-2.8.6.aar (androidx.lifecycle:lifecycle-viewmodel-ktx:2.8.6) with DexingNoClasspathTransform
Transforming lifecycle-viewmodel-ktx-2.8.6.aar (androidx.lifecycle:lifecycle-viewmodel-ktx:2.8.6) with DexingOutputSplitTransform
Transforming lifecycle-service-2.8.6.aar (androidx.lifecycle:lifecycle-service:2.8.6) with JetifyTransform
Transforming lifecycle-service-2.8.6.aar (androidx.lifecycle:lifecycle-service:2.8.6) with AarToClassTransform
Transforming lifecycle-service-2.8.6.aar (androidx.lifecycle:lifecycle-service:2.8.6) with IdentityTransform
Transforming lifecycle-service-2.8.6.aar (androidx.lifecycle:lifecycle-service:2.8.6) with DexingNoClasspathTransform
Transforming lifecycle-service-2.8.6.aar (androidx.lifecycle:lifecycle-service:2.8.6) with DexingOutputSplitTransform
Transforming lifecycle-livedata-2.8.6.aar (androidx.lifecycle:lifecycle-livedata:2.8.6) with JetifyTransform
Transforming lifecycle-livedata-2.8.6.aar (androidx.lifecycle:lifecycle-livedata:2.8.6) with AarToClassTransform
Transforming lifecycle-livedata-2.8.6.aar (androidx.lifecycle:lifecycle-livedata:2.8.6) with IdentityTransform
Transforming lifecycle-livedata-2.8.6.aar (androidx.lifecycle:lifecycle-livedata:2.8.6) with DexingNoClasspathTransform
Transforming lifecycle-livedata-2.8.6.aar (androidx.lifecycle:lifecycle-livedata:2.8.6) with DexingOutputSplitTransform
Transforming lifecycle-livedata-2.8.6.aar (androidx.lifecycle:lifecycle-livedata:2.8.6) with JetifyTransform
Transforming lifecycle-livedata-2.8.6.aar (androidx.lifecycle:lifecycle-livedata:2.8.6) with AarToClassTransform
Transforming lifecycle-livedata-2.8.6.aar (androidx.lifecycle:lifecycle-livedata:2.8.6) with IdentityTransform
Transforming lifecycle-livedata-2.8.6.aar (androidx.lifecycle:lifecycle-livedata:2.8.6) with DexingNoClasspathTransform
Transforming lifecycle-livedata-2.8.6.aar (androidx.lifecycle:lifecycle-livedata:2.8.6) with DexingOutputSplitTransform
Transforming lifecycle-runtime-ktx-release.aar (androidx.lifecycle:lifecycle-runtime-ktx-android:2.8.6) with JetifyTransform
Transforming lifecycle-runtime-ktx-release.aar (androidx.lifecycle:lifecycle-runtime-ktx-android:2.8.6) with AarToClassTransform
Transforming lifecycle-runtime-ktx-release.aar (androidx.lifecycle:lifecycle-runtime-ktx-android:2.8.6) with IdentityTransform
Transforming lifecycle-runtime-ktx-release.aar (androidx.lifecycle:lifecycle-runtime-ktx-android:2.8.6) with DexingNoClasspathTransform
Transforming lifecycle-runtime-ktx-release.aar (androidx.lifecycle:lifecycle-runtime-ktx-android:2.8.6) with DexingOutputSplitTransform
Transforming runtime-saveable-release.aar (androidx.compose.runtime:runtime-saveable-android:1.7.4) with JetifyTransform
Transforming runtime-saveable-release.aar (androidx.compose.runtime:runtime-saveable-android:1.7.4) with AarToClassTransform
Transforming runtime-saveable-release.aar (androidx.compose.runtime:runtime-saveable-android:1.7.4) with IdentityTransform
Transforming runtime-saveable-release.aar (androidx.compose.runtime:runtime-saveable-android:1.7.4) with DexingNoClasspathTransform
Transforming runtime-saveable-release.aar (androidx.compose.runtime:runtime-saveable-android:1.7.4) with DexingOutputSplitTransform
Transforming runtime-release.aar (androidx.compose.runtime:runtime-android:1.7.4) with JetifyTransform
Transforming runtime-release.aar (androidx.compose.runtime:runtime-android:1.7.4) with AarToClassTransform
Transforming runtime-release.aar (androidx.compose.runtime:runtime-android:1.7.4) with IdentityTransform
Transforming runtime-release.aar (androidx.compose.runtime:runtime-android:1.7.4) with DexingNoClasspathTransform
Transforming runtime-release.aar (androidx.compose.runtime:runtime-android:1.7.4) with DexingOutputSplitTransform
Transforming kotlinx-coroutines-android-1.7.3.jar (org.jetbrains.kotlinx:kotlinx-coroutines-android:1.7.3) with JetifyTransform
Transforming kotlinx-coroutines-android-1.7.3.jar (org.jetbrains.kotlinx:kotlinx-coroutines-android:1.7.3) with IdentityTransform
Transforming kotlinx-coroutines-android-1.7.3.jar (org.jetbrains.kotlinx:kotlinx-coroutines-android:1.7.3) with IdentityTransform
Transforming kotlinx-coroutines-android-1.7.3.jar (org.jetbrains.kotlinx:kotlinx-coroutines-android:1.7.3) with DexingNoClasspathTransform
Transforming kotlinx-coroutines-android-1.7.3.jar (org.jetbrains.kotlinx:kotlinx-coroutines-android:1.7.3) with DexingOutputSplitTransform
Transforming kotlinx-coroutines-core-jvm-1.7.3.jar (org.jetbrains.kotlinx:kotlinx-coroutines-core-jvm:1.7.3) with JetifyTransform
Transforming kotlinx-coroutines-core-jvm-1.7.3.jar (org.jetbrains.kotlinx:kotlinx-coroutines-core-jvm:1.7.3) with IdentityTransform
Transforming kotlinx-coroutines-core-jvm-1.7.3.jar (org.jetbrains.kotlinx:kotlinx-coroutines-core-jvm:1.7.3) with IdentityTransform
Transforming kotlinx-coroutines-core-jvm-1.7.3.jar (org.jetbrains.kotlinx:kotlinx-coroutines-core-jvm:1.7.3) with DexingNoClasspathTransform
Transforming kotlinx-coroutines-core-jvm-1.7.3.jar (org.jetbrains.kotlinx:kotlinx-coroutines-core-jvm:1.7.3) with DexingOutputSplitTransform
Transforming kotlinx-coroutines-play-services-1.7.3.jar (org.jetbrains.kotlinx:kotlinx-coroutines-play-services:1.7.3) with JetifyTransform
Transforming kotlinx-coroutines-play-services-1.7.3.jar (org.jetbrains.kotlinx:kotlinx-coroutines-play-services:1.7.3) with IdentityTransform
Transforming kotlinx-coroutines-play-services-1.7.3.jar (org.jetbrains.kotlinx:kotlinx-coroutines-play-services:1.7.3) with IdentityTransform
Transforming kotlinx-coroutines-play-services-1.7.3.jar (org.jetbrains.kotlinx:kotlinx-coroutines-play-services:1.7.3) with DexingNoClasspathTransform
Transforming kotlinx-coroutines-play-services-1.7.3.jar (org.jetbrains.kotlinx:kotlinx-coroutines-play-services:1.7.3) with DexingOutputSplitTransform
Transforming play-services-tasks-18.1.0.aar (com.google.android.gms:play-services-tasks:18.1.0) with JetifyTransform
Transforming play-services-tasks-18.1.0.aar (com.google.android.gms:play-services-tasks:18.1.0) with AarToClassTransform
Transforming play-services-tasks-18.1.0.aar (com.google.android.gms:play-services-tasks:18.1.0) with IdentityTransform
Transforming play-services-tasks-18.1.0.aar (com.google.android.gms:play-services-tasks:18.1.0) with DexingNoClasspathTransform
Transforming play-services-tasks-18.1.0.aar (com.google.android.gms:play-services-tasks:18.1.0) with DexingOutputSplitTransform
Transforming play-services-tasks-18.1.0.aar (com.google.android.gms:play-services-tasks:18.1.0) with JetifyTransform
Transforming play-services-tasks-18.1.0.aar (com.google.android.gms:play-services-tasks:18.1.0) with AarToClassTransform
Transforming play-services-tasks-18.1.0.aar (com.google.android.gms:play-services-tasks:18.1.0) with IdentityTransform
Transforming play-services-tasks-18.1.0.aar (com.google.android.gms:play-services-tasks:18.1.0) with DexingNoClasspathTransform
Transforming play-services-tasks-18.1.0.aar (com.google.android.gms:play-services-tasks:18.1.0) with DexingOutputSplitTransform
Transforming play-services-basement-18.3.0.aar (com.google.android.gms:play-services-basement:18.3.0) with JetifyTransform
Transforming play-services-basement-18.3.0.aar (com.google.android.gms:play-services-basement:18.3.0) with AarToClassTransform
Transforming play-services-basement-18.3.0.aar (com.google.android.gms:play-services-basement:18.3.0) with IdentityTransform
Transforming play-services-basement-18.3.0.aar (com.google.android.gms:play-services-basement:18.3.0) with DexingNoClasspathTransform
Transforming play-services-basement-18.3.0.aar (com.google.android.gms:play-services-basement:18.3.0) with DexingOutputSplitTransform
Transforming fragment-1.1.0.aar (androidx.fragment:fragment:1.1.0) with JetifyTransform
Transforming fragment-1.1.0.aar (androidx.fragment:fragment:1.1.0) with AarToClassTransform
Transforming fragment-1.1.0.aar (androidx.fragment:fragment:1.1.0) with IdentityTransform
Transforming fragment-1.1.0.aar (androidx.fragment:fragment:1.1.0) with DexingNoClasspathTransform
Transforming fragment-1.1.0.aar (androidx.fragment:fragment:1.1.0) with DexingOutputSplitTransform
Transforming activity-1.9.2.aar (androidx.activity:activity:1.9.2) with JetifyTransform
Transforming activity-1.9.2.aar (androidx.activity:activity:1.9.2) with AarToClassTransform
Transforming activity-1.9.2.aar (androidx.activity:activity:1.9.2) with IdentityTransform
Transforming activity-1.9.2.aar (androidx.activity:activity:1.9.2) with DexingNoClasspathTransform
Transforming activity-1.9.2.aar (androidx.activity:activity:1.9.2) with DexingOutputSplitTransform
Transforming activity-1.9.2.aar (androidx.activity:activity:1.9.2) with JetifyTransform
Transforming activity-1.9.2.aar (androidx.activity:activity:1.9.2) with AarToClassTransform
Transforming activity-1.9.2.aar (androidx.activity:activity:1.9.2) with IdentityTransform
Transforming activity-1.9.2.aar (androidx.activity:activity:1.9.2) with DexingNoClasspathTransform
Transforming activity-1.9.2.aar (androidx.activity:activity:1.9.2) with DexingOutputSplitTransform
Transforming activity-ktx-1.9.2.aar (androidx.activity:activity-ktx:1.9.2) with JetifyTransform
Transforming activity-ktx-1.9.2.aar (androidx.activity:activity-ktx:1.9.2) with AarToClassTransform
Transforming activity-ktx-1.9.2.aar (androidx.activity:activity-ktx:1.9.2) with IdentityTransform
Transforming activity-ktx-1.9.2.aar (androidx.activity:activity-ktx:1.9.2) with DexingNoClasspathTransform
Transforming activity-ktx-1.9.2.aar (androidx.activity:activity-ktx:1.9.2) with DexingOutputSplitTransform
Transforming activity-compose-1.9.2.aar (androidx.activity:activity-compose:1.9.2) with JetifyTransform
Transforming activity-compose-1.9.2.aar (androidx.activity:activity-compose:1.9.2) with AarToClassTransform
Transforming activity-compose-1.9.2.aar (androidx.activity:activity-compose:1.9.2) with IdentityTransform
Transforming activity-compose-1.9.2.aar (androidx.activity:activity-compose:1.9.2) with DexingNoClasspathTransform
Transforming activity-compose-1.9.2.aar (androidx.activity:activity-compose:1.9.2) with DexingOutputSplitTransform
Transforming core-splashscreen-1.0.1.aar (androidx.core:core-splashscreen:1.0.1) with JetifyTransform
Transforming core-splashscreen-1.0.1.aar (androidx.core:core-splashscreen:1.0.1) with AarToClassTransform
Transforming core-splashscreen-1.0.1.aar (androidx.core:core-splashscreen:1.0.1) with IdentityTransform
Transforming core-splashscreen-1.0.1.aar (androidx.core:core-splashscreen:1.0.1) with DexingNoClasspathTransform
Transforming core-splashscreen-1.0.1.aar (androidx.core:core-splashscreen:1.0.1) with DexingOutputSplitTransform
Transforming kotlin-stdlib-jdk8-1.8.22.jar (org.jetbrains.kotlin:kotlin-stdlib-jdk8:1.8.22) with JetifyTransform
Transforming kotlin-stdlib-jdk8-1.8.22.jar (org.jetbrains.kotlin:kotlin-stdlib-jdk8:1.8.22) with IdentityTransform
Transforming kotlin-stdlib-jdk8-1.8.22.jar (org.jetbrains.kotlin:kotlin-stdlib-jdk8:1.8.22) with IdentityTransform
Transforming kotlin-stdlib-jdk8-1.8.22.jar (org.jetbrains.kotlin:kotlin-stdlib-jdk8:1.8.22) with DexingNoClasspathTransform
Transforming kotlin-stdlib-jdk8-1.8.22.jar (org.jetbrains.kotlin:kotlin-stdlib-jdk8:1.8.22) with DexingOutputSplitTransform
Transforming kotlin-stdlib-jdk7-1.8.22.jar (org.jetbrains.kotlin:kotlin-stdlib-jdk7:1.8.22) with JetifyTransform
Transforming kotlin-stdlib-jdk7-1.8.22.jar (org.jetbrains.kotlin:kotlin-stdlib-jdk7:1.8.22) with IdentityTransform
Transforming kotlin-stdlib-jdk7-1.8.22.jar (org.jetbrains.kotlin:kotlin-stdlib-jdk7:1.8.22) with IdentityTransform
Transforming kotlin-stdlib-jdk7-1.8.22.jar (org.jetbrains.kotlin:kotlin-stdlib-jdk7:1.8.22) with DexingNoClasspathTransform
Transforming kotlin-stdlib-jdk7-1.8.22.jar (org.jetbrains.kotlin:kotlin-stdlib-jdk7:1.8.22) with DexingOutputSplitTransform
Transforming collection-ktx-1.4.4.jar (androidx.collection:collection-ktx:1.4.4) with JetifyTransform
Transforming collection-ktx-1.4.4.jar (androidx.collection:collection-ktx:1.4.4) with IdentityTransform
Transforming collection-ktx-1.4.4.jar (androidx.collection:collection-ktx:1.4.4) with IdentityTransform
Transforming collection-ktx-1.4.4.jar (androidx.collection:collection-ktx:1.4.4) with DexingNoClasspathTransform
Transforming collection-ktx-1.4.4.jar (androidx.collection:collection-ktx:1.4.4) with DexingOutputSplitTransform
Transforming versionedparcelable-1.1.1.aar (androidx.versionedparcelable:versionedparcelable:1.1.1) with JetifyTransform
Transforming versionedparcelable-1.1.1.aar (androidx.versionedparcelable:versionedparcelable:1.1.1) with AarToClassTransform
Transforming versionedparcelable-1.1.1.aar (androidx.versionedparcelable:versionedparcelable:1.1.1) with IdentityTransform
Transforming versionedparcelable-1.1.1.aar (androidx.versionedparcelable:versionedparcelable:1.1.1) with DexingNoClasspathTransform
Transforming versionedparcelable-1.1.1.aar (androidx.versionedparcelable:versionedparcelable:1.1.1) with DexingOutputSplitTransform
Transforming collection-jvm-1.4.4.jar (androidx.collection:collection-jvm:1.4.4) with JetifyTransform
Transforming collection-jvm-1.4.4.jar (androidx.collection:collection-jvm:1.4.4) with IdentityTransform
Transforming collection-jvm-1.4.4.jar (androidx.collection:collection-jvm:1.4.4) with IdentityTransform
Transforming collection-jvm-1.4.4.jar (androidx.collection:collection-jvm:1.4.4) with DexingNoClasspathTransform
Transforming collection-jvm-1.4.4.jar (androidx.collection:collection-jvm:1.4.4) with DexingOutputSplitTransform
Transforming annotation-experimental-1.4.1.aar (androidx.annotation:annotation-experimental:1.4.1) with JetifyTransform
Transforming annotation-experimental-1.4.1.aar (androidx.annotation:annotation-experimental:1.4.1) with AarToClassTransform
Transforming annotation-experimental-1.4.1.aar (androidx.annotation:annotation-experimental:1.4.1) with IdentityTransform
Transforming annotation-experimental-1.4.1.aar (androidx.annotation:annotation-experimental:1.4.1) with DexingNoClasspathTransform
Transforming annotation-experimental-1.4.1.aar (androidx.annotation:annotation-experimental:1.4.1) with DexingOutputSplitTransform
Transforming firebase-components-18.0.0.aar (com.google.firebase:firebase-components:18.0.0) with JetifyTransform
Transforming firebase-components-18.0.0.aar (com.google.firebase:firebase-components:18.0.0) with AarToClassTransform
Transforming firebase-components-18.0.0.aar (com.google.firebase:firebase-components:18.0.0) with IdentityTransform
Transforming firebase-components-18.0.0.aar (com.google.firebase:firebase-components:18.0.0) with DexingNoClasspathTransform
Transforming firebase-components-18.0.0.aar (com.google.firebase:firebase-components:18.0.0) with DexingOutputSplitTransform
Transforming room-runtime-2.2.5.aar (androidx.room:room-runtime:2.2.5) with JetifyTransform
Transforming room-runtime-2.2.5.aar (androidx.room:room-runtime:2.2.5) with AarToClassTransform
Transforming room-runtime-2.2.5.aar (androidx.room:room-runtime:2.2.5) with IdentityTransform
Transforming room-runtime-2.2.5.aar (androidx.room:room-runtime:2.2.5) with DexingNoClasspathTransform
Transforming room-runtime-2.2.5.aar (androidx.room:room-runtime:2.2.5) with DexingOutputSplitTransform
Transforming sqlite-framework-2.1.0.aar (androidx.sqlite:sqlite-framework:2.1.0) with JetifyTransform
Transforming sqlite-framework-2.1.0.aar (androidx.sqlite:sqlite-framework:2.1.0) with AarToClassTransform
Transforming sqlite-framework-2.1.0.aar (androidx.sqlite:sqlite-framework:2.1.0) with IdentityTransform
Transforming sqlite-framework-2.1.0.aar (androidx.sqlite:sqlite-framework:2.1.0) with DexingNoClasspathTransform
Transforming sqlite-framework-2.1.0.aar (androidx.sqlite:sqlite-framework:2.1.0) with DexingOutputSplitTransform
Transforming sqlite-framework-2.1.0.aar (androidx.sqlite:sqlite-framework:2.1.0) with JetifyTransform
Transforming sqlite-framework-2.1.0.aar (androidx.sqlite:sqlite-framework:2.1.0) with AarToClassTransform
Transforming sqlite-framework-2.1.0.aar (androidx.sqlite:sqlite-framework:2.1.0) with IdentityTransform
Transforming sqlite-framework-2.1.0.aar (androidx.sqlite:sqlite-framework:2.1.0) with DexingNoClasspathTransform
Transforming sqlite-framework-2.1.0.aar (androidx.sqlite:sqlite-framework:2.1.0) with DexingOutputSplitTransform
Transforming sqlite-2.1.0.aar (androidx.sqlite:sqlite:2.1.0) with JetifyTransform
Transforming sqlite-2.1.0.aar (androidx.sqlite:sqlite:2.1.0) with AarToClassTransform
Transforming sqlite-2.1.0.aar (androidx.sqlite:sqlite:2.1.0) with IdentityTransform
Transforming sqlite-2.1.0.aar (androidx.sqlite:sqlite:2.1.0) with DexingNoClasspathTransform
Transforming sqlite-2.1.0.aar (androidx.sqlite:sqlite:2.1.0) with DexingOutputSplitTransform
Transforming sqlite-2.1.0.aar (androidx.sqlite:sqlite:2.1.0) with JetifyTransform
Transforming sqlite-2.1.0.aar (androidx.sqlite:sqlite:2.1.0) with AarToClassTransform
Transforming sqlite-2.1.0.aar (androidx.sqlite:sqlite:2.1.0) with IdentityTransform
Transforming sqlite-2.1.0.aar (androidx.sqlite:sqlite:2.1.0) with DexingNoClasspathTransform
Transforming sqlite-2.1.0.aar (androidx.sqlite:sqlite:2.1.0) with DexingOutputSplitTransform
Transforming profileinstaller-1.3.1.aar (androidx.profileinstaller:profileinstaller:1.3.1) with JetifyTransform
Transforming profileinstaller-1.3.1.aar (androidx.profileinstaller:profileinstaller:1.3.1) with AarToClassTransform
Transforming profileinstaller-1.3.1.aar (androidx.profileinstaller:profileinstaller:1.3.1) with IdentityTransform
Transforming profileinstaller-1.3.1.aar (androidx.profileinstaller:profileinstaller:1.3.1) with DexingNoClasspathTransform
Transforming profileinstaller-1.3.1.aar (androidx.profileinstaller:profileinstaller:1.3.1) with DexingOutputSplitTransform
Transforming startup-runtime-1.1.1.aar (androidx.startup:startup-runtime:1.1.1) with JetifyTransform
Transforming startup-runtime-1.1.1.aar (androidx.startup:startup-runtime:1.1.1) with AarToClassTransform
Transforming startup-runtime-1.1.1.aar (androidx.startup:startup-runtime:1.1.1) with IdentityTransform
Transforming startup-runtime-1.1.1.aar (androidx.startup:startup-runtime:1.1.1) with DexingNoClasspathTransform
Transforming startup-runtime-1.1.1.aar (androidx.startup:startup-runtime:1.1.1) with DexingOutputSplitTransform
Transforming tracing-1.0.0.aar (androidx.tracing:tracing:1.0.0) with JetifyTransform
Transforming tracing-1.0.0.aar (androidx.tracing:tracing:1.0.0) with AarToClassTransform
Transforming tracing-1.0.0.aar (androidx.tracing:tracing:1.0.0) with IdentityTransform
Transforming tracing-1.0.0.aar (androidx.tracing:tracing:1.0.0) with DexingNoClasspathTransform
Transforming tracing-1.0.0.aar (androidx.tracing:tracing:1.0.0) with DexingOutputSplitTransform
Transforming firebase-datatransport-18.2.0.aar (com.google.firebase:firebase-datatransport:18.2.0) with JetifyTransform
Transforming firebase-datatransport-18.2.0.aar (com.google.firebase:firebase-datatransport:18.2.0) with AarToClassTransform
Transforming firebase-datatransport-18.2.0.aar (com.google.firebase:firebase-datatransport:18.2.0) with IdentityTransform
Transforming firebase-datatransport-18.2.0.aar (com.google.firebase:firebase-datatransport:18.2.0) with DexingNoClasspathTransform
Transforming firebase-datatransport-18.2.0.aar (com.google.firebase:firebase-datatransport:18.2.0) with DexingOutputSplitTransform
Transforming transport-backend-cct-3.1.9.aar (com.google.android.datatransport:transport-backend-cct:3.1.9) with JetifyTransform
Transforming transport-backend-cct-3.1.9.aar (com.google.android.datatransport:transport-backend-cct:3.1.9) with AarToClassTransform
Transforming transport-backend-cct-3.1.9.aar (com.google.android.datatransport:transport-backend-cct:3.1.9) with IdentityTransform
Transforming transport-backend-cct-3.1.9.aar (com.google.android.datatransport:transport-backend-cct:3.1.9) with DexingNoClasspathTransform
Transforming transport-backend-cct-3.1.9.aar (com.google.android.datatransport:transport-backend-cct:3.1.9) with DexingOutputSplitTransform
Transforming firebase-encoders-json-18.0.0.aar (com.google.firebase:firebase-encoders-json:18.0.0) with JetifyTransform
Transforming firebase-encoders-json-18.0.0.aar (com.google.firebase:firebase-encoders-json:18.0.0) with AarToClassTransform
Transforming firebase-encoders-json-18.0.0.aar (com.google.firebase:firebase-encoders-json:18.0.0) with IdentityTransform
Transforming firebase-encoders-json-18.0.0.aar (com.google.firebase:firebase-encoders-json:18.0.0) with DexingNoClasspathTransform
Transforming firebase-encoders-json-18.0.0.aar (com.google.firebase:firebase-encoders-json:18.0.0) with DexingOutputSplitTransform
Transforming transport-runtime-3.1.9.aar (com.google.android.datatransport:transport-runtime:3.1.9) with JetifyTransform
Transforming transport-runtime-3.1.9.aar (com.google.android.datatransport:transport-runtime:3.1.9) with AarToClassTransform
Transforming transport-runtime-3.1.9.aar (com.google.android.datatransport:transport-runtime:3.1.9) with IdentityTransform
Transforming transport-runtime-3.1.9.aar (com.google.android.datatransport:transport-runtime:3.1.9) with DexingNoClasspathTransform
Transforming transport-runtime-3.1.9.aar (com.google.android.datatransport:transport-runtime:3.1.9) with DexingOutputSplitTransform
Transforming firebase-encoders-proto-16.0.0.jar (com.google.firebase:firebase-encoders-proto:16.0.0) with JetifyTransform
Transforming firebase-encoders-proto-16.0.0.jar (com.google.firebase:firebase-encoders-proto:16.0.0) with IdentityTransform
Transforming firebase-encoders-proto-16.0.0.jar (com.google.firebase:firebase-encoders-proto:16.0.0) with IdentityTransform
Transforming firebase-encoders-proto-16.0.0.jar (com.google.firebase:firebase-encoders-proto:16.0.0) with DexingNoClasspathTransform
Transforming firebase-encoders-proto-16.0.0.jar (com.google.firebase:firebase-encoders-proto:16.0.0) with DexingOutputSplitTransform
Transforming transport-api-3.1.0.aar (com.google.android.datatransport:transport-api:3.1.0) with JetifyTransform
Transforming transport-api-3.1.0.aar (com.google.android.datatransport:transport-api:3.1.0) with AarToClassTransform
Transforming transport-api-3.1.0.aar (com.google.android.datatransport:transport-api:3.1.0) with IdentityTransform
Transforming transport-api-3.1.0.aar (com.google.android.datatransport:transport-api:3.1.0) with DexingNoClasspathTransform
Transforming transport-api-3.1.0.aar (com.google.android.datatransport:transport-api:3.1.0) with DexingOutputSplitTransform
Transforming firebase-encoders-17.0.0.jar (com.google.firebase:firebase-encoders:17.0.0) with JetifyTransform
Transforming firebase-encoders-17.0.0.jar (com.google.firebase:firebase-encoders:17.0.0) with IdentityTransform
Transforming firebase-encoders-17.0.0.jar (com.google.firebase:firebase-encoders:17.0.0) with IdentityTransform
Transforming firebase-encoders-17.0.0.jar (com.google.firebase:firebase-encoders:17.0.0) with DexingNoClasspathTransform
Transforming firebase-encoders-17.0.0.jar (com.google.firebase:firebase-encoders:17.0.0) with DexingOutputSplitTransform
Transforming concurrent-futures-1.1.0.jar (androidx.concurrent:concurrent-futures:1.1.0) with JetifyTransform
Transforming concurrent-futures-1.1.0.jar (androidx.concurrent:concurrent-futures:1.1.0) with IdentityTransform
Transforming concurrent-futures-1.1.0.jar (androidx.concurrent:concurrent-futures:1.1.0) with IdentityTransform
Transforming concurrent-futures-1.1.0.jar (androidx.concurrent:concurrent-futures:1.1.0) with DexingNoClasspathTransform
Transforming concurrent-futures-1.1.0.jar (androidx.concurrent:concurrent-futures:1.1.0) with DexingOutputSplitTransform
Transforming room-common-2.2.5.jar (androidx.room:room-common:2.2.5) with JetifyTransform
Transforming room-common-2.2.5.jar (androidx.room:room-common:2.2.5) with IdentityTransform
Transforming room-common-2.2.5.jar (androidx.room:room-common:2.2.5) with IdentityTransform
Transforming room-common-2.2.5.jar (androidx.room:room-common:2.2.5) with DexingNoClasspathTransform
Transforming room-common-2.2.5.jar (androidx.room:room-common:2.2.5) with DexingOutputSplitTransform
Transforming core-runtime-2.2.0.aar (androidx.arch.core:core-runtime:2.2.0) with JetifyTransform
Transforming core-runtime-2.2.0.aar (androidx.arch.core:core-runtime:2.2.0) with AarToClassTransform
Transforming core-runtime-2.2.0.aar (androidx.arch.core:core-runtime:2.2.0) with IdentityTransform
Transforming core-runtime-2.2.0.aar (androidx.arch.core:core-runtime:2.2.0) with DexingNoClasspathTransform
Transforming core-runtime-2.2.0.aar (androidx.arch.core:core-runtime:2.2.0) with DexingOutputSplitTransform
Transforming core-runtime-2.2.0.aar (androidx.arch.core:core-runtime:2.2.0) with JetifyTransform
Transforming core-runtime-2.2.0.aar (androidx.arch.core:core-runtime:2.2.0) with AarToClassTransform
Transforming core-runtime-2.2.0.aar (androidx.arch.core:core-runtime:2.2.0) with IdentityTransform
Transforming core-runtime-2.2.0.aar (androidx.arch.core:core-runtime:2.2.0) with DexingNoClasspathTransform
Transforming core-runtime-2.2.0.aar (androidx.arch.core:core-runtime:2.2.0) with DexingOutputSplitTransform
Transforming core-common-2.2.0.jar (androidx.arch.core:core-common:2.2.0) with JetifyTransform
Transforming core-common-2.2.0.jar (androidx.arch.core:core-common:2.2.0) with IdentityTransform
Transforming core-common-2.2.0.jar (androidx.arch.core:core-common:2.2.0) with IdentityTransform
Transforming core-common-2.2.0.jar (androidx.arch.core:core-common:2.2.0) with DexingNoClasspathTransform
Transforming core-common-2.2.0.jar (androidx.arch.core:core-common:2.2.0) with DexingOutputSplitTransform
Transforming documentfile-1.0.0.aar (androidx.documentfile:documentfile:1.0.0) with JetifyTransform
Transforming documentfile-1.0.0.aar (androidx.documentfile:documentfile:1.0.0) with AarToClassTransform
Transforming documentfile-1.0.0.aar (androidx.documentfile:documentfile:1.0.0) with IdentityTransform
Transforming documentfile-1.0.0.aar (androidx.documentfile:documentfile:1.0.0) with DexingNoClasspathTransform
Transforming documentfile-1.0.0.aar (androidx.documentfile:documentfile:1.0.0) with DexingOutputSplitTransform
Transforming localbroadcastmanager-1.0.0.aar (androidx.localbroadcastmanager:localbroadcastmanager:1.0.0) with JetifyTransform
Transforming localbroadcastmanager-1.0.0.aar (androidx.localbroadcastmanager:localbroadcastmanager:1.0.0) with AarToClassTransform
Transforming localbroadcastmanager-1.0.0.aar (androidx.localbroadcastmanager:localbroadcastmanager:1.0.0) with IdentityTransform
Transforming localbroadcastmanager-1.0.0.aar (androidx.localbroadcastmanager:localbroadcastmanager:1.0.0) with DexingNoClasspathTransform
Transforming localbroadcastmanager-1.0.0.aar (androidx.localbroadcastmanager:localbroadcastmanager:1.0.0) with DexingOutputSplitTransform
Transforming print-1.0.0.aar (androidx.print:print:1.0.0) with JetifyTransform
Transforming print-1.0.0.aar (androidx.print:print:1.0.0) with AarToClassTransform
Transforming print-1.0.0.aar (androidx.print:print:1.0.0) with IdentityTransform
Transforming print-1.0.0.aar (androidx.print:print:1.0.0) with DexingNoClasspathTransform
Transforming print-1.0.0.aar (androidx.print:print:1.0.0) with DexingOutputSplitTransform
Transforming interpolator-1.0.0.aar (androidx.interpolator:interpolator:1.0.0) with JetifyTransform
Transforming interpolator-1.0.0.aar (androidx.interpolator:interpolator:1.0.0) with AarToClassTransform
Transforming interpolator-1.0.0.aar (androidx.interpolator:interpolator:1.0.0) with IdentityTransform
Transforming interpolator-1.0.0.aar (androidx.interpolator:interpolator:1.0.0) with DexingNoClasspathTransform
Transforming interpolator-1.0.0.aar (androidx.interpolator:interpolator:1.0.0) with DexingOutputSplitTransform
Transforming annotation-jvm-1.8.1.jar (androidx.annotation:annotation-jvm:1.8.1) with JetifyTransform
Transforming annotation-jvm-1.8.1.jar (androidx.annotation:annotation-jvm:1.8.1) with IdentityTransform
Transforming annotation-jvm-1.8.1.jar (androidx.annotation:annotation-jvm:1.8.1) with IdentityTransform
Transforming annotation-jvm-1.8.1.jar (androidx.annotation:annotation-jvm:1.8.1) with DexingNoClasspathTransform
Transforming annotation-jvm-1.8.1.jar (androidx.annotation:annotation-jvm:1.8.1) with DexingOutputSplitTransform
Transforming kotlin-stdlib-1.9.25.jar (org.jetbrains.kotlin:kotlin-stdlib:1.9.25) with JetifyTransform
Transforming kotlin-stdlib-1.9.25.jar (org.jetbrains.kotlin:kotlin-stdlib:1.9.25) with IdentityTransform
Transforming kotlin-stdlib-1.9.25.jar (org.jetbrains.kotlin:kotlin-stdlib:1.9.25) with IdentityTransform
Transforming kotlin-stdlib-1.9.25.jar (org.jetbrains.kotlin:kotlin-stdlib:1.9.25) with DexingNoClasspathTransform
Transforming kotlin-stdlib-1.9.25.jar (org.jetbrains.kotlin:kotlin-stdlib:1.9.25) with DexingOutputSplitTransform
Transforming annotations-23.0.0.jar (org.jetbrains:annotations:23.0.0) with JetifyTransform
Transforming annotations-23.0.0.jar (org.jetbrains:annotations:23.0.0) with IdentityTransform
Transforming annotations-23.0.0.jar (org.jetbrains:annotations:23.0.0) with IdentityTransform
Transforming annotations-23.0.0.jar (org.jetbrains:annotations:23.0.0) with DexingNoClasspathTransform
Transforming annotations-23.0.0.jar (org.jetbrains:annotations:23.0.0) with DexingOutputSplitTransform
Transforming listenablefuture-1.0.jar (com.google.guava:listenablefuture:1.0) with JetifyTransform
Transforming listenablefuture-1.0.jar (com.google.guava:listenablefuture:1.0) with IdentityTransform
Transforming listenablefuture-1.0.jar (com.google.guava:listenablefuture:1.0) with IdentityTransform
Transforming listenablefuture-1.0.jar (com.google.guava:listenablefuture:1.0) with DexingNoClasspathTransform
Transforming listenablefuture-1.0.jar (com.google.guava:listenablefuture:1.0) with DexingOutputSplitTransform
Transforming firebase-annotations-16.2.0.jar (com.google.firebase:firebase-annotations:16.2.0) with JetifyTransform
Transforming firebase-annotations-16.2.0.jar (com.google.firebase:firebase-annotations:16.2.0) with IdentityTransform
Transforming firebase-annotations-16.2.0.jar (com.google.firebase:firebase-annotations:16.2.0) with IdentityTransform
Transforming firebase-annotations-16.2.0.jar (com.google.firebase:firebase-annotations:16.2.0) with DexingNoClasspathTransform
Transforming firebase-annotations-16.2.0.jar (com.google.firebase:firebase-annotations:16.2.0) with DexingOutputSplitTransform
Transforming error_prone_annotations-2.26.0.jar (com.google.errorprone:error_prone_annotations:2.26.0) with JetifyTransform
Transforming error_prone_annotations-2.26.0.jar (com.google.errorprone:error_prone_annotations:2.26.0) with IdentityTransform
Transforming error_prone_annotations-2.26.0.jar (com.google.errorprone:error_prone_annotations:2.26.0) with IdentityTransform
Transforming error_prone_annotations-2.26.0.jar (com.google.errorprone:error_prone_annotations:2.26.0) with DexingNoClasspathTransform
Transforming error_prone_annotations-2.26.0.jar (com.google.errorprone:error_prone_annotations:2.26.0) with DexingOutputSplitTransform
Transforming javax.inject-1.jar (javax.inject:javax.inject:1) with JetifyTransform
Transforming javax.inject-1.jar (javax.inject:javax.inject:1) with IdentityTransform
Transforming javax.inject-1.jar (javax.inject:javax.inject:1) with IdentityTransform
Transforming javax.inject-1.jar (javax.inject:javax.inject:1) with DexingNoClasspathTransform
Transforming javax.inject-1.jar (javax.inject:javax.inject:1) with DexingOutputSplitTransform
Caching disabled for task ':app:mergeExtDexDebug' because:
  Build cache is disabled
Skipping task ':app:mergeExtDexDebug' as it is up-to-date.
Resolve mutations for :app:mergeLibDexDebug (Thread[#1331,Execution worker Thread 9,5,main]) started.
:app:mergeLibDexDebug (Thread[#1331,Execution worker Thread 9,5,main]) started.

> Task :app:mergeLibDexDebug UP-TO-DATE
Caching disabled for task ':app:mergeLibDexDebug' because:
  Build cache is disabled
Skipping task ':app:mergeLibDexDebug' as it is up-to-date.
Resolve mutations for :app:mergeProjectDexDebug (Thread[#1331,Execution worker Thread 9,5,main]) started.
:app:mergeProjectDexDebug (Thread[#1331,Execution worker Thread 9,5,main]) started.

> Task :app:mergeProjectDexDebug UP-TO-DATE
Caching disabled for task ':app:mergeProjectDexDebug' because:
  Build cache is disabled
Skipping task ':app:mergeProjectDexDebug' as it is up-to-date.
Resolve mutations for :app:mergeDebugJniLibFolders (Thread[#1331,Execution worker Thread 9,5,main]) started.
:app:mergeDebugJniLibFolders (Thread[#1331,Execution worker Thread 9,5,main]) started.

> Task :app:mergeDebugJniLibFolders UP-TO-DATE
Caching disabled for task ':app:mergeDebugJniLibFolders' because:
  Build cache is disabled
  Simple merging task
Skipping task ':app:mergeDebugJniLibFolders' as it is up-to-date.
Resolve mutations for :app:mergeDebugNativeLibs (Thread[#1331,Execution worker Thread 9,5,main]) started.
:app:mergeDebugNativeLibs (Thread[#1331,Execution worker Thread 9,5,main]) started.

> Task :app:mergeDebugNativeLibs UP-TO-DATE
Transforming material3-release.aar (androidx.compose.material3:material3-android:1.3.0) with JetifyTransform
Transforming material3-release.aar (androidx.compose.material3:material3-android:1.3.0) with ExtractAarTransform
Transforming material3-release.aar (androidx.compose.material3:material3-android:1.3.0) with AarTransform
Transforming material-release.aar (androidx.compose.material:material-android:1.7.4) with JetifyTransform
Transforming material-release.aar (androidx.compose.material:material-android:1.7.4) with ExtractAarTransform
Transforming material-release.aar (androidx.compose.material:material-android:1.7.4) with AarTransform
Transforming material-ripple-release.aar (androidx.compose.material:material-ripple-android:1.7.4) with JetifyTransform
Transforming material-ripple-release.aar (androidx.compose.material:material-ripple-android:1.7.4) with ExtractAarTransform
Transforming material-ripple-release.aar (androidx.compose.material:material-ripple-android:1.7.4) with AarTransform
Transforming foundation-release.aar (androidx.compose.foundation:foundation-android:1.7.4) with JetifyTransform
Transforming foundation-release.aar (androidx.compose.foundation:foundation-android:1.7.4) with ExtractAarTransform
Transforming foundation-release.aar (androidx.compose.foundation:foundation-android:1.7.4) with AarTransform
Transforming animation-release.aar (androidx.compose.animation:animation-android:1.7.4) with JetifyTransform
Transforming animation-release.aar (androidx.compose.animation:animation-android:1.7.4) with ExtractAarTransform
Transforming animation-release.aar (androidx.compose.animation:animation-android:1.7.4) with AarTransform
Transforming foundation-layout-release.aar (androidx.compose.foundation:foundation-layout-android:1.7.4) with JetifyTransform
Transforming foundation-layout-release.aar (androidx.compose.foundation:foundation-layout-android:1.7.4) with ExtractAarTransform
Transforming foundation-layout-release.aar (androidx.compose.foundation:foundation-layout-android:1.7.4) with AarTransform
Transforming animation-core-release.aar (androidx.compose.animation:animation-core-android:1.7.4) with JetifyTransform
Transforming animation-core-release.aar (androidx.compose.animation:animation-core-android:1.7.4) with ExtractAarTransform
Transforming animation-core-release.aar (androidx.compose.animation:animation-core-android:1.7.4) with AarTransform
Transforming ui-tooling-preview-release.aar (androidx.compose.ui:ui-tooling-preview-android:1.7.4) with JetifyTransform
Transforming ui-tooling-preview-release.aar (androidx.compose.ui:ui-tooling-preview-android:1.7.4) with ExtractAarTransform
Transforming ui-tooling-preview-release.aar (androidx.compose.ui:ui-tooling-preview-android:1.7.4) with AarTransform
Transforming ui-tooling-data-release.aar (androidx.compose.ui:ui-tooling-data-android:1.7.4) with JetifyTransform
Transforming ui-tooling-data-release.aar (androidx.compose.ui:ui-tooling-data-android:1.7.4) with ExtractAarTransform
Transforming ui-tooling-data-release.aar (androidx.compose.ui:ui-tooling-data-android:1.7.4) with AarTransform
Transforming ui-unit-release.aar (androidx.compose.ui:ui-unit-android:1.7.4) with JetifyTransform
Transforming ui-unit-release.aar (androidx.compose.ui:ui-unit-android:1.7.4) with ExtractAarTransform
Transforming ui-unit-release.aar (androidx.compose.ui:ui-unit-android:1.7.4) with AarTransform
Transforming ui-graphics-release.aar (androidx.compose.ui:ui-graphics-android:1.7.4) with JetifyTransform
Transforming ui-graphics-release.aar (androidx.compose.ui:ui-graphics-android:1.7.4) with ExtractAarTransform
Transforming ui-graphics-release.aar (androidx.compose.ui:ui-graphics-android:1.7.4) with AarTransform
Transforming ui-geometry-release.aar (androidx.compose.ui:ui-geometry-android:1.7.4) with JetifyTransform
Transforming ui-geometry-release.aar (androidx.compose.ui:ui-geometry-android:1.7.4) with ExtractAarTransform
Transforming ui-geometry-release.aar (androidx.compose.ui:ui-geometry-android:1.7.4) with AarTransform
Transforming ui-util-release.aar (androidx.compose.ui:ui-util-android:1.7.4) with JetifyTransform
Transforming ui-util-release.aar (androidx.compose.ui:ui-util-android:1.7.4) with ExtractAarTransform
Transforming ui-util-release.aar (androidx.compose.ui:ui-util-android:1.7.4) with AarTransform
Transforming ui-text-release.aar (androidx.compose.ui:ui-text-android:1.7.4) with JetifyTransform
Transforming ui-text-release.aar (androidx.compose.ui:ui-text-android:1.7.4) with ExtractAarTransform
Transforming ui-text-release.aar (androidx.compose.ui:ui-text-android:1.7.4) with AarTransform
Transforming ui-tooling-release.aar (androidx.compose.ui:ui-tooling-android:1.7.4) with JetifyTransform
Transforming ui-tooling-release.aar (androidx.compose.ui:ui-tooling-android:1.7.4) with ExtractAarTransform
Transforming ui-tooling-release.aar (androidx.compose.ui:ui-tooling-android:1.7.4) with AarTransform
Transforming ui-test-manifest-1.7.4.aar (androidx.compose.ui:ui-test-manifest:1.7.4) with JetifyTransform
Transforming ui-test-manifest-1.7.4.aar (androidx.compose.ui:ui-test-manifest:1.7.4) with ExtractAarTransform
Transforming ui-test-manifest-1.7.4.aar (androidx.compose.ui:ui-test-manifest:1.7.4) with AarTransform
Transforming material-icons-core-release.aar (androidx.compose.material:material-icons-core-android:1.7.4) with JetifyTransform
Transforming material-icons-core-release.aar (androidx.compose.material:material-icons-core-android:1.7.4) with ExtractAarTransform
Transforming material-icons-core-release.aar (androidx.compose.material:material-icons-core-android:1.7.4) with AarTransform
Transforming ui-release.aar (androidx.compose.ui:ui-android:1.7.4) with JetifyTransform
Transforming ui-release.aar (androidx.compose.ui:ui-android:1.7.4) with ExtractAarTransform
Transforming ui-release.aar (androidx.compose.ui:ui-android:1.7.4) with AarTransform
Transforming play-services-ads-lite-23.2.0.aar (com.google.android.gms:play-services-ads-lite:23.2.0) with JetifyTransform
Transforming play-services-ads-lite-23.2.0.aar (com.google.android.gms:play-services-ads-lite:23.2.0) with ExtractAarTransform
Transforming play-services-ads-lite-23.2.0.aar (com.google.android.gms:play-services-ads-lite:23.2.0) with AarTransform
Transforming play-services-ads-base-23.2.0.aar (com.google.android.gms:play-services-ads-base:23.2.0) with JetifyTransform
Transforming play-services-ads-base-23.2.0.aar (com.google.android.gms:play-services-ads-base:23.2.0) with ExtractAarTransform
Transforming play-services-ads-base-23.2.0.aar (com.google.android.gms:play-services-ads-base:23.2.0) with AarTransform
Transforming play-services-measurement-sdk-api-20.1.2.aar (com.google.android.gms:play-services-measurement-sdk-api:20.1.2) with JetifyTransform
Transforming play-services-measurement-sdk-api-20.1.2.aar (com.google.android.gms:play-services-measurement-sdk-api:20.1.2) with ExtractAarTransform
Transforming play-services-measurement-sdk-api-20.1.2.aar (com.google.android.gms:play-services-measurement-sdk-api:20.1.2) with AarTransform
Transforming user-messaging-platform-2.2.0.aar (com.google.android.ump:user-messaging-platform:2.2.0) with JetifyTransform
Transforming user-messaging-platform-2.2.0.aar (com.google.android.ump:user-messaging-platform:2.2.0) with ExtractAarTransform
Transforming user-messaging-platform-2.2.0.aar (com.google.android.ump:user-messaging-platform:2.2.0) with AarTransform
Transforming firebase-messaging-ktx-24.0.3.aar (com.google.firebase:firebase-messaging-ktx:24.0.3) with JetifyTransform
Transforming firebase-messaging-ktx-24.0.3.aar (com.google.firebase:firebase-messaging-ktx:24.0.3) with ExtractAarTransform
Transforming firebase-messaging-ktx-24.0.3.aar (com.google.firebase:firebase-messaging-ktx:24.0.3) with AarTransform
Transforming firebase-messaging-24.0.3.aar (com.google.firebase:firebase-messaging:24.0.3) with JetifyTransform
Transforming firebase-messaging-24.0.3.aar (com.google.firebase:firebase-messaging:24.0.3) with ExtractAarTransform
Transforming firebase-messaging-24.0.3.aar (com.google.firebase:firebase-messaging:24.0.3) with AarTransform
Transforming firebase-installations-18.0.0.aar (com.google.firebase:firebase-installations:18.0.0) with JetifyTransform
Transforming firebase-installations-18.0.0.aar (com.google.firebase:firebase-installations:18.0.0) with ExtractAarTransform
Transforming firebase-installations-18.0.0.aar (com.google.firebase:firebase-installations:18.0.0) with AarTransform
Transforming firebase-common-ktx-21.0.0.aar (com.google.firebase:firebase-common-ktx:21.0.0) with JetifyTransform
Transforming firebase-common-ktx-21.0.0.aar (com.google.firebase:firebase-common-ktx:21.0.0) with ExtractAarTransform
Transforming firebase-common-ktx-21.0.0.aar (com.google.firebase:firebase-common-ktx:21.0.0) with AarTransform
Transforming firebase-common-21.0.0.aar (com.google.firebase:firebase-common:21.0.0) with JetifyTransform
Transforming firebase-common-21.0.0.aar (com.google.firebase:firebase-common:21.0.0) with ExtractAarTransform
Transforming firebase-common-21.0.0.aar (com.google.firebase:firebase-common:21.0.0) with AarTransform
Transforming play-services-measurement-base-20.1.2.aar (com.google.android.gms:play-services-measurement-base:20.1.2) with JetifyTransform
Transforming play-services-measurement-base-20.1.2.aar (com.google.android.gms:play-services-measurement-base:20.1.2) with ExtractAarTransform
Transforming play-services-measurement-base-20.1.2.aar (com.google.android.gms:play-services-measurement-base:20.1.2) with AarTransform
Transforming firebase-iid-interop-17.1.0.aar (com.google.firebase:firebase-iid-interop:17.1.0) with JetifyTransform
Transforming firebase-iid-interop-17.1.0.aar (com.google.firebase:firebase-iid-interop:17.1.0) with ExtractAarTransform
Transforming firebase-iid-interop-17.1.0.aar (com.google.firebase:firebase-iid-interop:17.1.0) with AarTransform
Transforming firebase-measurement-connector-19.0.0.aar (com.google.firebase:firebase-measurement-connector:19.0.0) with JetifyTransform
Transforming firebase-measurement-connector-19.0.0.aar (com.google.firebase:firebase-measurement-connector:19.0.0) with ExtractAarTransform
Transforming firebase-measurement-connector-19.0.0.aar (com.google.firebase:firebase-measurement-connector:19.0.0) with AarTransform
Transforming play-services-base-18.0.1.aar (com.google.android.gms:play-services-base:18.0.1) with JetifyTransform
Transforming play-services-base-18.0.1.aar (com.google.android.gms:play-services-base:18.0.1) with ExtractAarTransform
Transforming play-services-base-18.0.1.aar (com.google.android.gms:play-services-base:18.0.1) with AarTransform
Transforming play-services-cloud-messaging-17.2.0.aar (com.google.android.gms:play-services-cloud-messaging:17.2.0) with JetifyTransform
Transforming play-services-cloud-messaging-17.2.0.aar (com.google.android.gms:play-services-cloud-messaging:17.2.0) with ExtractAarTransform
Transforming play-services-cloud-messaging-17.2.0.aar (com.google.android.gms:play-services-cloud-messaging:17.2.0) with AarTransform
Transforming play-services-stats-17.0.2.aar (com.google.android.gms:play-services-stats:17.0.2) with JetifyTransform
Transforming play-services-stats-17.0.2.aar (com.google.android.gms:play-services-stats:17.0.2) with ExtractAarTransform
Transforming play-services-stats-17.0.2.aar (com.google.android.gms:play-services-stats:17.0.2) with AarTransform
Transforming firebase-installations-interop-17.1.1.aar (com.google.firebase:firebase-installations-interop:17.1.1) with JetifyTransform
Transforming firebase-installations-interop-17.1.1.aar (com.google.firebase:firebase-installations-interop:17.1.1) with ExtractAarTransform
Transforming firebase-installations-interop-17.1.1.aar (com.google.firebase:firebase-installations-interop:17.1.1) with AarTransform
Transforming work-runtime-2.7.0.aar (androidx.work:work-runtime:2.7.0) with JetifyTransform
Transforming work-runtime-2.7.0.aar (androidx.work:work-runtime:2.7.0) with ExtractAarTransform
Transforming work-runtime-2.7.0.aar (androidx.work:work-runtime:2.7.0) with AarTransform
Transforming legacy-support-core-utils-1.0.0.aar (androidx.legacy:legacy-support-core-utils:1.0.0) with JetifyTransform
Transforming legacy-support-core-utils-1.0.0.aar (androidx.legacy:legacy-support-core-utils:1.0.0) with ExtractAarTransform
Transforming legacy-support-core-utils-1.0.0.aar (androidx.legacy:legacy-support-core-utils:1.0.0) with AarTransform
Transforming loader-1.0.0.aar (androidx.loader:loader:1.0.0) with JetifyTransform
Transforming loader-1.0.0.aar (androidx.loader:loader:1.0.0) with ExtractAarTransform
Transforming loader-1.0.0.aar (androidx.loader:loader:1.0.0) with AarTransform
Transforming savedstate-ktx-1.2.1.aar (androidx.savedstate:savedstate-ktx:1.2.1) with JetifyTransform
Transforming savedstate-ktx-1.2.1.aar (androidx.savedstate:savedstate-ktx:1.2.1) with ExtractAarTransform
Transforming savedstate-ktx-1.2.1.aar (androidx.savedstate:savedstate-ktx:1.2.1) with AarTransform
Transforming savedstate-1.2.1.aar (androidx.savedstate:savedstate:1.2.1) with JetifyTransform
Transforming savedstate-1.2.1.aar (androidx.savedstate:savedstate:1.2.1) with ExtractAarTransform
Transforming savedstate-1.2.1.aar (androidx.savedstate:savedstate:1.2.1) with AarTransform
Transforming emoji2-1.3.0.aar (androidx.emoji2:emoji2:1.3.0) with JetifyTransform
Transforming emoji2-1.3.0.aar (androidx.emoji2:emoji2:1.3.0) with ExtractAarTransform
Transforming emoji2-1.3.0.aar (androidx.emoji2:emoji2:1.3.0) with AarTransform
Transforming lifecycle-process-2.8.6.aar (androidx.lifecycle:lifecycle-process:2.8.6) with JetifyTransform
Transforming lifecycle-process-2.8.6.aar (androidx.lifecycle:lifecycle-process:2.8.6) with ExtractAarTransform
Transforming lifecycle-process-2.8.6.aar (androidx.lifecycle:lifecycle-process:2.8.6) with AarTransform
Transforming lifecycle-common-jvm-2.8.6.jar (androidx.lifecycle:lifecycle-common-jvm:2.8.6) with JetifyTransform
Transforming lifecycle-common-jvm-2.8.6.jar (androidx.lifecycle:lifecycle-common-jvm:2.8.6) with ExtractJniTransform
Transforming lifecycle-runtime-compose-release.aar (androidx.lifecycle:lifecycle-runtime-compose-android:2.8.6) with JetifyTransform
Transforming lifecycle-runtime-compose-release.aar (androidx.lifecycle:lifecycle-runtime-compose-android:2.8.6) with ExtractAarTransform
Transforming lifecycle-runtime-compose-release.aar (androidx.lifecycle:lifecycle-runtime-compose-android:2.8.6) with AarTransform
Transforming autofill-1.0.0.aar (androidx.autofill:autofill:1.0.0) with JetifyTransform
Transforming autofill-1.0.0.aar (androidx.autofill:autofill:1.0.0) with ExtractAarTransform
Transforming autofill-1.0.0.aar (androidx.autofill:autofill:1.0.0) with AarTransform
Transforming viewpager-1.0.0.aar (androidx.viewpager:viewpager:1.0.0) with JetifyTransform
Transforming viewpager-1.0.0.aar (androidx.viewpager:viewpager:1.0.0) with ExtractAarTransform
Transforming viewpager-1.0.0.aar (androidx.viewpager:viewpager:1.0.0) with AarTransform
Transforming customview-1.0.0.aar (androidx.customview:customview:1.0.0) with JetifyTransform
Transforming customview-1.0.0.aar (androidx.customview:customview:1.0.0) with ExtractAarTransform
Transforming customview-1.0.0.aar (androidx.customview:customview:1.0.0) with AarTransform
Transforming graphics-path-1.0.1.aar (androidx.graphics:graphics-path:1.0.1) with JetifyTransform
Transforming graphics-path-1.0.1.aar (androidx.graphics:graphics-path:1.0.1) with ExtractAarTransform
Transforming graphics-path-1.0.1.aar (androidx.graphics:graphics-path:1.0.1) with AarTransform
Transforming customview-poolingcontainer-1.0.0.aar (androidx.customview:customview-poolingcontainer:1.0.0) with JetifyTransform
Transforming customview-poolingcontainer-1.0.0.aar (androidx.customview:customview-poolingcontainer:1.0.0) with ExtractAarTransform
Transforming customview-poolingcontainer-1.0.0.aar (androidx.customview:customview-poolingcontainer:1.0.0) with AarTransform
Transforming core-ktx-1.13.1.aar (androidx.core:core-ktx:1.13.1) with JetifyTransform
Transforming core-ktx-1.13.1.aar (androidx.core:core-ktx:1.13.1) with ExtractAarTransform
Transforming core-ktx-1.13.1.aar (androidx.core:core-ktx:1.13.1) with AarTransform
Transforming core-1.13.1.aar (androidx.core:core:1.13.1) with JetifyTransform
Transforming core-1.13.1.aar (androidx.core:core:1.13.1) with ExtractAarTransform
Transforming core-1.13.1.aar (androidx.core:core:1.13.1) with AarTransform
Transforming core-1.13.1.aar (androidx.core:core:1.13.1) with JetifyTransform
Transforming core-1.13.1.aar (androidx.core:core:1.13.1) with ExtractAarTransform
Transforming core-1.13.1.aar (androidx.core:core:1.13.1) with AarTransform
Transforming lifecycle-runtime-release.aar (androidx.lifecycle:lifecycle-runtime-android:2.8.6) with JetifyTransform
Transforming lifecycle-runtime-release.aar (androidx.lifecycle:lifecycle-runtime-android:2.8.6) with ExtractAarTransform
Transforming lifecycle-runtime-release.aar (androidx.lifecycle:lifecycle-runtime-android:2.8.6) with AarTransform
Transforming lifecycle-viewmodel-2.8.6.aar (androidx.lifecycle:lifecycle-viewmodel:2.8.6) with JetifyTransform
Transforming lifecycle-viewmodel-2.8.6.aar (androidx.lifecycle:lifecycle-viewmodel:2.8.6) with ExtractAarTransform
Transforming lifecycle-viewmodel-2.8.6.aar (androidx.lifecycle:lifecycle-viewmodel:2.8.6) with AarTransform
Transforming lifecycle-viewmodel-release.aar (androidx.lifecycle:lifecycle-viewmodel-android:2.8.6) with JetifyTransform
Transforming lifecycle-viewmodel-release.aar (androidx.lifecycle:lifecycle-viewmodel-android:2.8.6) with ExtractAarTransform
Transforming lifecycle-viewmodel-release.aar (androidx.lifecycle:lifecycle-viewmodel-android:2.8.6) with AarTransform
Transforming lifecycle-livedata-core-ktx-2.8.6.aar (androidx.lifecycle:lifecycle-livedata-core-ktx:2.8.6) with JetifyTransform
Transforming lifecycle-livedata-core-ktx-2.8.6.aar (androidx.lifecycle:lifecycle-livedata-core-ktx:2.8.6) with ExtractAarTransform
Transforming lifecycle-livedata-core-ktx-2.8.6.aar (androidx.lifecycle:lifecycle-livedata-core-ktx:2.8.6) with AarTransform
Transforming lifecycle-livedata-core-2.8.6.aar (androidx.lifecycle:lifecycle-livedata-core:2.8.6) with JetifyTransform
Transforming lifecycle-livedata-core-2.8.6.aar (androidx.lifecycle:lifecycle-livedata-core:2.8.6) with ExtractAarTransform
Transforming lifecycle-livedata-core-2.8.6.aar (androidx.lifecycle:lifecycle-livedata-core:2.8.6) with AarTransform
Transforming lifecycle-viewmodel-savedstate-2.8.6.aar (androidx.lifecycle:lifecycle-viewmodel-savedstate:2.8.6) with JetifyTransform
Transforming lifecycle-viewmodel-savedstate-2.8.6.aar (androidx.lifecycle:lifecycle-viewmodel-savedstate:2.8.6) with ExtractAarTransform
Transforming lifecycle-viewmodel-savedstate-2.8.6.aar (androidx.lifecycle:lifecycle-viewmodel-savedstate:2.8.6) with AarTransform
Transforming lifecycle-common-java8-2.8.6.jar (androidx.lifecycle:lifecycle-common-java8:2.8.6) with JetifyTransform
Transforming lifecycle-common-java8-2.8.6.jar (androidx.lifecycle:lifecycle-common-java8:2.8.6) with ExtractJniTransform
Transforming lifecycle-viewmodel-ktx-2.8.6.aar (androidx.lifecycle:lifecycle-viewmodel-ktx:2.8.6) with JetifyTransform
Transforming lifecycle-viewmodel-ktx-2.8.6.aar (androidx.lifecycle:lifecycle-viewmodel-ktx:2.8.6) with ExtractAarTransform
Transforming lifecycle-viewmodel-ktx-2.8.6.aar (androidx.lifecycle:lifecycle-viewmodel-ktx:2.8.6) with AarTransform
Transforming lifecycle-service-2.8.6.aar (androidx.lifecycle:lifecycle-service:2.8.6) with JetifyTransform
Transforming lifecycle-service-2.8.6.aar (androidx.lifecycle:lifecycle-service:2.8.6) with ExtractAarTransform
Transforming lifecycle-service-2.8.6.aar (androidx.lifecycle:lifecycle-service:2.8.6) with AarTransform
Transforming lifecycle-livedata-2.8.6.aar (androidx.lifecycle:lifecycle-livedata:2.8.6) with JetifyTransform
Transforming lifecycle-livedata-2.8.6.aar (androidx.lifecycle:lifecycle-livedata:2.8.6) with ExtractAarTransform
Transforming lifecycle-livedata-2.8.6.aar (androidx.lifecycle:lifecycle-livedata:2.8.6) with AarTransform
Transforming lifecycle-livedata-2.8.6.aar (androidx.lifecycle:lifecycle-livedata:2.8.6) with JetifyTransform
Transforming lifecycle-livedata-2.8.6.aar (androidx.lifecycle:lifecycle-livedata:2.8.6) with ExtractAarTransform
Transforming lifecycle-livedata-2.8.6.aar (androidx.lifecycle:lifecycle-livedata:2.8.6) with AarTransform
Transforming lifecycle-runtime-ktx-release.aar (androidx.lifecycle:lifecycle-runtime-ktx-android:2.8.6) with JetifyTransform
Transforming lifecycle-runtime-ktx-release.aar (androidx.lifecycle:lifecycle-runtime-ktx-android:2.8.6) with ExtractAarTransform
Transforming lifecycle-runtime-ktx-release.aar (androidx.lifecycle:lifecycle-runtime-ktx-android:2.8.6) with AarTransform
Transforming runtime-saveable-release.aar (androidx.compose.runtime:runtime-saveable-android:1.7.4) with JetifyTransform
Transforming runtime-saveable-release.aar (androidx.compose.runtime:runtime-saveable-android:1.7.4) with ExtractAarTransform
Transforming runtime-saveable-release.aar (androidx.compose.runtime:runtime-saveable-android:1.7.4) with AarTransform
Transforming runtime-release.aar (androidx.compose.runtime:runtime-android:1.7.4) with JetifyTransform
Transforming runtime-release.aar (androidx.compose.runtime:runtime-android:1.7.4) with ExtractAarTransform
Transforming runtime-release.aar (androidx.compose.runtime:runtime-android:1.7.4) with AarTransform
Transforming kotlinx-coroutines-android-1.7.3.jar (org.jetbrains.kotlinx:kotlinx-coroutines-android:1.7.3) with JetifyTransform
Transforming kotlinx-coroutines-android-1.7.3.jar (org.jetbrains.kotlinx:kotlinx-coroutines-android:1.7.3) with ExtractJniTransform
Transforming kotlinx-coroutines-core-jvm-1.7.3.jar (org.jetbrains.kotlinx:kotlinx-coroutines-core-jvm:1.7.3) with JetifyTransform
Transforming kotlinx-coroutines-core-jvm-1.7.3.jar (org.jetbrains.kotlinx:kotlinx-coroutines-core-jvm:1.7.3) with ExtractJniTransform
Transforming kotlinx-coroutines-play-services-1.7.3.jar (org.jetbrains.kotlinx:kotlinx-coroutines-play-services:1.7.3) with JetifyTransform
Transforming kotlinx-coroutines-play-services-1.7.3.jar (org.jetbrains.kotlinx:kotlinx-coroutines-play-services:1.7.3) with ExtractJniTransform
Transforming play-services-tasks-18.1.0.aar (com.google.android.gms:play-services-tasks:18.1.0) with JetifyTransform
Transforming play-services-tasks-18.1.0.aar (com.google.android.gms:play-services-tasks:18.1.0) with ExtractAarTransform
Transforming play-services-tasks-18.1.0.aar (com.google.android.gms:play-services-tasks:18.1.0) with AarTransform
Transforming play-services-tasks-18.1.0.aar (com.google.android.gms:play-services-tasks:18.1.0) with JetifyTransform
Transforming play-services-tasks-18.1.0.aar (com.google.android.gms:play-services-tasks:18.1.0) with ExtractAarTransform
Transforming play-services-tasks-18.1.0.aar (com.google.android.gms:play-services-tasks:18.1.0) with AarTransform
Transforming play-services-basement-18.3.0.aar (com.google.android.gms:play-services-basement:18.3.0) with JetifyTransform
Transforming play-services-basement-18.3.0.aar (com.google.android.gms:play-services-basement:18.3.0) with ExtractAarTransform
Transforming play-services-basement-18.3.0.aar (com.google.android.gms:play-services-basement:18.3.0) with AarTransform
Transforming fragment-1.1.0.aar (androidx.fragment:fragment:1.1.0) with JetifyTransform
Transforming fragment-1.1.0.aar (androidx.fragment:fragment:1.1.0) with ExtractAarTransform
Transforming fragment-1.1.0.aar (androidx.fragment:fragment:1.1.0) with AarTransform
Transforming activity-1.9.2.aar (androidx.activity:activity:1.9.2) with JetifyTransform
Transforming activity-1.9.2.aar (androidx.activity:activity:1.9.2) with ExtractAarTransform
Transforming activity-1.9.2.aar (androidx.activity:activity:1.9.2) with AarTransform
Transforming activity-1.9.2.aar (androidx.activity:activity:1.9.2) with JetifyTransform
Transforming activity-1.9.2.aar (androidx.activity:activity:1.9.2) with ExtractAarTransform
Transforming activity-1.9.2.aar (androidx.activity:activity:1.9.2) with AarTransform
Transforming activity-ktx-1.9.2.aar (androidx.activity:activity-ktx:1.9.2) with JetifyTransform
Transforming activity-ktx-1.9.2.aar (androidx.activity:activity-ktx:1.9.2) with ExtractAarTransform
Transforming activity-ktx-1.9.2.aar (androidx.activity:activity-ktx:1.9.2) with AarTransform
Transforming activity-compose-1.9.2.aar (androidx.activity:activity-compose:1.9.2) with JetifyTransform
Transforming activity-compose-1.9.2.aar (androidx.activity:activity-compose:1.9.2) with ExtractAarTransform
Transforming activity-compose-1.9.2.aar (androidx.activity:activity-compose:1.9.2) with AarTransform
Transforming core-splashscreen-1.0.1.aar (androidx.core:core-splashscreen:1.0.1) with JetifyTransform
Transforming core-splashscreen-1.0.1.aar (androidx.core:core-splashscreen:1.0.1) with ExtractAarTransform
Transforming core-splashscreen-1.0.1.aar (androidx.core:core-splashscreen:1.0.1) with AarTransform
Transforming kotlin-stdlib-jdk8-1.8.22.jar (org.jetbrains.kotlin:kotlin-stdlib-jdk8:1.8.22) with JetifyTransform
Transforming kotlin-stdlib-jdk8-1.8.22.jar (org.jetbrains.kotlin:kotlin-stdlib-jdk8:1.8.22) with ExtractJniTransform
Transforming kotlin-stdlib-jdk7-1.8.22.jar (org.jetbrains.kotlin:kotlin-stdlib-jdk7:1.8.22) with JetifyTransform
Transforming kotlin-stdlib-jdk7-1.8.22.jar (org.jetbrains.kotlin:kotlin-stdlib-jdk7:1.8.22) with ExtractJniTransform
Transforming collection-ktx-1.4.4.jar (androidx.collection:collection-ktx:1.4.4) with JetifyTransform
Transforming collection-ktx-1.4.4.jar (androidx.collection:collection-ktx:1.4.4) with ExtractJniTransform
Transforming versionedparcelable-1.1.1.aar (androidx.versionedparcelable:versionedparcelable:1.1.1) with JetifyTransform
Transforming versionedparcelable-1.1.1.aar (androidx.versionedparcelable:versionedparcelable:1.1.1) with ExtractAarTransform
Transforming versionedparcelable-1.1.1.aar (androidx.versionedparcelable:versionedparcelable:1.1.1) with AarTransform
Transforming collection-jvm-1.4.4.jar (androidx.collection:collection-jvm:1.4.4) with JetifyTransform
Transforming collection-jvm-1.4.4.jar (androidx.collection:collection-jvm:1.4.4) with ExtractJniTransform
Transforming annotation-experimental-1.4.1.aar (androidx.annotation:annotation-experimental:1.4.1) with JetifyTransform
Transforming annotation-experimental-1.4.1.aar (androidx.annotation:annotation-experimental:1.4.1) with ExtractAarTransform
Transforming annotation-experimental-1.4.1.aar (androidx.annotation:annotation-experimental:1.4.1) with AarTransform
Transforming firebase-components-18.0.0.aar (com.google.firebase:firebase-components:18.0.0) with JetifyTransform
Transforming firebase-components-18.0.0.aar (com.google.firebase:firebase-components:18.0.0) with ExtractAarTransform
Transforming firebase-components-18.0.0.aar (com.google.firebase:firebase-components:18.0.0) with AarTransform
Transforming room-runtime-2.2.5.aar (androidx.room:room-runtime:2.2.5) with JetifyTransform
Transforming room-runtime-2.2.5.aar (androidx.room:room-runtime:2.2.5) with ExtractAarTransform
Transforming room-runtime-2.2.5.aar (androidx.room:room-runtime:2.2.5) with AarTransform
Transforming sqlite-framework-2.1.0.aar (androidx.sqlite:sqlite-framework:2.1.0) with JetifyTransform
Transforming sqlite-framework-2.1.0.aar (androidx.sqlite:sqlite-framework:2.1.0) with ExtractAarTransform
Transforming sqlite-framework-2.1.0.aar (androidx.sqlite:sqlite-framework:2.1.0) with AarTransform
Transforming sqlite-framework-2.1.0.aar (androidx.sqlite:sqlite-framework:2.1.0) with JetifyTransform
Transforming sqlite-framework-2.1.0.aar (androidx.sqlite:sqlite-framework:2.1.0) with ExtractAarTransform
Transforming sqlite-framework-2.1.0.aar (androidx.sqlite:sqlite-framework:2.1.0) with AarTransform
Transforming sqlite-2.1.0.aar (androidx.sqlite:sqlite:2.1.0) with JetifyTransform
Transforming sqlite-2.1.0.aar (androidx.sqlite:sqlite:2.1.0) with ExtractAarTransform
Transforming sqlite-2.1.0.aar (androidx.sqlite:sqlite:2.1.0) with AarTransform
Transforming sqlite-2.1.0.aar (androidx.sqlite:sqlite:2.1.0) with JetifyTransform
Transforming sqlite-2.1.0.aar (androidx.sqlite:sqlite:2.1.0) with ExtractAarTransform
Transforming sqlite-2.1.0.aar (androidx.sqlite:sqlite:2.1.0) with AarTransform
Transforming profileinstaller-1.3.1.aar (androidx.profileinstaller:profileinstaller:1.3.1) with JetifyTransform
Transforming profileinstaller-1.3.1.aar (androidx.profileinstaller:profileinstaller:1.3.1) with ExtractAarTransform
Transforming profileinstaller-1.3.1.aar (androidx.profileinstaller:profileinstaller:1.3.1) with AarTransform
Transforming startup-runtime-1.1.1.aar (androidx.startup:startup-runtime:1.1.1) with JetifyTransform
Transforming startup-runtime-1.1.1.aar (androidx.startup:startup-runtime:1.1.1) with ExtractAarTransform
Transforming startup-runtime-1.1.1.aar (androidx.startup:startup-runtime:1.1.1) with AarTransform
Transforming tracing-1.0.0.aar (androidx.tracing:tracing:1.0.0) with JetifyTransform
Transforming tracing-1.0.0.aar (androidx.tracing:tracing:1.0.0) with ExtractAarTransform
Transforming tracing-1.0.0.aar (androidx.tracing:tracing:1.0.0) with AarTransform
Transforming firebase-datatransport-18.2.0.aar (com.google.firebase:firebase-datatransport:18.2.0) with JetifyTransform
Transforming firebase-datatransport-18.2.0.aar (com.google.firebase:firebase-datatransport:18.2.0) with ExtractAarTransform
Transforming firebase-datatransport-18.2.0.aar (com.google.firebase:firebase-datatransport:18.2.0) with AarTransform
Transforming transport-backend-cct-3.1.9.aar (com.google.android.datatransport:transport-backend-cct:3.1.9) with JetifyTransform
Transforming transport-backend-cct-3.1.9.aar (com.google.android.datatransport:transport-backend-cct:3.1.9) with ExtractAarTransform
Transforming transport-backend-cct-3.1.9.aar (com.google.android.datatransport:transport-backend-cct:3.1.9) with AarTransform
Transforming firebase-encoders-json-18.0.0.aar (com.google.firebase:firebase-encoders-json:18.0.0) with JetifyTransform
Transforming firebase-encoders-json-18.0.0.aar (com.google.firebase:firebase-encoders-json:18.0.0) with ExtractAarTransform
Transforming firebase-encoders-json-18.0.0.aar (com.google.firebase:firebase-encoders-json:18.0.0) with AarTransform
Transforming transport-runtime-3.1.9.aar (com.google.android.datatransport:transport-runtime:3.1.9) with JetifyTransform
Transforming transport-runtime-3.1.9.aar (com.google.android.datatransport:transport-runtime:3.1.9) with ExtractAarTransform
Transforming transport-runtime-3.1.9.aar (com.google.android.datatransport:transport-runtime:3.1.9) with AarTransform
Transforming firebase-encoders-proto-16.0.0.jar (com.google.firebase:firebase-encoders-proto:16.0.0) with JetifyTransform
Transforming firebase-encoders-proto-16.0.0.jar (com.google.firebase:firebase-encoders-proto:16.0.0) with ExtractJniTransform
Transforming transport-api-3.1.0.aar (com.google.android.datatransport:transport-api:3.1.0) with JetifyTransform
Transforming transport-api-3.1.0.aar (com.google.android.datatransport:transport-api:3.1.0) with ExtractAarTransform
Transforming transport-api-3.1.0.aar (com.google.android.datatransport:transport-api:3.1.0) with AarTransform
Transforming firebase-encoders-17.0.0.jar (com.google.firebase:firebase-encoders:17.0.0) with JetifyTransform
Transforming firebase-encoders-17.0.0.jar (com.google.firebase:firebase-encoders:17.0.0) with ExtractJniTransform
Transforming concurrent-futures-1.1.0.jar (androidx.concurrent:concurrent-futures:1.1.0) with JetifyTransform
Transforming concurrent-futures-1.1.0.jar (androidx.concurrent:concurrent-futures:1.1.0) with ExtractJniTransform
Transforming room-common-2.2.5.jar (androidx.room:room-common:2.2.5) with JetifyTransform
Transforming room-common-2.2.5.jar (androidx.room:room-common:2.2.5) with ExtractJniTransform
Transforming core-runtime-2.2.0.aar (androidx.arch.core:core-runtime:2.2.0) with JetifyTransform
Transforming core-runtime-2.2.0.aar (androidx.arch.core:core-runtime:2.2.0) with ExtractAarTransform
Transforming core-runtime-2.2.0.aar (androidx.arch.core:core-runtime:2.2.0) with AarTransform
Transforming core-runtime-2.2.0.aar (androidx.arch.core:core-runtime:2.2.0) with JetifyTransform
Transforming core-runtime-2.2.0.aar (androidx.arch.core:core-runtime:2.2.0) with ExtractAarTransform
Transforming core-runtime-2.2.0.aar (androidx.arch.core:core-runtime:2.2.0) with AarTransform
Transforming core-common-2.2.0.jar (androidx.arch.core:core-common:2.2.0) with JetifyTransform
Transforming core-common-2.2.0.jar (androidx.arch.core:core-common:2.2.0) with ExtractJniTransform
Transforming documentfile-1.0.0.aar (androidx.documentfile:documentfile:1.0.0) with JetifyTransform
Transforming documentfile-1.0.0.aar (androidx.documentfile:documentfile:1.0.0) with ExtractAarTransform
Transforming documentfile-1.0.0.aar (androidx.documentfile:documentfile:1.0.0) with AarTransform
Transforming localbroadcastmanager-1.0.0.aar (androidx.localbroadcastmanager:localbroadcastmanager:1.0.0) with JetifyTransform
Transforming localbroadcastmanager-1.0.0.aar (androidx.localbroadcastmanager:localbroadcastmanager:1.0.0) with ExtractAarTransform
Transforming localbroadcastmanager-1.0.0.aar (androidx.localbroadcastmanager:localbroadcastmanager:1.0.0) with AarTransform
Transforming print-1.0.0.aar (androidx.print:print:1.0.0) with JetifyTransform
Transforming print-1.0.0.aar (androidx.print:print:1.0.0) with ExtractAarTransform
Transforming print-1.0.0.aar (androidx.print:print:1.0.0) with AarTransform
Transforming interpolator-1.0.0.aar (androidx.interpolator:interpolator:1.0.0) with JetifyTransform
Transforming interpolator-1.0.0.aar (androidx.interpolator:interpolator:1.0.0) with ExtractAarTransform
Transforming interpolator-1.0.0.aar (androidx.interpolator:interpolator:1.0.0) with AarTransform
Transforming annotation-jvm-1.8.1.jar (androidx.annotation:annotation-jvm:1.8.1) with JetifyTransform
Transforming annotation-jvm-1.8.1.jar (androidx.annotation:annotation-jvm:1.8.1) with ExtractJniTransform
Transforming kotlin-stdlib-1.9.25.jar (org.jetbrains.kotlin:kotlin-stdlib:1.9.25) with JetifyTransform
Transforming kotlin-stdlib-1.9.25.jar (org.jetbrains.kotlin:kotlin-stdlib:1.9.25) with ExtractJniTransform
Transforming annotations-23.0.0.jar (org.jetbrains:annotations:23.0.0) with JetifyTransform
Transforming annotations-23.0.0.jar (org.jetbrains:annotations:23.0.0) with ExtractJniTransform
Transforming listenablefuture-1.0.jar (com.google.guava:listenablefuture:1.0) with JetifyTransform
Transforming listenablefuture-1.0.jar (com.google.guava:listenablefuture:1.0) with ExtractJniTransform
Transforming firebase-annotations-16.2.0.jar (com.google.firebase:firebase-annotations:16.2.0) with JetifyTransform
Transforming firebase-annotations-16.2.0.jar (com.google.firebase:firebase-annotations:16.2.0) with ExtractJniTransform
Transforming error_prone_annotations-2.26.0.jar (com.google.errorprone:error_prone_annotations:2.26.0) with JetifyTransform
Transforming error_prone_annotations-2.26.0.jar (com.google.errorprone:error_prone_annotations:2.26.0) with ExtractJniTransform
Transforming javax.inject-1.jar (javax.inject:javax.inject:1) with JetifyTransform
Transforming javax.inject-1.jar (javax.inject:javax.inject:1) with ExtractJniTransform
Caching disabled for task ':app:mergeDebugNativeLibs' because:
  Build cache is disabled
  Caching has been disabled for the task
Skipping task ':app:mergeDebugNativeLibs' as it is up-to-date.
Resolve mutations for :app:stripDebugDebugSymbols (Thread[#1331,Execution worker Thread 9,5,main]) started.
:app:stripDebugDebugSymbols (Thread[#1331,Execution worker Thread 9,5,main]) started.

> Task :app:stripDebugDebugSymbols UP-TO-DATE
Caching disabled for task ':app:stripDebugDebugSymbols' because:
  Build cache is disabled
  Caching has been disabled for the task
Skipping task ':app:stripDebugDebugSymbols' as it is up-to-date.
Resolve mutations for :app:validateSigningDebug (Thread[#1331,Execution worker Thread 9,5,main]) started.
:app:validateSigningDebug (Thread[#1331,Execution worker Thread 9,5,main]) started.

> Task :app:validateSigningDebug UP-TO-DATE
Caching disabled for task ':app:validateSigningDebug' because:
  Build cache is disabled
  Caching has been disabled for the task
Skipping task ':app:validateSigningDebug' as it is up-to-date.
Resolve mutations for :app:writeDebugAppMetadata (Thread[#1322,Execution worker,5,main]) started.
:app:writeDebugAppMetadata (Thread[#1322,Execution worker,5,main]) started.

> Task :app:writeDebugAppMetadata UP-TO-DATE
Caching disabled for task ':app:writeDebugAppMetadata' because:
  Build cache is disabled
  Caching has been disabled for the task
Skipping task ':app:writeDebugAppMetadata' as it is up-to-date.
Resolve mutations for :app:writeDebugSigningConfigVersions (Thread[#1322,Execution worker,5,main]) started.
:app:writeDebugSigningConfigVersions (Thread[#1322,Execution worker,5,main]) started.

> Task :app:writeDebugSigningConfigVersions UP-TO-DATE
Caching disabled for task ':app:writeDebugSigningConfigVersions' because:
  Build cache is disabled
  Caching has been disabled for the task
Skipping task ':app:writeDebugSigningConfigVersions' as it is up-to-date.
Resolve mutations for :app:packageDebug (Thread[#1322,Execution worker,5,main]) started.
:app:packageDebug (Thread[#1322,Execution worker,5,main]) started.

> Task :app:packageDebug UP-TO-DATE
Custom actions are attached to task ':app:packageDebug'.
Caching disabled for task ':app:packageDebug' because:
  Build cache is disabled
  Caching has been disabled for the task
Skipping task ':app:packageDebug' as it is up-to-date.
Resolve mutations for :app:createDebugApkListingFileRedirect (Thread[#1322,Execution worker,5,main]) started.
:app:createDebugApkListingFileRedirect (Thread[#1322,Execution worker,5,main]) started.

> Task :app:createDebugApkListingFileRedirect UP-TO-DATE
Caching disabled for task ':app:createDebugApkListingFileRedirect' because:
  Build cache is disabled
  Caching has been disabled for the task
Skipping task ':app:createDebugApkListingFileRedirect' as it is up-to-date.
Resolve mutations for :app:mergeDebugAndroidTestShaders (Thread[#1322,Execution worker,5,main]) started.
:app:mergeDebugAndroidTestShaders (Thread[#1322,Execution worker,5,main]) started.

> Task :app:mergeDebugAndroidTestShaders
Caching disabled for task ':app:mergeDebugAndroidTestShaders' because:
  Build cache is disabled
  Simple merging task
Task ':app:mergeDebugAndroidTestShaders' is not up-to-date because:
  Output property 'outputDir' file C:\Users\joaop\OneDrive\Documentos\Creates\Jogo infantil\app\build\intermediates\merged_shaders\debugAndroidTest\mergeDebugAndroidTestShaders\out has been removed.
The input changes require a full rebuild for incremental task ':app:mergeDebugAndroidTestShaders'.
Resolve mutations for :app:compileDebugAndroidTestShaders (Thread[#1322,Execution worker,5,main]) started.
:app:compileDebugAndroidTestShaders (Thread[#1322,Execution worker,5,main]) started.

> Task :app:compileDebugAndroidTestShaders NO-SOURCE
Skipping task ':app:compileDebugAndroidTestShaders' as it has no source files and no previous output files.
Resolve mutations for :app:generateDebugAndroidTestAssets (Thread[#1322,Execution worker,5,main]) started.
:app:generateDebugAndroidTestAssets (Thread[#1322,Execution worker,5,main]) started.

> Task :app:generateDebugAndroidTestAssets UP-TO-DATE
Skipping task ':app:generateDebugAndroidTestAssets' as it has no actions.
Resolve mutations for :app:mergeDebugAndroidTestAssets (Thread[#1322,Execution worker,5,main]) started.
:app:mergeDebugAndroidTestAssets (Thread[#1322,Execution worker,5,main]) started.

> Task :app:mergeDebugAndroidTestAssets
Transforming ui-test-junit4-release.aar (androidx.compose.ui:ui-test-junit4-android:1.7.4) with JetifyTransform
Transforming ui-test-junit4-release.aar (androidx.compose.ui:ui-test-junit4-android:1.7.4) with ExtractAarTransform
Transforming ui-test-junit4-release.aar (androidx.compose.ui:ui-test-junit4-android:1.7.4) with AarTransform
Transforming ui-test-release.aar (androidx.compose.ui:ui-test-android:1.7.4) with JetifyTransform
Transforming ui-test-release.aar (androidx.compose.ui:ui-test-android:1.7.4) with ExtractAarTransform
Transforming ui-test-release.aar (androidx.compose.ui:ui-test-android:1.7.4) with AarTransform
Transforming junit-1.1.5.aar (androidx.test.ext:junit:1.1.5) with JetifyTransform
Transforming junit-1.1.5.aar (androidx.test.ext:junit:1.1.5) with ExtractAarTransform
Transforming junit-1.1.5.aar (androidx.test.ext:junit:1.1.5) with AarTransform
Transforming espresso-core-3.5.1.aar (androidx.test.espresso:espresso-core:3.5.1) with JetifyTransform
Transforming espresso-core-3.5.1.aar (androidx.test.espresso:espresso-core:3.5.1) with ExtractAarTransform
Transforming espresso-core-3.5.1.aar (androidx.test.espresso:espresso-core:3.5.1) with AarTransform
Transforming core-1.5.0.aar (androidx.test:core:1.5.0) with JetifyTransform
Transforming core-1.5.0.aar (androidx.test:core:1.5.0) with ExtractAarTransform
Transforming core-1.5.0.aar (androidx.test:core:1.5.0) with AarTransform
Transforming runner-1.5.2.aar (androidx.test:runner:1.5.2) with JetifyTransform
Transforming runner-1.5.2.aar (androidx.test:runner:1.5.2) with ExtractAarTransform
Transforming runner-1.5.2.aar (androidx.test:runner:1.5.2) with AarTransform
Transforming storage-1.4.2.aar (androidx.test.services:storage:1.4.2) with JetifyTransform
Transforming storage-1.4.2.aar (androidx.test.services:storage:1.4.2) with ExtractAarTransform
Transforming storage-1.4.2.aar (androidx.test.services:storage:1.4.2) with AarTransform
Transforming monitor-1.6.1.aar (androidx.test:monitor:1.6.1) with JetifyTransform
Transforming monitor-1.6.1.aar (androidx.test:monitor:1.6.1) with ExtractAarTransform
Transforming monitor-1.6.1.aar (androidx.test:monitor:1.6.1) with AarTransform
Transforming annotation-1.0.1.aar (androidx.test:annotation:1.0.1) with JetifyTransform
Transforming annotation-1.0.1.aar (androidx.test:annotation:1.0.1) with ExtractAarTransform
Transforming annotation-1.0.1.aar (androidx.test:annotation:1.0.1) with AarTransform
Transforming espresso-idling-resource-3.5.1.aar (androidx.test.espresso:espresso-idling-resource:3.5.1) with JetifyTransform
Transforming espresso-idling-resource-3.5.1.aar (androidx.test.espresso:espresso-idling-resource:3.5.1) with ExtractAarTransform
Transforming espresso-idling-resource-3.5.1.aar (androidx.test.espresso:espresso-idling-resource:3.5.1) with AarTransform
Caching disabled for task ':app:mergeDebugAndroidTestAssets' because:
  Build cache is disabled
  Simple merging task
Task ':app:mergeDebugAndroidTestAssets' is not up-to-date because:
  Output property 'outputDir' file C:\Users\joaop\OneDrive\Documentos\Creates\Jogo infantil\app\build\intermediates\assets\debugAndroidTest\mergeDebugAndroidTestAssets has been removed.
The input changes require a full rebuild for incremental task ':app:mergeDebugAndroidTestAssets'.
Resolve mutations for :app:compressDebugAndroidTestAssets (Thread[#1322,Execution worker,5,main]) started.
:app:compressDebugAndroidTestAssets (Thread[#1322,Execution worker,5,main]) started.

> Task :app:compressDebugAndroidTestAssets
Caching disabled for task ':app:compressDebugAndroidTestAssets' because:
  Build cache is disabled
Task ':app:compressDebugAndroidTestAssets' is not up-to-date because:
  Output property 'outputDir' file C:\Users\joaop\OneDrive\Documentos\Creates\Jogo infantil\app\build\intermediates\compressed_assets\debugAndroidTest\compressDebugAndroidTestAssets\out has been removed.
The input changes require a full rebuild for incremental task ':app:compressDebugAndroidTestAssets'.
Resolve mutations for :app:desugarDebugAndroidTestFileDependencies (Thread[#1322,Execution worker,5,main]) started.
:app:desugarDebugAndroidTestFileDependencies (Thread[#1322,Execution worker,5,main]) started.

> Task :app:desugarDebugAndroidTestFileDependencies
Caching disabled for task ':app:desugarDebugAndroidTestFileDependencies' because:
  Build cache is disabled
Task ':app:desugarDebugAndroidTestFileDependencies' is not up-to-date because:
  Output property 'outputDirectory' file C:\Users\joaop\OneDrive\Documentos\Creates\Jogo infantil\app\build\intermediates\external_file_lib_dex_archives\debugAndroidTest\desugarDebugAndroidTestFileDependencies has been removed.
  Output property 'outputGlobalSynthetics' file C:\Users\joaop\OneDrive\Documentos\Creates\Jogo infantil\app\build\intermediates\global_synthetics_file_lib\debugAndroidTest\desugarDebugAndroidTestFileDependencies has been removed.
Resolve mutations for :app:checkDebugAndroidTestDuplicateClasses (Thread[#1322,Execution worker,5,main]) started.
:app:checkDebugAndroidTestDuplicateClasses (Thread[#1322,Execution worker,5,main]) started.
Resolve mutations for :app:mergeDebugAndroidTestJniLibFolders (Thread[#1328,Execution worker Thread 7,5,main]) started.
:app:mergeDebugAndroidTestJniLibFolders (Thread[#1328,Execution worker Thread 7,5,main]) started.

> Task :app:mergeDebugAndroidTestJniLibFolders
Caching disabled for task ':app:mergeDebugAndroidTestJniLibFolders' because:
  Build cache is disabled
  Simple merging task
Task ':app:mergeDebugAndroidTestJniLibFolders' is not up-to-date because:
  Output property 'outputDir' file C:\Users\joaop\OneDrive\Documentos\Creates\Jogo infantil\app\build\intermediates\merged_jni_libs\debugAndroidTest\mergeDebugAndroidTestJniLibFolders\out has been removed.
The input changes require a full rebuild for incremental task ':app:mergeDebugAndroidTestJniLibFolders'.
Resolve mutations for :app:mergeDebugAndroidTestNativeLibs (Thread[#1328,Execution worker Thread 7,5,main]) started.
:app:mergeDebugAndroidTestNativeLibs (Thread[#1328,Execution worker Thread 7,5,main]) started.

> Task :app:checkDebugAndroidTestDuplicateClasses
Transforming ui-test-junit4-release.aar (androidx.compose.ui:ui-test-junit4-android:1.7.4) with JetifyTransform
Transforming ui-test-junit4-release.aar (androidx.compose.ui:ui-test-junit4-android:1.7.4) with AarToClassTransform
Transforming ui-test-release.aar (androidx.compose.ui:ui-test-android:1.7.4) with JetifyTransform
Transforming ui-test-release.aar (androidx.compose.ui:ui-test-android:1.7.4) with AarToClassTransform
Transforming junit-1.1.5.aar (androidx.test.ext:junit:1.1.5) with JetifyTransform
Transforming junit-1.1.5.aar (androidx.test.ext:junit:1.1.5) with AarToClassTransform
Transforming espresso-core-3.5.1.aar (androidx.test.espresso:espresso-core:3.5.1) with JetifyTransform
Transforming espresso-core-3.5.1.aar (androidx.test.espresso:espresso-core:3.5.1) with AarToClassTransform
Transforming core-1.5.0.aar (androidx.test:core:1.5.0) with JetifyTransform
Transforming ui-test-junit4-release.aar (androidx.compose.ui:ui-test-junit4-android:1.7.4) with EnumerateClassesTransform
Transforming core-1.5.0.aar (androidx.test:core:1.5.0) with AarToClassTransform
Transforming ui-test-release.aar (androidx.compose.ui:ui-test-android:1.7.4) with EnumerateClassesTransform
Transforming runner-1.5.2.aar (androidx.test:runner:1.5.2) with JetifyTransform
Transforming runner-1.5.2.aar (androidx.test:runner:1.5.2) with AarToClassTransform
Transforming junit-1.1.5.aar (androidx.test.ext:junit:1.1.5) with EnumerateClassesTransform
Transforming espresso-core-3.5.1.aar (androidx.test.espresso:espresso-core:3.5.1) with EnumerateClassesTransform
Transforming core-1.5.0.aar (androidx.test:core:1.5.0) with EnumerateClassesTransform
Transforming storage-1.4.2.aar (androidx.test.services:storage:1.4.2) with JetifyTransform
Transforming storage-1.4.2.aar (androidx.test.services:storage:1.4.2) with AarToClassTransform
Transforming monitor-1.6.1.aar (androidx.test:monitor:1.6.1) with JetifyTransform
Transforming monitor-1.6.1.aar (androidx.test:monitor:1.6.1) with AarToClassTransform
Transforming runner-1.5.2.aar (androidx.test:runner:1.5.2) with EnumerateClassesTransform
Transforming storage-1.4.2.aar (androidx.test.services:storage:1.4.2) with EnumerateClassesTransform
Transforming annotation-1.0.1.aar (androidx.test:annotation:1.0.1) with JetifyTransform
Transforming annotation-1.0.1.aar (androidx.test:annotation:1.0.1) with AarToClassTransform
Transforming monitor-1.6.1.aar (androidx.test:monitor:1.6.1) with EnumerateClassesTransform
Transforming annotation-1.0.1.aar (androidx.test:annotation:1.0.1) with EnumerateClassesTransform
Transforming kotlinx-coroutines-test-jvm-1.7.3.jar (org.jetbrains.kotlinx:kotlinx-coroutines-test-jvm:1.7.3) with JetifyTransform
Transforming espresso-idling-resource-3.5.1.aar (androidx.test.espresso:espresso-idling-resource:3.5.1) with JetifyTransform
Transforming espresso-idling-resource-3.5.1.aar (androidx.test.espresso:espresso-idling-resource:3.5.1) with AarToClassTransform
Transforming kotlinx-coroutines-test-jvm-1.7.3.jar (org.jetbrains.kotlinx:kotlinx-coroutines-test-jvm:1.7.3) with IdentityTransform
Transforming junit-4.13.2.jar (junit:junit:4.13.2) with JetifyTransform
Transforming kotlinx-coroutines-test-jvm-1.7.3.jar (org.jetbrains.kotlinx:kotlinx-coroutines-test-jvm:1.7.3) with EnumerateClassesTransform
Transforming junit-4.13.2.jar (junit:junit:4.13.2) with IdentityTransform
Transforming junit-4.13.2.jar (junit:junit:4.13.2) with EnumerateClassesTransform
Transforming javawriter-2.1.1.jar (com.squareup:javawriter:2.1.1) with JetifyTransform
Transforming hamcrest-integration-1.3.jar (org.hamcrest:hamcrest-integration:1.3) with JetifyTransform
Transforming espresso-idling-resource-3.5.1.aar (androidx.test.espresso:espresso-idling-resource:3.5.1) with EnumerateClassesTransform
Transforming hamcrest-library-1.3.jar (org.hamcrest:hamcrest-library:1.3) with JetifyTransform
Transforming javawriter-2.1.1.jar (com.squareup:javawriter:2.1.1) with IdentityTransform
Transforming jsr305-2.0.2.jar (com.google.code.findbugs:jsr305:2.0.2) with JetifyTransform
Transforming hamcrest-library-1.3.jar (org.hamcrest:hamcrest-library:1.3) with IdentityTransform
Transforming hamcrest-integration-1.3.jar (org.hamcrest:hamcrest-integration:1.3) with IdentityTransform
Transforming hamcrest-core-1.3.jar (org.hamcrest:hamcrest-core:1.3) with JetifyTransform
Transforming hamcrest-library-1.3.jar (org.hamcrest:hamcrest-library:1.3) with EnumerateClassesTransform
Transforming hamcrest-integration-1.3.jar (org.hamcrest:hamcrest-integration:1.3) with EnumerateClassesTransform
Transforming jsr305-2.0.2.jar (com.google.code.findbugs:jsr305:2.0.2) with IdentityTransform
Transforming hamcrest-core-1.3.jar (org.hamcrest:hamcrest-core:1.3) with IdentityTransform
Transforming javawriter-2.1.1.jar (com.squareup:javawriter:2.1.1) with EnumerateClassesTransform
Transforming hamcrest-core-1.3.jar (org.hamcrest:hamcrest-core:1.3) with EnumerateClassesTransform
Transforming jsr305-2.0.2.jar (com.google.code.findbugs:jsr305:2.0.2) with EnumerateClassesTransform
Caching disabled for task ':app:checkDebugAndroidTestDuplicateClasses' because:
  Build cache is disabled
  Caching has been disabled for the task
Task ':app:checkDebugAndroidTestDuplicateClasses' is not up-to-date because:
  Output property 'dummyOutputDirectory' file C:\Users\joaop\OneDrive\Documentos\Creates\Jogo infantil\app\build\intermediates\duplicate_classes_check\debugAndroidTest\checkDebugAndroidTestDuplicateClasses has been removed.

> Task :app:mergeDebugAndroidTestNativeLibs NO-SOURCE
Transforming ui-test-junit4-release.aar (androidx.compose.ui:ui-test-junit4-android:1.7.4) with JetifyTransform
Transforming ui-test-junit4-release.aar (androidx.compose.ui:ui-test-junit4-android:1.7.4) with ExtractAarTransform
Transforming ui-test-junit4-release.aar (androidx.compose.ui:ui-test-junit4-android:1.7.4) with AarTransform
Transforming ui-test-release.aar (androidx.compose.ui:ui-test-android:1.7.4) with JetifyTransform
Transforming ui-test-release.aar (androidx.compose.ui:ui-test-android:1.7.4) with ExtractAarTransform
Transforming ui-test-release.aar (androidx.compose.ui:ui-test-android:1.7.4) with AarTransform
Transforming junit-1.1.5.aar (androidx.test.ext:junit:1.1.5) with JetifyTransform
Transforming junit-1.1.5.aar (androidx.test.ext:junit:1.1.5) with ExtractAarTransform
Transforming junit-1.1.5.aar (androidx.test.ext:junit:1.1.5) with AarTransform
Transforming espresso-core-3.5.1.aar (androidx.test.espresso:espresso-core:3.5.1) with JetifyTransform
Transforming espresso-core-3.5.1.aar (androidx.test.espresso:espresso-core:3.5.1) with ExtractAarTransform
Transforming espresso-core-3.5.1.aar (androidx.test.espresso:espresso-core:3.5.1) with AarTransform
Transforming core-1.5.0.aar (androidx.test:core:1.5.0) with JetifyTransform
Transforming core-1.5.0.aar (androidx.test:core:1.5.0) with ExtractAarTransform
Transforming core-1.5.0.aar (androidx.test:core:1.5.0) with AarTransform
Transforming runner-1.5.2.aar (androidx.test:runner:1.5.2) with JetifyTransform
Transforming runner-1.5.2.aar (androidx.test:runner:1.5.2) with ExtractAarTransform
Transforming runner-1.5.2.aar (androidx.test:runner:1.5.2) with AarTransform
Transforming storage-1.4.2.aar (androidx.test.services:storage:1.4.2) with JetifyTransform
Transforming storage-1.4.2.aar (androidx.test.services:storage:1.4.2) with ExtractAarTransform
Transforming storage-1.4.2.aar (androidx.test.services:storage:1.4.2) with AarTransform
Transforming monitor-1.6.1.aar (androidx.test:monitor:1.6.1) with JetifyTransform
Transforming monitor-1.6.1.aar (androidx.test:monitor:1.6.1) with ExtractAarTransform
Transforming monitor-1.6.1.aar (androidx.test:monitor:1.6.1) with AarTransform
Transforming annotation-1.0.1.aar (androidx.test:annotation:1.0.1) with JetifyTransform
Transforming annotation-1.0.1.aar (androidx.test:annotation:1.0.1) with ExtractAarTransform
Transforming annotation-1.0.1.aar (androidx.test:annotation:1.0.1) with AarTransform
Transforming kotlinx-coroutines-test-jvm-1.7.3.jar (org.jetbrains.kotlinx:kotlinx-coroutines-test-jvm:1.7.3) with JetifyTransform
Transforming kotlinx-coroutines-test-jvm-1.7.3.jar (org.jetbrains.kotlinx:kotlinx-coroutines-test-jvm:1.7.3) with ExtractJniTransform
Transforming junit-4.13.2.jar (junit:junit:4.13.2) with JetifyTransform
Transforming junit-4.13.2.jar (junit:junit:4.13.2) with ExtractJniTransform
Transforming espresso-idling-resource-3.5.1.aar (androidx.test.espresso:espresso-idling-resource:3.5.1) with JetifyTransform
Transforming espresso-idling-resource-3.5.1.aar (androidx.test.espresso:espresso-idling-resource:3.5.1) with ExtractAarTransform
Transforming espresso-idling-resource-3.5.1.aar (androidx.test.espresso:espresso-idling-resource:3.5.1) with AarTransform
Transforming javawriter-2.1.1.jar (com.squareup:javawriter:2.1.1) with JetifyTransform
Transforming javawriter-2.1.1.jar (com.squareup:javawriter:2.1.1) with ExtractJniTransform
Transforming hamcrest-integration-1.3.jar (org.hamcrest:hamcrest-integration:1.3) with JetifyTransform
Transforming hamcrest-integration-1.3.jar (org.hamcrest:hamcrest-integration:1.3) with ExtractJniTransform
Transforming hamcrest-library-1.3.jar (org.hamcrest:hamcrest-library:1.3) with JetifyTransform
Transforming hamcrest-library-1.3.jar (org.hamcrest:hamcrest-library:1.3) with ExtractJniTransform
Transforming jsr305-2.0.2.jar (com.google.code.findbugs:jsr305:2.0.2) with JetifyTransform
Transforming jsr305-2.0.2.jar (com.google.code.findbugs:jsr305:2.0.2) with ExtractJniTransform
Transforming hamcrest-core-1.3.jar (org.hamcrest:hamcrest-core:1.3) with JetifyTransform
Transforming hamcrest-core-1.3.jar (org.hamcrest:hamcrest-core:1.3) with ExtractJniTransform
Skipping task ':app:mergeDebugAndroidTestNativeLibs' as it has no source files and no previous output files.
Resolve mutations for :app:mergeExtDexDebugAndroidTest (Thread[#1328,Execution worker Thread 7,5,main]) started.
:app:mergeExtDexDebugAndroidTest (Thread[#1328,Execution worker Thread 7,5,main]) started.
Resolve mutations for :app:mergeLibDexDebugAndroidTest (Thread[#1322,Execution worker,5,main]) started.
:app:mergeLibDexDebugAndroidTest (Thread[#1322,Execution worker,5,main]) started.
Resolve mutations for :app:stripDebugAndroidTestDebugSymbols (Thread[#1337,Execution worker Thread 15,5,main]) started.
:app:stripDebugAndroidTestDebugSymbols (Thread[#1337,Execution worker Thread 15,5,main]) started.

> Task :app:stripDebugAndroidTestDebugSymbols NO-SOURCE
Skipping task ':app:stripDebugAndroidTestDebugSymbols' as it has no source files and no previous output files.
Resolve mutations for :app:validateSigningDebugAndroidTest (Thread[#1337,Execution worker Thread 15,5,main]) started.
:app:validateSigningDebugAndroidTest (Thread[#1337,Execution worker Thread 15,5,main]) started.

> Task :app:validateSigningDebugAndroidTest
Caching disabled for task ':app:validateSigningDebugAndroidTest' because:
  Build cache is disabled
  Caching has been disabled for the task
Task ':app:validateSigningDebugAndroidTest' is not up-to-date because:
  Output property 'dummyOutputDirectory' file C:\Users\joaop\OneDrive\Documentos\Creates\Jogo infantil\app\build\intermediates\validate_signing_config\debugAndroidTest\validateSigningDebugAndroidTest has been removed.
Resolve mutations for :app:writeDebugAndroidTestSigningConfigVersions (Thread[#1337,Execution worker Thread 15,5,main]) started.
:app:writeDebugAndroidTestSigningConfigVersions (Thread[#1337,Execution worker Thread 15,5,main]) started.

> Task :app:writeDebugAndroidTestSigningConfigVersions
Caching disabled for task ':app:writeDebugAndroidTestSigningConfigVersions' because:
  Build cache is disabled
  Caching has been disabled for the task
Task ':app:writeDebugAndroidTestSigningConfigVersions' is not up-to-date because:
  Output property 'outputFile' file C:\Users\joaop\OneDrive\Documentos\Creates\Jogo infantil\app\build\intermediates\signing_config_versions\debugAndroidTest\writeDebugAndroidTestSigningConfigVersions\signing-config-versions.json has been removed.

> Task :app:mergeLibDexDebugAndroidTest
Caching disabled for task ':app:mergeLibDexDebugAndroidTest' because:
  Build cache is disabled
Task ':app:mergeLibDexDebugAndroidTest' is not up-to-date because:
  Output property 'outputDir' file C:\Users\joaop\OneDrive\Documentos\Creates\Jogo infantil\app\build\intermediates\dex\debugAndroidTest\mergeLibDexDebugAndroidTest has been removed.
  Output property 'outputDir' file C:\Users\joaop\OneDrive\Documentos\Creates\Jogo infantil\app\build\intermediates\dex\debugAndroidTest\mergeLibDexDebugAndroidTest\0 has been removed.
  Output property 'outputDir' file C:\Users\joaop\OneDrive\Documentos\Creates\Jogo infantil\app\build\intermediates\dex\debugAndroidTest\mergeLibDexDebugAndroidTest\1 has been removed.
  and more...
  and more...
  and more...
  and more...
  and more...
  and more...
  and more...
  and more...
  and more...
  and more...
  and more...
  and more...
  and more...
  and more...
The input changes require a full rebuild for incremental task ':app:mergeLibDexDebugAndroidTest'.

> Task :app:processDebugAndroidTestResources
Transforming ui-test-junit4-release.aar (androidx.compose.ui:ui-test-junit4-android:1.7.4) with JetifyTransform
Transforming ui-test-junit4-release.aar (androidx.compose.ui:ui-test-junit4-android:1.7.4) with ExtractAarTransform
Transforming ui-test-junit4-release.aar (androidx.compose.ui:ui-test-junit4-android:1.7.4) with AarResourcesCompilerTransform
Transforming ui-test-release.aar (androidx.compose.ui:ui-test-android:1.7.4) with JetifyTransform
Transforming ui-test-release.aar (androidx.compose.ui:ui-test-android:1.7.4) with ExtractAarTransform
Transforming ui-test-release.aar (androidx.compose.ui:ui-test-android:1.7.4) with AarResourcesCompilerTransform
Transforming junit-1.1.5.aar (androidx.test.ext:junit:1.1.5) with JetifyTransform
Transforming junit-1.1.5.aar (androidx.test.ext:junit:1.1.5) with ExtractAarTransform
Transforming junit-1.1.5.aar (androidx.test.ext:junit:1.1.5) with AarResourcesCompilerTransform
Transforming espresso-core-3.5.1.aar (androidx.test.espresso:espresso-core:3.5.1) with JetifyTransform
Transforming espresso-core-3.5.1.aar (androidx.test.espresso:espresso-core:3.5.1) with ExtractAarTransform
Transforming espresso-core-3.5.1.aar (androidx.test.espresso:espresso-core:3.5.1) with AarResourcesCompilerTransform
Transforming core-1.5.0.aar (androidx.test:core:1.5.0) with JetifyTransform
Transforming core-1.5.0.aar (androidx.test:core:1.5.0) with ExtractAarTransform
Transforming core-1.5.0.aar (androidx.test:core:1.5.0) with AarResourcesCompilerTransform
Transforming runner-1.5.2.aar (androidx.test:runner:1.5.2) with JetifyTransform
Transforming runner-1.5.2.aar (androidx.test:runner:1.5.2) with ExtractAarTransform
Transforming runner-1.5.2.aar (androidx.test:runner:1.5.2) with AarResourcesCompilerTransform
Transforming storage-1.4.2.aar (androidx.test.services:storage:1.4.2) with JetifyTransform
Transforming storage-1.4.2.aar (androidx.test.services:storage:1.4.2) with ExtractAarTransform
Transforming storage-1.4.2.aar (androidx.test.services:storage:1.4.2) with AarResourcesCompilerTransform
Transforming monitor-1.6.1.aar (androidx.test:monitor:1.6.1) with JetifyTransform
Transforming monitor-1.6.1.aar (androidx.test:monitor:1.6.1) with ExtractAarTransform
Transforming monitor-1.6.1.aar (androidx.test:monitor:1.6.1) with AarResourcesCompilerTransform
Transforming annotation-1.0.1.aar (androidx.test:annotation:1.0.1) with JetifyTransform
Transforming annotation-1.0.1.aar (androidx.test:annotation:1.0.1) with ExtractAarTransform
Transforming annotation-1.0.1.aar (androidx.test:annotation:1.0.1) with AarResourcesCompilerTransform
Transforming espresso-idling-resource-3.5.1.aar (androidx.test.espresso:espresso-idling-resource:3.5.1) with JetifyTransform
Transforming espresso-idling-resource-3.5.1.aar (androidx.test.espresso:espresso-idling-resource:3.5.1) with ExtractAarTransform
Transforming espresso-idling-resource-3.5.1.aar (androidx.test.espresso:espresso-idling-resource:3.5.1) with AarResourcesCompilerTransform
Transforming ui-test-junit4-release.aar (androidx.compose.ui:ui-test-junit4-android:1.7.4) with JetifyTransform
Transforming ui-test-junit4-release.aar (androidx.compose.ui:ui-test-junit4-android:1.7.4) with ExtractAarTransform
Transforming ui-test-junit4-release.aar (androidx.compose.ui:ui-test-junit4-android:1.7.4) with LibrarySymbolTableTransform
Transforming ui-test-release.aar (androidx.compose.ui:ui-test-android:1.7.4) with JetifyTransform
Transforming ui-test-release.aar (androidx.compose.ui:ui-test-android:1.7.4) with ExtractAarTransform
Transforming ui-test-release.aar (androidx.compose.ui:ui-test-android:1.7.4) with LibrarySymbolTableTransform
Transforming junit-1.1.5.aar (androidx.test.ext:junit:1.1.5) with JetifyTransform
Transforming junit-1.1.5.aar (androidx.test.ext:junit:1.1.5) with ExtractAarTransform
Transforming junit-1.1.5.aar (androidx.test.ext:junit:1.1.5) with LibrarySymbolTableTransform
Transforming espresso-core-3.5.1.aar (androidx.test.espresso:espresso-core:3.5.1) with JetifyTransform
Transforming espresso-core-3.5.1.aar (androidx.test.espresso:espresso-core:3.5.1) with ExtractAarTransform
Transforming espresso-core-3.5.1.aar (androidx.test.espresso:espresso-core:3.5.1) with LibrarySymbolTableTransform
Transforming core-1.5.0.aar (androidx.test:core:1.5.0) with JetifyTransform
Transforming core-1.5.0.aar (androidx.test:core:1.5.0) with ExtractAarTransform
Transforming core-1.5.0.aar (androidx.test:core:1.5.0) with LibrarySymbolTableTransform
Transforming runner-1.5.2.aar (androidx.test:runner:1.5.2) with JetifyTransform
Transforming runner-1.5.2.aar (androidx.test:runner:1.5.2) with ExtractAarTransform
Transforming runner-1.5.2.aar (androidx.test:runner:1.5.2) with LibrarySymbolTableTransform
Transforming storage-1.4.2.aar (androidx.test.services:storage:1.4.2) with JetifyTransform
Transforming storage-1.4.2.aar (androidx.test.services:storage:1.4.2) with ExtractAarTransform
Transforming storage-1.4.2.aar (androidx.test.services:storage:1.4.2) with LibrarySymbolTableTransform
Transforming monitor-1.6.1.aar (androidx.test:monitor:1.6.1) with JetifyTransform
Transforming monitor-1.6.1.aar (androidx.test:monitor:1.6.1) with ExtractAarTransform
Transforming monitor-1.6.1.aar (androidx.test:monitor:1.6.1) with LibrarySymbolTableTransform
Transforming annotation-1.0.1.aar (androidx.test:annotation:1.0.1) with JetifyTransform
Transforming annotation-1.0.1.aar (androidx.test:annotation:1.0.1) with ExtractAarTransform
Transforming annotation-1.0.1.aar (androidx.test:annotation:1.0.1) with LibrarySymbolTableTransform
Transforming espresso-idling-resource-3.5.1.aar (androidx.test.espresso:espresso-idling-resource:3.5.1) with JetifyTransform
Transforming espresso-idling-resource-3.5.1.aar (androidx.test.espresso:espresso-idling-resource:3.5.1) with ExtractAarTransform
Transforming espresso-idling-resource-3.5.1.aar (androidx.test.espresso:espresso-idling-resource:3.5.1) with LibrarySymbolTableTransform
Caching disabled for task ':app:processDebugAndroidTestResources' because:
  Build cache is disabled
Task ':app:processDebugAndroidTestResources' is not up-to-date because:
  Output property 'RClassOutputJar' file C:\Users\joaop\OneDrive\Documentos\Creates\Jogo infantil\app\build\intermediates\compile_and_runtime_not_namespaced_r_class_jar\debugAndroidTest\processDebugAndroidTestResources\R.jar has been removed.
  Output property 'resPackageOutputFolder' file C:\Users\joaop\OneDrive\Documentos\Creates\Jogo infantil\app\build\intermediates\processed_res\debugAndroidTest\processDebugAndroidTestResources\out has been removed.
  Output property 'resPackageOutputFolder' file C:\Users\joaop\OneDrive\Documentos\Creates\Jogo infantil\app\build\intermediates\processed_res\debugAndroidTest\processDebugAndroidTestResources\out\output-metadata.json has been removed.
  and more...
  and more...
The input changes require a full rebuild for incremental task ':app:processDebugAndroidTestResources'.
AAPT2 aapt2-8.5.2-11315950-windows Daemon #0: starting
Aapt output file C:\Users\joaop\OneDrive\Documentos\Creates\Jogo infantil\app\build\intermediates\processed_res\debugAndroidTest\processDebugAndroidTestResources\out\resources.ap_
Resolve mutations for :app:compileDebugAndroidTestKotlin (Thread[#1323,Execution worker Thread 2,5,main]) started.
:app:compileDebugAndroidTestKotlin (Thread[#1323,Execution worker Thread 2,5,main]) started.

> Task :app:mergeExtDexDebugAndroidTest
Transforming ui-test-junit4-release.aar (androidx.compose.ui:ui-test-junit4-android:1.7.4) with JetifyTransform
Transforming ui-test-junit4-release.aar (androidx.compose.ui:ui-test-junit4-android:1.7.4) with AarToClassTransform
Transforming ui-test-junit4-release.aar (androidx.compose.ui:ui-test-junit4-android:1.7.4) with IdentityTransform
Transforming ui-test-release.aar (androidx.compose.ui:ui-test-android:1.7.4) with JetifyTransform
Transforming ui-test-release.aar (androidx.compose.ui:ui-test-android:1.7.4) with AarToClassTransform
Transforming ui-test-release.aar (androidx.compose.ui:ui-test-android:1.7.4) with IdentityTransform
Transforming junit-1.1.5.aar (androidx.test.ext:junit:1.1.5) with JetifyTransform
Transforming junit-1.1.5.aar (androidx.test.ext:junit:1.1.5) with AarToClassTransform
Transforming junit-1.1.5.aar (androidx.test.ext:junit:1.1.5) with IdentityTransform
Transforming espresso-core-3.5.1.aar (androidx.test.espresso:espresso-core:3.5.1) with JetifyTransform
Transforming espresso-core-3.5.1.aar (androidx.test.espresso:espresso-core:3.5.1) with AarToClassTransform
Transforming espresso-core-3.5.1.aar (androidx.test.espresso:espresso-core:3.5.1) with IdentityTransform
Transforming core-1.5.0.aar (androidx.test:core:1.5.0) with JetifyTransform
Transforming core-1.5.0.aar (androidx.test:core:1.5.0) with AarToClassTransform
Transforming core-1.5.0.aar (androidx.test:core:1.5.0) with IdentityTransform
Transforming runner-1.5.2.aar (androidx.test:runner:1.5.2) with JetifyTransform
Transforming runner-1.5.2.aar (androidx.test:runner:1.5.2) with AarToClassTransform
Transforming runner-1.5.2.aar (androidx.test:runner:1.5.2) with IdentityTransform
Transforming storage-1.4.2.aar (androidx.test.services:storage:1.4.2) with JetifyTransform
Transforming storage-1.4.2.aar (androidx.test.services:storage:1.4.2) with AarToClassTransform
Transforming storage-1.4.2.aar (androidx.test.services:storage:1.4.2) with IdentityTransform
Transforming monitor-1.6.1.aar (androidx.test:monitor:1.6.1) with JetifyTransform
Transforming monitor-1.6.1.aar (androidx.test:monitor:1.6.1) with AarToClassTransform
Transforming monitor-1.6.1.aar (androidx.test:monitor:1.6.1) with IdentityTransform
Transforming annotation-1.0.1.aar (androidx.test:annotation:1.0.1) with JetifyTransform
Transforming annotation-1.0.1.aar (androidx.test:annotation:1.0.1) with AarToClassTransform
Transforming annotation-1.0.1.aar (androidx.test:annotation:1.0.1) with IdentityTransform
Transforming kotlinx-coroutines-test-jvm-1.7.3.jar (org.jetbrains.kotlinx:kotlinx-coroutines-test-jvm:1.7.3) with JetifyTransform
Transforming kotlinx-coroutines-test-jvm-1.7.3.jar (org.jetbrains.kotlinx:kotlinx-coroutines-test-jvm:1.7.3) with IdentityTransform
Transforming kotlinx-coroutines-test-jvm-1.7.3.jar (org.jetbrains.kotlinx:kotlinx-coroutines-test-jvm:1.7.3) with IdentityTransform
Transforming kotlinx-coroutines-test-jvm-1.7.3.jar (org.jetbrains.kotlinx:kotlinx-coroutines-test-jvm:1.7.3) with DexingNoClasspathTransform
Transforming junit-4.13.2.jar (junit:junit:4.13.2) with JetifyTransform
Transforming junit-4.13.2.jar (junit:junit:4.13.2) with IdentityTransform
Transforming junit-4.13.2.jar (junit:junit:4.13.2) with IdentityTransform
Transforming junit-4.13.2.jar (junit:junit:4.13.2) with DexingNoClasspathTransform
Transforming espresso-idling-resource-3.5.1.aar (androidx.test.espresso:espresso-idling-resource:3.5.1) with JetifyTransform
Transforming espresso-idling-resource-3.5.1.aar (androidx.test.espresso:espresso-idling-resource:3.5.1) with AarToClassTransform
Transforming espresso-idling-resource-3.5.1.aar (androidx.test.espresso:espresso-idling-resource:3.5.1) with IdentityTransform
Transforming javawriter-2.1.1.jar (com.squareup:javawriter:2.1.1) with JetifyTransform
Transforming javawriter-2.1.1.jar (com.squareup:javawriter:2.1.1) with IdentityTransform
Transforming javawriter-2.1.1.jar (com.squareup:javawriter:2.1.1) with IdentityTransform
Transforming javawriter-2.1.1.jar (com.squareup:javawriter:2.1.1) with DexingNoClasspathTransform
Transforming hamcrest-integration-1.3.jar (org.hamcrest:hamcrest-integration:1.3) with JetifyTransform
Transforming hamcrest-integration-1.3.jar (org.hamcrest:hamcrest-integration:1.3) with IdentityTransform
Transforming hamcrest-integration-1.3.jar (org.hamcrest:hamcrest-integration:1.3) with IdentityTransform
Transforming hamcrest-integration-1.3.jar (org.hamcrest:hamcrest-integration:1.3) with DexingNoClasspathTransform
Transforming hamcrest-library-1.3.jar (org.hamcrest:hamcrest-library:1.3) with JetifyTransform
Transforming hamcrest-library-1.3.jar (org.hamcrest:hamcrest-library:1.3) with IdentityTransform
Transforming hamcrest-library-1.3.jar (org.hamcrest:hamcrest-library:1.3) with IdentityTransform
Transforming hamcrest-library-1.3.jar (org.hamcrest:hamcrest-library:1.3) with DexingNoClasspathTransform
Transforming jsr305-2.0.2.jar (com.google.code.findbugs:jsr305:2.0.2) with JetifyTransform
Transforming jsr305-2.0.2.jar (com.google.code.findbugs:jsr305:2.0.2) with IdentityTransform
Transforming jsr305-2.0.2.jar (com.google.code.findbugs:jsr305:2.0.2) with IdentityTransform
Transforming jsr305-2.0.2.jar (com.google.code.findbugs:jsr305:2.0.2) with DexingNoClasspathTransform
Transforming hamcrest-core-1.3.jar (org.hamcrest:hamcrest-core:1.3) with JetifyTransform
Transforming hamcrest-core-1.3.jar (org.hamcrest:hamcrest-core:1.3) with IdentityTransform
Transforming hamcrest-core-1.3.jar (org.hamcrest:hamcrest-core:1.3) with IdentityTransform
Transforming hamcrest-core-1.3.jar (org.hamcrest:hamcrest-core:1.3) with DexingNoClasspathTransform
Transforming ui-test-release.aar (androidx.compose.ui:ui-test-android:1.7.4) with DexingNoClasspathTransform
Transforming junit-1.1.5.aar (androidx.test.ext:junit:1.1.5) with DexingNoClasspathTransform
Transforming espresso-core-3.5.1.aar (androidx.test.espresso:espresso-core:3.5.1) with DexingNoClasspathTransform
Transforming espresso-core-3.5.1.aar (androidx.test.espresso:espresso-core:3.5.1) with DexingOutputSplitTransform
Transforming ui-test-junit4-release.aar (androidx.compose.ui:ui-test-junit4-android:1.7.4) with DexingNoClasspathTransform
Transforming storage-1.4.2.aar (androidx.test.services:storage:1.4.2) with DexingNoClasspathTransform
Transforming runner-1.5.2.aar (androidx.test:runner:1.5.2) with DexingNoClasspathTransform
Transforming core-1.5.0.aar (androidx.test:core:1.5.0) with DexingNoClasspathTransform
Transforming runner-1.5.2.aar (androidx.test:runner:1.5.2) with DexingOutputSplitTransform
Transforming storage-1.4.2.aar (androidx.test.services:storage:1.4.2) with DexingOutputSplitTransform
Transforming monitor-1.6.1.aar (androidx.test:monitor:1.6.1) with DexingNoClasspathTransform
Transforming annotation-1.0.1.aar (androidx.test:annotation:1.0.1) with DexingNoClasspathTransform
Transforming monitor-1.6.1.aar (androidx.test:monitor:1.6.1) with DexingOutputSplitTransform
Transforming annotation-1.0.1.aar (androidx.test:annotation:1.0.1) with DexingOutputSplitTransform
Transforming kotlinx-coroutines-test-jvm-1.7.3.jar (org.jetbrains.kotlinx:kotlinx-coroutines-test-jvm:1.7.3) with DexingOutputSplitTransform
Transforming junit-4.13.2.jar (junit:junit:4.13.2) with DexingOutputSplitTransform
Transforming ui-test-release.aar (androidx.compose.ui:ui-test-android:1.7.4) with DexingOutputSplitTransform
Transforming espresso-idling-resource-3.5.1.aar (androidx.test.espresso:espresso-idling-resource:3.5.1) with DexingNoClasspathTransform
Transforming espresso-idling-resource-3.5.1.aar (androidx.test.espresso:espresso-idling-resource:3.5.1) with DexingOutputSplitTransform
Transforming hamcrest-integration-1.3.jar (org.hamcrest:hamcrest-integration:1.3) with DexingOutputSplitTransform
Transforming jsr305-2.0.2.jar (com.google.code.findbugs:jsr305:2.0.2) with DexingOutputSplitTransform
Transforming core-1.5.0.aar (androidx.test:core:1.5.0) with DexingOutputSplitTransform
Transforming hamcrest-core-1.3.jar (org.hamcrest:hamcrest-core:1.3) with DexingOutputSplitTransform
Transforming junit-1.1.5.aar (androidx.test.ext:junit:1.1.5) with DexingOutputSplitTransform
Transforming ui-test-junit4-release.aar (androidx.compose.ui:ui-test-junit4-android:1.7.4) with DexingOutputSplitTransform
Transforming javawriter-2.1.1.jar (com.squareup:javawriter:2.1.1) with DexingOutputSplitTransform
Transforming hamcrest-library-1.3.jar (org.hamcrest:hamcrest-library:1.3) with DexingOutputSplitTransform
Caching disabled for task ':app:mergeExtDexDebugAndroidTest' because:
  Build cache is disabled
Task ':app:mergeExtDexDebugAndroidTest' is not up-to-date because:
  Output property 'outputDir' file C:\Users\joaop\OneDrive\Documentos\Creates\Jogo infantil\app\build\intermediates\dex\debugAndroidTest\mergeExtDexDebugAndroidTest has been removed.
  Output property 'outputDir' file C:\Users\joaop\OneDrive\Documentos\Creates\Jogo infantil\app\build\intermediates\dex\debugAndroidTest\mergeExtDexDebugAndroidTest\classes.dex has been removed.
The input changes require a full rebuild for incremental task ':app:mergeExtDexDebugAndroidTest'.
Merging to 'C:\Users\joaop\OneDrive\Documentos\Creates\Jogo infantil\app\build\intermediates\dex\debugAndroidTest\mergeExtDexDebugAndroidTest' with D8 from all or a subset of dex files in C:\Users\joaop\.gradle\caches\8.10.2\transforms\e38ece09ce458e1d58c1e4bb1cbdc1f8\transformed\jetified-ui-test-junit4-release-runtime\jetified-ui-test-junit4-release-runtime_dex, C:\Users\joaop\.gradle\caches\8.10.2\transforms\01c8784018d673663098828fa2a6b30e\transformed\jetified-ui-test-release-runtime\jetified-ui-test-release-runtime_dex, C:\Users\joaop\.gradle\caches\8.10.2\transforms\2c27fdc87aa0dde2ee936923000f5a57\transformed\jetified-junit-1.1.5-runtime\jetified-junit-1.1.5-runtime_dex, C:\Users\joaop\.gradle\caches\8.10.2\transforms\e1dc60fbc4026caf7f5ac0b50906499e\transformed\espresso-core-3.5.1-runtime\espresso-core-3.5.1-runtime_dex, C:\Users\joaop\.gradle\caches\8.10.2\transforms\7c9243044f4deae53b9842750db3547f\transformed\jetified-core-1.5.0-runtime\jetified-core-1.5.0-runtime_dex, C:\Users\joaop\.gradle\caches\8.10.2\transforms\277fc972d3a5116b0a0b8fcb09d168d0\transformed\runner-1.5.2-runtime\runner-1.5.2-runtime_dex, C:\Users\joaop\.gradle\caches\8.10.2\transforms\bb0d96196543477a8a3f0bba143f7dfa\transformed\jetified-storage-1.4.2-runtime\jetified-storage-1.4.2-runtime_dex, C:\Users\joaop\.gradle\caches\8.10.2\transforms\87bfe41c9904bac374c7fdad2c37bb5b\transformed\monitor-1.6.1-runtime\monitor-1.6.1-runtime_dex, C:\Users\joaop\.gradle\caches\8.10.2\transforms\3998d82fa70a69079438bfe2179c4caa\transformed\jetified-annotation-1.0.1-runtime\jetified-annotation-1.0.1-runtime_dex, C:\Users\joaop\.gradle\caches\8.10.2\transforms\340a3e869eab65b51ab27883711fa6f2\transformed\jetified-kotlinx-coroutines-test-jvm-1.7.3\jetified-kotlinx-coroutines-test-jvm-1.7.3_dex, C:\Users\joaop\.gradle\caches\8.10.2\transforms\520f527f233e8b707bc76e4e80162f4e\transformed\jetified-junit-4.13.2\jetified-junit-4.13.2_dex, C:\Users\joaop\.gradle\caches\8.10.2\transforms\d3761681de1b43a55dca99b9ef462387\transformed\espresso-idling-resource-3.5.1-runtime\espresso-idling-resource-3.5.1-runtime_dex, C:\Users\joaop\.gradle\caches\8.10.2\transforms\78fd8ef1790b11fa06641986a37dc621\transformed\jetified-javawriter-2.1.1\jetified-javawriter-2.1.1_dex, C:\Users\joaop\.gradle\caches\8.10.2\transforms\ea6f3989eb99275c90a78301647e24cf\transformed\jetified-hamcrest-integration-1.3\jetified-hamcrest-integration-1.3_dex, C:\Users\joaop\.gradle\caches\8.10.2\transforms\ee542972ef38887116214d985f24e812\transformed\jetified-hamcrest-library-1.3\jetified-hamcrest-library-1.3_dex, C:\Users\joaop\.gradle\caches\8.10.2\transforms\34d3083f06d1384aa06be63b60bb6da6\transformed\jetified-jsr305-2.0.2\jetified-jsr305-2.0.2_dex, C:\Users\joaop\.gradle\caches\8.10.2\transforms\2137d67c36cf58af6e3319c7f1c0c3b7\transformed\jetified-hamcrest-core-1.3\jetified-hamcrest-core-1.3_dex, and from all global synthetics files in 

> Task :app:compileDebugAndroidTestKotlin
Registered task dependencies: app:debugAndroidTestCompileClasspath
Skipping misunderstood TO dep string: androidx.compose.ui:ui-test-junit4
Skipping misunderstood TO dep string: project :app
Skipping misunderstood TO dep string: androidx.compose.ui:ui-tooling
Skipping misunderstood TO dep string: androidx.compose.ui:ui-test-manifest
Skipping misunderstood TO dep string: androidx.compose.ui:ui
Skipping misunderstood TO dep string: androidx.compose.material3:material3
Skipping misunderstood TO dep string: com.google.firebase:firebase-messaging-ktx
Starting dependency analysis
Transforming ui-test-junit4-release.aar (androidx.compose.ui:ui-test-junit4-android:1.7.4) with JetifyTransform
Transforming ui-test-junit4-release.aar (androidx.compose.ui:ui-test-junit4-android:1.7.4) with AarToClassTransform
Transforming junit-1.1.5.aar (androidx.test.ext:junit:1.1.5) with JetifyTransform
Transforming junit-1.1.5.aar (androidx.test.ext:junit:1.1.5) with AarToClassTransform
Transforming espresso-core-3.5.1.aar (androidx.test.espresso:espresso-core:3.5.1) with JetifyTransform
Transforming espresso-core-3.5.1.aar (androidx.test.espresso:espresso-core:3.5.1) with AarToClassTransform
Transforming core-1.5.0.aar (androidx.test:core:1.5.0) with JetifyTransform
Transforming core-1.5.0.aar (androidx.test:core:1.5.0) with AarToClassTransform
Transforming ui-test-release.aar (androidx.compose.ui:ui-test-android:1.7.4) with JetifyTransform
Transforming ui-test-release.aar (androidx.compose.ui:ui-test-android:1.7.4) with AarToClassTransform
Transforming kotlinx-coroutines-test-jvm-1.7.3.jar (org.jetbrains.kotlinx:kotlinx-coroutines-test-jvm:1.7.3) with JetifyTransform
Transforming kotlinx-coroutines-test-jvm-1.7.3.jar (org.jetbrains.kotlinx:kotlinx-coroutines-test-jvm:1.7.3) with IdentityTransform
Transforming runner-1.5.2.aar (androidx.test:runner:1.5.2) with JetifyTransform
Transforming runner-1.5.2.aar (androidx.test:runner:1.5.2) with AarToClassTransform
Transforming storage-1.4.2.aar (androidx.test.services:storage:1.4.2) with JetifyTransform
Transforming storage-1.4.2.aar (androidx.test.services:storage:1.4.2) with AarToClassTransform
Transforming monitor-1.6.1.aar (androidx.test:monitor:1.6.1) with JetifyTransform
Transforming monitor-1.6.1.aar (androidx.test:monitor:1.6.1) with AarToClassTransform
Transforming play-services-tasks-18.0.1.aar (com.google.android.gms:play-services-tasks:18.0.1) with JetifyTransform
Transforming concurrent-futures-1.1.0.jar (androidx.concurrent:concurrent-futures:1.1.0) with JetifyTransform
Transforming concurrent-futures-1.1.0.jar (androidx.concurrent:concurrent-futures:1.1.0) with IdentityTransform
Transforming annotation-1.0.1.aar (androidx.test:annotation:1.0.1) with JetifyTransform
Transforming annotation-1.0.1.aar (androidx.test:annotation:1.0.1) with AarToClassTransform
Transforming play-services-tasks-18.0.1.aar (com.google.android.gms:play-services-tasks:18.0.1) with JetifyTransform
Transforming play-services-tasks-18.0.1.aar (com.google.android.gms:play-services-tasks:18.0.1) with JetifyTransform
Transforming tracing-1.0.0.aar (androidx.tracing:tracing:1.0.0) with JetifyTransform
Transforming play-services-tasks-18.0.1.aar (com.google.android.gms:play-services-tasks:18.0.1) with JetifyTransform
Transforming tracing-1.0.0.aar (androidx.tracing:tracing:1.0.0) with AarToClassTransform
Transforming transport-api-3.0.0.aar (com.google.android.datatransport:transport-api:3.0.0) with JetifyTransform
Transforming jsr305-2.0.2.jar (com.google.code.findbugs:jsr305:2.0.2) with JetifyTransform
Transforming transport-api-3.0.0.aar (com.google.android.datatransport:transport-api:3.0.0) with JetifyTransform
Transforming jsr305-2.0.2.jar (com.google.code.findbugs:jsr305:2.0.2) with IdentityTransform
Transforming play-services-tasks-18.0.1.aar (com.google.android.gms:play-services-tasks:18.0.1) with AarToClassTransform
Transforming play-services-tasks-18.0.1.aar (com.google.android.gms:play-services-tasks:18.0.1) with AarToClassTransform
Transforming play-services-tasks-18.0.1.aar (com.google.android.gms:play-services-tasks:18.0.1) with AarToClassTransform
Transforming play-services-tasks-18.0.1.aar (com.google.android.gms:play-services-tasks:18.0.1) with AarToClassTransform
Transforming transport-api-3.0.0.aar (com.google.android.datatransport:transport-api:3.0.0) with JetifyTransform
Transforming junit-4.13.2.jar (junit:junit:4.13.2) with JetifyTransform
Transforming junit-4.13.2.jar (junit:junit:4.13.2) with IdentityTransform
Transforming hamcrest-integration-1.3.jar (org.hamcrest:hamcrest-integration:1.3) with JetifyTransform
Transforming transport-api-3.0.0.aar (com.google.android.datatransport:transport-api:3.0.0) with AarToClassTransform
Transforming transport-api-3.0.0.aar (com.google.android.datatransport:transport-api:3.0.0) with AarToClassTransform
Transforming transport-api-3.0.0.aar (com.google.android.datatransport:transport-api:3.0.0) with AarToClassTransform
Transforming hamcrest-integration-1.3.jar (org.hamcrest:hamcrest-integration:1.3) with IdentityTransform
Transforming hamcrest-library-1.3.jar (org.hamcrest:hamcrest-library:1.3) with JetifyTransform
Transforming hamcrest-library-1.3.jar (org.hamcrest:hamcrest-library:1.3) with IdentityTransform
Transforming hamcrest-core-1.3.jar (org.hamcrest:hamcrest-core:1.3) with JetifyTransform
Transforming hamcrest-core-1.3.jar (org.hamcrest:hamcrest-core:1.3) with IdentityTransform
Transforming espresso-idling-resource-3.5.1.aar (androidx.test.espresso:espresso-idling-resource:3.5.1) with JetifyTransform
Transforming espresso-idling-resource-3.5.1.aar (androidx.test.espresso:espresso-idling-resource:3.5.1) with AarToClassTransform
Transforming javawriter-2.1.1.jar (com.squareup:javawriter:2.1.1) with JetifyTransform
Transforming javawriter-2.1.1.jar (com.squareup:javawriter:2.1.1) with IdentityTransform
Transforming R.jar with ClasspathEntrySnapshotTransform
Transforming classes.jar with ClasspathEntrySnapshotTransform
Transforming jetified-ui-test-junit4-release-api.jar with ClasspathEntrySnapshotTransform
Transforming jetified-play-services-ads-lite-23.2.0-api.jar with ClasspathEntrySnapshotTransform
Transforming jetified-play-services-ads-base-23.2.0-api.jar with ClasspathEntrySnapshotTransform
Transforming jetified-play-services-measurement-sdk-api-20.1.2-api.jar with ClasspathEntrySnapshotTransform
Transforming jetified-user-messaging-platform-2.2.0-api.jar with ClasspathEntrySnapshotTransform
Transforming jetified-play-services-measurement-base-20.1.2-api.jar with ClasspathEntrySnapshotTransform
Transforming jetified-firebase-messaging-ktx-24.0.3-api.jar with ClasspathEntrySnapshotTransform
Transforming jetified-firebase-messaging-24.0.3-api.jar with ClasspathEntrySnapshotTransform
Transforming jetified-firebase-iid-interop-17.1.0-api.jar with ClasspathEntrySnapshotTransform
Transforming jetified-firebase-measurement-connector-19.0.0-api.jar with ClasspathEntrySnapshotTransform
Transforming jetified-firebase-installations-18.0.0-api.jar with ClasspathEntrySnapshotTransform
Transforming jetified-firebase-installations-interop-17.1.1-api.jar with ClasspathEntrySnapshotTransform
Transforming jetified-firebase-common-ktx-21.0.0-api.jar with ClasspathEntrySnapshotTransform
Transforming jetified-firebase-common-21.0.0-api.jar with ClasspathEntrySnapshotTransform
Transforming jetified-junit-1.1.5-api.jar with ClasspathEntrySnapshotTransform
Transforming espresso-core-3.5.1-api.jar with ClasspathEntrySnapshotTransform
Transforming jetified-core-1.5.0-api.jar with ClasspathEntrySnapshotTransform
Transforming work-runtime-2.7.0-api.jar with ClasspathEntrySnapshotTransform
Transforming jetified-core-ktx-1.13.1-api.jar with ClasspathEntrySnapshotTransform
Transforming viewpager-1.0.0-api.jar with ClasspathEntrySnapshotTransform
Transforming loader-1.0.0-api.jar with ClasspathEntrySnapshotTransform
Transforming customview-1.0.0-api.jar with ClasspathEntrySnapshotTransform
Transforming core-1.13.1-api.jar with ClasspathEntrySnapshotTransform
Transforming jetified-lifecycle-runtime-release-api.jar with ClasspathEntrySnapshotTransform
Transforming lifecycle-livedata-core-2.8.6-api.jar with ClasspathEntrySnapshotTransform
Transforming jetified-lifecycle-livedata-core-ktx-2.8.6-api.jar with ClasspathEntrySnapshotTransform
Transforming jetified-lifecycle-runtime-compose-release-api.jar with ClasspathEntrySnapshotTransform
Transforming jetified-lifecycle-viewmodel-savedstate-2.8.6-api.jar with ClasspathEntrySnapshotTransform
Transforming lifecycle-livedata-2.8.6-api.jar with ClasspathEntrySnapshotTransform
Transforming lifecycle-viewmodel-2.8.6-api.jar with ClasspathEntrySnapshotTransform
Transforming jetified-lifecycle-viewmodel-release-api.jar with ClasspathEntrySnapshotTransform
Transforming jetified-lifecycle-viewmodel-ktx-2.8.6-api.jar with ClasspathEntrySnapshotTransform
Transforming jetified-lifecycle-common-jvm-2.8.6.jar with ClasspathEntrySnapshotTransform
Transforming jetified-lifecycle-runtime-ktx-release-api.jar with ClasspathEntrySnapshotTransform
Transforming jetified-material3-release-api.jar with ClasspathEntrySnapshotTransform
Transforming jetified-ui-tooling-preview-release-api.jar with ClasspathEntrySnapshotTransform
Transforming jetified-ui-tooling-data-release-api.jar with ClasspathEntrySnapshotTransform
Transforming jetified-ui-util-release-api.jar with ClasspathEntrySnapshotTransform
Transforming jetified-ui-unit-release-api.jar with ClasspathEntrySnapshotTransform
Transforming jetified-ui-text-release-api.jar with ClasspathEntrySnapshotTransform
Transforming jetified-ui-graphics-release-api.jar with ClasspathEntrySnapshotTransform
Transforming jetified-foundation-layout-release-api.jar with ClasspathEntrySnapshotTransform
Transforming jetified-material-ripple-release-api.jar with ClasspathEntrySnapshotTransform
Transforming jetified-foundation-release-api.jar with ClasspathEntrySnapshotTransform
Transforming jetified-animation-core-release-api.jar with ClasspathEntrySnapshotTransform
Transforming jetified-animation-release-api.jar with ClasspathEntrySnapshotTransform
Transforming jetified-ui-geometry-release-api.jar with ClasspathEntrySnapshotTransform
Transforming jetified-ui-test-release-api.jar with ClasspathEntrySnapshotTransform
Transforming jetified-ui-tooling-release-api.jar with ClasspathEntrySnapshotTransform
Transforming jetified-runtime-saveable-release-api.jar with ClasspathEntrySnapshotTransform
Transforming jetified-runtime-release-api.jar with ClasspathEntrySnapshotTransform
Transforming jetified-kotlinx-coroutines-android-1.7.3.jar with ClasspathEntrySnapshotTransform
Transforming jetified-kotlinx-coroutines-test-jvm-1.7.3.jar with ClasspathEntrySnapshotTransform
Transforming jetified-kotlinx-coroutines-core-jvm-1.7.3.jar with ClasspathEntrySnapshotTransform
Transforming jetified-kotlinx-coroutines-play-services-1.7.3.jar with ClasspathEntrySnapshotTransform
Transforming jetified-play-services-tasks-18.0.1-api.jar with ClasspathEntrySnapshotTransform
Transforming jetified-play-services-basement-18.3.0-api.jar with ClasspathEntrySnapshotTransform
Transforming fragment-1.1.0-api.jar with ClasspathEntrySnapshotTransform
Transforming jetified-activity-1.9.2-api.jar with ClasspathEntrySnapshotTransform
Transforming jetified-activity-ktx-1.9.2-api.jar with ClasspathEntrySnapshotTransform
Transforming jetified-activity-compose-1.9.2-api.jar with ClasspathEntrySnapshotTransform
Transforming jetified-material-icons-core-release-api.jar with ClasspathEntrySnapshotTransform
Transforming jetified-ui-release-api.jar with ClasspathEntrySnapshotTransform
Transforming jetified-ui-test-manifest-1.7.4-api.jar with ClasspathEntrySnapshotTransform
Transforming jetified-core-splashscreen-1.0.1-api.jar with ClasspathEntrySnapshotTransform
Transforming jetified-kotlin-stdlib-jdk8-1.8.22.jar with ClasspathEntrySnapshotTransform
Transforming runner-1.5.2-api.jar with ClasspathEntrySnapshotTransform
Transforming jetified-storage-1.4.2-api.jar with ClasspathEntrySnapshotTransform
Transforming monitor-1.6.1-api.jar with ClasspathEntrySnapshotTransform
Transforming jetified-concurrent-futures-1.1.0.jar with ClasspathEntrySnapshotTransform
Transforming jetified-annotation-1.0.1-api.jar with ClasspathEntrySnapshotTransform
Transforming jetified-savedstate-ktx-1.2.1-api.jar with ClasspathEntrySnapshotTransform
Transforming jetified-savedstate-1.2.1-api.jar with ClasspathEntrySnapshotTransform
Transforming jetified-firebase-datatransport-18.2.0-api.jar with ClasspathEntrySnapshotTransform
Transforming jetified-transport-backend-cct-3.1.9-api.jar with ClasspathEntrySnapshotTransform
Transforming jetified-firebase-encoders-json-18.0.0-api.jar with ClasspathEntrySnapshotTransform
Transforming jetified-transport-runtime-3.1.9-api.jar with ClasspathEntrySnapshotTransform
Transforming jetified-firebase-encoders-proto-16.0.0.jar with ClasspathEntrySnapshotTransform
Transforming jetified-firebase-encoders-17.0.0.jar with ClasspathEntrySnapshotTransform
Transforming versionedparcelable-1.1.1-api.jar with ClasspathEntrySnapshotTransform
Transforming jetified-collection-jvm-1.4.4.jar with ClasspathEntrySnapshotTransform
Transforming core-runtime-2.2.0-api.jar with ClasspathEntrySnapshotTransform
Transforming jetified-transport-api-3.0.0-api.jar with ClasspathEntrySnapshotTransform
Transforming core-common-2.2.0.jar with ClasspathEntrySnapshotTransform
Transforming jetified-annotation-jvm-1.8.1.jar with ClasspathEntrySnapshotTransform
Transforming jetified-annotation-experimental-1.4.1-api.jar with ClasspathEntrySnapshotTransform
Transforming jetified-kotlin-stdlib-jdk7-1.8.22.jar with ClasspathEntrySnapshotTransform
Transforming jetified-kotlin-stdlib-1.9.25.jar with ClasspathEntrySnapshotTransform
Transforming jetified-annotations-23.0.0.jar with ClasspathEntrySnapshotTransform
Transforming jetified-listenablefuture-1.0.jar with ClasspathEntrySnapshotTransform
Transforming jetified-startup-runtime-1.1.1-api.jar with ClasspathEntrySnapshotTransform
Transforming jetified-tracing-1.0.0-api.jar with ClasspathEntrySnapshotTransform
Transforming jetified-jsr305-2.0.2.jar with ClasspathEntrySnapshotTransform
Transforming jetified-junit-4.13.2.jar with ClasspathEntrySnapshotTransform
Transforming jetified-hamcrest-integration-1.3.jar with ClasspathEntrySnapshotTransform
Transforming jetified-hamcrest-library-1.3.jar with ClasspathEntrySnapshotTransform
Transforming jetified-hamcrest-core-1.3.jar with ClasspathEntrySnapshotTransform
Transforming espresso-idling-resource-3.5.1-api.jar with ClasspathEntrySnapshotTransform
Transforming jetified-javawriter-2.1.1.jar with ClasspathEntrySnapshotTransform
Transforming jetified-firebase-components-18.0.0-api.jar with ClasspathEntrySnapshotTransform
Transforming jetified-firebase-annotations-16.2.0.jar with ClasspathEntrySnapshotTransform
Transforming jetified-javax.inject-1.jar with ClasspathEntrySnapshotTransform
Transforming android.jar with ClasspathEntrySnapshotTransform
Transforming core-lambda-stubs.jar with ClasspathEntrySnapshotTransform
Registered task dependencies: app:kotlinCompilerPluginClasspathDebugAndroidTest
Starting dependency analysis
Caching disabled for task ':app:compileDebugAndroidTestKotlin' because:
  Build cache is disabled
Task ':app:compileDebugAndroidTestKotlin' is not up-to-date because:
  Output property 'classpathSnapshotProperties.classpathSnapshotDir' file C:\Users\joaop\OneDrive\Documentos\Creates\Jogo infantil\app\build\kotlin\compileDebugAndroidTestKotlin\classpath-snapshot has been removed.
  Output property 'classpathSnapshotProperties.classpathSnapshotDir' file C:\Users\joaop\OneDrive\Documentos\Creates\Jogo infantil\app\build\kotlin\compileDebugAndroidTestKotlin\classpath-snapshot\shrunk-classpath-snapshot.bin has been removed.
  Output property 'destinationDirectory' file C:\Users\joaop\OneDrive\Documentos\Creates\Jogo infantil\app\build\tmp\kotlin-classes\debugAndroidTest has been removed.
  and more...
  and more...
  and more...
The input changes require a full rebuild for incremental task ':app:compileDebugAndroidTestKotlin'.
file or directory 'C:\Users\joaop\OneDrive\Documentos\Creates\Jogo infantil\app\src\debugAndroidTest\kotlin', not found
file or directory 'C:\Users\joaop\OneDrive\Documentos\Creates\Jogo infantil\app\src\androidTest\kotlin', not found
file or directory 'C:\Users\joaop\OneDrive\Documentos\Creates\Jogo infantil\app\src\androidTest\kotlin', not found
file or directory 'C:\Users\joaop\OneDrive\Documentos\Creates\Jogo infantil\app\src\androidTest\kotlin', not found
file or directory 'C:\Users\joaop\OneDrive\Documentos\Creates\Jogo infantil\app\src\androidTestDebug\kotlin', not found
file or directory 'C:\Users\joaop\OneDrive\Documentos\Creates\Jogo infantil\app\src\androidTestDebug\kotlin', not found
file or directory 'C:\Users\joaop\OneDrive\Documentos\Creates\Jogo infantil\app\src\androidTestDebug\java', not found
file or directory 'C:\Users\joaop\OneDrive\Documentos\Creates\Jogo infantil\app\src\androidTestDebug\kotlin', not found
file or directory 'C:\Users\joaop\OneDrive\Documentos\Creates\Jogo infantil\app\src\androidTestDebug\java', not found
file or directory 'C:\Users\joaop\OneDrive\Documentos\Creates\Jogo infantil\app\src\androidTestDebug\java', not found
file or directory 'C:\Users\joaop\OneDrive\Documentos\Creates\Jogo infantil\app\src\debugAndroidTest\kotlin', not found
file or directory 'C:\Users\joaop\OneDrive\Documentos\Creates\Jogo infantil\app\src\androidTest\kotlin', not found
file or directory 'C:\Users\joaop\OneDrive\Documentos\Creates\Jogo infantil\app\src\androidTest\kotlin', not found
file or directory 'C:\Users\joaop\OneDrive\Documentos\Creates\Jogo infantil\app\src\debugAndroidTest\kotlin', not found
file or directory 'C:\Users\joaop\OneDrive\Documentos\Creates\Jogo infantil\app\src\androidTest\kotlin', not found
file or directory 'C:\Users\joaop\OneDrive\Documentos\Creates\Jogo infantil\app\src\androidTest\kotlin', not found
file or directory 'C:\Users\joaop\OneDrive\Documentos\Creates\Jogo infantil\app\src\androidTest\kotlin', not found
file or directory 'C:\Users\joaop\OneDrive\Documentos\Creates\Jogo infantil\app\src\androidTestDebug\kotlin', not found
file or directory 'C:\Users\joaop\OneDrive\Documentos\Creates\Jogo infantil\app\src\androidTestDebug\kotlin', not found
file or directory 'C:\Users\joaop\OneDrive\Documentos\Creates\Jogo infantil\app\src\androidTestDebug\java', not found
file or directory 'C:\Users\joaop\OneDrive\Documentos\Creates\Jogo infantil\app\src\androidTestDebug\kotlin', not found
file or directory 'C:\Users\joaop\OneDrive\Documentos\Creates\Jogo infantil\app\src\androidTestDebug\java', not found
file or directory 'C:\Users\joaop\OneDrive\Documentos\Creates\Jogo infantil\app\src\androidTestDebug\java', not found
file or directory 'C:\Users\joaop\OneDrive\Documentos\Creates\Jogo infantil\app\src\debugAndroidTest\kotlin', not found
file or directory 'C:\Users\joaop\OneDrive\Documentos\Creates\Jogo infantil\app\src\androidTest\kotlin', not found
file or directory 'C:\Users\joaop\OneDrive\Documentos\Creates\Jogo infantil\app\src\androidTest\kotlin', not found
file or directory 'C:\Users\joaop\OneDrive\Documentos\Creates\Jogo infantil\app\src\androidTest\kotlin', not found
file or directory 'C:\Users\joaop\OneDrive\Documentos\Creates\Jogo infantil\app\src\androidTestDebug\kotlin', not found
file or directory 'C:\Users\joaop\OneDrive\Documentos\Creates\Jogo infantil\app\src\androidTestDebug\kotlin', not found
file or directory 'C:\Users\joaop\OneDrive\Documentos\Creates\Jogo infantil\app\src\androidTestDebug\java', not found
file or directory 'C:\Users\joaop\OneDrive\Documentos\Creates\Jogo infantil\app\src\androidTestDebug\kotlin', not found
file or directory 'C:\Users\joaop\OneDrive\Documentos\Creates\Jogo infantil\app\src\androidTestDebug\java', not found
file or directory 'C:\Users\joaop\OneDrive\Documentos\Creates\Jogo infantil\app\src\androidTestDebug\java', not found
file or directory 'C:\Users\joaop\OneDrive\Documentos\Creates\Jogo infantil\app\src\debugAndroidTest\kotlin', not found
file or directory 'C:\Users\joaop\OneDrive\Documentos\Creates\Jogo infantil\app\src\androidTest\kotlin', not found
file or directory 'C:\Users\joaop\OneDrive\Documentos\Creates\Jogo infantil\app\src\androidTest\kotlin', not found
file or directory 'C:\Users\joaop\OneDrive\Documentos\Creates\Jogo infantil\app\src\androidTest\kotlin', not found
file or directory 'C:\Users\joaop\OneDrive\Documentos\Creates\Jogo infantil\app\src\androidTestDebug\kotlin', not found
file or directory 'C:\Users\joaop\OneDrive\Documentos\Creates\Jogo infantil\app\src\androidTestDebug\kotlin', not found
file or directory 'C:\Users\joaop\OneDrive\Documentos\Creates\Jogo infantil\app\src\androidTestDebug\java', not found
file or directory 'C:\Users\joaop\OneDrive\Documentos\Creates\Jogo infantil\app\src\androidTestDebug\kotlin', not found
file or directory 'C:\Users\joaop\OneDrive\Documentos\Creates\Jogo infantil\app\src\androidTestDebug\java', not found
file or directory 'C:\Users\joaop\OneDrive\Documentos\Creates\Jogo infantil\app\src\androidTestDebug\java', not found
Kotlin source files: C:\Users\joaop\OneDrive\Documentos\Creates\Jogo infantil\app\src\androidTest\java\com\joaop\matematicadivertida\GameAppInstrumentedTest.kt
Java source files: 
Script source files: 
Script file extensions: 
Using Kotlin/JVM incremental compilation
[KOTLIN] Kotlin compilation 'jdkHome' argument: null
i: found daemon on port 17514 (446064 ms old), trying to connect
i: connected to the daemon
Options for KOTLIN DAEMON: IncrementalCompilationOptions(super=CompilationOptions(compilerMode=INCREMENTAL_COMPILER, targetPlatform=JVM, reportCategories=[0, 3], reportSeverity=2, requestedCompilationResults=[0], kotlinScriptExtensions=[]), areFileChangesKnown=false, modifiedFiles=null, deletedFiles=null, classpathChanges=NotAvailableForNonIncrementalRun, workingDir=C:\Users\joaop\OneDrive\Documentos\Creates\Jogo infantil\app\build\kotlin\compileDebugAndroidTestKotlin\cacheable, multiModuleICSettings=MultiModuleICSettings(buildHistoryFile=C:\Users\joaop\OneDrive\Documentos\Creates\Jogo infantil\app\build\kotlin\compileDebugAndroidTestKotlin\local-state\build-history.bin, useModuleDetection=true), usePreciseJavaTracking=true, outputFiles=[C:\Users\joaop\OneDrive\Documentos\Creates\Jogo infantil\app\build\tmp\kotlin-classes\debugAndroidTest, C:\Users\joaop\OneDrive\Documentos\Creates\Jogo infantil\app\build\kotlin\compileDebugAndroidTestKotlin\cacheable, C:\Users\joaop\OneDrive\Documentos\Creates\Jogo infantil\app\build\kotlin\compileDebugAndroidTestKotlin\local-state])
Resolve mutations for :app:compileDebugAndroidTestJavaWithJavac (Thread[#1323,Execution worker Thread 2,5,main]) started.
:app:compileDebugAndroidTestJavaWithJavac (Thread[#1323,Execution worker Thread 2,5,main]) started.

> Task :app:compileDebugAndroidTestJavaWithJavac NO-SOURCE
Skipping task ':app:compileDebugAndroidTestJavaWithJavac' as it has no source files and no previous output files.
Resolve mutations for :app:dexBuilderDebugAndroidTest (Thread[#1323,Execution worker Thread 2,5,main]) started.
:app:dexBuilderDebugAndroidTest (Thread[#1323,Execution worker Thread 2,5,main]) started.

> Task :app:dexBuilderDebugAndroidTest
Caching disabled for task ':app:dexBuilderDebugAndroidTest' because:
  Build cache is disabled
Task ':app:dexBuilderDebugAndroidTest' is not up-to-date because:
  Output property 'externalLibsFromArtifactTransformsOutputs.dex' file C:\Users\joaop\OneDrive\Documentos\Creates\Jogo infantil\app\build\intermediates\external_libs_dex_archive_with_artifact_transforms\debugAndroidTest\dexBuilderDebugAndroidTest\out has been removed.
  Output property 'externalLibsFromArtifactTransformsOutputs.globalSynthetics' file C:\Users\joaop\OneDrive\Documentos\Creates\Jogo infantil\app\build\intermediates\global_synthetics_external_libs_artifact_transform\debugAndroidTest\dexBuilderDebugAndroidTest\out has been removed.
  Output property 'externalLibsOutputs.dex' file C:\Users\joaop\OneDrive\Documentos\Creates\Jogo infantil\app\build\intermediates\external_libs_dex_archive\debugAndroidTest\dexBuilderDebugAndroidTest\out has been removed.
  and more...
The input changes require a full rebuild for incremental task ':app:dexBuilderDebugAndroidTest'.
Dex builder is incremental : false 
Processing input C:\Users\joaop\OneDrive\Documentos\Creates\Jogo infantil\app\build\tmp\kotlin-classes\debugAndroidTest
Dexing C:\Users\joaop\OneDrive\Documentos\Creates\Jogo infantil\app\build\tmp\kotlin-classes\debugAndroidTest
Dexing 'C:\Users\joaop\OneDrive\Documentos\Creates\Jogo infantil\app\build\tmp\kotlin-classes\debugAndroidTest' to 'C:\Users\joaop\OneDrive\Documentos\Creates\Jogo infantil\app\build\intermediates\project_dex_archive\debugAndroidTest\dexBuilderDebugAndroidTest\out'
Dexing 'C:\Users\joaop\OneDrive\Documentos\Creates\Jogo infantil\app\build\tmp\kotlin-classes\debugAndroidTest' to 'C:\Users\joaop\OneDrive\Documentos\Creates\Jogo infantil\app\build\intermediates\project_dex_archive\debugAndroidTest\dexBuilderDebugAndroidTest\out'
Dexing 'C:\Users\joaop\OneDrive\Documentos\Creates\Jogo infantil\app\build\tmp\kotlin-classes\debugAndroidTest' to 'C:\Users\joaop\OneDrive\Documentos\Creates\Jogo infantil\app\build\intermediates\project_dex_archive\debugAndroidTest\dexBuilderDebugAndroidTest\out'
Dexing 'C:\Users\joaop\OneDrive\Documentos\Creates\Jogo infantil\app\build\tmp\kotlin-classes\debugAndroidTest' to 'C:\Users\joaop\OneDrive\Documentos\Creates\Jogo infantil\app\build\intermediates\project_dex_archive\debugAndroidTest\dexBuilderDebugAndroidTest\out'
Dexing 'C:\Users\joaop\OneDrive\Documentos\Creates\Jogo infantil\app\build\tmp\kotlin-classes\debugAndroidTest' to 'C:\Users\joaop\OneDrive\Documentos\Creates\Jogo infantil\app\build\intermediates\project_dex_archive\debugAndroidTest\dexBuilderDebugAndroidTest\out'
Dexing 'C:\Users\joaop\OneDrive\Documentos\Creates\Jogo infantil\app\build\tmp\kotlin-classes\debugAndroidTest' to 'C:\Users\joaop\OneDrive\Documentos\Creates\Jogo infantil\app\build\intermediates\project_dex_archive\debugAndroidTest\dexBuilderDebugAndroidTest\out'
Dexing 'C:\Users\joaop\OneDrive\Documentos\Creates\Jogo infantil\app\build\tmp\kotlin-classes\debugAndroidTest' to 'C:\Users\joaop\OneDrive\Documentos\Creates\Jogo infantil\app\build\intermediates\project_dex_archive\debugAndroidTest\dexBuilderDebugAndroidTest\out'
Processing input C:\Users\joaop\OneDrive\Documentos\Creates\Jogo infantil\app\build\intermediates\compile_and_runtime_not_namespaced_r_class_jar\debugAndroidTest\processDebugAndroidTestResources\R.jar
Dexing C:\Users\joaop\OneDrive\Documentos\Creates\Jogo infantil\app\build\intermediates\compile_and_runtime_not_namespaced_r_class_jar\debugAndroidTest\processDebugAndroidTestResources\R.jar
Dexing 'C:\Users\joaop\OneDrive\Documentos\Creates\Jogo infantil\app\build\tmp\kotlin-classes\debugAndroidTest' to 'C:\Users\joaop\OneDrive\Documentos\Creates\Jogo infantil\app\build\intermediates\project_dex_archive\debugAndroidTest\dexBuilderDebugAndroidTest\out'
Dexing 'C:\Users\joaop\OneDrive\Documentos\Creates\Jogo infantil\app\build\intermediates\compile_and_runtime_not_namespaced_r_class_jar\debugAndroidTest\processDebugAndroidTestResources\R.jar' to 'C:\Users\joaop\OneDrive\Documentos\Creates\Jogo infantil\app\build\intermediates\project_dex_archive\debugAndroidTest\dexBuilderDebugAndroidTest\out\71e2aa65139287dea79438227d087b8bd818cb0ea5d36552439ca104f8da5fdf_0.jar'
Dexing 'C:\Users\joaop\OneDrive\Documentos\Creates\Jogo infantil\app\build\intermediates\compile_and_runtime_not_namespaced_r_class_jar\debugAndroidTest\processDebugAndroidTestResources\R.jar' to 'C:\Users\joaop\OneDrive\Documentos\Creates\Jogo infantil\app\build\intermediates\project_dex_archive\debugAndroidTest\dexBuilderDebugAndroidTest\out\71e2aa65139287dea79438227d087b8bd818cb0ea5d36552439ca104f8da5fdf_1.jar'
Dexing 'C:\Users\joaop\OneDrive\Documentos\Creates\Jogo infantil\app\build\intermediates\compile_and_runtime_not_namespaced_r_class_jar\debugAndroidTest\processDebugAndroidTestResources\R.jar' to 'C:\Users\joaop\OneDrive\Documentos\Creates\Jogo infantil\app\build\intermediates\project_dex_archive\debugAndroidTest\dexBuilderDebugAndroidTest\out\71e2aa65139287dea79438227d087b8bd818cb0ea5d36552439ca104f8da5fdf_2.jar'
Dexing 'C:\Users\joaop\OneDrive\Documentos\Creates\Jogo infantil\app\build\intermediates\compile_and_runtime_not_namespaced_r_class_jar\debugAndroidTest\processDebugAndroidTestResources\R.jar' to 'C:\Users\joaop\OneDrive\Documentos\Creates\Jogo infantil\app\build\intermediates\project_dex_archive\debugAndroidTest\dexBuilderDebugAndroidTest\out\71e2aa65139287dea79438227d087b8bd818cb0ea5d36552439ca104f8da5fdf_3.jar'
Dexing 'C:\Users\joaop\OneDrive\Documentos\Creates\Jogo infantil\app\build\intermediates\compile_and_runtime_not_namespaced_r_class_jar\debugAndroidTest\processDebugAndroidTestResources\R.jar' to 'C:\Users\joaop\OneDrive\Documentos\Creates\Jogo infantil\app\build\intermediates\project_dex_archive\debugAndroidTest\dexBuilderDebugAndroidTest\out\71e2aa65139287dea79438227d087b8bd818cb0ea5d36552439ca104f8da5fdf_4.jar'
Dexing 'C:\Users\joaop\OneDrive\Documentos\Creates\Jogo infantil\app\build\intermediates\compile_and_runtime_not_namespaced_r_class_jar\debugAndroidTest\processDebugAndroidTestResources\R.jar' to 'C:\Users\joaop\OneDrive\Documentos\Creates\Jogo infantil\app\build\intermediates\project_dex_archive\debugAndroidTest\dexBuilderDebugAndroidTest\out\71e2aa65139287dea79438227d087b8bd818cb0ea5d36552439ca104f8da5fdf_5.jar'
Dexing 'C:\Users\joaop\OneDrive\Documentos\Creates\Jogo infantil\app\build\intermediates\compile_and_runtime_not_namespaced_r_class_jar\debugAndroidTest\processDebugAndroidTestResources\R.jar' to 'C:\Users\joaop\OneDrive\Documentos\Creates\Jogo infantil\app\build\intermediates\project_dex_archive\debugAndroidTest\dexBuilderDebugAndroidTest\out\71e2aa65139287dea79438227d087b8bd818cb0ea5d36552439ca104f8da5fdf_6.jar'
Dexing 'C:\Users\joaop\OneDrive\Documentos\Creates\Jogo infantil\app\build\intermediates\compile_and_runtime_not_namespaced_r_class_jar\debugAndroidTest\processDebugAndroidTestResources\R.jar' to 'C:\Users\joaop\OneDrive\Documentos\Creates\Jogo infantil\app\build\intermediates\project_dex_archive\debugAndroidTest\dexBuilderDebugAndroidTest\out\71e2aa65139287dea79438227d087b8bd818cb0ea5d36552439ca104f8da5fdf_7.jar'
Done with all dex archive conversions
Resolve mutations for :app:mergeDebugAndroidTestGlobalSynthetics (Thread[#1323,Execution worker Thread 2,5,main]) started.
:app:mergeDebugAndroidTestGlobalSynthetics (Thread[#1323,Execution worker Thread 2,5,main]) started.
Resolve mutations for :app:processDebugAndroidTestJavaRes (Thread[#1334,Execution worker Thread 12,5,main]) started.
:app:processDebugAndroidTestJavaRes (Thread[#1334,Execution worker Thread 12,5,main]) started.

> Task :app:mergeDebugAndroidTestGlobalSynthetics
Transforming ui-test-junit4-release.aar (androidx.compose.ui:ui-test-junit4-android:1.7.4) with JetifyTransform
Transforming ui-test-junit4-release.aar (androidx.compose.ui:ui-test-junit4-android:1.7.4) with AarToClassTransform
Transforming ui-test-junit4-release.aar (androidx.compose.ui:ui-test-junit4-android:1.7.4) with IdentityTransform
Transforming ui-test-junit4-release.aar (androidx.compose.ui:ui-test-junit4-android:1.7.4) with DexingNoClasspathTransform
Transforming ui-test-junit4-release.aar (androidx.compose.ui:ui-test-junit4-android:1.7.4) with DexingOutputSplitTransform
Transforming ui-test-release.aar (androidx.compose.ui:ui-test-android:1.7.4) with JetifyTransform
Transforming ui-test-release.aar (androidx.compose.ui:ui-test-android:1.7.4) with AarToClassTransform
Transforming ui-test-release.aar (androidx.compose.ui:ui-test-android:1.7.4) with IdentityTransform
Transforming ui-test-release.aar (androidx.compose.ui:ui-test-android:1.7.4) with DexingNoClasspathTransform
Transforming ui-test-release.aar (androidx.compose.ui:ui-test-android:1.7.4) with DexingOutputSplitTransform
Transforming junit-1.1.5.aar (androidx.test.ext:junit:1.1.5) with JetifyTransform
Transforming junit-1.1.5.aar (androidx.test.ext:junit:1.1.5) with AarToClassTransform
Transforming junit-1.1.5.aar (androidx.test.ext:junit:1.1.5) with IdentityTransform
Transforming junit-1.1.5.aar (androidx.test.ext:junit:1.1.5) with DexingNoClasspathTransform
Transforming junit-1.1.5.aar (androidx.test.ext:junit:1.1.5) with DexingOutputSplitTransform
Transforming espresso-core-3.5.1.aar (androidx.test.espresso:espresso-core:3.5.1) with JetifyTransform
Transforming espresso-core-3.5.1.aar (androidx.test.espresso:espresso-core:3.5.1) with AarToClassTransform
Transforming espresso-core-3.5.1.aar (androidx.test.espresso:espresso-core:3.5.1) with IdentityTransform
Transforming espresso-core-3.5.1.aar (androidx.test.espresso:espresso-core:3.5.1) with DexingNoClasspathTransform
Transforming espresso-core-3.5.1.aar (androidx.test.espresso:espresso-core:3.5.1) with DexingOutputSplitTransform
Transforming core-1.5.0.aar (androidx.test:core:1.5.0) with JetifyTransform
Transforming core-1.5.0.aar (androidx.test:core:1.5.0) with AarToClassTransform
Transforming core-1.5.0.aar (androidx.test:core:1.5.0) with IdentityTransform
Transforming core-1.5.0.aar (androidx.test:core:1.5.0) with DexingNoClasspathTransform
Transforming core-1.5.0.aar (androidx.test:core:1.5.0) with DexingOutputSplitTransform
Transforming runner-1.5.2.aar (androidx.test:runner:1.5.2) with JetifyTransform
Transforming runner-1.5.2.aar (androidx.test:runner:1.5.2) with AarToClassTransform
Transforming runner-1.5.2.aar (androidx.test:runner:1.5.2) with IdentityTransform
Transforming runner-1.5.2.aar (androidx.test:runner:1.5.2) with DexingNoClasspathTransform
Transforming runner-1.5.2.aar (androidx.test:runner:1.5.2) with DexingOutputSplitTransform
Transforming storage-1.4.2.aar (androidx.test.services:storage:1.4.2) with JetifyTransform
Transforming storage-1.4.2.aar (androidx.test.services:storage:1.4.2) with AarToClassTransform
Transforming storage-1.4.2.aar (androidx.test.services:storage:1.4.2) with IdentityTransform
Transforming storage-1.4.2.aar (androidx.test.services:storage:1.4.2) with DexingNoClasspathTransform
Transforming storage-1.4.2.aar (androidx.test.services:storage:1.4.2) with DexingOutputSplitTransform
Transforming monitor-1.6.1.aar (androidx.test:monitor:1.6.1) with JetifyTransform
Transforming monitor-1.6.1.aar (androidx.test:monitor:1.6.1) with AarToClassTransform
Transforming monitor-1.6.1.aar (androidx.test:monitor:1.6.1) with IdentityTransform
Transforming monitor-1.6.1.aar (androidx.test:monitor:1.6.1) with DexingNoClasspathTransform
Transforming monitor-1.6.1.aar (androidx.test:monitor:1.6.1) with DexingOutputSplitTransform
Transforming annotation-1.0.1.aar (androidx.test:annotation:1.0.1) with JetifyTransform
Transforming annotation-1.0.1.aar (androidx.test:annotation:1.0.1) with AarToClassTransform
Transforming annotation-1.0.1.aar (androidx.test:annotation:1.0.1) with IdentityTransform
Transforming annotation-1.0.1.aar (androidx.test:annotation:1.0.1) with DexingNoClasspathTransform
Transforming annotation-1.0.1.aar (androidx.test:annotation:1.0.1) with DexingOutputSplitTransform
Transforming kotlinx-coroutines-test-jvm-1.7.3.jar (org.jetbrains.kotlinx:kotlinx-coroutines-test-jvm:1.7.3) with JetifyTransform
Transforming kotlinx-coroutines-test-jvm-1.7.3.jar (org.jetbrains.kotlinx:kotlinx-coroutines-test-jvm:1.7.3) with IdentityTransform
Transforming kotlinx-coroutines-test-jvm-1.7.3.jar (org.jetbrains.kotlinx:kotlinx-coroutines-test-jvm:1.7.3) with IdentityTransform
Transforming kotlinx-coroutines-test-jvm-1.7.3.jar (org.jetbrains.kotlinx:kotlinx-coroutines-test-jvm:1.7.3) with DexingNoClasspathTransform
Transforming kotlinx-coroutines-test-jvm-1.7.3.jar (org.jetbrains.kotlinx:kotlinx-coroutines-test-jvm:1.7.3) with DexingOutputSplitTransform
Transforming junit-4.13.2.jar (junit:junit:4.13.2) with JetifyTransform
Transforming junit-4.13.2.jar (junit:junit:4.13.2) with IdentityTransform
Transforming junit-4.13.2.jar (junit:junit:4.13.2) with IdentityTransform
Transforming junit-4.13.2.jar (junit:junit:4.13.2) with DexingNoClasspathTransform
Transforming junit-4.13.2.jar (junit:junit:4.13.2) with DexingOutputSplitTransform
Transforming espresso-idling-resource-3.5.1.aar (androidx.test.espresso:espresso-idling-resource:3.5.1) with JetifyTransform
Transforming espresso-idling-resource-3.5.1.aar (androidx.test.espresso:espresso-idling-resource:3.5.1) with AarToClassTransform
Transforming espresso-idling-resource-3.5.1.aar (androidx.test.espresso:espresso-idling-resource:3.5.1) with IdentityTransform
Transforming espresso-idling-resource-3.5.1.aar (androidx.test.espresso:espresso-idling-resource:3.5.1) with DexingNoClasspathTransform
Transforming espresso-idling-resource-3.5.1.aar (androidx.test.espresso:espresso-idling-resource:3.5.1) with DexingOutputSplitTransform
Transforming javawriter-2.1.1.jar (com.squareup:javawriter:2.1.1) with JetifyTransform
Transforming javawriter-2.1.1.jar (com.squareup:javawriter:2.1.1) with IdentityTransform
Transforming javawriter-2.1.1.jar (com.squareup:javawriter:2.1.1) with IdentityTransform
Transforming javawriter-2.1.1.jar (com.squareup:javawriter:2.1.1) with DexingNoClasspathTransform
Transforming javawriter-2.1.1.jar (com.squareup:javawriter:2.1.1) with DexingOutputSplitTransform
Transforming hamcrest-integration-1.3.jar (org.hamcrest:hamcrest-integration:1.3) with JetifyTransform
Transforming hamcrest-integration-1.3.jar (org.hamcrest:hamcrest-integration:1.3) with IdentityTransform
Transforming hamcrest-integration-1.3.jar (org.hamcrest:hamcrest-integration:1.3) with IdentityTransform
Transforming hamcrest-integration-1.3.jar (org.hamcrest:hamcrest-integration:1.3) with DexingNoClasspathTransform
Transforming hamcrest-integration-1.3.jar (org.hamcrest:hamcrest-integration:1.3) with DexingOutputSplitTransform
Transforming hamcrest-library-1.3.jar (org.hamcrest:hamcrest-library:1.3) with JetifyTransform
Transforming hamcrest-library-1.3.jar (org.hamcrest:hamcrest-library:1.3) with IdentityTransform
Transforming hamcrest-library-1.3.jar (org.hamcrest:hamcrest-library:1.3) with IdentityTransform
Transforming hamcrest-library-1.3.jar (org.hamcrest:hamcrest-library:1.3) with DexingNoClasspathTransform
Transforming hamcrest-library-1.3.jar (org.hamcrest:hamcrest-library:1.3) with DexingOutputSplitTransform
Transforming jsr305-2.0.2.jar (com.google.code.findbugs:jsr305:2.0.2) with JetifyTransform
Transforming jsr305-2.0.2.jar (com.google.code.findbugs:jsr305:2.0.2) with IdentityTransform
Transforming jsr305-2.0.2.jar (com.google.code.findbugs:jsr305:2.0.2) with IdentityTransform
Transforming jsr305-2.0.2.jar (com.google.code.findbugs:jsr305:2.0.2) with DexingNoClasspathTransform
Transforming jsr305-2.0.2.jar (com.google.code.findbugs:jsr305:2.0.2) with DexingOutputSplitTransform
Transforming hamcrest-core-1.3.jar (org.hamcrest:hamcrest-core:1.3) with JetifyTransform
Transforming hamcrest-core-1.3.jar (org.hamcrest:hamcrest-core:1.3) with IdentityTransform
Transforming hamcrest-core-1.3.jar (org.hamcrest:hamcrest-core:1.3) with IdentityTransform
Transforming hamcrest-core-1.3.jar (org.hamcrest:hamcrest-core:1.3) with DexingNoClasspathTransform
Transforming hamcrest-core-1.3.jar (org.hamcrest:hamcrest-core:1.3) with DexingOutputSplitTransform
Caching disabled for task ':app:mergeDebugAndroidTestGlobalSynthetics' because:
  Build cache is disabled
Task ':app:mergeDebugAndroidTestGlobalSynthetics' is not up-to-date because:
  Output property 'globalSyntheticsOutput' file C:\Users\joaop\OneDrive\Documentos\Creates\Jogo infantil\app\build\intermediates\global_synthetics_dex\debugAndroidTest\mergeDebugAndroidTestGlobalSynthetics has been removed.

> Task :app:processDebugAndroidTestJavaRes
file or directory 'C:\Users\joaop\OneDrive\Documentos\Creates\Jogo infantil\app\src\androidTest\resources', not found
file or directory 'C:\Users\joaop\OneDrive\Documentos\Creates\Jogo infantil\app\src\androidTestDebug\resources', not found
file or directory 'C:\Users\joaop\OneDrive\Documentos\Creates\Jogo infantil\app\src\androidTest\resources', not found
file or directory 'C:\Users\joaop\OneDrive\Documentos\Creates\Jogo infantil\app\src\androidTestDebug\resources', not found
Caching disabled for task ':app:processDebugAndroidTestJavaRes' because:
  Build cache is disabled
  Caching has been disabled for the task
Task ':app:processDebugAndroidTestJavaRes' is not up-to-date because:
  Output property 'outDirectory' file C:\Users\joaop\OneDrive\Documentos\Creates\Jogo infantil\app\build\intermediates\java_res\debugAndroidTest\processDebugAndroidTestJavaRes\out has been removed.
  Output property 'outDirectory' file C:\Users\joaop\OneDrive\Documentos\Creates\Jogo infantil\app\build\intermediates\java_res\debugAndroidTest\processDebugAndroidTestJavaRes\out\com has been removed.
  Output property 'outDirectory' file C:\Users\joaop\OneDrive\Documentos\Creates\Jogo infantil\app\build\intermediates\java_res\debugAndroidTest\processDebugAndroidTestJavaRes\out\com\joaop has been removed.
  and more...
  and more...
file or directory 'C:\Users\joaop\OneDrive\Documentos\Creates\Jogo infantil\app\src\androidTest\resources', not found
file or directory 'C:\Users\joaop\OneDrive\Documentos\Creates\Jogo infantil\app\src\androidTestDebug\resources', not found
file or directory 'C:\Users\joaop\OneDrive\Documentos\Creates\Jogo infantil\app\src\androidTest\resources', not found
file or directory 'C:\Users\joaop\OneDrive\Documentos\Creates\Jogo infantil\app\src\androidTestDebug\resources', not found
Resolve mutations for :app:mergeDebugAndroidTestJavaResource (Thread[#1334,Execution worker Thread 12,5,main]) started.
:app:mergeDebugAndroidTestJavaResource (Thread[#1326,Execution worker Thread 5,5,main]) started.
Resolve mutations for :app:mergeProjectDexDebugAndroidTest (Thread[#1321,included builds,5,main]) started.
:app:mergeProjectDexDebugAndroidTest (Thread[#1321,included builds,5,main]) started.

> Task :app:mergeProjectDexDebugAndroidTest
Caching disabled for task ':app:mergeProjectDexDebugAndroidTest' because:
  Build cache is disabled
Task ':app:mergeProjectDexDebugAndroidTest' is not up-to-date because:
  Output property 'outputDir' file C:\Users\joaop\OneDrive\Documentos\Creates\Jogo infantil\app\build\intermediates\dex\debugAndroidTest\mergeProjectDexDebugAndroidTest has been removed.
  Output property 'outputDir' file C:\Users\joaop\OneDrive\Documentos\Creates\Jogo infantil\app\build\intermediates\dex\debugAndroidTest\mergeProjectDexDebugAndroidTest\0 has been removed.
  Output property 'outputDir' file C:\Users\joaop\OneDrive\Documentos\Creates\Jogo infantil\app\build\intermediates\dex\debugAndroidTest\mergeProjectDexDebugAndroidTest\0\classes.dex has been removed.
  and more...
  and more...
  and more...
  and more...
  and more...
  and more...
  and more...
  and more...
  and more...
  and more...
  and more...
  and more...
  and more...
  and more...
  and more...
The input changes require a full rebuild for incremental task ':app:mergeProjectDexDebugAndroidTest'.
Merging to 'C:\Users\joaop\OneDrive\Documentos\Creates\Jogo infantil\app\build\intermediates\dex\debugAndroidTest\mergeProjectDexDebugAndroidTest\0' with D8 from all or a subset of dex files in C:\Users\joaop\OneDrive\Documentos\Creates\Jogo infantil\app\build\intermediates\project_dex_archive\debugAndroidTest\dexBuilderDebugAndroidTest\out\71e2aa65139287dea79438227d087b8bd818cb0ea5d36552439ca104f8da5fdf_1.jar, C:\Users\joaop\OneDrive\Documentos\Creates\Jogo infantil\app\build\intermediates\project_dex_archive\debugAndroidTest\dexBuilderDebugAndroidTest\out\71e2aa65139287dea79438227d087b8bd818cb0ea5d36552439ca104f8da5fdf_2.jar, C:\Users\joaop\OneDrive\Documentos\Creates\Jogo infantil\app\build\intermediates\project_dex_archive\debugAndroidTest\dexBuilderDebugAndroidTest\out\71e2aa65139287dea79438227d087b8bd818cb0ea5d36552439ca104f8da5fdf_3.jar, C:\Users\joaop\OneDrive\Documentos\Creates\Jogo infantil\app\build\intermediates\project_dex_archive\debugAndroidTest\dexBuilderDebugAndroidTest\out\71e2aa65139287dea79438227d087b8bd818cb0ea5d36552439ca104f8da5fdf_5.jar, C:\Users\joaop\OneDrive\Documentos\Creates\Jogo infantil\app\build\intermediates\project_dex_archive\debugAndroidTest\dexBuilderDebugAndroidTest\out\71e2aa65139287dea79438227d087b8bd818cb0ea5d36552439ca104f8da5fdf_6.jar, C:\Users\joaop\OneDrive\Documentos\Creates\Jogo infantil\app\build\intermediates\project_dex_archive\debugAndroidTest\dexBuilderDebugAndroidTest\out\71e2aa65139287dea79438227d087b8bd818cb0ea5d36552439ca104f8da5fdf_7.jar, and from all global synthetics files in 
Merging to 'C:\Users\joaop\OneDrive\Documentos\Creates\Jogo infantil\app\build\intermediates\dex\debugAndroidTest\mergeProjectDexDebugAndroidTest\8' with D8 from all or a subset of dex files in C:\Users\joaop\OneDrive\Documentos\Creates\Jogo infantil\app\build\intermediates\project_dex_archive\debugAndroidTest\dexBuilderDebugAndroidTest\out, C:\Users\joaop\OneDrive\Documentos\Creates\Jogo infantil\app\build\intermediates\project_dex_archive\debugAndroidTest\dexBuilderDebugAndroidTest\out, and from all global synthetics files in 

> Task :app:mergeDebugAndroidTestJavaResource
Transforming ui-test-junit4-release.aar (androidx.compose.ui:ui-test-junit4-android:1.7.4) with JetifyTransform
Transforming ui-test-junit4-release.aar (androidx.compose.ui:ui-test-junit4-android:1.7.4) with ExtractAarTransform
Transforming ui-test-junit4-release.aar (androidx.compose.ui:ui-test-junit4-android:1.7.4) with AarTransform
Transforming ui-test-release.aar (androidx.compose.ui:ui-test-android:1.7.4) with JetifyTransform
Transforming ui-test-release.aar (androidx.compose.ui:ui-test-android:1.7.4) with ExtractAarTransform
Transforming ui-test-release.aar (androidx.compose.ui:ui-test-android:1.7.4) with AarTransform
Transforming junit-1.1.5.aar (androidx.test.ext:junit:1.1.5) with JetifyTransform
Transforming junit-1.1.5.aar (androidx.test.ext:junit:1.1.5) with ExtractAarTransform
Transforming junit-1.1.5.aar (androidx.test.ext:junit:1.1.5) with AarTransform
Transforming espresso-core-3.5.1.aar (androidx.test.espresso:espresso-core:3.5.1) with JetifyTransform
Transforming espresso-core-3.5.1.aar (androidx.test.espresso:espresso-core:3.5.1) with ExtractAarTransform
Transforming espresso-core-3.5.1.aar (androidx.test.espresso:espresso-core:3.5.1) with AarTransform
Transforming core-1.5.0.aar (androidx.test:core:1.5.0) with JetifyTransform
Transforming core-1.5.0.aar (androidx.test:core:1.5.0) with ExtractAarTransform
Transforming core-1.5.0.aar (androidx.test:core:1.5.0) with AarTransform
Transforming runner-1.5.2.aar (androidx.test:runner:1.5.2) with JetifyTransform
Transforming runner-1.5.2.aar (androidx.test:runner:1.5.2) with ExtractAarTransform
Transforming runner-1.5.2.aar (androidx.test:runner:1.5.2) with AarTransform
Transforming storage-1.4.2.aar (androidx.test.services:storage:1.4.2) with JetifyTransform
Transforming storage-1.4.2.aar (androidx.test.services:storage:1.4.2) with ExtractAarTransform
Transforming storage-1.4.2.aar (androidx.test.services:storage:1.4.2) with AarTransform
Transforming monitor-1.6.1.aar (androidx.test:monitor:1.6.1) with JetifyTransform
Transforming monitor-1.6.1.aar (androidx.test:monitor:1.6.1) with ExtractAarTransform
Transforming monitor-1.6.1.aar (androidx.test:monitor:1.6.1) with AarTransform
Transforming annotation-1.0.1.aar (androidx.test:annotation:1.0.1) with JetifyTransform
Transforming annotation-1.0.1.aar (androidx.test:annotation:1.0.1) with ExtractAarTransform
Transforming annotation-1.0.1.aar (androidx.test:annotation:1.0.1) with AarTransform
Transforming kotlinx-coroutines-test-jvm-1.7.3.jar (org.jetbrains.kotlinx:kotlinx-coroutines-test-jvm:1.7.3) with JetifyTransform
Transforming kotlinx-coroutines-test-jvm-1.7.3.jar (org.jetbrains.kotlinx:kotlinx-coroutines-test-jvm:1.7.3) with IdentityTransform
Transforming junit-4.13.2.jar (junit:junit:4.13.2) with JetifyTransform
Transforming junit-4.13.2.jar (junit:junit:4.13.2) with IdentityTransform
Transforming espresso-idling-resource-3.5.1.aar (androidx.test.espresso:espresso-idling-resource:3.5.1) with JetifyTransform
Transforming espresso-idling-resource-3.5.1.aar (androidx.test.espresso:espresso-idling-resource:3.5.1) with ExtractAarTransform
Transforming espresso-idling-resource-3.5.1.aar (androidx.test.espresso:espresso-idling-resource:3.5.1) with AarTransform
Transforming javawriter-2.1.1.jar (com.squareup:javawriter:2.1.1) with JetifyTransform
Transforming javawriter-2.1.1.jar (com.squareup:javawriter:2.1.1) with IdentityTransform
Transforming hamcrest-integration-1.3.jar (org.hamcrest:hamcrest-integration:1.3) with JetifyTransform
Transforming hamcrest-integration-1.3.jar (org.hamcrest:hamcrest-integration:1.3) with IdentityTransform
Transforming hamcrest-library-1.3.jar (org.hamcrest:hamcrest-library:1.3) with JetifyTransform
Transforming hamcrest-library-1.3.jar (org.hamcrest:hamcrest-library:1.3) with IdentityTransform
Transforming jsr305-2.0.2.jar (com.google.code.findbugs:jsr305:2.0.2) with JetifyTransform
Transforming jsr305-2.0.2.jar (com.google.code.findbugs:jsr305:2.0.2) with IdentityTransform
Transforming hamcrest-core-1.3.jar (org.hamcrest:hamcrest-core:1.3) with JetifyTransform
Transforming hamcrest-core-1.3.jar (org.hamcrest:hamcrest-core:1.3) with IdentityTransform
Caching disabled for task ':app:mergeDebugAndroidTestJavaResource' because:
  Build cache is disabled
  Caching has been disabled for the task
Task ':app:mergeDebugAndroidTestJavaResource' is not up-to-date because:
  Output property 'cacheDir' file C:\Users\joaop\OneDrive\Documentos\Creates\Jogo infantil\app\build\intermediates\incremental\debugAndroidTest-mergeJavaRes\zip-cache has been removed.
  Output property 'cacheDir' file C:\Users\joaop\OneDrive\Documentos\Creates\Jogo infantil\app\build\intermediates\incremental\debugAndroidTest-mergeJavaRes\zip-cache\BGBkf+lYI11iOMDygYe8TM8mPeU= has been removed.
  Output property 'cacheDir' file C:\Users\joaop\OneDrive\Documentos\Creates\Jogo infantil\app\build\intermediates\incremental\debugAndroidTest-mergeJavaRes\zip-cache\bSqfwRljqYF28BglQ107ZyRyqaY= has been removed.
  and more...
  and more...
  and more...
  and more...
  and more...
  and more...
  and more...
  and more...
  and more...
  and more...
  and more...
  and more...
  and more...
  and more...
  and more...
  and more...
The input changes require a full rebuild for incremental task ':app:mergeDebugAndroidTestJavaResource'.
Resolve mutations for :app:packageDebugAndroidTest (Thread[#1326,Execution worker Thread 5,5,main]) started.
:app:packageDebugAndroidTest (Thread[#1326,Execution worker Thread 5,5,main]) started.

> Task :app:packageDebugAndroidTest
Custom actions are attached to task ':app:packageDebugAndroidTest'.
Caching disabled for task ':app:packageDebugAndroidTest' because:
  Build cache is disabled
  Caching has been disabled for the task
Task ':app:packageDebugAndroidTest' is not up-to-date because:
  Output property 'ideModelOutputFile' file C:\Users\joaop\OneDrive\Documentos\Creates\Jogo infantil\app\build\outputs\apk\androidTest\debug\output-metadata.json has been removed.
  Output property 'incrementalFolder' file C:\Users\joaop\OneDrive\Documentos\Creates\Jogo infantil\app\build\intermediates\incremental\packageDebugAndroidTest\tmp has been removed.
  Output property 'incrementalFolder' file C:\Users\joaop\OneDrive\Documentos\Creates\Jogo infantil\app\build\intermediates\incremental\packageDebugAndroidTest\tmp\debugAndroidTest has been removed.
  and more...
  and more...
  and more...
The input changes require a full rebuild for incremental task ':app:packageDebugAndroidTest'.
Resolve mutations for :app:createDebugAndroidTestApkListingFileRedirect (Thread[#1326,Execution worker Thread 5,5,main]) started.
:app:createDebugAndroidTestApkListingFileRedirect (Thread[#1326,Execution worker Thread 5,5,main]) started.

> Task :app:createDebugAndroidTestApkListingFileRedirect
Caching disabled for task ':app:createDebugAndroidTestApkListingFileRedirect' because:
  Build cache is disabled
  Caching has been disabled for the task
Task ':app:createDebugAndroidTestApkListingFileRedirect' is not up-to-date because:
  Output property 'redirectFile' file C:\Users\joaop\OneDrive\Documentos\Creates\Jogo infantil\app\build\intermediates\apk_ide_redirect_file\debugAndroidTest\createDebugAndroidTestApkListingFileRedirect\redirect.txt has been removed.
Resolve mutations for :app:connectedDebugAndroidTest (Thread[#1326,Execution worker Thread 5,5,main]) started.
:app:connectedDebugAndroidTest (Thread[#1326,Execution worker Thread 5,5,main]) started.

> Task :app:connectedDebugAndroidTest
Caching disabled for task ':app:connectedDebugAndroidTest' because:
  Build cache is disabled
  Caching has been disabled for the task
Task ':app:connectedDebugAndroidTest' is not up-to-date because:
  Task.upToDateWhen is false.
emulator-5554 with id Pixel_7_Pro is not a Gradle Managed Device

INFORMA´┐¢´┐¢ES: Constructing runner from config.
INFORMA´┐¢´┐¢ES: Configuring Android Instrumentation driver: android_instrumentation_runtime {
  instrumentation_info {
    app_package: "com.joaop.matematicadivertida"
    test_package: "com.joaop.matematicadivertida.test"
    test_runner_class: "android.test.InstrumentationTestRunner"
  }
  instrumentation_args {
    args_map {
      key: "additionalTestOutputDir"
      value: "/sdcard/Android/media/com.joaop.matematicadivertida/additional_test_output"
    }
  }
}
am_instrument_timeout: 31536000
INFORMA´┐¢´┐¢ES: No installables found in test fixture. Nothing to install.
INFORMA´┐¢´┐¢ES: Installing [C:\Users\joaop\OneDrive\Documentos\Creates\Jogo infantil\app\build\outputs\apk\debug\app-debug.apk] on device emulator-5554.
INFORMA´┐¢´┐¢ES: Installing [C:\Users\joaop\OneDrive\Documentos\Creates\Jogo infantil\app\build\outputs\apk\androidTest\debug\app-debug-androidTest.apk] on device emulator-5554.
INFORMA´┐¢´┐¢ES: Start logcat streaming.
INFORMA´┐¢´┐¢ES: Running Android Instrumentation driver.

> Task :app:connectedDebugAndroidTest
Starting 0 tests on Pixel_7_Pro(AVD) - 16

INFORMA´┐¢´┐¢ES: Stop logcat streaming.
INFORMA´┐¢´┐¢ES: Uninstalling com.joaop.matematicadivertida for device emulator-5554.
INFORMA´┐¢´┐¢ES: Uninstalling com.joaop.matematicadivertida.test for device emulator-5554.
Finished 0 tests on Pixel_7_Pro(AVD) - 16
[XmlResultReporter]: XML test result file generated at C:\Users\joaop\OneDrive\Documentos\Creates\Jogo infantil\app\build\outputs\androidTest-results\connected\debug\TEST-Pixel_7_Pro(AVD) - 16-_app-.xml. Total tests 0, 

Test run failed to complete. Instrumentation run failed due to Process crashed.
> Task :app:connectedDebugAndroidTest FAILED
Transforming material3-release.aar (androidx.compose.material3:material3-android:1.3.0) with JetifyTransform
Transforming material3-release.aar (androidx.compose.material3:material3-android:1.3.0) with AarToClassTransform
Transforming material-release.aar (androidx.compose.material:material-android:1.7.4) with JetifyTransform
Transforming material-release.aar (androidx.compose.material:material-android:1.7.4) with AarToClassTransform
Transforming material-ripple-release.aar (androidx.compose.material:material-ripple-android:1.7.4) with JetifyTransform
Transforming material-ripple-release.aar (androidx.compose.material:material-ripple-android:1.7.4) with AarToClassTransform
Transforming foundation-release.aar (androidx.compose.foundation:foundation-android:1.7.4) with JetifyTransform
Transforming foundation-release.aar (androidx.compose.foundation:foundation-android:1.7.4) with AarToClassTransform
Transforming animation-release.aar (androidx.compose.animation:animation-android:1.7.4) with JetifyTransform
Transforming animation-release.aar (androidx.compose.animation:animation-android:1.7.4) with AarToClassTransform
Transforming foundation-layout-release.aar (androidx.compose.foundation:foundation-layout-android:1.7.4) with JetifyTransform
Transforming foundation-layout-release.aar (androidx.compose.foundation:foundation-layout-android:1.7.4) with AarToClassTransform
Transforming animation-core-release.aar (androidx.compose.animation:animation-core-android:1.7.4) with JetifyTransform
Transforming animation-core-release.aar (androidx.compose.animation:animation-core-android:1.7.4) with AarToClassTransform
Transforming ui-tooling-preview-release.aar (androidx.compose.ui:ui-tooling-preview-android:1.7.4) with JetifyTransform
Transforming ui-tooling-preview-release.aar (androidx.compose.ui:ui-tooling-preview-android:1.7.4) with AarToClassTransform
Transforming ui-tooling-data-release.aar (androidx.compose.ui:ui-tooling-data-android:1.7.4) with JetifyTransform
Transforming ui-tooling-data-release.aar (androidx.compose.ui:ui-tooling-data-android:1.7.4) with AarToClassTransform
Transforming ui-unit-release.aar (androidx.compose.ui:ui-unit-android:1.7.4) with JetifyTransform
Transforming ui-unit-release.aar (androidx.compose.ui:ui-unit-android:1.7.4) with AarToClassTransform
Transforming ui-graphics-release.aar (androidx.compose.ui:ui-graphics-android:1.7.4) with JetifyTransform
Transforming ui-graphics-release.aar (androidx.compose.ui:ui-graphics-android:1.7.4) with AarToClassTransform
Transforming ui-geometry-release.aar (androidx.compose.ui:ui-geometry-android:1.7.4) with JetifyTransform
Transforming ui-geometry-release.aar (androidx.compose.ui:ui-geometry-android:1.7.4) with AarToClassTransform
Transforming ui-util-release.aar (androidx.compose.ui:ui-util-android:1.7.4) with JetifyTransform
Transforming ui-util-release.aar (androidx.compose.ui:ui-util-android:1.7.4) with AarToClassTransform
Transforming ui-text-release.aar (androidx.compose.ui:ui-text-android:1.7.4) with JetifyTransform
Transforming ui-text-release.aar (androidx.compose.ui:ui-text-android:1.7.4) with AarToClassTransform
Transforming ui-tooling-release.aar (androidx.compose.ui:ui-tooling-android:1.7.4) with JetifyTransform
Transforming ui-tooling-release.aar (androidx.compose.ui:ui-tooling-android:1.7.4) with AarToClassTransform
Transforming ui-test-manifest-1.7.4.aar (androidx.compose.ui:ui-test-manifest:1.7.4) with JetifyTransform
Transforming ui-test-manifest-1.7.4.aar (androidx.compose.ui:ui-test-manifest:1.7.4) with AarToClassTransform
Transforming material-icons-core-release.aar (androidx.compose.material:material-icons-core-android:1.7.4) with JetifyTransform
Transforming material-icons-core-release.aar (androidx.compose.material:material-icons-core-android:1.7.4) with AarToClassTransform
Transforming ui-release.aar (androidx.compose.ui:ui-android:1.7.4) with JetifyTransform
Transforming ui-release.aar (androidx.compose.ui:ui-android:1.7.4) with AarToClassTransform
Transforming play-services-ads-lite-23.2.0.aar (com.google.android.gms:play-services-ads-lite:23.2.0) with JetifyTransform
Transforming play-services-ads-lite-23.2.0.aar (com.google.android.gms:play-services-ads-lite:23.2.0) with AarToClassTransform
Transforming play-services-ads-base-23.2.0.aar (com.google.android.gms:play-services-ads-base:23.2.0) with JetifyTransform
Transforming play-services-ads-base-23.2.0.aar (com.google.android.gms:play-services-ads-base:23.2.0) with AarToClassTransform
Transforming play-services-measurement-sdk-api-20.1.2.aar (com.google.android.gms:play-services-measurement-sdk-api:20.1.2) with JetifyTransform
Transforming play-services-measurement-sdk-api-20.1.2.aar (com.google.android.gms:play-services-measurement-sdk-api:20.1.2) with AarToClassTransform
Transforming user-messaging-platform-2.2.0.aar (com.google.android.ump:user-messaging-platform:2.2.0) with JetifyTransform
Transforming user-messaging-platform-2.2.0.aar (com.google.android.ump:user-messaging-platform:2.2.0) with AarToClassTransform
Transforming firebase-messaging-ktx-24.0.3.aar (com.google.firebase:firebase-messaging-ktx:24.0.3) with JetifyTransform
Transforming firebase-messaging-ktx-24.0.3.aar (com.google.firebase:firebase-messaging-ktx:24.0.3) with AarToClassTransform
Transforming firebase-messaging-24.0.3.aar (com.google.firebase:firebase-messaging:24.0.3) with JetifyTransform
Transforming firebase-messaging-24.0.3.aar (com.google.firebase:firebase-messaging:24.0.3) with AarToClassTransform
Transforming firebase-installations-18.0.0.aar (com.google.firebase:firebase-installations:18.0.0) with JetifyTransform
Transforming firebase-installations-18.0.0.aar (com.google.firebase:firebase-installations:18.0.0) with AarToClassTransform
Transforming firebase-common-ktx-21.0.0.aar (com.google.firebase:firebase-common-ktx:21.0.0) with JetifyTransform
Transforming firebase-common-ktx-21.0.0.aar (com.google.firebase:firebase-common-ktx:21.0.0) with AarToClassTransform
Transforming firebase-common-21.0.0.aar (com.google.firebase:firebase-common:21.0.0) with JetifyTransform
Transforming firebase-common-21.0.0.aar (com.google.firebase:firebase-common:21.0.0) with AarToClassTransform
Transforming play-services-measurement-base-20.1.2.aar (com.google.android.gms:play-services-measurement-base:20.1.2) with JetifyTransform
Transforming play-services-measurement-base-20.1.2.aar (com.google.android.gms:play-services-measurement-base:20.1.2) with AarToClassTransform
Transforming firebase-iid-interop-17.1.0.aar (com.google.firebase:firebase-iid-interop:17.1.0) with JetifyTransform
Transforming firebase-iid-interop-17.1.0.aar (com.google.firebase:firebase-iid-interop:17.1.0) with AarToClassTransform
Transforming firebase-measurement-connector-19.0.0.aar (com.google.firebase:firebase-measurement-connector:19.0.0) with JetifyTransform
Transforming firebase-measurement-connector-19.0.0.aar (com.google.firebase:firebase-measurement-connector:19.0.0) with AarToClassTransform
Transforming play-services-base-18.0.1.aar (com.google.android.gms:play-services-base:18.0.1) with JetifyTransform
Transforming play-services-base-18.0.1.aar (com.google.android.gms:play-services-base:18.0.1) with AarToClassTransform
Transforming play-services-cloud-messaging-17.2.0.aar (com.google.android.gms:play-services-cloud-messaging:17.2.0) with JetifyTransform
Transforming play-services-cloud-messaging-17.2.0.aar (com.google.android.gms:play-services-cloud-messaging:17.2.0) with AarToClassTransform
Transforming play-services-stats-17.0.2.aar (com.google.android.gms:play-services-stats:17.0.2) with JetifyTransform
Transforming play-services-stats-17.0.2.aar (com.google.android.gms:play-services-stats:17.0.2) with AarToClassTransform
Transforming firebase-installations-interop-17.1.1.aar (com.google.firebase:firebase-installations-interop:17.1.1) with JetifyTransform
Transforming firebase-installations-interop-17.1.1.aar (com.google.firebase:firebase-installations-interop:17.1.1) with AarToClassTransform
Transforming work-runtime-2.7.0.aar (androidx.work:work-runtime:2.7.0) with JetifyTransform
Transforming work-runtime-2.7.0.aar (androidx.work:work-runtime:2.7.0) with AarToClassTransform
Transforming legacy-support-core-utils-1.0.0.aar (androidx.legacy:legacy-support-core-utils:1.0.0) with JetifyTransform
Transforming legacy-support-core-utils-1.0.0.aar (androidx.legacy:legacy-support-core-utils:1.0.0) with AarToClassTransform
Transforming loader-1.0.0.aar (androidx.loader:loader:1.0.0) with JetifyTransform
Transforming loader-1.0.0.aar (androidx.loader:loader:1.0.0) with AarToClassTransform
Transforming savedstate-ktx-1.2.1.aar (androidx.savedstate:savedstate-ktx:1.2.1) with JetifyTransform
Transforming savedstate-ktx-1.2.1.aar (androidx.savedstate:savedstate-ktx:1.2.1) with AarToClassTransform
Transforming savedstate-1.2.1.aar (androidx.savedstate:savedstate:1.2.1) with JetifyTransform
Transforming savedstate-1.2.1.aar (androidx.savedstate:savedstate:1.2.1) with AarToClassTransform
Transforming emoji2-1.3.0.aar (androidx.emoji2:emoji2:1.3.0) with JetifyTransform
Transforming emoji2-1.3.0.aar (androidx.emoji2:emoji2:1.3.0) with AarToClassTransform
Transforming lifecycle-process-2.8.6.aar (androidx.lifecycle:lifecycle-process:2.8.6) with JetifyTransform
Transforming lifecycle-process-2.8.6.aar (androidx.lifecycle:lifecycle-process:2.8.6) with AarToClassTransform
Transforming lifecycle-common-jvm-2.8.6.jar (androidx.lifecycle:lifecycle-common-jvm:2.8.6) with JetifyTransform
Transforming lifecycle-common-jvm-2.8.6.jar (androidx.lifecycle:lifecycle-common-jvm:2.8.6) with IdentityTransform
Transforming lifecycle-runtime-compose-release.aar (androidx.lifecycle:lifecycle-runtime-compose-android:2.8.6) with JetifyTransform
Transforming lifecycle-runtime-compose-release.aar (androidx.lifecycle:lifecycle-runtime-compose-android:2.8.6) with AarToClassTransform
Transforming autofill-1.0.0.aar (androidx.autofill:autofill:1.0.0) with JetifyTransform
Transforming autofill-1.0.0.aar (androidx.autofill:autofill:1.0.0) with AarToClassTransform
Transforming viewpager-1.0.0.aar (androidx.viewpager:viewpager:1.0.0) with JetifyTransform
Transforming viewpager-1.0.0.aar (androidx.viewpager:viewpager:1.0.0) with AarToClassTransform
Transforming customview-1.0.0.aar (androidx.customview:customview:1.0.0) with JetifyTransform
Transforming customview-1.0.0.aar (androidx.customview:customview:1.0.0) with AarToClassTransform
Transforming graphics-path-1.0.1.aar (androidx.graphics:graphics-path:1.0.1) with JetifyTransform
Transforming graphics-path-1.0.1.aar (androidx.graphics:graphics-path:1.0.1) with AarToClassTransform
Transforming customview-poolingcontainer-1.0.0.aar (androidx.customview:customview-poolingcontainer:1.0.0) with JetifyTransform
Transforming customview-poolingcontainer-1.0.0.aar (androidx.customview:customview-poolingcontainer:1.0.0) with AarToClassTransform
Transforming core-ktx-1.13.1.aar (androidx.core:core-ktx:1.13.1) with JetifyTransform
Transforming core-ktx-1.13.1.aar (androidx.core:core-ktx:1.13.1) with AarToClassTransform
Transforming core-1.13.1.aar (androidx.core:core:1.13.1) with JetifyTransform
Transforming core-1.13.1.aar (androidx.core:core:1.13.1) with AarToClassTransform
Transforming core-1.13.1.aar (androidx.core:core:1.13.1) with JetifyTransform
Transforming core-1.13.1.aar (androidx.core:core:1.13.1) with AarToClassTransform
Transforming lifecycle-runtime-release.aar (androidx.lifecycle:lifecycle-runtime-android:2.8.6) with JetifyTransform
Transforming lifecycle-runtime-release.aar (androidx.lifecycle:lifecycle-runtime-android:2.8.6) with AarToClassTransform
Transforming lifecycle-viewmodel-2.8.6.aar (androidx.lifecycle:lifecycle-viewmodel:2.8.6) with JetifyTransform
Transforming lifecycle-viewmodel-2.8.6.aar (androidx.lifecycle:lifecycle-viewmodel:2.8.6) with AarToClassTransform
Transforming lifecycle-viewmodel-release.aar (androidx.lifecycle:lifecycle-viewmodel-android:2.8.6) with JetifyTransform
Transforming lifecycle-viewmodel-release.aar (androidx.lifecycle:lifecycle-viewmodel-android:2.8.6) with AarToClassTransform
Transforming lifecycle-livedata-core-ktx-2.8.6.aar (androidx.lifecycle:lifecycle-livedata-core-ktx:2.8.6) with JetifyTransform
Transforming lifecycle-livedata-core-ktx-2.8.6.aar (androidx.lifecycle:lifecycle-livedata-core-ktx:2.8.6) with AarToClassTransform
Transforming lifecycle-livedata-core-2.8.6.aar (androidx.lifecycle:lifecycle-livedata-core:2.8.6) with JetifyTransform
Transforming lifecycle-livedata-core-2.8.6.aar (androidx.lifecycle:lifecycle-livedata-core:2.8.6) with AarToClassTransform
Transforming lifecycle-viewmodel-savedstate-2.8.6.aar (androidx.lifecycle:lifecycle-viewmodel-savedstate:2.8.6) with JetifyTransform
Transforming lifecycle-viewmodel-savedstate-2.8.6.aar (androidx.lifecycle:lifecycle-viewmodel-savedstate:2.8.6) with AarToClassTransform
Transforming lifecycle-common-java8-2.8.6.jar (androidx.lifecycle:lifecycle-common-java8:2.8.6) with JetifyTransform
Transforming lifecycle-common-java8-2.8.6.jar (androidx.lifecycle:lifecycle-common-java8:2.8.6) with IdentityTransform
Transforming lifecycle-viewmodel-ktx-2.8.6.aar (androidx.lifecycle:lifecycle-viewmodel-ktx:2.8.6) with JetifyTransform
Transforming lifecycle-viewmodel-ktx-2.8.6.aar (androidx.lifecycle:lifecycle-viewmodel-ktx:2.8.6) with AarToClassTransform
Transforming lifecycle-service-2.8.6.aar (androidx.lifecycle:lifecycle-service:2.8.6) with JetifyTransform
Transforming lifecycle-service-2.8.6.aar (androidx.lifecycle:lifecycle-service:2.8.6) with AarToClassTransform
Transforming lifecycle-livedata-2.8.6.aar (androidx.lifecycle:lifecycle-livedata:2.8.6) with JetifyTransform
Transforming lifecycle-livedata-2.8.6.aar (androidx.lifecycle:lifecycle-livedata:2.8.6) with AarToClassTransform
Transforming lifecycle-livedata-2.8.6.aar (androidx.lifecycle:lifecycle-livedata:2.8.6) with JetifyTransform
Transforming lifecycle-livedata-2.8.6.aar (androidx.lifecycle:lifecycle-livedata:2.8.6) with AarToClassTransform
Transforming lifecycle-runtime-ktx-release.aar (androidx.lifecycle:lifecycle-runtime-ktx-android:2.8.6) with JetifyTransform
Transforming lifecycle-runtime-ktx-release.aar (androidx.lifecycle:lifecycle-runtime-ktx-android:2.8.6) with AarToClassTransform
Transforming runtime-saveable-release.aar (androidx.compose.runtime:runtime-saveable-android:1.7.4) with JetifyTransform
Transforming runtime-saveable-release.aar (androidx.compose.runtime:runtime-saveable-android:1.7.4) with AarToClassTransform
Transforming runtime-release.aar (androidx.compose.runtime:runtime-android:1.7.4) with JetifyTransform
Transforming runtime-release.aar (androidx.compose.runtime:runtime-android:1.7.4) with AarToClassTransform
Transforming kotlinx-coroutines-android-1.7.3.jar (org.jetbrains.kotlinx:kotlinx-coroutines-android:1.7.3) with JetifyTransform
Transforming kotlinx-coroutines-android-1.7.3.jar (org.jetbrains.kotlinx:kotlinx-coroutines-android:1.7.3) with IdentityTransform
Transforming kotlinx-coroutines-core-jvm-1.7.3.jar (org.jetbrains.kotlinx:kotlinx-coroutines-core-jvm:1.7.3) with JetifyTransform
Transforming kotlinx-coroutines-core-jvm-1.7.3.jar (org.jetbrains.kotlinx:kotlinx-coroutines-core-jvm:1.7.3) with IdentityTransform
Transforming kotlinx-coroutines-play-services-1.7.3.jar (org.jetbrains.kotlinx:kotlinx-coroutines-play-services:1.7.3) with JetifyTransform
Transforming kotlinx-coroutines-play-services-1.7.3.jar (org.jetbrains.kotlinx:kotlinx-coroutines-play-services:1.7.3) with IdentityTransform
Transforming play-services-tasks-18.1.0.aar (com.google.android.gms:play-services-tasks:18.1.0) with JetifyTransform
Transforming play-services-tasks-18.1.0.aar (com.google.android.gms:play-services-tasks:18.1.0) with AarToClassTransform
Transforming play-services-tasks-18.1.0.aar (com.google.android.gms:play-services-tasks:18.1.0) with JetifyTransform
Transforming play-services-tasks-18.1.0.aar (com.google.android.gms:play-services-tasks:18.1.0) with AarToClassTransform
Transforming play-services-basement-18.3.0.aar (com.google.android.gms:play-services-basement:18.3.0) with JetifyTransform
Transforming play-services-basement-18.3.0.aar (com.google.android.gms:play-services-basement:18.3.0) with AarToClassTransform
Transforming fragment-1.1.0.aar (androidx.fragment:fragment:1.1.0) with JetifyTransform
Transforming fragment-1.1.0.aar (androidx.fragment:fragment:1.1.0) with AarToClassTransform
Transforming activity-1.9.2.aar (androidx.activity:activity:1.9.2) with JetifyTransform
Transforming activity-1.9.2.aar (androidx.activity:activity:1.9.2) with AarToClassTransform
Transforming activity-1.9.2.aar (androidx.activity:activity:1.9.2) with JetifyTransform
Transforming activity-1.9.2.aar (androidx.activity:activity:1.9.2) with AarToClassTransform
Transforming activity-ktx-1.9.2.aar (androidx.activity:activity-ktx:1.9.2) with JetifyTransform
Transforming activity-ktx-1.9.2.aar (androidx.activity:activity-ktx:1.9.2) with AarToClassTransform
Transforming activity-compose-1.9.2.aar (androidx.activity:activity-compose:1.9.2) with JetifyTransform
Transforming activity-compose-1.9.2.aar (androidx.activity:activity-compose:1.9.2) with AarToClassTransform
Transforming core-splashscreen-1.0.1.aar (androidx.core:core-splashscreen:1.0.1) with JetifyTransform
Transforming core-splashscreen-1.0.1.aar (androidx.core:core-splashscreen:1.0.1) with AarToClassTransform
Transforming kotlin-stdlib-jdk8-1.8.22.jar (org.jetbrains.kotlin:kotlin-stdlib-jdk8:1.8.22) with JetifyTransform
Transforming kotlin-stdlib-jdk8-1.8.22.jar (org.jetbrains.kotlin:kotlin-stdlib-jdk8:1.8.22) with IdentityTransform
Transforming kotlin-stdlib-jdk7-1.8.22.jar (org.jetbrains.kotlin:kotlin-stdlib-jdk7:1.8.22) with JetifyTransform
Transforming kotlin-stdlib-jdk7-1.8.22.jar (org.jetbrains.kotlin:kotlin-stdlib-jdk7:1.8.22) with IdentityTransform
Transforming collection-ktx-1.4.4.jar (androidx.collection:collection-ktx:1.4.4) with JetifyTransform
Transforming collection-ktx-1.4.4.jar (androidx.collection:collection-ktx:1.4.4) with IdentityTransform
Transforming versionedparcelable-1.1.1.aar (androidx.versionedparcelable:versionedparcelable:1.1.1) with JetifyTransform
Transforming versionedparcelable-1.1.1.aar (androidx.versionedparcelable:versionedparcelable:1.1.1) with AarToClassTransform
Transforming collection-jvm-1.4.4.jar (androidx.collection:collection-jvm:1.4.4) with JetifyTransform
Transforming collection-jvm-1.4.4.jar (androidx.collection:collection-jvm:1.4.4) with IdentityTransform
Transforming annotation-experimental-1.4.1.aar (androidx.annotation:annotation-experimental:1.4.1) with JetifyTransform
Transforming annotation-experimental-1.4.1.aar (androidx.annotation:annotation-experimental:1.4.1) with AarToClassTransform
Transforming firebase-components-18.0.0.aar (com.google.firebase:firebase-components:18.0.0) with JetifyTransform
Transforming firebase-components-18.0.0.aar (com.google.firebase:firebase-components:18.0.0) with AarToClassTransform
Transforming room-runtime-2.2.5.aar (androidx.room:room-runtime:2.2.5) with JetifyTransform
Transforming room-runtime-2.2.5.aar (androidx.room:room-runtime:2.2.5) with AarToClassTransform
Transforming sqlite-framework-2.1.0.aar (androidx.sqlite:sqlite-framework:2.1.0) with JetifyTransform
Transforming sqlite-framework-2.1.0.aar (androidx.sqlite:sqlite-framework:2.1.0) with AarToClassTransform
Transforming sqlite-framework-2.1.0.aar (androidx.sqlite:sqlite-framework:2.1.0) with JetifyTransform
Transforming sqlite-framework-2.1.0.aar (androidx.sqlite:sqlite-framework:2.1.0) with AarToClassTransform
Transforming sqlite-2.1.0.aar (androidx.sqlite:sqlite:2.1.0) with JetifyTransform
Transforming sqlite-2.1.0.aar (androidx.sqlite:sqlite:2.1.0) with AarToClassTransform
Transforming sqlite-2.1.0.aar (androidx.sqlite:sqlite:2.1.0) with JetifyTransform
Transforming sqlite-2.1.0.aar (androidx.sqlite:sqlite:2.1.0) with AarToClassTransform
Transforming profileinstaller-1.3.1.aar (androidx.profileinstaller:profileinstaller:1.3.1) with JetifyTransform
Transforming profileinstaller-1.3.1.aar (androidx.profileinstaller:profileinstaller:1.3.1) with AarToClassTransform
Transforming startup-runtime-1.1.1.aar (androidx.startup:startup-runtime:1.1.1) with JetifyTransform
Transforming startup-runtime-1.1.1.aar (androidx.startup:startup-runtime:1.1.1) with AarToClassTransform
Transforming tracing-1.0.0.aar (androidx.tracing:tracing:1.0.0) with JetifyTransform
Transforming tracing-1.0.0.aar (androidx.tracing:tracing:1.0.0) with AarToClassTransform
Transforming firebase-datatransport-18.2.0.aar (com.google.firebase:firebase-datatransport:18.2.0) with JetifyTransform
Transforming firebase-datatransport-18.2.0.aar (com.google.firebase:firebase-datatransport:18.2.0) with AarToClassTransform
Transforming transport-backend-cct-3.1.9.aar (com.google.android.datatransport:transport-backend-cct:3.1.9) with JetifyTransform
Transforming transport-backend-cct-3.1.9.aar (com.google.android.datatransport:transport-backend-cct:3.1.9) with AarToClassTransform
Transforming firebase-encoders-json-18.0.0.aar (com.google.firebase:firebase-encoders-json:18.0.0) with JetifyTransform
Transforming firebase-encoders-json-18.0.0.aar (com.google.firebase:firebase-encoders-json:18.0.0) with AarToClassTransform
Transforming transport-runtime-3.1.9.aar (com.google.android.datatransport:transport-runtime:3.1.9) with JetifyTransform
Transforming transport-runtime-3.1.9.aar (com.google.android.datatransport:transport-runtime:3.1.9) with AarToClassTransform
Transforming firebase-encoders-proto-16.0.0.jar (com.google.firebase:firebase-encoders-proto:16.0.0) with JetifyTransform
Transforming firebase-encoders-proto-16.0.0.jar (com.google.firebase:firebase-encoders-proto:16.0.0) with IdentityTransform
Transforming transport-api-3.1.0.aar (com.google.android.datatransport:transport-api:3.1.0) with JetifyTransform
Transforming transport-api-3.1.0.aar (com.google.android.datatransport:transport-api:3.1.0) with AarToClassTransform
Transforming firebase-encoders-17.0.0.jar (com.google.firebase:firebase-encoders:17.0.0) with JetifyTransform
Transforming firebase-encoders-17.0.0.jar (com.google.firebase:firebase-encoders:17.0.0) with IdentityTransform
Transforming concurrent-futures-1.1.0.jar (androidx.concurrent:concurrent-futures:1.1.0) with JetifyTransform
Transforming concurrent-futures-1.1.0.jar (androidx.concurrent:concurrent-futures:1.1.0) with IdentityTransform
Transforming room-common-2.2.5.jar (androidx.room:room-common:2.2.5) with JetifyTransform
Transforming room-common-2.2.5.jar (androidx.room:room-common:2.2.5) with IdentityTransform
Transforming core-runtime-2.2.0.aar (androidx.arch.core:core-runtime:2.2.0) with JetifyTransform
Transforming core-runtime-2.2.0.aar (androidx.arch.core:core-runtime:2.2.0) with AarToClassTransform
Transforming core-runtime-2.2.0.aar (androidx.arch.core:core-runtime:2.2.0) with JetifyTransform
Transforming core-runtime-2.2.0.aar (androidx.arch.core:core-runtime:2.2.0) with AarToClassTransform
Transforming core-common-2.2.0.jar (androidx.arch.core:core-common:2.2.0) with JetifyTransform
Transforming core-common-2.2.0.jar (androidx.arch.core:core-common:2.2.0) with IdentityTransform
Transforming documentfile-1.0.0.aar (androidx.documentfile:documentfile:1.0.0) with JetifyTransform
Transforming documentfile-1.0.0.aar (androidx.documentfile:documentfile:1.0.0) with AarToClassTransform
Transforming localbroadcastmanager-1.0.0.aar (androidx.localbroadcastmanager:localbroadcastmanager:1.0.0) with JetifyTransform
Transforming localbroadcastmanager-1.0.0.aar (androidx.localbroadcastmanager:localbroadcastmanager:1.0.0) with AarToClassTransform
Transforming print-1.0.0.aar (androidx.print:print:1.0.0) with JetifyTransform
Transforming print-1.0.0.aar (androidx.print:print:1.0.0) with AarToClassTransform
Transforming interpolator-1.0.0.aar (androidx.interpolator:interpolator:1.0.0) with JetifyTransform
Transforming interpolator-1.0.0.aar (androidx.interpolator:interpolator:1.0.0) with AarToClassTransform
Transforming annotation-jvm-1.8.1.jar (androidx.annotation:annotation-jvm:1.8.1) with JetifyTransform
Transforming annotation-jvm-1.8.1.jar (androidx.annotation:annotation-jvm:1.8.1) with IdentityTransform
Transforming kotlin-stdlib-1.9.25.jar (org.jetbrains.kotlin:kotlin-stdlib:1.9.25) with JetifyTransform
Transforming kotlin-stdlib-1.9.25.jar (org.jetbrains.kotlin:kotlin-stdlib:1.9.25) with IdentityTransform
Transforming annotations-23.0.0.jar (org.jetbrains:annotations:23.0.0) with JetifyTransform
Transforming annotations-23.0.0.jar (org.jetbrains:annotations:23.0.0) with IdentityTransform
Transforming listenablefuture-1.0.jar (com.google.guava:listenablefuture:1.0) with JetifyTransform
Transforming listenablefuture-1.0.jar (com.google.guava:listenablefuture:1.0) with IdentityTransform
Transforming firebase-annotations-16.2.0.jar (com.google.firebase:firebase-annotations:16.2.0) with JetifyTransform
Transforming firebase-annotations-16.2.0.jar (com.google.firebase:firebase-annotations:16.2.0) with IdentityTransform
Transforming error_prone_annotations-2.26.0.jar (com.google.errorprone:error_prone_annotations:2.26.0) with JetifyTransform
Transforming error_prone_annotations-2.26.0.jar (com.google.errorprone:error_prone_annotations:2.26.0) with IdentityTransform
Transforming javax.inject-1.jar (javax.inject:javax.inject:1) with JetifyTransform
Transforming javax.inject-1.jar (javax.inject:javax.inject:1) with IdentityTransform
Transforming ui-test-junit4-release.aar (androidx.compose.ui:ui-test-junit4-android:1.7.4) with JetifyTransform
Transforming ui-test-junit4-release.aar (androidx.compose.ui:ui-test-junit4-android:1.7.4) with AarToClassTransform
Transforming ui-test-release.aar (androidx.compose.ui:ui-test-android:1.7.4) with JetifyTransform
Transforming ui-test-release.aar (androidx.compose.ui:ui-test-android:1.7.4) with AarToClassTransform
Transforming junit-1.1.5.aar (androidx.test.ext:junit:1.1.5) with JetifyTransform
Transforming junit-1.1.5.aar (androidx.test.ext:junit:1.1.5) with AarToClassTransform
Transforming espresso-core-3.5.1.aar (androidx.test.espresso:espresso-core:3.5.1) with JetifyTransform
Transforming espresso-core-3.5.1.aar (androidx.test.espresso:espresso-core:3.5.1) with AarToClassTransform
Transforming core-1.5.0.aar (androidx.test:core:1.5.0) with JetifyTransform
Transforming core-1.5.0.aar (androidx.test:core:1.5.0) with AarToClassTransform
Transforming runner-1.5.2.aar (androidx.test:runner:1.5.2) with JetifyTransform
Transforming runner-1.5.2.aar (androidx.test:runner:1.5.2) with AarToClassTransform
Transforming storage-1.4.2.aar (androidx.test.services:storage:1.4.2) with JetifyTransform
Transforming storage-1.4.2.aar (androidx.test.services:storage:1.4.2) with AarToClassTransform
Transforming monitor-1.6.1.aar (androidx.test:monitor:1.6.1) with JetifyTransform
Transforming monitor-1.6.1.aar (androidx.test:monitor:1.6.1) with AarToClassTransform
Transforming annotation-1.0.1.aar (androidx.test:annotation:1.0.1) with JetifyTransform
Transforming annotation-1.0.1.aar (androidx.test:annotation:1.0.1) with AarToClassTransform
Transforming kotlinx-coroutines-test-jvm-1.7.3.jar (org.jetbrains.kotlinx:kotlinx-coroutines-test-jvm:1.7.3) with JetifyTransform
Transforming kotlinx-coroutines-test-jvm-1.7.3.jar (org.jetbrains.kotlinx:kotlinx-coroutines-test-jvm:1.7.3) with IdentityTransform
Transforming junit-4.13.2.jar (junit:junit:4.13.2) with JetifyTransform
Transforming junit-4.13.2.jar (junit:junit:4.13.2) with IdentityTransform
Transforming espresso-idling-resource-3.5.1.aar (androidx.test.espresso:espresso-idling-resource:3.5.1) with JetifyTransform
Transforming espresso-idling-resource-3.5.1.aar (androidx.test.espresso:espresso-idling-resource:3.5.1) with AarToClassTransform
Transforming javawriter-2.1.1.jar (com.squareup:javawriter:2.1.1) with JetifyTransform
Transforming javawriter-2.1.1.jar (com.squareup:javawriter:2.1.1) with IdentityTransform
Transforming hamcrest-integration-1.3.jar (org.hamcrest:hamcrest-integration:1.3) with JetifyTransform
Transforming hamcrest-integration-1.3.jar (org.hamcrest:hamcrest-integration:1.3) with IdentityTransform
Transforming hamcrest-library-1.3.jar (org.hamcrest:hamcrest-library:1.3) with JetifyTransform
Transforming hamcrest-library-1.3.jar (org.hamcrest:hamcrest-library:1.3) with IdentityTransform
Transforming jsr305-2.0.2.jar (com.google.code.findbugs:jsr305:2.0.2) with JetifyTransform
Transforming jsr305-2.0.2.jar (com.google.code.findbugs:jsr305:2.0.2) with IdentityTransform
Transforming hamcrest-core-1.3.jar (org.hamcrest:hamcrest-core:1.3) with JetifyTransform
Transforming hamcrest-core-1.3.jar (org.hamcrest:hamcrest-core:1.3) with IdentityTransform
AAPT2 aapt2-8.5.2-11315950-windows Daemon #0: shutdown

FAILURE: Build failed with an exception.

* What went wrong:
Execution failed for task ':app:connectedDebugAndroidTest'.
> There were failing tests. See the report at: file:///C:/Users/joaop/OneDrive/Documentos/Creates/Jogo%20infantil/app/build/reports/androidTests/connected/debug/index.html

* Try:
> Run with --stacktrace option to get the stack trace.
> Run with --debug option to get more log output.
> Run with --scan to get full insights.
> Get more help at https://help.gradle.org.

BUILD FAILED in 29s
67 actionable tasks: 29 executed, 38 up-to-date
Watched directory hierarchies: [C:\Users\joaop\OneDrive\Documentos\Creates\Jogo infantil]
